[2026-03-18 20:50:49] Abnormal termination
run_id=run_20260318_145633
run_dir=/root/vecOffloadingSim/runs/run_20260318_145633
episode=1155
step=48
exception=KeyboardInterrupt: 
traceback:
Traceback (most recent call last):
  File "/root/vecOffloadingSim/train.py", line 4118, in <module>
    main()
  File "/root/vecOffloadingSim/train.py", line 2302, in main
    action_dict = agent.select_action(obs_list, deterministic=False)
  File "/root/vecOffloadingSim/agents/mappo_agent.py", line 89, in select_action
    ) = self.network.get_action_and_value(obs_list, deterministic=deterministic, device=self.device)
  File "/root/vecOffloadingSim/models/offloading_policy.py", line 572, in get_action_and_value
    subtask_logits, target_logits, alpha, beta, values_env, cost_power_values, cost_trust_values = self.forward(
  File "/root/vecOffloadingSim/models/offloading_policy.py", line 501, in forward
    resource_encoded = self.resource_encoder(resource_raw, resource_ids)
  File "/root/miniconda3/lib/python3.10/site-packages/torch/nn/modules/module.py", line 1518, in _wrapped_call_impl
    return self._call_impl(*args, **kwargs)
  File "/root/miniconda3/lib/python3.10/site-packages/torch/nn/modules/module.py", line 1527, in _call_impl
    return forward_call(*args, **kwargs)
  File "/root/vecOffloadingSim/models/resource_features.py", line 345, in forward
    h_id = self.id_encoder(resource_ids, training=self.training)  # [B, N_res, d_model]
  File "/root/miniconda3/lib/python3.10/site-packages/torch/nn/modules/module.py", line 1518, in _wrapped_call_impl
    return self._call_impl(*args, **kwargs)
  File "/root/miniconda3/lib/python3.10/site-packages/torch/nn/modules/module.py", line 1527, in _call_impl
    return forward_call(*args, **kwargs)
  File "/root/vecOffloadingSim/models/resource_features.py", line 299, in forward
    id_emb = self.dropout(id_emb)
  File "/root/miniconda3/lib/python3.10/site-packages/torch/nn/modules/module.py", line 1518, in _wrapped_call_impl
    return self._call_impl(*args, **kwargs)
  File "/root/miniconda3/lib/python3.10/site-packages/torch/nn/modules/module.py", line 1527, in _call_impl
    return forward_call(*args, **kwargs)
  File "/root/miniconda3/lib/python3.10/site-packages/torch/nn/modules/dropout.py", line 58, in forward
    return F.dropout(input, self.p, self.training, self.inplace)
  File "/root/miniconda3/lib/python3.10/site-packages/torch/nn/functional.py", line 1266, in dropout
    return _VF.dropout_(input, p, training) if inplace else _VF.dropout(input, p, training)
KeyboardInterrupt

