[ConfigEffective] USE_SIMPLIFIED_CRITIC=False COMMWAIT_DIRECT_TO_CRITIC=True USE_LOGIT_BIAS=True USE_FIXED_POWER=False CTDE_GLOBAL_DIM=30 GLOBAL_STATE_SOURCE=train_ctde_override
[ScaleCheck] UNIFIED cap: step<=~0.345 ep<=~69.0 term=50.0 ep/term=1.38 (Td_min=0.40s, DT=0.10s, i_cap=3, e_cap=1.5)
[ConfigDump] saved: /root/vecOffloadingSim/runs/rc1_short500_gpu/config_dump.json
[ConfigSnapshot] saved: /root/vecOffloadingSim/runs/rc1_short500_gpu/logs/config_snapshot.json
[RunMeta] saved: /root/vecOffloadingSim/runs/rc1_short500_gpu/run_meta.json

======================================================================================================================
[Train] MAPPO VEC training started
======================================================================================================================
[Run] id=rc1_short500_gpu seed=42 device=cuda:0 reward=UNIFIED candidate=ALL (all_feasible=True)
[Train] episodes=500 steps/ep=200 eval_interval=1 save_interval=100 baseline_eval=off
[Scenario] vehicles=20 rsu=3 map=2000.0m lanes=2 v2v_range=250.0m rsu_range=350.0m
[Physics] BW_V2I=10.00MHz BW_V2V=20.00MHz RB=10 Ptx=[0.0200,0.1995]W (13.0,23.0 dBm) DT=0.100s
[ScaleCheck] UNIFIED nominal: E_loc=9J E_tx=0.00750952J r_time=-0.0035 r_energy=-0.0115039 r_interf=-0.03 r_risk=-0.00164317 (B_RB=2e+06Hz, SNR=20dB, dt=0.1, Td=10, rho=0.7)
[Compute] f_local=[0.50,2.00]GHz f_rsu=12.00GHz
[PPO] lr=2.00e-04 gamma=0.995 gae=0.950 clip=0.250 ent=0.012 batch=256 epochs=5 d_model=128 layers=2
[Logging] step_metrics=off step_logs=off tb_obs=on
[Paths] run=/root/vecOffloadingSim/runs/rc1_short500_gpu
[Paths] logs=/root/vecOffloadingSim/runs/rc1_short500_gpu/logs  models=/root/vecOffloadingSim/runs/rc1_short500_gpu/models  plots=/root/vecOffloadingSim/runs/rc1_short500_gpu/plots
======================================================================================================================


    Ep    Wall    R/step     T_SR     V_SR     S_SR            L/R/V   Lat(s)       En     Miss      Ill      Ent       KL     Clip
--------------------------------------------------------------------------------------------------------------------------------
     1    16.2s   -0.0031     0.0%     0.0%    36.4%      39%/25%/35%    1.600    0.003   100.0%     0.0%   2.0026   0.0262     6.3%
  [MA20] reward=-0.0031 task_sr=0.0% miss=100.0% time_limit=100.0% v2v=35.4%
  [PPO ] p_loss=-0.0588 v_loss=1.9012 entropy=2.0026 grad=2.7741 active=3.2%
  [SIM ] avg_power(a)=0.4997 rsu_q=0.000 tx=77 no_tx=50 deadlock=0 svc=1.873GHz idle=0.0%
  → Best model saved: Success Rate = 0.000 (50-ep avg)
     2    15.4s   -0.0034     0.0%     0.0%    33.9%      32%/27%/41%    0.000    0.002   100.0%     0.0%   2.2394   0.0143    14.2%
     3     9.7s   -0.0035     0.0%     0.0%    44.9%      32%/36%/33%    0.000    0.004   100.0%     0.0%   2.2204   0.0229    12.0%
     4     3.6s   -0.0053     0.0%     0.0%    43.0%      26%/34%/40%    0.000    0.012   100.0%     0.0%   2.0912   0.0047     9.6%
     5    15.1s   -0.0039     0.0%     0.0%    40.8%      19%/38%/43%    0.000    0.004   100.0%     0.0%   2.1275   0.0177     8.1%
     6    13.5s   -0.0036     0.0%     0.0%    48.0%      12%/35%/52%    0.000    0.004   100.0%     0.0%   2.0785  -0.0004     7.5%
     7     3.2s   -0.0062     0.0%     0.0%    51.4%      19%/33%/48%    2.200    0.015   100.0%     0.0%   2.1197   0.0156     9.1%
     8    16.4s   -0.0035     0.0%     0.0%    31.8%      20%/27%/54%    1.300    0.003    95.0%     0.0%   2.1160  -0.0007     7.2%
     9     5.7s   -0.0043     0.0%     0.0%    38.2%      27%/26%/47%    0.000    0.012   100.0%     0.0%   2.2602   0.0366    12.2%
    10     4.6s   -0.0049     0.0%     0.0%    36.6%      27%/19%/54%    0.000    0.007   100.0%     0.0%   2.0594  -0.0020    12.2%
  [MA20] reward=-0.0042 task_sr=0.0% miss=99.5% time_limit=30.0% v2v=44.8%
  [PPO ] p_loss=-0.0125 v_loss=2.1808 entropy=2.0594 grad=1.8074 active=9.7%
  [SIM ] avg_power(a)=0.5074 rsu_q=0.000 tx=84 no_tx=32 deadlock=0 svc=6.002GHz idle=1.6%
    11     7.8s   -0.0045     0.0%     0.0%    38.2%      20%/25%/55%    0.000    0.007   100.0%     0.0%   2.2569   0.0052    10.9%
    12     6.3s   -0.0044     0.0%     0.0%    42.1%      21%/27%/52%    0.000    0.006   100.0%     0.0%   2.2110   0.0280    14.7%
    13    12.4s   -0.0033     0.0%     0.0%    32.9%      24%/22%/53%    0.000    0.004   100.0%     0.0%   2.1925  -0.0052    11.6%
    14    14.9s   -0.0030     0.0%     0.0%    40.2%      21%/30%/49%    0.000    0.003   100.0%     0.0%   2.0723  -0.0186    15.1%
    15     4.5s   -0.0048     0.0%     0.0%    38.1%      30%/25%/46%    0.000    0.008   100.0%     0.0%   2.1885   0.0218     6.7%
    16     5.2s   -0.0043     0.0%     0.0%    34.9%      24%/24%/52%    0.000    0.012   100.0%     0.0%   2.1693   0.0210    10.7%
    17    14.4s   -0.0035     0.0%     0.0%    36.2%      31%/20%/48%    0.000    0.003    95.0%     0.0%   2.1495   0.0050    11.6%
    18    15.1s   -0.0029     0.0%     0.0%    35.9%      18%/24%/58%    0.000    0.002   100.0%     0.0%   2.2869  -0.0026    16.6%
    19    16.1s   -0.0031     0.0%     0.0%    29.9%      19%/24%/57%    0.000    0.003   100.0%     0.0%   2.2954  -0.0026    15.3%
    20    15.0s   -0.0032     0.0%     0.0%    38.3%      20%/19%/61%    0.000    0.003   100.0%     0.0%   2.0088  -0.0026    11.1%
  [MA20] reward=-0.0039 task_sr=0.0% miss=99.5% time_limit=35.0% v2v=48.9%
  [PPO ] p_loss=0.0122 v_loss=2.3434 entropy=2.0088 grad=2.1881 active=3.4%
  [SIM ] avg_power(a)=0.5020 rsu_q=0.000 tx=107 no_tx=28 deadlock=0 svc=1.834GHz idle=0.0%

    Ep    Wall    R/step     T_SR     V_SR     S_SR            L/R/V   Lat(s)       En     Miss      Ill      Ent       KL     Clip
--------------------------------------------------------------------------------------------------------------------------------
    21    16.7s   -0.0035     0.0%     0.0%    27.0%      12%/16%/72%    0.000    0.006   100.0%     0.0%   2.3395  -0.0072    11.0%
    22     3.8s   -0.0052     0.0%     0.0%    39.1%      14%/21%/64%    0.000    0.010   100.0%     0.0%   2.2113   0.0197    11.8%
    23    16.0s   -0.0036     0.0%     0.0%    35.2%      18%/22%/60%    0.000    0.005   100.0%     0.0%   2.3389  -0.0123    17.1%
    24    16.7s   -0.0031     0.0%     0.0%    25.2%      14%/13%/73%    0.000    0.002   100.0%     0.0%   2.3451   0.0141    18.6%
    25    16.1s   -0.0034     0.0%     0.0%    31.5%      16%/16%/68%    0.000    0.003   100.0%     0.0%   2.1481   0.0514     7.4%
    26    15.8s   -0.0029     0.0%     0.0%    34.7%      19%/16%/66%    0.000    0.002   100.0%     0.0%   2.1995  -0.0257    12.5%
    27    15.8s   -0.0034     0.0%     0.0%    26.2%      18%/17%/66%    0.000    0.005   100.0%     0.0%   2.1658   0.0190    13.1%
    28    12.5s   -0.0040     0.0%     0.0%    27.8%      14%/15%/71%    0.000    0.007   100.0%     0.0%   2.4084   0.0161    12.7%
    29     5.0s   -0.0052     0.0%     0.0%    33.3%      19%/20%/62%    0.000    0.013   100.0%     0.0%   2.1995   0.0078    16.9%
    30    15.7s   -0.0033     0.0%     0.0%    33.7%      26%/10%/65%    0.000    0.003   100.0%     0.0%   1.9991   0.0120    27.6%
  [MA20] reward=-0.0037 task_sr=0.0% miss=99.8% time_limit=50.0% v2v=59.9%
  [PPO ] p_loss=0.0837 v_loss=3.2141 entropy=1.9991 grad=13.4556 active=3.3%
  [SIM ] avg_power(a)=0.5033 rsu_q=0.000 tx=98 no_tx=34 deadlock=0 svc=1.855GHz idle=0.0%
    31     4.9s   -0.0047     0.0%     0.0%    31.4%       25%/9%/65%    0.000    0.011   100.0%     0.0%   2.2078   0.0279    14.0%
    32    16.1s   -0.0032     0.0%     0.0%    30.2%      25%/13%/61%    0.000    0.004   100.0%     0.0%   2.2221   0.0195     9.1%
    33    16.9s   -0.0033     0.0%     0.0%    32.6%      17%/18%/66%    0.000    0.004   100.0%     0.0%   2.3971   0.0887     7.1%
    34     7.6s   -0.0040     0.0%     0.0%    31.5%      19%/18%/63%    0.000    0.010   100.0%     0.0%   2.2073   0.0406     8.9%
    35     9.2s   -0.0042     0.0%     0.0%    28.3%      16%/16%/69%    0.000    0.005   100.0%     0.0%   2.2889   0.0120    17.4%
    36    15.2s   -0.0031     0.0%     0.0%    29.3%      24%/15%/61%    0.000    0.003   100.0%     0.0%   2.2647   0.0118    10.3%
    37     3.5s   -0.0057     5.0%     5.0%    36.2%      21%/22%/57%    2.400    0.017    95.0%     0.0%   2.0934   0.0083    10.1%
    38     3.3s   -0.0054     0.0%     0.0%    41.2%      26%/26%/48%    0.000    0.020   100.0%     0.0%   2.2103   0.0087    15.5%
    39    15.7s   -0.0035     0.0%     0.0%    42.5%      30%/28%/41%    0.000    0.004   100.0%     0.0%   2.2577   0.0199     7.4%
    40     9.4s   -0.0038     0.0%     0.0%    37.4%      34%/21%/45%    0.000    0.005   100.0%     0.0%   2.1940  -0.0095     8.6%
  [MA20] reward=-0.0039 task_sr=0.2% miss=99.8% time_limit=45.0% v2v=62.1%
  [PPO ] p_loss=-0.0135 v_loss=7.0309 entropy=2.1940 grad=3.7148 active=5.9%
  [SIM ] avg_power(a)=0.4980 rsu_q=0.000 tx=95 no_tx=49 deadlock=0 svc=3.449GHz idle=0.8%

    Ep    Wall    R/step     T_SR     V_SR     S_SR            L/R/V   Lat(s)       En     Miss      Ill      Ent       KL     Clip
--------------------------------------------------------------------------------------------------------------------------------
    41     5.6s   -0.0041     0.0%     0.0%    24.3%      33%/20%/46%    0.000    0.010   100.0%     0.0%   2.2716   0.0223     9.6%
    42     7.2s   -0.0043     0.0%     0.0%    30.7%      32%/17%/51%    0.000    0.006   100.0%     0.0%   2.3986  -0.0048    13.4%
    43     8.4s   -0.0041     0.0%     0.0%    35.4%      33%/19%/48%    0.000    0.006   100.0%     0.0%   2.1951   0.0125    11.3%
    44    10.2s   -0.0037     0.0%     0.0%    38.2%      30%/20%/50%    0.000    0.004   100.0%     0.0%   2.3396   0.0903    28.6%
    45    14.0s   -0.0034     0.0%     0.0%    40.2%      40%/16%/44%    0.000    0.003   100.0%     0.0%   2.1881  -0.0056    15.0%
    46    15.8s   -0.0030     0.0%     0.0%    31.9%      42%/11%/47%    0.000    0.003   100.0%     0.0%   2.2663   0.0266    19.0%
    47     4.3s   -0.0057     0.0%     0.0%    28.7%      38%/10%/52%    0.000    0.009   100.0%     0.0%   2.0739   0.0207    12.8%
    48     3.8s   -0.0057     0.0%     0.0%    28.2%      35%/12%/53%    0.000    0.005   100.0%     0.0%   2.1703  -0.0039    10.8%
    49    15.7s   -0.0034     0.0%     0.0%    29.2%      31%/12%/57%    0.000    0.002    95.0%     0.0%   2.1036   0.0004    12.2%
    50    15.5s   -0.0032     0.0%     0.0%    32.6%       38%/9%/54%    0.000 8.28e-04   100.0%     0.0%   2.1893   0.1423    12.5%
  [MA20] reward=-0.0041 task_sr=0.2% miss=99.5% time_limit=30.0% v2v=54.0%
  [PPO ] p_loss=-0.3360 v_loss=0.9423 entropy=2.1893 grad=1.3826 active=3.2%
  [SIM ] avg_power(a)=0.5096 rsu_q=0.000 tx=77 no_tx=48 deadlock=0 svc=1.456GHz idle=0.0%
    51    15.9s   -0.0034     0.0%     0.0%    25.3%       37%/6%/57%    0.000    0.003   100.0%     0.0%   2.0852  -0.0168    11.2%
    52    16.1s   -0.0032     0.0%     0.0%    30.0%      41%/13%/45%    0.000    0.002   100.0%     0.0%   2.2330  -0.0103    12.8%
    53     7.3s   -0.0038     0.0%     0.0%    38.5%      38%/15%/47%    0.000    0.002   100.0%     0.0%   2.1013   0.0334     6.2%
    54    15.3s   -0.0035     0.0%     0.0%    28.1%      36%/14%/51%    0.000    0.003   100.0%     0.0%   2.1318   0.0265    12.8%
    55     9.9s   -0.0031     0.0%     0.0%    39.7%      38%/19%/43%    0.000    0.004   100.0%     0.0%   2.0019   0.0057    13.0%
    56    15.5s   -0.0031     0.0%     0.0%    26.4%       50%/9%/41%    0.000    0.003   100.0%     0.0%   1.9167   0.0234    31.1%
    57     9.2s   -0.0039     0.0%     0.0%    30.6%       56%/5%/38%    0.000    0.005   100.0%     0.0%   1.7933   0.0839    26.7%
    58     4.4s   -0.0047     0.0%     0.0%    27.6%      54%/10%/36%    0.000    0.007   100.0%     0.0%   1.8902   0.0241    14.0%
    59    16.2s   -0.0027     0.0%     0.0%    35.4%      48%/12%/41%    0.000    0.002   100.0%     0.0%   2.0309   0.0132    18.3%
    60    16.1s   -0.0031     0.0%     0.0%    28.3%       45%/8%/47%    0.000    0.002   100.0%     0.0%   1.9129   0.0801    28.6%
  [MA20] reward=-0.0038 task_sr=0.0% miss=99.8% time_limit=45.0% v2v=47.5%
  [PPO ] p_loss=0.0857 v_loss=0.9439 entropy=1.9129 grad=1.2731 active=3.1%
  [SIM ] avg_power(a)=0.4966 rsu_q=0.000 tx=69 no_tx=57 deadlock=0 svc=1.700GHz idle=0.0%

    Ep    Wall    R/step     T_SR     V_SR     S_SR            L/R/V   Lat(s)       En     Miss      Ill      Ent       KL     Clip
--------------------------------------------------------------------------------------------------------------------------------
    61    16.3s   -0.0031     0.0%     0.0%    32.3%       40%/5%/55%    0.000    0.002   100.0%     0.0%   1.9701  -0.0149     9.8%
    62     5.9s   -0.0045     0.0%     0.0%    35.1%       45%/9%/45%    0.000    0.005   100.0%     0.0%   2.0578  -0.0111     9.9%
    63    15.7s   -0.0032     0.0%     0.0%    32.4%       50%/9%/41%    0.000    0.002   100.0%     0.0%   1.9906   0.0798     0.0%
    64    15.3s   -0.0032     0.0%     0.0%    23.7%       39%/3%/58%    0.000    0.002   100.0%     0.0%   1.9165   0.0246     5.0%
    65     4.8s   -0.0042     0.0%     0.0%    27.7%       48%/8%/44%    0.000    0.005   100.0%     0.0%   2.0834   0.0446    13.0%
    66    16.1s   -0.0032     0.0%     0.0%    23.2%       36%/8%/56%    0.000    0.002   100.0%     0.0%   1.9853   0.0839     6.2%
    67    11.6s   -0.0033     0.0%     0.0%    29.6%      45%/10%/45%    0.000    0.004   100.0%     0.0%   2.0245   0.0192    11.0%
    68    16.2s   -0.0034     0.0%     0.0%    21.7%       39%/7%/54%    0.000    0.002   100.0%     0.0%   2.2045   0.0058    10.7%
    69    17.1s   -0.0033     0.0%     0.0%    22.7%       36%/9%/55%    0.000    0.003    95.0%     0.0%   2.0753   0.1120    25.0%
    70    16.4s   -0.0033     0.0%     0.0%    26.4%       41%/4%/55%    0.000    0.002   100.0%     0.0%   2.1425   0.0327    12.5%
  [MA20] reward=-0.0035 task_sr=0.0% miss=99.8% time_limit=65.0% v2v=47.7%
  [PPO ] p_loss=-0.1320 v_loss=1.3353 entropy=2.1425 grad=2.8537 active=3.1%
  [SIM ] avg_power(a)=0.5046 rsu_q=0.000 tx=74 no_tx=52 deadlock=0 svc=1.308GHz idle=0.0%
    71    15.7s   -0.0032     0.0%     0.0%    28.9%      46%/12%/42%    0.000    0.003   100.0%     0.0%   2.0572   0.0063    14.6%
    72    13.2s   -0.0029     0.0%     0.0%    29.1%       48%/7%/45%    0.000    0.002   100.0%     0.0%   2.0763   0.0178    15.7%
    73    15.7s   -0.0032     0.0%     0.0%    28.8%       41%/8%/51%    0.000    0.003   100.0%     0.0%   2.1320   0.0209    10.7%
    74     3.2s   -0.0055     0.0%     0.0%    36.1%       51%/9%/40%    0.000    0.007   100.0%     0.0%   1.9934   0.0342     9.7%
    75     7.5s   -0.0030     0.0%     0.0%    32.7%      53%/10%/38%    0.000    0.005   100.0%     0.0%   1.9460   0.0514    10.9%
    76    16.0s   -0.0033     0.0%     0.0%    27.7%       49%/8%/43%    0.000    0.003    95.0%     0.0%   1.9402  -0.0026    13.0%
    77     5.0s   -0.0045     0.0%     0.0%    29.5%       47%/8%/45%    0.000    0.007   100.0%     0.0%   2.1231  -0.0045    14.5%
    78    16.6s   -0.0030     0.0%     0.0%    32.8%      39%/12%/49%    0.000 9.44e-04   100.0%     0.0%   1.9327   0.0645    18.1%
    79    15.8s   -0.0034     0.0%     0.0%    29.9%       33%/9%/58%    0.000    0.003   100.0%     0.0%   2.0909  -0.0060    10.5%
    80    16.4s   -0.0029     0.0%     0.0%    29.6%      37%/12%/50%    0.000    0.002    95.0%     0.0%   2.1160   0.0315    11.4%
  [MA20] reward=-0.0035 task_sr=0.0% miss=99.2% time_limit=60.0% v2v=48.5%
  [PPO ] p_loss=-0.0163 v_loss=2.3655 entropy=2.1160 grad=7.0933 active=3.2%
  [SIM ] avg_power(a)=0.5138 rsu_q=0.000 tx=73 no_tx=45 deadlock=0 svc=1.669GHz idle=0.0%

    Ep    Wall    R/step     T_SR     V_SR     S_SR            L/R/V   Lat(s)       En     Miss      Ill      Ent       KL     Clip
--------------------------------------------------------------------------------------------------------------------------------
    81     8.9s   -0.0037     0.0%     0.0%    28.1%      46%/14%/40%    0.000    0.003   100.0%     0.0%   2.3637   0.0577     3.6%
    82     9.8s   -0.0035     0.0%     0.0%    28.9%      38%/13%/50%    0.000    0.004   100.0%     0.0%   2.2772   0.0231    11.3%
    83    16.0s   -0.0030     0.0%     0.0%    32.0%      33%/12%/56%    0.000    0.005   100.0%     0.0%   2.2413   0.0833     0.0%
    84    15.4s   -0.0029     0.0%     0.0%    37.7%      39%/15%/46%    0.000    0.003   100.0%     0.0%   2.0907   0.0439     7.6%
    85     6.7s   -0.0038     0.0%     0.0%    27.2%      31%/15%/54%    0.000    0.006   100.0%     0.0%   2.0895  -0.0101    10.2%
    86     4.8s   -0.0055     0.0%     0.0%    29.1%      29%/11%/60%    0.000    0.008   100.0%     0.0%   2.1300   0.0193    16.1%
    87    15.8s   -0.0036     0.0%     0.0%    30.7%      31%/12%/57%    0.000    0.011   100.0%     0.0%   2.6193   0.0506    30.0%
    88     6.9s   -0.0037     0.0%     0.0%    35.0%      34%/12%/54%    0.000    0.007   100.0%     0.0%   2.1716   0.0185    13.5%
    89    14.9s   -0.0035     0.0%     0.0%    37.2%      34%/16%/50%    0.000    0.003   100.0%     0.0%   2.2259   0.0187     6.8%
    90     5.5s   -0.0045     0.0%     0.0%    28.8%      26%/12%/62%    0.000    0.007   100.0%     0.0%   2.0764   0.0292    10.2%
  [MA20] reward=-0.0036 task_sr=0.0% miss=99.5% time_limit=35.0% v2v=49.5%
  [PPO ] p_loss=-0.0145 v_loss=3.8637 entropy=2.0764 grad=4.6750 active=7.4%
  [SIM ] avg_power(a)=0.5212 rsu_q=0.000 tx=80 no_tx=29 deadlock=0 svc=4.689GHz idle=1.4%
    91     9.3s   -0.0037     0.0%     0.0%    36.9%       36%/8%/56%    0.000    0.003   100.0%     0.0%   2.0277   0.0325    10.1%
    92    14.0s   -0.0033     0.0%     0.0%    22.7%      33%/11%/56%    0.000    0.028   100.0%     0.0%   2.2632   0.0003    15.8%
    93    16.5s   -0.0031     0.0%     0.0%    24.8%       33%/9%/58%    0.000    0.003   100.0%     0.0%   2.2290   0.0338    16.9%
    94    17.1s   -0.0032     0.0%     0.0%    25.5%      33%/10%/57%    0.000    0.002   100.0%     0.0%   2.0601   0.0275    10.3%
    95    16.5s   -0.0035     0.0%     0.0%    30.6%      29%/12%/60%    0.000    0.005   100.0%     0.0%   2.2438   0.0048    15.5%
    96    13.7s   -0.0034     0.0%     0.0%    17.4%       25%/8%/68%    0.000    0.005   100.0%     0.0%   2.3751   0.0077    10.3%
    97    15.9s   -0.0037     0.0%     0.0%    22.6%       25%/8%/67%    0.000    0.006   100.0%     0.0%   2.0988   0.1290    18.2%
    98    13.2s   -0.0033     0.0%     0.0%    28.4%       19%/9%/72%    0.000    0.003   100.0%     0.0%   2.3928   0.0735    16.1%
    99    16.7s   -0.0033     0.0%     0.0%    24.6%       21%/7%/72%    0.000    0.004   100.0%     0.0%   2.2386   0.0195    11.3%
   100    16.4s   -0.0034     0.0%     0.0%    20.5%       23%/2%/75%    0.000    0.004    95.0%     0.0%   2.1285  -0.0119    23.9%
  [MA20] reward=-0.0036 task_sr=0.0% miss=99.8% time_limit=40.0% v2v=58.5%
  [PPO ] p_loss=0.0639 v_loss=2.6526 entropy=2.1285 grad=4.8379 active=3.2%
  [SIM ] avg_power(a)=0.5322 rsu_q=0.000 tx=90 no_tx=30 deadlock=0 svc=1.424GHz idle=0.0%

    Ep    Wall    R/step     T_SR     V_SR     S_SR            L/R/V   Lat(s)       En     Miss      Ill      Ent       KL     Clip
--------------------------------------------------------------------------------------------------------------------------------
   101    11.9s   -0.0034     0.0%     0.0%    22.0%       17%/7%/76%    0.000    0.004   100.0%     0.0%   2.1164   0.0844    18.8%
   102    10.6s   -0.0035     0.0%     0.0%    23.5%       21%/5%/75%    0.000    0.007   100.0%     0.0%   2.3792   0.0418    21.1%
   103    16.1s   -0.0037     0.0%     0.0%    26.1%       19%/4%/76%    0.000    0.003   100.0%     0.0%   2.0944   0.0766     0.0%
   104    17.4s   -0.0032     0.0%     0.0%    17.9%       26%/4%/70%    0.000    0.004   100.0%     0.0%   2.3942   0.0189    11.9%
   105    16.3s   -0.0030     0.0%     0.0%    20.9%       21%/4%/74%    0.000    0.003    95.0%     0.0%   2.1235   0.0313    14.4%
   106    15.9s   -0.0032     0.0%     0.0%    29.4%       20%/6%/74%    0.000    0.003   100.0%     0.0%   2.1238   0.0352    15.8%
   107    15.8s   -0.0033     0.0%     0.0%    28.8%       18%/8%/74%    0.000    0.004    95.0%     0.0%   2.1106   0.0375     9.6%
   108     8.9s   -0.0042     0.0%     0.0%    30.2%       24%/6%/70%    0.000    0.005   100.0%     0.0%   2.2668   0.0327    19.5%
   109    13.9s   -0.0030     0.0%     0.0%    27.5%       27%/6%/67%    0.000    0.004   100.0%     0.0%   2.5083   0.1121     0.0%
   110    15.2s   -0.0033     0.0%     0.0%    32.2%      20%/11%/69%    0.000    0.002   100.0%     0.0%   1.9591   0.0117    26.4%
  [MA20] reward=-0.0034 task_sr=0.0% miss=99.2% time_limit=60.0% v2v=68.3%
  [PPO ] p_loss=0.1995 v_loss=1.2759 entropy=1.9591 grad=5.1871 active=3.0%
  [SIM ] avg_power(a)=0.5220 rsu_q=0.000 tx=93 no_tx=24 deadlock=0 svc=1.556GHz idle=0.0%
   111    15.6s   -0.0036     0.0%     0.0%    30.6%      19%/10%/71%    0.000    0.004   100.0%     0.0%   2.4773   0.0760    22.2%
   112    16.5s   -0.0029     0.0%     0.0%    24.0%       22%/8%/70%    0.000    0.003   100.0%     0.0%   2.7124   0.0390    18.8%
   113    12.6s   -0.0040     0.0%     0.0%    26.6%       19%/6%/75%    0.000    0.004   100.0%     0.0%   2.1171   0.0849     8.7%
   114    15.3s   -0.0031     0.0%     0.0%    27.5%       34%/9%/58%    0.000    0.003   100.0%     0.0%   1.7987   0.1456    33.3%
   115     7.7s   -0.0045     0.0%     0.0%    28.1%      25%/12%/63%    0.000    0.028   100.0%     0.0%   2.3393   0.0125    15.5%
   116    11.1s   -0.0037     0.0%     0.0%    24.8%       24%/9%/68%    0.000    0.007   100.0%     0.0%   2.3948   0.0323    24.2%
   117     6.7s   -0.0050     0.0%     0.0%    24.5%      17%/10%/74%    0.000    0.010   100.0%     0.0%   2.5444   0.0320    24.3%
   118    16.9s   -0.0031     0.0%     0.0%    24.2%       30%/9%/61%    0.000    0.003   100.0%     0.0%   2.7299   0.0523     6.2%
   119    16.5s   -0.0029     0.0%     0.0%    22.3%      18%/10%/72%    0.000    0.002   100.0%     0.0%   2.4416   0.1299     7.1%
   120    15.9s   -0.0034     0.0%     0.0%    30.2%      19%/16%/65%    0.000    0.003   100.0%     0.0%   2.2728   0.0361    14.3%
  [MA20] reward=-0.0035 task_sr=0.0% miss=99.5% time_limit=55.0% v2v=70.1%
  [PPO ] p_loss=-0.0911 v_loss=1.4141 entropy=2.2728 grad=7.5170 active=3.0%
  [SIM ] avg_power(a)=0.5163 rsu_q=0.000 tx=96 no_tx=23 deadlock=0 svc=1.439GHz idle=0.0%

    Ep    Wall    R/step     T_SR     V_SR     S_SR            L/R/V   Lat(s)       En     Miss      Ill      Ent       KL     Clip
--------------------------------------------------------------------------------------------------------------------------------
   121    16.9s   -0.0032     0.0%     0.0%    24.8%       24%/8%/68%    0.000    0.006   100.0%     0.0%   2.3511   0.0152    20.0%
   122    15.2s   -0.0031     0.0%     0.0%    22.4%       27%/9%/65%    0.000    0.004   100.0%     0.0%   2.3259   0.0293    18.8%
   123     3.7s   -0.0063     0.0%     0.0%    29.0%      21%/16%/63%    0.000    0.018   100.0%     0.0%   2.1913   0.0218    19.1%
   124     7.4s   -0.0039     0.0%     0.0%    30.3%       20%/9%/71%    0.000    0.007   100.0%     0.0%   2.2046   0.0010    16.7%
   125    11.3s   -0.0037     0.0%     0.0%    21.3%       18%/2%/80%    0.000    0.006   100.0%     0.0%   2.1402   0.0821    12.5%
   126    16.1s   -0.0036     0.0%     0.0%    26.5%       14%/9%/78%    0.000    0.007   100.0%     0.0%   2.3039   0.0376    20.1%
   127    17.7s   -0.0031     0.0%     0.0%    21.4%      15%/10%/75%    0.000    0.003   100.0%     0.0%   2.2274   0.0014    24.4%
   128    15.9s   -0.0035     0.0%     0.0%    29.2%       18%/8%/74%    0.000    0.003   100.0%     0.0%   2.1141   0.1458    32.7%
   129    16.3s   -0.0033     0.0%     0.0%    24.4%       16%/8%/77%    0.000    0.005   100.0%     0.0%   2.2329   0.0319    12.5%
   130    16.5s   -0.0031     0.0%     0.0%    15.6%       19%/4%/76%    0.000    0.003   100.0%     0.0%   2.4628   0.1496     0.0%
  [MA20] reward=-0.0037 task_sr=0.0% miss=100.0% time_limit=55.0% v2v=70.1%
  [PPO ] p_loss=0.1235 v_loss=1.3053 entropy=2.4628 grad=2.2690 active=2.3%
  [SIM ] avg_power(a)=0.5024 rsu_q=0.000 tx=75 no_tx=18 deadlock=0 svc=0.928GHz idle=0.0%
   131    16.5s   -0.0032     0.0%     0.0%    23.7%       10%/7%/83%    0.000    0.004   100.0%     0.0%   2.0171   0.1438    28.6%
   132    16.2s   -0.0033     0.0%     0.0%    19.9%       16%/4%/80%    0.000    0.004   100.0%     0.0%   2.2780   0.0142    26.7%
   133    16.0s   -0.0028     0.0%     0.0%    31.1%      12%/12%/76%    0.000    0.002   100.0%     0.0%   2.3224   0.0974    28.6%
   134     7.7s   -0.0046     0.0%     0.0%    27.4%       11%/7%/81%    0.000    0.008   100.0%     0.0%   2.1404   0.0487    12.2%
   135     8.1s   -0.0036     0.0%     0.0%    20.6%        8%/5%/87%    0.000    0.007   100.0%     0.0%   2.2565   0.0353    27.2%
   136    16.3s   -0.0032     0.0%     0.0%    27.5%       20%/9%/71%    0.000    0.003    95.0%     0.0%   2.4201   0.1146    16.7%
   137    15.6s   -0.0036     0.0%     0.0%    23.9%       11%/9%/80%    0.000    0.004    95.0%     0.0%   2.2222  -0.0176    28.7%
   138    15.3s   -0.0031     0.0%     0.0%    32.9%      15%/14%/71%    0.000    0.004   100.0%     0.0%   2.3854  -0.0192    39.3%
   139    16.4s   -0.0033     0.0%     0.0%    29.2%      20%/16%/64%    0.000    0.003   100.0%     0.0%   2.2850   0.0005    21.9%
   140    17.4s   -0.0032     0.0%     0.0%    19.1%       14%/9%/77%    0.000    0.004   100.0%     0.0%   2.0588   0.1008    18.2%
  [MA20] reward=-0.0035 task_sr=0.0% miss=99.5% time_limit=70.0% v2v=74.8%
  [PPO ] p_loss=-0.3766 v_loss=1.0488 entropy=2.0588 grad=4.4209 active=2.7%
  [SIM ] avg_power(a)=0.5187 rsu_q=0.000 tx=92 no_tx=15 deadlock=0 svc=0.850GHz idle=0.0%

    Ep    Wall    R/step     T_SR     V_SR     S_SR            L/R/V   Lat(s)       En     Miss      Ill      Ent       KL     Clip
--------------------------------------------------------------------------------------------------------------------------------
   141    16.1s   -0.0036     0.0%     0.0%    27.4%       17%/7%/76%    0.000    0.002   100.0%     0.0%   2.4079   0.0262    20.8%
   142     6.6s   -0.0043     0.0%     0.0%    29.8%      18%/18%/65%    0.000    0.006   100.0%     0.0%   2.1899   0.0218    20.2%
   143    16.1s   -0.0032     0.0%     0.0%    22.7%       17%/6%/78%    0.000    0.011   100.0%     0.0%   2.2432   0.0284    16.6%
   144    16.3s   -0.0031     0.0%     0.0%    23.9%      22%/15%/63%    1.200    0.005   100.0%     0.0%   2.5391   0.0717     0.0%
   145    17.5s   -0.0031     0.0%     0.0%    21.4%      15%/10%/75%    0.000    0.012   100.0%     0.0%   2.2935   0.0248    12.1%
   146    16.8s   -0.0032     0.0%     0.0%    22.9%      17%/10%/73%    0.000    0.004   100.0%     0.0%   2.2397  -0.0008    17.6%
   147    15.5s   -0.0034     0.0%     0.0%    30.4%      19%/12%/69%    0.000    0.004    95.0%     0.0%   2.3800   0.0265     4.2%
   148     7.3s   -0.0045     0.0%     0.0%    25.7%      25%/10%/65%    0.000    0.006   100.0%     0.0%   2.3286   0.0339    26.1%
   149     9.5s   -0.0029     0.0%     0.0%    31.7%      19%/19%/63%    0.000    0.005   100.0%     0.0%   2.0549   0.0059    19.4%
   150    15.1s   -0.0033     0.0%     0.0%    39.8%      21%/21%/58%    0.000    0.002   100.0%     0.0%   2.3474   0.0603    10.0%
  [MA20] reward=-0.0034 task_sr=0.0% miss=99.2% time_limit=70.0% v2v=72.7%
  [PPO ] p_loss=0.1595 v_loss=3.3892 entropy=2.3474 grad=43.3876 active=3.3%
  [SIM ] avg_power(a)=0.5086 rsu_q=0.000 tx=101 no_tx=28 deadlock=0 svc=1.606GHz idle=0.5%
   151     9.1s   -0.0034     0.0%     0.0%    30.9%      28%/13%/60%    0.000    0.004   100.0%     0.0%   2.1422   0.0182    18.2%
   152    10.9s   -0.0039     0.0%     0.0%    24.2%      25%/15%/60%    0.000    0.014   100.0%     0.0%   2.1113   0.0249    17.8%
   153     6.6s   -0.0047     0.0%     0.0%    36.9%      29%/22%/49%    0.000    0.007   100.0%     0.0%   2.2877   0.0838    20.8%
   154    16.5s   -0.0033     0.0%     0.0%    34.7%      27%/17%/56%    0.000    0.003    95.0%     0.0%   2.3119   0.0044    27.1%
   155     8.5s   -0.0036     0.0%     0.0%    31.4%      27%/21%/52%    0.000    0.006   100.0%     0.0%   2.2249   0.0891    11.1%
   156     3.1s   -0.0068     0.0%     0.0%    38.5%      29%/18%/53%    0.000    0.011   100.0%     0.0%   2.2162   0.0104    16.7%
   157    10.6s   -0.0035     0.0%     0.0%    38.0%      25%/21%/54%    0.000    0.004   100.0%     0.0%   2.1138   0.0257    18.7%
   158     2.2s   -0.0091     0.0%     0.0%    36.5%      40%/17%/44%    0.000    0.017   100.0%     0.0%   2.1531   0.0220    15.9%
   159     9.6s   -0.0039     0.0%     0.0%    41.8%      30%/24%/46%    0.000    0.006   100.0%     0.0%   2.1720   0.0149    22.3%
   160     6.9s   -0.0046     0.0%     0.0%    29.7%      22%/15%/63%    0.000    0.007   100.0%     0.0%   2.2746   0.0330    29.6%
  [MA20] reward=-0.0041 task_sr=0.0% miss=99.5% time_limit=35.0% v2v=61.0%
  [PPO ] p_loss=0.0778 v_loss=1.9377 entropy=2.2746 grad=3.0486 active=7.0%
  [SIM ] avg_power(a)=0.5034 rsu_q=0.000 tx=93 no_tx=27 deadlock=0 svc=3.205GHz idle=1.1%

    Ep    Wall    R/step     T_SR     V_SR     S_SR            L/R/V   Lat(s)       En     Miss      Ill      Ent       KL     Clip
--------------------------------------------------------------------------------------------------------------------------------
   161     3.6s   -0.0053     0.0%     0.0%    27.9%      30%/16%/55%    0.000    0.018   100.0%     0.0%   2.2584   0.0292    15.2%
   162     4.9s   -0.0040     0.0%     0.0%    33.6%      26%/16%/58%    0.000    0.005   100.0%     0.0%   2.1843   0.0162    17.9%
   163    15.9s   -0.0033     0.0%     0.0%    30.5%      26%/15%/58%    0.000    0.004   100.0%     0.0%   1.8630   0.0531     9.1%
   164    15.6s   -0.0032     0.0%     0.0%    34.4%      29%/23%/48%    0.000    0.004   100.0%     0.0%   2.2111   0.0960    20.0%
   165    13.7s   -0.0035     0.0%     0.0%    26.8%      27%/17%/56%    0.000    0.003   100.0%     0.0%   2.2756   0.0034    13.7%
   166    15.5s   -0.0029     0.0%     0.0%    31.7%      28%/20%/52%    0.000    0.002   100.0%     0.0%   2.1946   0.0357    23.8%
   167    16.1s   -0.0035     0.0%     0.0%    34.1%      29%/21%/50%    0.000    0.003   100.0%     0.0%   2.2294   0.0257    14.6%
   168    16.1s   -0.0032     0.0%     0.0%    28.0%      27%/16%/57%    0.000    0.003   100.0%     0.0%   2.2528   0.0127     4.2%
   169     3.9s   -0.0042     0.0%     0.0%    34.0%      28%/25%/46%    0.000    0.018   100.0%     0.0%   2.1975   0.0399    12.0%
   170    16.6s   -0.0033     0.0%     0.0%    35.1%      36%/18%/46%    0.000    0.003   100.0%     0.0%   2.1870   0.0030     3.8%
  [MA20] reward=-0.0042 task_sr=0.0% miss=99.8% time_limit=35.0% v2v=53.1%
  [PPO ] p_loss=0.2095 v_loss=1.6410 entropy=2.1870 grad=7.6186 active=3.5%
  [SIM ] avg_power(a)=0.5089 rsu_q=0.000 tx=89 no_tx=50 deadlock=0 svc=1.731GHz idle=0.0%
   171    15.7s   -0.0034     0.0%     0.0%    32.2%      25%/23%/52%    1.400    0.004   100.0%     0.0%   2.1922  -0.0064    16.1%
   172     3.6s   -0.0053     0.0%     0.0%    34.8%      27%/23%/50%    0.000    0.022   100.0%     0.0%   2.2205   0.0136    16.0%
   173    15.9s   -0.0034     0.0%     0.0%    32.8%      23%/26%/50%    0.000    0.004   100.0%     0.0%   2.1608   0.0305    13.9%
   174    15.8s   -0.0032     0.0%     0.0%    26.2%      21%/15%/63%    0.000    0.010   100.0%     0.0%   2.5664   0.0646    11.1%
   175    15.4s   -0.0028     0.0%     0.0%    43.1%      21%/28%/51%    1.500    0.002   100.0%     0.0%   2.2306   0.0962    30.0%
   176    15.0s   -0.0032     0.0%     0.0%    31.4%      27%/16%/57%    0.000    0.003   100.0%     0.0%   2.2975   0.0471    13.6%
   177    15.8s   -0.0034     0.0%     0.0%    39.6%      23%/28%/48%    0.000    0.003   100.0%     0.0%   2.4165   0.0341    13.8%
   178     8.2s   -0.0041     0.0%     0.0%    34.1%      19%/20%/61%    0.000    0.006   100.0%     0.0%   2.1665   0.0112    10.4%
   179    16.2s   -0.0030     0.0%     0.0%    43.9%      29%/24%/47%    0.000    0.003   100.0%     0.0%   2.2406   0.0336     4.2%
   180    10.0s   -0.0034     0.0%     0.0%    36.6%      28%/20%/51%    0.000    0.004   100.0%     0.0%   2.3407   0.0418     4.9%
  [MA20] reward=-0.0036 task_sr=0.0% miss=100.0% time_limit=65.0% v2v=52.9%
  [PPO ] p_loss=0.0329 v_loss=1.9385 entropy=2.3407 grad=6.1223 active=5.4%
  [SIM ] avg_power(a)=0.4993 rsu_q=0.008 tx=97 no_tx=39 deadlock=0 svc=3.023GHz idle=0.8%

    Ep    Wall    R/step     T_SR     V_SR     S_SR            L/R/V   Lat(s)       En     Miss      Ill      Ent       KL     Clip
--------------------------------------------------------------------------------------------------------------------------------
   181    15.7s   -0.0028     0.0%     0.0%    28.9%      28%/18%/54%    0.000    0.002   100.0%     0.0%   2.2101   0.0094     5.9%
   182    15.5s   -0.0038     0.0%     0.0%    36.9%      31%/22%/47%    0.000    0.003   100.0%     0.0%   2.3490  -0.0002     9.8%
   183     7.8s   -0.0034     0.0%     0.0%    35.2%      34%/20%/46%    0.000    0.003   100.0%     0.0%   2.1549   0.0143    14.5%
   184     6.0s   -0.0045     0.0%     0.0%    41.6%      39%/20%/41%    0.000    0.006   100.0%     0.0%   2.0976   0.0210    10.5%
   185    15.3s   -0.0031     0.0%     0.0%    46.0%      25%/24%/51%    0.000    0.003    95.0%     0.0%   2.1813   0.0119     7.5%
   186     9.7s   -0.0039     0.0%     0.0%    40.4%      28%/30%/42%    0.000    0.007   100.0%     0.0%   2.2012   0.0273    10.2%
   187     2.9s   -0.0081     0.0%     0.0%    41.7%      26%/27%/47%    0.000    0.014   100.0%     0.0%   2.1676   0.0144     5.9%
   188     3.0s   -0.0055     0.0%     0.0%    38.1%      26%/28%/46%    0.000    0.021   100.0%     0.0%   2.0471   0.0188     4.0%
   189    16.6s   -0.0033     0.0%     0.0%    39.3%      21%/31%/48%    0.000    0.003   100.0%     0.0%   2.2632   0.0233     5.0%
   190     7.2s   -0.0036     5.0%     5.0%    47.6%      27%/39%/33%    1.800    0.008    95.0%     0.0%   2.1464   0.0099     8.4%
  [MA20] reward=-0.0039 task_sr=0.2% miss=99.5% time_limit=55.0% v2v=49.3%
  [PPO ] p_loss=0.0360 v_loss=2.2492 entropy=2.1464 grad=2.2458 active=8.1%
  [SIM ] avg_power(a)=0.4932 rsu_q=0.011 tx=110 no_tx=42 deadlock=0 svc=5.190GHz idle=1.1%
   191    16.5s   -0.0035     0.0%     0.0%    35.7%      17%/40%/43%    0.000    0.002   100.0%     0.0%   2.1987   0.0188     8.3%
   192    14.9s   -0.0031     0.0%     0.0%    48.8%      17%/40%/43%    0.000    0.003   100.0%     0.0%   2.1136   0.0163     7.6%
   193    14.1s   -0.0033     0.0%     0.0%    48.5%      21%/37%/43%    0.000    0.002   100.0%     0.0%   2.1679   0.0024    10.8%
   194     2.9s   -0.0073     0.0%     0.0%    53.6%      17%/44%/39%    0.000    0.025   100.0%     0.0%   2.0692  -0.0034     9.2%
  [LateGuard] restore best_model at ep194 (drop=0.260, freeze=False)
   195     6.6s   -0.0039     0.0%     0.0%    46.1%      32%/28%/39%    0.000    0.006   100.0%     0.0%   2.1236   0.0104    10.3%
   196     5.0s   -0.0053     0.0%     0.0%    42.7%      26%/32%/41%    0.000    0.018   100.0%     0.0%   2.1807  -0.0077    14.4%
   197    16.0s   -0.0031     0.0%     0.0%    41.6%      28%/29%/44%    0.000    0.004   100.0%     0.0%   2.0777   0.0144     8.1%
   198     3.6s   -0.0042    10.0%    10.0%    50.2%      34%/34%/32%    1.300    0.007    90.0%     0.0%   1.9647   0.0058    13.6%
   199     6.2s   -0.0037     0.0%     0.0%    45.3%      36%/32%/32%    0.000    0.010   100.0%     0.0%   2.0131   0.0316     3.6%
   200     4.0s   -0.0060     0.0%     0.0%    51.5%      30%/44%/26%    0.000    0.013   100.0%     0.0%   1.9990  -0.0015     9.1%
  [MA20] reward=-0.0043 task_sr=0.8% miss=99.0% time_limit=35.0% v2v=41.9%
  [PPO ] p_loss=-0.0040 v_loss=3.3331 entropy=1.9990 grad=1.9349 active=15.3%
  [SIM ] avg_power(a)=0.4970 rsu_q=0.060 tx=107 no_tx=46 deadlock=0 svc=9.814GHz idle=2.0%

    Ep    Wall    R/step     T_SR     V_SR     S_SR            L/R/V   Lat(s)       En     Miss      Ill      Ent       KL     Clip
--------------------------------------------------------------------------------------------------------------------------------
   201     9.1s   -0.0039     0.0%     0.0%    45.6%      32%/37%/31%    0.000    0.007   100.0%     0.0%   1.8030   0.0101    15.1%
   202     4.9s   -0.0051     0.0%     0.0%    46.7%      37%/49%/14%    0.000    0.020   100.0%     0.0%   1.9137   0.0130     7.5%
   203    10.6s   -0.0029     5.0%     5.0%    54.9%      37%/32%/31%    1.200    0.002    95.0%     0.0%   1.9164   0.0008    12.6%
   204     2.6s   -0.0076     0.0%     0.0%    49.8%      42%/30%/28%    0.000    0.017   100.0%     0.0%   1.8513   0.0174     4.8%
   205     5.1s   -0.0047     0.0%     0.0%    42.9%      41%/30%/29%    0.000    0.005   100.0%     0.0%   1.8120  -0.0003     5.7%
   206     3.0s   -0.0067     0.0%     0.0%    44.9%      41%/29%/30%    0.000    0.016   100.0%     0.0%   2.1033   0.0114     5.6%
   207     4.0s   -0.0057     0.0%     0.0%    51.3%      36%/31%/33%    0.000    0.012   100.0%     0.0%   2.0265   0.0184     5.2%
   208     3.0s   -0.0066     5.0%     5.0%    48.9%      43%/26%/31%    1.400    0.010    95.0%     0.0%   2.0415   0.0186     8.7%
   209    15.9s   -0.0029     0.0%     0.0%    44.4%      39%/32%/29%    0.000    0.003   100.0%     0.0%   2.1351   0.0118     4.7%
   210    11.8s   -0.0035     0.0%     0.0%    41.1%      38%/28%/33%    0.000    0.004   100.0%     0.0%   2.0086   0.0175     2.0%
  [MA20] reward=-0.0046 task_sr=1.0% miss=99.0% time_limit=20.0% v2v=33.6%
  [PPO ] p_loss=-0.0153 v_loss=5.2310 entropy=2.0086 grad=15.2525 active=5.1%
  [SIM ] avg_power(a)=0.4721 rsu_q=0.007 tx=92 no_tx=58 deadlock=0 svc=2.923GHz idle=0.7%
   211    15.6s   -0.0029     0.0%     0.0%    42.3%      30%/32%/37%    0.000    0.002   100.0%     0.0%   2.0226   0.0266     1.8%
   212    16.0s   -0.0034     0.0%     0.0%    37.1%      43%/24%/34%    0.000    0.002   100.0%     0.0%   2.0563  -0.0010     7.5%
   213    15.5s   -0.0030     0.0%     0.0%    44.2%      34%/28%/39%    0.000    0.002   100.0%     0.0%   2.0257   0.0097     5.2%
   214    15.2s   -0.0030     0.0%     0.0%    44.2%      36%/30%/33%    0.000    0.001   100.0%     0.0%   2.0508   0.0086     4.8%
   215    15.1s   -0.0037     0.0%     0.0%    34.2%      30%/25%/45%    0.000    0.003   100.0%     0.0%   2.0154   0.0031     0.9%
   216     8.1s   -0.0037     0.0%     0.0%    37.6%      27%/30%/43%    0.000    0.008   100.0%     0.0%   2.0792   0.0115     8.1%
   217    15.5s   -0.0038     0.0%     0.0%    37.0%      32%/30%/38%    0.000    0.003   100.0%     0.0%   1.9064   0.0173     3.8%
   218    11.3s   -0.0034     0.0%     0.0%    32.5%      31%/26%/43%    0.000    0.003   100.0%     0.0%   1.9459   0.0146     3.8%
   219     4.9s   -0.0048     0.0%     0.0%    41.2%      37%/32%/31%    0.000    0.007   100.0%     0.0%   2.0743   0.0101     7.8%
   220     4.8s   -0.0055     0.0%     0.0%    40.1%      32%/27%/41%    0.000    0.016   100.0%     0.0%   2.1357   0.0176     6.5%
  [MA20] reward=-0.0043 task_sr=0.5% miss=99.5% time_limit=35.0% v2v=33.7%
  [PPO ] p_loss=-0.0019 v_loss=2.5802 entropy=2.1357 grad=5.5907 active=12.2%
  [SIM ] avg_power(a)=0.4408 rsu_q=0.017 tx=95 no_tx=47 deadlock=0 svc=7.161GHz idle=1.7%

    Ep    Wall    R/step     T_SR     V_SR     S_SR            L/R/V   Lat(s)       En     Miss      Ill      Ent       KL     Clip
--------------------------------------------------------------------------------------------------------------------------------
   221    10.7s   -0.0036     0.0%     0.0%    31.9%      21%/28%/50%    0.000    0.004   100.0%     0.0%   2.2441   0.0184    12.0%
   222    12.9s   -0.0033     0.0%     0.0%    34.9%      24%/17%/59%    0.000    0.002   100.0%     0.0%   2.1704  -0.0257    13.8%
   223     5.4s   -0.0047     0.0%     0.0%    33.9%      26%/14%/60%    0.000    0.009   100.0%     0.0%   2.2843   0.0226     8.9%
   224     2.7s   -0.0055     0.0%     0.0%    31.9%      34%/14%/52%    0.000    0.011   100.0%     0.0%   2.1438   0.0140     7.9%
   225     3.4s   -0.0051     0.0%     0.0%    30.8%      21%/22%/57%    0.000    0.030   100.0%     0.0%   2.0515   0.0038     9.4%
   226    10.3s   -0.0033     0.0%     0.0%    31.9%      25%/16%/59%    0.000    0.004   100.0%     0.0%   2.1270   0.0011    12.4%
   227    17.1s   -0.0033     0.0%     0.0%    30.6%      24%/15%/61%    0.000    0.003   100.0%     0.0%   2.1762  -0.0126    17.8%
   228     8.3s   -0.0038     0.0%     0.0%    37.2%      32%/23%/45%    0.000    0.002   100.0%     0.0%   2.2124   0.0352     5.2%
   229    15.3s   -0.0033     0.0%     0.0%    36.4%      32%/18%/49%    0.000    0.002   100.0%     0.0%   2.2886   0.0330     8.4%
   230    10.1s   -0.0036     0.0%     0.0%    31.1%      26%/18%/56%    0.000    0.004   100.0%     0.0%   2.2076   0.0209     4.8%
  [MA20] reward=-0.0038 task_sr=0.0% miss=100.0% time_limit=40.0% v2v=46.6%
  [PPO ] p_loss=-0.0356 v_loss=2.1763 entropy=2.2076 grad=4.1082 active=5.3%
  [SIM ] avg_power(a)=0.4675 rsu_q=0.000 tx=94 no_tx=34 deadlock=0 svc=2.638GHz idle=0.8%
   231    16.1s   -0.0031     0.0%     0.0%    37.2%      19%/26%/55%    0.000    0.004   100.0%     0.0%   2.0759   0.0130     8.8%
   232     8.7s   -0.0041     0.0%     0.0%    43.4%      21%/29%/51%    0.000    0.004   100.0%     0.0%   2.1659   0.0157     6.6%
   233     8.1s   -0.0038     0.0%     0.0%    32.9%      15%/25%/61%    0.000    0.010   100.0%     0.0%   2.2739  -0.0104    20.4%
   234    15.9s   -0.0031     0.0%     0.0%    28.1%      14%/20%/66%    0.000    0.004    95.0%     0.0%   2.6213   0.1295    20.0%
   235    15.1s   -0.0036     0.0%     0.0%    37.6%      27%/24%/49%    0.000    0.003   100.0%     0.0%   2.0116   0.0408    10.1%
   236     4.9s   -0.0048     0.0%     0.0%    27.7%      18%/23%/59%    0.000    0.008   100.0%     0.0%   2.2252   0.0058    10.8%
   237    15.8s   -0.0032     0.0%     0.0%    46.1%      18%/26%/57%    0.000    0.002   100.0%     0.0%   2.1036   0.0124    12.3%
   238     2.6s   -0.0083     0.0%     0.0%    38.8%      18%/23%/59%    0.000    0.020   100.0%     0.0%   2.1202   0.0305    12.5%
   239     4.0s   -0.0074     0.0%     0.0%    38.6%      20%/21%/59%    0.000    0.012   100.0%     0.0%   2.2589   0.0224    16.2%
   240     4.3s   -0.0046     0.0%     0.0%    33.0%       9%/17%/74%    0.000    0.012   100.0%     0.0%   2.2033   0.0205    18.2%
  [MA20] reward=-0.0043 task_sr=0.0% miss=99.8% time_limit=30.0% v2v=56.8%
  [PPO ] p_loss=0.0260 v_loss=6.8411 entropy=2.2033 grad=5.4377 active=10.0%
  [SIM ] avg_power(a)=0.4843 rsu_q=0.000 tx=99 no_tx=10 deadlock=0 svc=5.461GHz idle=1.8%

    Ep    Wall    R/step     T_SR     V_SR     S_SR            L/R/V   Lat(s)       En     Miss      Ill      Ent       KL     Clip
--------------------------------------------------------------------------------------------------------------------------------
   241     8.1s   -0.0040     0.0%     0.0%    37.3%      12%/19%/69%    0.000    0.007   100.0%     0.0%   2.2838   0.0104    16.2%
   242    15.7s   -0.0033     0.0%     0.0%    25.0%      14%/20%/65%    0.000    0.003    95.0%     0.0%   2.1015   0.0053     8.9%
   243    15.9s   -0.0032     0.0%     0.0%    31.1%      18%/18%/63%    0.000    0.004   100.0%     0.0%   2.3354   0.0420     8.1%
   244    11.0s   -0.0035     0.0%     0.0%    38.0%      16%/23%/61%    0.000    0.004   100.0%     0.0%   2.1684   0.0726     8.1%
   245     6.5s   -0.0042     0.0%     0.0%    27.7%      14%/17%/69%    0.000    0.008   100.0%     0.0%   2.1832   0.0177    13.0%
   246    16.0s   -0.0034     0.0%     0.0%    35.3%      16%/24%/60%    0.000    0.002   100.0%     0.0%   2.1715   0.0231    10.4%
   247    14.4s   -0.0034     0.0%     0.0%    31.5%      18%/24%/58%    0.000    0.004   100.0%     0.0%   2.4372  -0.0019    12.8%
   248    15.5s   -0.0032     0.0%     0.0%    32.3%      20%/24%/57%    0.000    0.004    90.0%     0.0%   2.2944   0.0268    12.5%
   249     3.1s   -0.0065     0.0%     0.0%    35.3%      19%/25%/56%    0.000    0.013   100.0%     0.0%   2.1983   0.0236    12.9%
   250    10.2s   -0.0033     0.0%     0.0%    29.7%      17%/19%/64%    0.000    0.004   100.0%     0.0%   2.3093   0.0041    18.0%
  [MA20] reward=-0.0042 task_sr=0.0% miss=99.0% time_limit=40.0% v2v=60.5%
  [PPO ] p_loss=0.0229 v_loss=2.2016 entropy=2.3093 grad=6.0595 active=5.2%
  [SIM ] avg_power(a)=0.5020 rsu_q=0.000 tx=104 no_tx=22 deadlock=0 svc=2.582GHz idle=0.8%
   251     9.8s   -0.0034     0.0%     0.0%    38.9%      18%/25%/57%    0.000    0.004   100.0%     0.0%   2.3535  -0.0060    13.5%
   252    16.0s   -0.0031     0.0%     0.0%    37.0%      17%/21%/62%    0.000    0.004   100.0%     0.0%   2.1529  -0.0027    16.5%
   253    16.4s   -0.0028     0.0%     0.0%    39.3%      19%/27%/55%    0.000    0.003   100.0%     0.0%   2.1525   0.0196     4.7%
   254    17.1s   -0.0034     0.0%     0.0%    38.9%      17%/35%/48%    0.000    0.002   100.0%     0.0%   2.3322   0.0384     8.9%
  [LateGuard] restore best_model at ep254 (drop=0.800, freeze=False)
   255     3.5s   -0.0053     5.0%     5.0%    41.1%      30%/28%/42%    1.500    0.009    95.0%     0.0%   2.0470   0.0026     5.8%
   256    14.9s   -0.0034     0.0%     0.0%    46.0%      44%/22%/33%    0.000    0.001   100.0%     0.0%   1.9961  -0.0010     5.3%
   257    10.8s   -0.0035     0.0%     0.0%    39.8%      42%/20%/38%    0.000    0.002   100.0%     0.0%   2.0492   0.0067     6.6%
   258    10.9s   -0.0035     0.0%     0.0%    43.3%      34%/24%/43%    0.000    0.002   100.0%     0.0%   2.0681   0.0115    14.5%
   259     5.8s   -0.0047     0.0%     0.0%    34.2%      30%/27%/43%    0.000    0.007   100.0%     0.0%   2.0690   0.0219     5.2%
   260    15.6s   -0.0034     0.0%     0.0%    28.4%      28%/12%/60%    0.000    0.003   100.0%     0.0%   2.1766   0.0181     9.3%
  [MA20] reward=-0.0037 task_sr=0.2% miss=99.0% time_limit=45.0% v2v=55.2%
  [PPO ] p_loss=-0.1279 v_loss=10.3601 entropy=2.1766 grad=14.3564 active=2.8%
  [SIM ] avg_power(a)=0.4662 rsu_q=0.000 tx=79 no_tx=32 deadlock=0 svc=1.397GHz idle=0.0%

    Ep    Wall    R/step     T_SR     V_SR     S_SR            L/R/V   Lat(s)       En     Miss      Ill      Ent       KL     Clip
--------------------------------------------------------------------------------------------------------------------------------
   261    15.7s   -0.0036     0.0%     0.0%    37.9%      30%/20%/50%    1.400    0.002   100.0%     0.0%   2.2864   0.0090     9.7%
   262    16.4s   -0.0029     0.0%     0.0%    33.8%      31%/16%/53%    0.000    0.003   100.0%     0.0%   2.3621  -0.0052    12.1%
   263     4.4s   -0.0063     0.0%     0.0%    33.0%      26%/20%/55%    0.000    0.011   100.0%     0.0%   2.2426   0.0145    13.6%
   264    16.2s   -0.0032     0.0%     0.0%    28.1%      26%/15%/59%    0.000    0.002   100.0%     0.0%   2.4127   0.0294    12.5%
   265    12.8s   -0.0041     0.0%     0.0%    34.7%      23%/17%/60%    0.000    0.005   100.0%     0.0%   2.1545   0.0229    13.5%
   266    16.7s   -0.0034     0.0%     0.0%    30.5%      20%/19%/62%    0.000    0.004   100.0%     0.0%   2.3110   0.0285    10.0%
   267     5.5s   -0.0051     0.0%     0.0%    41.3%      26%/19%/56%    0.000    0.007   100.0%     0.0%   2.1387   0.0152     9.9%
   268    16.2s   -0.0035     0.0%     0.0%    32.0%      26%/13%/61%    0.000    0.004   100.0%     0.0%   2.2740   0.0227    12.6%
   269     4.1s   -0.0060     0.0%     0.0%    32.9%      27%/18%/55%    0.000    0.013   100.0%     0.0%   2.1414   0.0280     9.4%
  [LateGuard] restore best_model at ep269 (drop=0.800, freeze=False)
   270    15.5s   -0.0031     0.0%     0.0%    41.2%      28%/30%/43%    0.000    0.002   100.0%     0.0%   2.0659   0.0374     0.0%
  [MA20] reward=-0.0039 task_sr=0.2% miss=99.8% time_limit=55.0% v2v=51.8%
  [PPO ] p_loss=-0.1509 v_loss=3.0521 entropy=2.0659 grad=11.6204 active=3.2%
  [SIM ] avg_power(a)=0.4709 rsu_q=0.000 tx=92 no_tx=35 deadlock=0 svc=1.855GHz idle=0.0%
   271    15.6s   -0.0031     0.0%     0.0%    45.0%      33%/31%/36%    0.000    0.003   100.0%     0.0%   2.0072   0.0189     5.5%
   272    15.2s   -0.0032     0.0%     0.0%    41.1%      35%/27%/37%    0.000    0.003   100.0%     0.0%   1.9579   0.0068     7.8%
   273    16.4s   -0.0033     0.0%     0.0%    44.5%      31%/32%/37%    0.000    0.002   100.0%     0.0%   1.9353   0.0110     7.9%
   274     7.2s   -0.0050     0.0%     0.0%    48.6%      39%/31%/30%    0.000    0.004   100.0%     0.0%   1.9928   0.0045     9.3%
   275     5.3s   -0.0039     5.0%     5.0%    51.4%      38%/36%/26%    1.400    0.006    95.0%     0.0%   2.0033   0.0085     6.5%
   276     3.9s   -0.0040     0.0%     0.0%    43.9%      39%/29%/31%    0.000    0.008   100.0%     0.0%   1.9065   0.0083     7.2%
   277     3.2s   -0.0068     0.0%     0.0%    44.5%      38%/32%/30%    0.000    0.010   100.0%     0.0%   1.9817   0.0149     9.6%
   278    14.9s   -0.0030     0.0%     0.0%    47.5%      37%/38%/25%    0.000    0.002   100.0%     0.0%   1.9620   0.0154     6.7%
   279    12.2s   -0.0033     5.0%     5.0%    41.4%      38%/29%/33%    1.200    0.003    95.0%     0.0%   1.9345   0.0055     8.2%
   280     2.8s   -0.0069     0.0%     0.0%    50.6%      35%/41%/24%    0.000    0.013   100.0%     0.0%   1.9945   0.0039    11.3%
  [MA20] reward=-0.0042 task_sr=0.5% miss=99.5% time_limit=50.0% v2v=43.1%
  [PPO ] p_loss=0.0105 v_loss=1.4108 entropy=1.9945 grad=1.3051 active=21.2%
  [SIM ] avg_power(a)=0.4647 rsu_q=0.079 tx=103 no_tx=57 deadlock=0 svc=14.012GHz idle=2.6%

    Ep    Wall    R/step     T_SR     V_SR     S_SR            L/R/V   Lat(s)       En     Miss      Ill      Ent       KL     Clip
--------------------------------------------------------------------------------------------------------------------------------
   281     4.8s   -0.0049     0.0%     0.0%    45.6%      28%/40%/32%    0.000    0.008   100.0%     0.0%   1.9443   0.0306     9.3%
   282    15.9s   -0.0033     0.0%     0.0%    49.8%      40%/31%/29%    0.000    0.002   100.0%     0.0%   2.0339   0.0167     3.6%
   283     2.9s   -0.0060     0.0%     0.0%    50.4%      47%/27%/27%    0.000    0.004   100.0%     0.0%   1.9054   0.0076     8.9%
   284     4.5s   -0.0044     0.0%     0.0%    49.8%      41%/29%/30%    0.000    0.003   100.0%     0.0%   1.9701   0.0250     7.8%
  [LateGuard] restore best_model at ep284 (drop=0.400, freeze=False)
   285     9.3s   -0.0027     0.0%     0.0%    39.3%      33%/26%/41%    0.000    0.005   100.0%     0.0%   1.9739   0.0031     6.6%
   286    15.2s   -0.0035     0.0%     0.0%    43.2%      26%/34%/40%    0.000    0.003   100.0%     0.0%   1.9919   0.0043     8.0%
   287     3.2s   -0.0052     5.0%     5.0%    51.3%      34%/41%/25%    1.800    0.010    95.0%     0.0%   2.0334   0.0021     7.9%
   288     6.7s   -0.0042     0.0%     0.0%    57.4%      24%/37%/39%    0.000    0.005   100.0%     0.0%   2.0212   0.0003    10.4%
   289    15.0s   -0.0029     0.0%     0.0%    41.5%      32%/30%/38%    0.000    0.003   100.0%     0.0%   2.0186  -0.0115     9.0%
   290    15.1s   -0.0033     0.0%     0.0%    41.0%      32%/32%/36%    0.000    0.002    85.0%     0.0%   2.1271   0.0286     6.4%
  [MA20] reward=-0.0042 task_sr=0.8% miss=98.5% time_limit=40.0% v2v=32.3%
  [PPO ] p_loss=0.0037 v_loss=5.8266 entropy=2.1271 grad=3.1197 active=4.0%
  [SIM ] avg_power(a)=0.4897 rsu_q=0.015 tx=94 no_tx=46 deadlock=0 svc=2.559GHz idle=0.5%
   291     4.0s   -0.0048     0.0%     0.0%    45.7%      41%/30%/29%    0.000    0.010   100.0%     0.0%   2.2826   0.0265     7.8%
   292     8.4s   -0.0035     0.0%     0.0%    45.6%      23%/33%/45%    0.000    0.008   100.0%     0.0%   2.0897   0.0266     5.5%
   293    15.5s   -0.0034     0.0%     0.0%    40.0%      34%/26%/40%    0.000    0.002    95.0%     0.0%   2.3923   0.1122    16.7%
   294     4.3s   -0.0046     0.0%     0.0%    39.8%      31%/25%/44%    0.000    0.008   100.0%     0.0%   2.0425   0.0119    11.4%
   295    15.9s   -0.0031     0.0%     0.0%    41.2%      35%/28%/37%    0.000    0.001   100.0%     0.0%   2.0783  -0.0149     7.0%
   296     5.9s   -0.0041     0.0%     0.0%    53.8%      30%/32%/38%    1.700    0.008   100.0%     0.0%   1.9276   0.0344    10.2%
   297     9.8s   -0.0032     0.0%     0.0%    46.1%      43%/28%/30%    0.000    0.003   100.0%     0.0%   1.8969   0.0090    12.2%
   298     8.1s   -0.0047     0.0%     0.0%    51.0%      45%/26%/29%    0.000    0.003   100.0%     0.0%   1.9892   0.0107    13.4%
   299    15.6s   -0.0033     0.0%     0.0%    46.2%      34%/29%/36%    0.000    0.002   100.0%     0.0%   2.0563   0.0086    10.1%
  [LateGuard] restore best_model at ep299 (drop=0.200, freeze=False)
   300    10.0s   -0.0035     0.0%     0.0%    46.6%      38%/31%/31%    0.000    0.005   100.0%     0.0%   1.9592  -0.0022     8.5%
  [MA20] reward=-0.0039 task_sr=0.2% miss=98.8% time_limit=35.0% v2v=34.8%
  [PPO ] p_loss=0.0077 v_loss=3.2091 entropy=1.9592 grad=7.2991 active=6.7%
  [SIM ] avg_power(a)=0.4746 rsu_q=0.024 tx=103 no_tx=64 deadlock=0 svc=3.866GHz idle=0.8%

    Ep    Wall    R/step     T_SR     V_SR     S_SR            L/R/V   Lat(s)       En     Miss      Ill      Ent       KL     Clip
--------------------------------------------------------------------------------------------------------------------------------
   301    15.7s   -0.0031     0.0%     0.0%    44.8%      37%/28%/35%    0.000    0.002   100.0%     0.0%   2.0220   0.0104    10.9%
   302     7.0s   -0.0036     5.0%     5.0%    48.3%      44%/31%/25%    2.200    0.004    95.0%     0.0%   1.8526   0.0279    10.5%
   303     2.7s   -0.0076     0.0%     0.0%    48.0%      45%/30%/25%    0.000    0.013   100.0%     0.0%   1.8538   0.0142    10.3%
   304     3.2s   -0.0048     0.0%     0.0%    45.4%      43%/24%/33%    0.000    0.013   100.0%     0.0%   1.8100   0.0132    11.2%
   305    15.8s   -0.0031     0.0%     0.0%    40.8%      52%/23%/25%    0.000    0.001   100.0%     0.0%   1.9029  -0.0069     6.5%
   306    15.3s   -0.0028     5.0%     5.0%    40.2%      48%/23%/30%    1.500    0.003    95.0%     0.0%   1.8099   0.0111     4.5%
   307     4.7s   -0.0036     0.0%     0.0%    46.7%      51%/24%/26%    0.000    0.004   100.0%     0.0%   1.7962   0.0110    13.9%
   308    12.2s   -0.0034     0.0%     0.0%    42.0%      46%/27%/27%    0.000    0.003   100.0%     0.0%   1.5672   0.0353    13.6%
   309     7.8s   -0.0035     0.0%     0.0%    39.9%      48%/25%/27%    0.000    0.002   100.0%     0.0%   1.8010   0.0180     9.6%
   310     5.4s   -0.0040     0.0%     0.0%    41.8%      57%/18%/24%    0.000    0.009   100.0%     0.0%   1.6259  -0.0013    11.8%
  [MA20] reward=-0.0039 task_sr=0.5% miss=99.2% time_limit=30.0% v2v=31.9%
  [PPO ] p_loss=-0.0143 v_loss=2.7616 entropy=1.6259 grad=1.7785 active=9.7%
  [SIM ] avg_power(a)=0.4658 rsu_q=0.014 tx=60 no_tx=82 deadlock=0 svc=7.085GHz idle=1.4%
   311     8.3s   -0.0038     0.0%     0.0%    47.3%      62%/17%/21%    0.000 7.99e-04   100.0%     0.0%   1.4952   0.0305     7.1%
   312     3.3s   -0.0057     0.0%     0.0%    36.6%      54%/21%/25%    0.000    0.009   100.0%     0.0%   1.5866   0.0111    10.9%
   313     3.2s   -0.0052     0.0%     0.0%    38.6%      61%/20%/20%    0.000    0.005   100.0%     0.0%   1.6431   0.0245    15.2%
   314     2.7s   -0.0063     0.0%     0.0%    51.6%      53%/33%/14%    0.000    0.009   100.0%     0.0%   1.7278   0.0112    10.9%
   315     5.3s   -0.0043     0.0%     0.0%    50.2%      42%/35%/23%    1.800    0.010   100.0%     0.0%   1.7696   0.0141     8.2%
   316     2.5s   -0.0051     5.0%     5.0%    56.3%      41%/34%/25%    1.000    0.012    95.0%     0.0%   1.7122   0.0260    15.9%
   317     5.1s   -0.0046     0.0%     0.0%    44.9%      56%/21%/23%    1.500    0.006   100.0%     0.0%   1.6694   0.0065     9.8%
   318     3.0s   -0.0057     0.0%     0.0%    50.0%      57%/28%/15%    2.500    0.012   100.0%     0.0%   1.5591   0.0158     8.8%
   319     2.4s   -0.0072     0.0%     0.0%    47.2%      66%/17%/17%    0.000    0.002   100.0%     0.0%   1.6220   0.0176     8.1%
   320    15.5s   -0.0035     0.0%     0.0%    41.4%      62%/15%/24%    0.000 2.54e-04   100.0%     0.0%   1.9062   0.0173     8.6%
  [MA20] reward=-0.0045 task_sr=0.8% miss=99.2% time_limit=20.0% v2v=24.2%
  [PPO ] p_loss=-0.0696 v_loss=13.5174 entropy=1.9062 grad=7.8126 active=3.6%
  [SIM ] avg_power(a)=0.4657 rsu_q=0.000 tx=55 no_tx=89 deadlock=0 svc=1.791GHz idle=0.0%

    Ep    Wall    R/step     T_SR     V_SR     S_SR            L/R/V   Lat(s)       En     Miss      Ill      Ent       KL     Clip
--------------------------------------------------------------------------------------------------------------------------------
   321    15.5s   -0.0030     0.0%     0.0%    32.9%       53%/9%/38%    0.000    0.002    95.0%     0.0%   1.8499 9.34e-05    11.1%
   322    12.4s   -0.0035     0.0%     0.0%    44.4%      55%/15%/30%    0.000 7.56e-04   100.0%     0.0%   1.7316   0.0110    11.3%
   323    12.1s   -0.0035     0.0%     0.0%    32.1%       66%/9%/25%    0.000 4.99e-04   100.0%     0.0%   1.8040   0.0278     6.4%
   324     6.6s   -0.0049     0.0%     0.0%    36.8%       63%/8%/29%    0.000    0.003   100.0%     0.0%   1.6334   0.0054     9.1%
   325     3.5s   -0.0055     0.0%     0.0%    33.7%      68%/10%/22%    0.000    0.008   100.0%     0.0%   1.6351   0.0263     7.3%
   326    11.2s   -0.0033     0.0%     0.0%    36.3%      63%/11%/27%    0.000    0.002   100.0%     0.0%   1.7442   0.0116     7.9%
   327     2.2s   -0.0067     0.0%     0.0%    39.6%      55%/13%/32%    0.000    0.010   100.0%     0.0%   1.8497   0.0097     9.3%
   328    14.0s   -0.0032     0.0%     0.0%    45.2%      66%/11%/23%    0.000 7.25e-04   100.0%     0.0%   1.7434   0.0175     8.6%
   329     2.6s   -0.0077     0.0%     0.0%    42.9%      61%/14%/25%    0.000    0.005   100.0%     0.0%   1.6207   0.0279    12.1%
   330     9.9s   -0.0031     0.0%     0.0%    33.8%      68%/10%/22%    0.000    0.002   100.0%     0.0%   1.6088   0.0117     9.3%
  [MA20] reward=-0.0048 task_sr=0.2% miss=99.5% time_limit=15.0% v2v=24.0%
  [PPO ] p_loss=0.0236 v_loss=5.8164 entropy=1.6088 grad=6.4750 active=4.5%
  [SIM ] avg_power(a)=0.4880 rsu_q=0.007 tx=39 no_tx=82 deadlock=0 svc=3.069GHz idle=0.7%
   331     2.6s   -0.0069     0.0%     0.0%    38.4%      69%/11%/20%    0.000    0.003   100.0%     0.0%   1.5359   0.0152    10.4%
   332     3.8s   -0.0048     0.0%     0.0%    37.6%       77%/8%/15%    0.000    0.002   100.0%     0.0%   1.4716  -0.0034     9.8%
   333     8.3s   -0.0031     0.0%     0.0%    38.4%       82%/4%/14%    0.000    0.001   100.0%     0.0%   1.3837   0.0168     7.1%
   334     3.2s   -0.0041     0.0%     0.0%    41.9%      77%/10%/13%    0.000    0.004   100.0%     0.0%   1.4050  -0.0023     6.3%
   335     3.0s   -0.0073     0.0%     0.0%    30.1%       70%/9%/21%    0.000    0.005   100.0%     0.0%   1.4328   0.0161     7.7%
   336     3.0s   -0.0053     0.0%     0.0%    41.4%      66%/13%/22%    0.000    0.004   100.0%     0.0%   1.6058   0.0072     7.6%
   337     3.0s   -0.0058     0.0%     0.0%    46.1%      64%/17%/19%    0.000    0.005   100.0%     0.0%   1.5531   0.0170     6.2%
   338     2.9s   -0.0057     0.0%     0.0%    49.0%      66%/16%/18%    0.000    0.003   100.0%     0.0%   1.5686   0.0127     6.8%
   339     4.5s   -0.0048     0.0%     0.0%    43.7%      62%/16%/22%    0.000    0.005   100.0%     0.0%   1.5405  -0.0032     6.2%
  [LateGuard] restore best_model at ep339 (drop=0.500, freeze=False)
   340     3.4s   -0.0045     0.0%     0.0%    50.8%      60%/19%/21%    0.000    0.003   100.0%     0.0%   1.6416   0.0236     8.5%
  [MA20] reward=-0.0048 task_sr=0.0% miss=99.8% time_limit=10.0% v2v=22.9%
  [PPO ] p_loss=0.0085 v_loss=3.8415 entropy=1.6416 grad=2.0698 active=16.9%
  [SIM ] avg_power(a)=0.4677 rsu_q=0.000 tx=67 no_tx=99 deadlock=0 svc=10.378GHz idle=2.0%

    Ep    Wall    R/step     T_SR     V_SR     S_SR            L/R/V   Lat(s)       En     Miss      Ill      Ent       KL     Clip
--------------------------------------------------------------------------------------------------------------------------------
   341     2.6s   -0.0071     5.0%     5.0%    51.7%      53%/33%/15%    2.400    0.021    95.0%     0.0%   1.6566  -0.0018     7.4%
   342     4.5s   -0.0041     0.0%     0.0%    48.5%      52%/30%/18%    0.000    0.009   100.0%     0.0%   1.6899   0.0070    11.0%
   343     4.3s   -0.0043     0.0%     0.0%    44.8%      53%/29%/18%    0.000    0.004   100.0%     0.0%   1.7603   0.0159     6.7%
   344     2.9s   -0.0060     5.0%     5.0%    51.0%      54%/28%/17%    1.400    0.009    95.0%     0.0%   1.6264   0.0146     8.7%
   345     6.1s   -0.0047     5.0%     5.0%    57.5%      57%/28%/15%    1.300    0.004    95.0%     0.0%   1.7130   0.0327     6.2%
   346     3.2s   -0.0062     0.0%     0.0%    44.7%      54%/26%/20%    0.000    0.011   100.0%     0.0%   1.7594   0.0086    14.6%
   347     3.1s   -0.0062     0.0%     0.0%    47.9%      50%/24%/26%    0.000    0.010   100.0%     0.0%   1.7189   0.0123     6.9%
   348     4.4s   -0.0048     0.0%     0.0%    42.6%      44%/30%/26%    0.000    0.010   100.0%     0.0%   1.6526   0.0127    11.9%
   349     5.8s   -0.0047     0.0%     0.0%    58.1%      47%/37%/16%    0.000    0.007   100.0%     0.0%   1.5877   0.0328    13.4%
   350     2.4s   -0.0031    10.0%    10.0%    49.0%      51%/27%/22%    1.300    0.022    90.0%     0.0%   1.5419   0.0224    10.7%
  [MA20] reward=-0.0052 task_sr=1.2% miss=98.8% time_limit=0.0% v2v=18.9%
  [PPO ] p_loss=-0.0226 v_loss=1.4791 entropy=1.5419 grad=1.2743 active=20.0%
  [SIM ] avg_power(a)=0.4713 rsu_q=0.000 tx=66 no_tx=69 deadlock=0 svc=13.985GHz idle=2.9%
  → Best model saved: Success Rate = 0.008 (50-ep avg)
   351     3.8s   -0.0059     0.0%     0.0%    41.1%      47%/27%/26%    0.000    0.015   100.0%     0.0%   1.6243   0.0261    11.6%
   352     2.5s   -0.0075     0.0%     0.0%    57.1%      39%/40%/21%    0.000    0.019   100.0%     0.0%   1.7275   0.0270    10.7%
   353     3.5s   -0.0046     5.0%     5.0%    59.7%      33%/48%/19%    1.500    0.016    95.0%     0.0%   1.8194   0.0299    16.9%
   354     7.5s   -0.0036     0.0%     0.0%    43.7%      36%/37%/27%    0.000    0.008   100.0%     0.0%   1.9998   0.0242    11.0%
   355     2.4s   -0.0071     0.0%     0.0%    37.6%      36%/32%/33%    0.000    0.018   100.0%     0.0%   1.9077   0.0091     7.8%
   356     5.0s   -0.0049     0.0%     0.0%    44.6%      42%/32%/26%    0.000    0.011   100.0%     0.0%   2.0589   0.0125    14.7%
   357     3.1s   -0.0056     0.0%     0.0%    44.0%      48%/26%/26%    0.000    0.020   100.0%     0.0%   1.9077   0.0157     6.9%
   358     4.2s   -0.0053     0.0%     0.0%    49.3%      40%/30%/30%    1.500    0.007   100.0%     0.0%   1.9421   0.0124    10.4%
   359    16.0s   -0.0032     0.0%     0.0%    48.8%      42%/28%/29%    0.000    0.002   100.0%     0.0%   2.1186   0.0073    11.4%
   360     7.0s   -0.0040     0.0%     0.0%    38.7%      43%/21%/36%    0.000    0.006   100.0%     0.0%   2.0429   0.0067    11.0%
  [MA20] reward=-0.0051 task_sr=1.5% miss=98.5% time_limit=5.0% v2v=23.3%
  [PPO ] p_loss=-0.0166 v_loss=2.0929 entropy=2.0429 grad=4.6058 active=8.3%
  [SIM ] avg_power(a)=0.4785 rsu_q=0.011 tx=82 no_tx=63 deadlock=0 svc=4.609GHz idle=1.1%

    Ep    Wall    R/step     T_SR     V_SR     S_SR            L/R/V   Lat(s)       En     Miss      Ill      Ent       KL     Clip
--------------------------------------------------------------------------------------------------------------------------------
   361     4.0s   -0.0048     0.0%     0.0%    51.1%      34%/38%/28%    1.400    0.010   100.0%     0.0%   1.9232   0.0211     6.4%
   362     3.9s   -0.0062     0.0%     0.0%    58.1%      36%/33%/31%    1.100    0.009   100.0%     0.0%   1.9037   0.0172     9.2%
   363    14.8s   -0.0032     0.0%     0.0%    43.4%      38%/31%/31%    0.000    0.003   100.0%     0.0%   1.8917  -0.0013    14.9%
   364    15.5s   -0.0030     0.0%     0.0%    39.7%      37%/26%/37%    0.000    0.002   100.0%     0.0%   1.9072   0.0068    12.8%
   365    14.1s   -0.0036     5.0%     5.0%    56.4%      39%/35%/26%    1.500    0.002    95.0%     0.0%   1.8869   0.0167     7.7%
   366    15.2s   -0.0032     0.0%     0.0%    36.5%      40%/32%/28%    0.000    0.005   100.0%     0.0%   1.8771   0.0003     5.1%
   367     3.3s   -0.0055     0.0%     0.0%    42.9%      43%/30%/27%    0.000    0.016   100.0%     0.0%   1.8657   0.0061     7.1%
   368     9.8s   -0.0038     0.0%     0.0%    37.2%      41%/27%/32%    0.000    0.006   100.0%     0.0%   1.8917   0.0009     5.7%
   369    10.0s   -0.0032     0.0%     0.0%    44.9%      51%/25%/24%    0.000    0.001   100.0%     0.0%   1.8007   0.0193     8.0%
   370    15.8s   -0.0030     0.0%     0.0%    51.1%      40%/28%/32%    0.000    0.002   100.0%     0.0%   2.2228   0.1003     0.0%
  [MA20] reward=-0.0046 task_sr=0.5% miss=99.5% time_limit=30.0% v2v=28.5%
  [PPO ] p_loss=0.0370 v_loss=1.9398 entropy=2.2228 grad=3.5334 active=3.9%
  [SIM ] avg_power(a)=0.4667 rsu_q=0.000 tx=92 no_tx=63 deadlock=0 svc=2.377GHz idle=0.0%
   371    12.4s   -0.0033     0.0%     0.0%    37.0%      46%/21%/33%    0.000    0.002   100.0%     0.0%   1.8893   0.0155    10.3%
   372     9.3s   -0.0040     0.0%     0.0%    37.4%      52%/18%/30%    0.000    0.004   100.0%     0.0%   1.9076   0.0145     6.0%
   373    14.9s   -0.0033     0.0%     0.0%    38.4%      52%/13%/35%    0.000    0.001   100.0%     0.0%   1.8079   0.0793    10.0%
   374     4.5s   -0.0042     0.0%     0.0%    39.0%      51%/22%/27%    0.000    0.008   100.0%     0.0%   1.9478   0.0084    10.9%
   375     8.1s   -0.0039     0.0%     0.0%    44.5%      48%/19%/32%    0.000    0.006   100.0%     0.0%   1.9087   0.0035    14.1%
   376    14.0s   -0.0035     0.0%     0.0%    37.0%      54%/17%/29%    0.000    0.002   100.0%     0.0%   1.7807  -0.0083    10.3%
   377    15.2s   -0.0035     0.0%     0.0%    47.7%      48%/20%/33%    0.000    0.001   100.0%     0.0%   1.6432   0.0954    25.4%
   378    14.4s   -0.0030     0.0%     0.0%    36.7%      60%/15%/25%    0.000    0.001    95.0%     0.0%   1.5470   0.0364     4.2%
   379     5.0s   -0.0042     0.0%     0.0%    40.0%      59%/18%/23%    0.000    0.004   100.0%     0.0%   1.7817   0.0146    11.1%
   380     2.4s   -0.0071     5.0%     5.0%    47.6%      48%/33%/19%    1.800    0.023    95.0%     0.0%   1.7191   0.0145     9.3%
  [MA20] reward=-0.0040 task_sr=0.5% miss=99.2% time_limit=40.0% v2v=29.1%
  [PPO ] p_loss=-0.0255 v_loss=1.4173 entropy=1.7191 grad=0.7836 active=23.3%
  [SIM ] avg_power(a)=0.4887 rsu_q=0.031 tx=77 no_tx=71 deadlock=0 svc=15.370GHz idle=3.1%

    Ep    Wall    R/step     T_SR     V_SR     S_SR            L/R/V   Lat(s)       En     Miss      Ill      Ent       KL     Clip
--------------------------------------------------------------------------------------------------------------------------------
   381     3.2s   -0.0050     5.0%     5.0%    45.7%      51%/31%/18%    1.300    0.009    95.0%     0.0%   1.7678   0.0097     7.8%
   382    14.8s   -0.0032     0.0%     0.0%    46.8%      48%/23%/28%    0.000    0.002   100.0%     0.0%   1.8060   0.0212    12.2%
   383     7.2s   -0.0043     0.0%     0.0%    41.9%      48%/22%/30%    0.000    0.004   100.0%     0.0%   1.7903   0.0299    11.3%
   384     3.5s   -0.0056     0.0%     0.0%    37.9%      49%/30%/21%    0.000    0.014   100.0%     0.0%   1.7713   0.0243    17.0%
   385     2.9s   -0.0069     0.0%     0.0%    47.1%      43%/35%/22%    0.000    0.017   100.0%     0.0%   1.7497   0.0202    10.4%
   386     3.4s   -0.0065     0.0%     0.0%    43.0%      47%/38%/16%    0.000    0.022   100.0%     0.0%   1.7775   0.0139     7.1%
   387     2.6s   -0.0050     5.0%     5.0%    65.0%      47%/42%/11%    1.900    0.008    95.0%     0.0%   1.6229   0.0104    10.9%
   388     4.5s   -0.0051     0.0%     0.0%    54.6%      45%/41%/14%    0.000    0.005   100.0%     0.0%   1.7390   0.0235    10.4%
   389     5.6s   -0.0038     0.0%     0.0%    50.2%      45%/34%/21%    0.000    0.004   100.0%     0.0%   1.6472   0.0327    22.0%
   390     7.4s   -0.0036     0.0%     0.0%    52.4%      52%/35%/13%    0.000    0.007   100.0%     0.0%   1.6351   0.0026    11.4%
  [MA20] reward=-0.0045 task_sr=0.8% miss=99.0% time_limit=20.0% v2v=24.1%
  [PPO ] p_loss=-0.0254 v_loss=1.4326 entropy=1.6351 grad=1.4990 active=8.3%
  [SIM ] avg_power(a)=0.5135 rsu_q=0.060 tx=80 no_tx=86 deadlock=0 svc=5.728GHz idle=1.0%
   391     3.1s   -0.0065     0.0%     0.0%    45.6%      56%/29%/14%    0.000    0.018   100.0%     0.0%   1.6522   0.0272    10.6%
   392     2.2s   -0.0081     0.0%     0.0%    48.1%      42%/42%/16%    0.000    0.033   100.0%     0.0%   1.6674   0.0065     8.5%
   393     3.1s   -0.0050     0.0%     0.0%    53.1%      48%/34%/18%    0.000    0.018   100.0%     0.0%   1.7063   0.0264     8.8%
   394    12.9s   -0.0030     5.0%     5.0%    53.0%      52%/27%/21%    1.300    0.002    95.0%     0.0%   1.5667   0.0228     8.1%
   395    14.5s   -0.0030     0.0%     0.0%    45.6%      50%/28%/22%    0.000    0.002    95.0%     0.0%   1.6270   0.0077     8.5%
   396    14.9s   -0.0028     0.0%     0.0%    40.8%      53%/27%/21%    0.000    0.002   100.0%     0.0%   1.7801   0.0504     4.5%
   397    10.2s   -0.0036     0.0%     0.0%    51.1%      64%/18%/18%    0.000    0.001   100.0%     0.0%   1.7005   0.0069     6.9%
   398     5.5s   -0.0048     0.0%     0.0%    47.1%      53%/26%/21%    0.000    0.005   100.0%     0.0%   1.7642   0.0250     9.9%
   399     2.3s   -0.0068     0.0%     0.0%    48.5%      52%/28%/20%    2.100    0.010   100.0%     0.0%   1.7647   0.0062     7.0%
   400     4.8s   -0.0053     0.0%     0.0%    45.2%      44%/26%/30%    0.000    0.005   100.0%     0.0%   1.8169   0.0152    10.9%
  [MA20] reward=-0.0049 task_sr=0.8% miss=99.0% time_limit=15.0% v2v=19.8%
  [PPO ] p_loss=-0.0306 v_loss=1.0432 entropy=1.8169 grad=1.7287 active=13.4%
  [SIM ] avg_power(a)=0.4727 rsu_q=0.034 tx=87 no_tx=69 deadlock=0 svc=8.599GHz idle=1.7%

    Ep    Wall    R/step     T_SR     V_SR     S_SR            L/R/V   Lat(s)       En     Miss      Ill      Ent       KL     Clip
--------------------------------------------------------------------------------------------------------------------------------
   401     3.9s   -0.0048     5.0%     5.0%    49.4%      33%/42%/25%    1.800    0.012    95.0%     0.0%   1.7951   0.0267    12.1%
   402     6.0s   -0.0035     5.0%     5.0%    48.1%      41%/35%/25%    1.300    0.005    95.0%     0.0%   1.7280   0.0173    10.4%
   403     2.8s   -0.0066     0.0%     0.0%    45.3%      57%/22%/21%    0.000    0.008   100.0%     0.0%   1.6152   0.0008     6.5%
   404     2.8s   -0.0065     0.0%     0.0%    55.1%      59%/25%/16%    0.000    0.004   100.0%     0.0%   1.6894   0.0194     5.4%
   405     2.9s   -0.0054     0.0%     0.0%    55.3%      52%/34%/14%    0.000    0.016   100.0%     0.0%   1.6830   0.0095     6.7%
   406     4.0s   -0.0044     0.0%     0.0%    35.6%      50%/24%/25%    0.000    0.007   100.0%     0.0%   1.6252   0.0188     9.2%
   407    14.2s   -0.0034     0.0%     0.0%    49.8%      58%/29%/13%    1.200    0.001   100.0%     0.0%   1.7035   0.0153     8.5%
   408     4.1s   -0.0044     0.0%     0.0%    53.3%      51%/33%/17%    0.000    0.009   100.0%     0.0%   1.6191   0.0051     6.8%
   409     4.1s   -0.0053     0.0%     0.0%    42.3%      57%/26%/17%    0.000    0.011   100.0%     0.0%   1.6401  -0.0014     7.6%
  [LateGuard] restore best_model at ep409 (drop=0.300, freeze=False)
   410     8.7s   -0.0034     0.0%     0.0%    51.4%      34%/49%/17%    0.000    0.006   100.0%     0.0%   1.5790   0.0080    10.0%
  [MA20] reward=-0.0048 task_sr=0.8% miss=99.0% time_limit=15.0% v2v=19.5%
  [PPO ] p_loss=-0.0436 v_loss=2.6733 entropy=1.5790 grad=3.0144 active=6.9%
  [SIM ] avg_power(a)=0.4823 rsu_q=0.111 tx=106 no_tx=54 deadlock=0 svc=4.989GHz idle=0.9%
   411     2.8s   -0.0073     0.0%     0.0%    53.0%      40%/42%/18%    0.000    0.021   100.0%     0.0%   1.6966   0.0009     7.0%
   412     3.0s   -0.0056     0.0%     0.0%    42.7%      46%/40%/15%    0.000    0.018   100.0%     0.0%   1.6450   0.0020     5.9%
   413     2.6s   -0.0064     5.0%     5.0%    57.6%      43%/38%/19%    2.000    0.006    95.0%     0.0%   1.6715   0.0186    11.7%
   414     3.1s   -0.0056     0.0%     0.0%    56.1%       52%/39%/9%    0.000    0.010   100.0%     0.0%   1.6753   0.0265     5.9%
   415    15.0s   -0.0031     0.0%     0.0%    53.7%      47%/36%/17%    0.000    0.002   100.0%     0.0%   1.6709   0.0122     8.8%
   416    10.8s   -0.0037     0.0%     0.0%    51.6%      45%/41%/14%    2.100    0.004   100.0%     0.0%   1.7414   0.0221    11.6%
   417     2.3s   -0.0018    30.0%    30.0%    62.7%      35%/53%/12%    1.357    0.015    70.0%     0.0%   1.6887   0.0106     6.9%
   418     2.3s   -0.0067     5.0%     5.0%    53.1%      40%/47%/13%    1.100    0.023    95.0%     0.0%   1.7454   0.0128     7.0%
   419     2.0s   -0.0094     0.0%     0.0%    49.1%      37%/50%/13%    0.000    0.025   100.0%     0.0%   1.6097  -0.0024     6.3%
   420     3.0s   -0.0038     5.0%     5.0%    47.3%      54%/34%/12%    1.200    0.018    95.0%     0.0%   1.6142   0.0201     7.3%
  [MA20] reward=-0.0051 task_sr=2.8% miss=97.2% time_limit=10.0% v2v=16.6%
  [PPO ] p_loss=-0.0127 v_loss=2.7983 entropy=1.6142 grad=9.7996 active=18.8%
  [SIM ] avg_power(a)=0.4805 rsu_q=0.071 tx=71 no_tx=85 deadlock=0 svc=13.450GHz idle=2.4%
  → Best model saved: Success Rate = 0.015 (50-ep avg)

    Ep    Wall    R/step     T_SR     V_SR     S_SR            L/R/V   Lat(s)       En     Miss      Ill      Ent       KL     Clip
--------------------------------------------------------------------------------------------------------------------------------
   421     3.0s   -0.0064     0.0%     0.0%    51.1%      41%/44%/15%    0.000    0.023   100.0%     0.0%   1.7110   0.0275    11.3%
   422     3.0s   -0.0055     5.0%     5.0%    59.4%      37%/49%/14%    1.400    0.014    95.0%     0.0%   1.7155   0.0027    10.8%
   423     3.1s   -0.0064     0.0%     0.0%    53.2%      36%/53%/11%    0.000    0.009   100.0%     0.0%   1.7115   0.0149     4.5%
   424     9.1s   -0.0036     0.0%     0.0%    43.4%      37%/46%/17%    0.000    0.011   100.0%     0.0%   1.7100   0.0235     5.4%
   425     2.6s   -0.0086     0.0%     0.0%    42.4%      44%/40%/16%    0.000    0.034   100.0%     0.0%   1.7083   0.0163     5.9%
   426     3.9s   -0.0046     5.0%     5.0%    53.3%      50%/35%/15%    1.400    0.012    95.0%     0.0%   1.7001   0.0015    10.9%
   427     5.8s   -0.0041     0.0%     0.0%    51.7%      49%/37%/14%    0.000    0.006   100.0%     0.0%   1.6754   0.0050    11.5%
   428     4.9s   -0.0050     0.0%     0.0%    55.2%      56%/26%/18%    0.000    0.005   100.0%     0.0%   1.7161   0.0166    13.3%
   429     2.9s   -0.0070     5.0%     5.0%    56.3%      42%/45%/13%    1.900    0.018    95.0%     0.0%   1.6431   0.0148     6.6%
   430    15.0s   -0.0030     0.0%     0.0%    49.2%      50%/36%/14%    0.000    0.004   100.0%     0.0%   1.6053   0.0223     6.1%
  [MA20] reward=-0.0054 task_sr=3.0% miss=97.0% time_limit=10.0% v2v=14.4%
  [PPO ] p_loss=-0.0130 v_loss=1.2387 entropy=1.6053 grad=3.0080 active=3.8%
  [SIM ] avg_power(a)=0.4796 rsu_q=0.015 tx=74 no_tx=75 deadlock=0 svc=2.460GHz idle=0.0%
   431     2.8s   -0.0067     0.0%     0.0%    57.0%      49%/41%/10%    0.000    0.011   100.0%     0.0%   1.6477  -0.0056     6.7%
   432     3.2s   -0.0047     5.0%     5.0%    53.7%      50%/36%/13%    1.500    0.010    95.0%     0.0%   1.6037  -0.0037    14.9%
   433    10.6s   -0.0037     0.0%     0.0%    48.5%      49%/34%/17%    0.000    0.004   100.0%     0.0%   1.5832   0.0167     5.8%
   434     2.6s   -0.0072     0.0%     0.0%    53.3%      42%/39%/18%    0.000    0.028   100.0%     0.0%   1.5928   0.0141     6.1%
   435     3.6s   -0.0045     5.0%     5.0%    59.4%      58%/33%/10%    1.700    0.007    95.0%     0.0%   1.6117   0.0041     8.4%
   436     2.7s   -0.0061     0.0%     0.0%    58.4%      52%/35%/13%    1.800    0.006   100.0%     0.0%   1.6215   0.0149     5.2%
   437     3.2s   -0.0051     0.0%     0.0%    43.2%      49%/33%/18%    0.000    0.015   100.0%     0.0%   1.6497   0.0155    15.5%
   438     4.2s   -0.0034     0.0%     0.0%    39.5%      61%/21%/18%    0.000    0.007   100.0%     0.0%   1.4798   0.0039    11.5%
   439     3.0s   -0.0056     0.0%     0.0%    43.2%      66%/22%/12%    0.000    0.018   100.0%     0.0%   1.3764   0.0163    10.3%
   440     2.3s   -0.0083     0.0%     0.0%    46.5%      76%/14%/10%    0.000    0.018   100.0%     0.0%   1.2622   0.0168     8.6%
  [MA20] reward=-0.0055 task_sr=1.2% miss=98.8% time_limit=5.0% v2v=14.3%
  [PPO ] p_loss=0.0115 v_loss=0.8278 entropy=1.2622 grad=0.5243 active=24.5%
  [SIM ] avg_power(a)=0.4984 rsu_q=0.000 tx=35 no_tx=116 deadlock=0 svc=18.251GHz idle=3.2%

    Ep    Wall    R/step     T_SR     V_SR     S_SR            L/R/V   Lat(s)       En     Miss      Ill      Ent       KL     Clip
--------------------------------------------------------------------------------------------------------------------------------
   441     6.4s   -0.0050     0.0%     0.0%    50.6%       79%/12%/9%    0.000    0.001   100.0%     0.0%   1.3064  -0.0148    10.0%
   442     2.5s   -0.0052     0.0%     0.0%    41.3%       78%/14%/9%    0.000    0.002   100.0%     0.0%   1.2147   0.0200     7.8%
   443     3.5s   -0.0047     0.0%     0.0%    49.6%       74%/17%/9%    0.000    0.005   100.0%     0.0%   1.1407   0.0212     8.2%
   444     2.6s   -0.0059     0.0%     0.0%    51.1%       77%/15%/8%    0.000    0.004   100.0%     0.0%   1.2344   0.0148     7.1%
   445     3.3s   -0.0048     0.0%     0.0%    41.0%       81%/15%/4%    1.500    0.004   100.0%     0.0%   1.1359   0.0155     5.8%
   446     2.2s   -0.0061     0.0%     0.0%    47.9%       78%/14%/8%    0.000    0.003   100.0%     0.0%   1.1272   0.0087     5.2%
   447     2.6s   -0.0063     0.0%     0.0%    48.9%      76%/14%/10%    0.000    0.005   100.0%     0.0%   1.1144   0.0072     7.7%
   448     3.0s   -0.0043     0.0%     0.0%    42.4%       82%/8%/10%    0.000    0.001   100.0%     0.0%   1.0218   0.0054     6.2%
   449     2.7s   -0.0052     0.0%     0.0%    48.4%       76%/17%/7%    0.000    0.001   100.0%     0.0%   0.9813   0.0101     5.8%
   450     2.5s   -0.0050     0.0%     0.0%    54.8%       83%/14%/2%    0.000 7.40e-04   100.0%     0.0%   1.0722   0.0226     3.6%
  [MA20] reward=-0.0054 task_sr=0.5% miss=99.5% time_limit=0.0% v2v=10.8%
  [PPO ] p_loss=-0.0266 v_loss=1.6381 entropy=1.0722 grad=1.5807 active=22.8%
  [SIM ] avg_power(a)=0.4921 rsu_q=0.054 tx=28 no_tx=141 deadlock=0 svc=16.116GHz idle=2.7%
   451     2.6s   -0.0065     0.0%     0.0%    46.6%       75%/22%/3%    0.000    0.016   100.0%     0.0%   1.1315   0.0142     5.1%
   452     2.1s   -0.0061     5.0%     5.0%    50.6%       75%/20%/5%    2.000    0.026    95.0%     0.0%   1.1142   0.0164     8.0%
   453     2.2s   -0.0070     0.0%     0.0%    52.0%       79%/17%/5%    0.000    0.005   100.0%     0.0%   1.0860   0.0101     7.0%
   454     4.3s   -0.0041     0.0%     0.0%    51.2%       83%/11%/6%    0.000    0.003   100.0%     0.0%   0.9723   0.0157     6.5%
   455     3.4s   -0.0060     0.0%     0.0%    44.0%        86%/8%/6%    0.000    0.005   100.0%     0.0%   0.9485   0.0090    10.9%
   456     2.3s   -0.0070     0.0%     0.0%    44.9%       84%/11%/5%    0.000    0.003   100.0%     0.0%   1.1099   0.0195    10.0%
   457     3.4s   -0.0048     0.0%     0.0%    40.8%        85%/6%/8%    0.000    0.005   100.0%     0.0%   1.1547   0.0125     6.4%
   458     2.8s   -0.0071     0.0%     0.0%    36.3%       80%/9%/11%    0.000    0.008   100.0%     0.0%   1.2239   0.0131     5.5%
   459     3.2s   -0.0055     0.0%     0.0%    38.2%        86%/8%/7%    0.000    0.004   100.0%     0.0%   1.1230  -0.0026     6.3%
   460     2.1s   -0.0081     0.0%     0.0%    45.7%       85%/12%/3%    0.000    0.011   100.0%     0.0%   0.9368  -0.0092     7.1%
  [MA20] reward=-0.0057 task_sr=0.2% miss=99.8% time_limit=0.0% v2v=6.7%
  [PPO ] p_loss=0.0335 v_loss=1.0684 entropy=0.9368 grad=0.8540 active=26.0%
  [SIM ] avg_power(a)=0.4976 rsu_q=0.000 tx=23 no_tx=133 deadlock=0 svc=18.357GHz idle=3.3%

    Ep    Wall    R/step     T_SR     V_SR     S_SR            L/R/V   Lat(s)       En     Miss      Ill      Ent       KL     Clip
--------------------------------------------------------------------------------------------------------------------------------
   461     2.2s   -0.0074     0.0%     0.0%    43.4%        90%/6%/4%    0.000    0.004   100.0%     0.0%   0.9084   0.0184     4.5%
   462     3.2s   -0.0047     0.0%     0.0%    34.5%       78%/15%/8%    0.000    0.010   100.0%     0.0%   0.9204   0.0022     6.9%
   463     2.8s   -0.0052     0.0%     0.0%    42.8%        86%/9%/5%    0.000    0.004   100.0%     0.0%   0.8613   0.0256     8.3%
   464     2.5s   -0.0065     0.0%     0.0%    40.3%        91%/6%/3%    0.000    0.007   100.0%     0.0%   0.7583   0.0152     5.0%
   465     3.3s   -0.0059     0.0%     0.0%    48.8%        89%/7%/4%    0.000    0.003   100.0%     0.0%   0.8038   0.0019     4.3%
  [LateGuard] restore best_model at ep465 (drop=0.222, freeze=False)
   466     3.4s   -0.0055     0.0%     0.0%    52.0%      44%/39%/17%    0.000    0.015   100.0%     0.0%   1.5822 -1.20e-05     6.3%
   467     4.6s   -0.0049     0.0%     0.0%    43.3%      41%/41%/18%    1.600    0.022   100.0%     0.0%   1.6235   0.0190     7.6%
   468    11.8s   -0.0034     5.0%     5.0%    48.4%      54%/31%/15%    2.000    0.003    95.0%     0.0%   1.6163   0.0127    16.7%
   469     5.7s   -0.0038     0.0%     0.0%    50.8%      51%/29%/19%    0.000    0.004   100.0%     0.0%   1.6418   0.0500     4.5%
   470     5.8s   -0.0042     0.0%     0.0%    44.8%      48%/29%/23%    0.000    0.006   100.0%     0.0%   1.7408   0.0188    17.4%
  [MA20] reward=-0.0057 task_sr=0.5% miss=99.5% time_limit=0.0% v2v=8.7%
  [PPO ] p_loss=-0.0277 v_loss=1.6450 entropy=1.7408 grad=2.4972 active=11.1%
  [SIM ] avg_power(a)=0.4898 rsu_q=0.028 tx=82 no_tx=76 deadlock=0 svc=7.565GHz idle=1.4%
   471     2.6s   -0.0073     0.0%     0.0%    46.9%      55%/17%/28%    0.000    0.008   100.0%     0.0%   1.7151   0.0156     8.4%
   472     2.3s   -0.0080     0.0%     0.0%    45.5%      55%/18%/27%    0.000    0.009   100.0%     0.0%   1.7780   0.0075    11.0%
   473    15.7s   -0.0030     0.0%     0.0%    33.6%      48%/24%/28%    0.000    0.002   100.0%     0.0%   1.7980   0.0030     5.5%
   474     3.1s   -0.0068     0.0%     0.0%    43.6%      64%/18%/18%    0.000    0.007   100.0%     0.0%   1.8699   0.0079     8.7%
   475     2.8s   -0.0059     0.0%     0.0%    42.6%      64%/19%/17%    0.000    0.009   100.0%     0.0%   1.6930   0.0017     8.8%
   476     4.0s   -0.0057     0.0%     0.0%    44.9%      66%/18%/16%    0.000    0.006   100.0%     0.0%   1.6818   0.0304     5.7%
   477     8.2s   -0.0035     0.0%     0.0%    45.4%      51%/19%/29%    0.000    0.002   100.0%     0.0%   1.7701   0.0495     5.2%
   478     3.9s   -0.0050     0.0%     0.0%    43.1%      48%/24%/27%    0.000    0.004   100.0%     0.0%   1.8025   0.0308     8.5%
   479     3.1s   -0.0061     0.0%     0.0%    42.7%      57%/17%/26%    0.000    0.010   100.0%     0.0%   1.8752   0.0261     9.4%
   480     5.2s   -0.0046     0.0%     0.0%    42.7%      55%/19%/27%    0.000    0.003   100.0%     0.0%   1.8617   0.0091    10.6%
  [MA20] reward=-0.0054 task_sr=0.2% miss=99.8% time_limit=5.0% v2v=18.0%
  [PPO ] p_loss=-0.0182 v_loss=2.7637 entropy=1.8617 grad=4.3525 active=10.2%
  [SIM ] avg_power(a)=0.5043 rsu_q=0.000 tx=64 no_tx=78 deadlock=0 svc=6.757GHz idle=1.4%
  [LateGuard] restore best_model at ep480 (drop=0.778, freeze=False)

    Ep    Wall    R/step     T_SR     V_SR     S_SR            L/R/V   Lat(s)       En     Miss      Ill      Ent       KL     Clip
--------------------------------------------------------------------------------------------------------------------------------
   481     2.7s   -0.0073     0.0%     0.0%    44.3%      48%/34%/18%    0.000    0.015   100.0%     0.0%   1.6106   0.0024     7.1%
   482     3.0s   -0.0064     0.0%     0.0%    46.7%      46%/35%/20%    0.000    0.008   100.0%     0.0%   1.7301   0.0129     9.3%
   483     2.5s   -0.0067     5.0%     5.0%    53.4%      35%/45%/20%    2.400    0.037    95.0%     0.0%   1.9388   0.0091     5.1%
   484     2.6s   -0.0069     0.0%     0.0%    47.6%      38%/44%/18%    0.000    0.026   100.0%     0.0%   1.8759   0.0195     6.1%
   485     2.3s   -0.0070     0.0%     0.0%    51.1%      32%/52%/16%    0.000    0.064   100.0%     0.0%   1.8507   0.0047     7.4%
   486     5.6s   -0.0042     0.0%     0.0%    39.7%      36%/41%/23%    0.000    0.018   100.0%     0.0%   1.7519   0.0021    13.1%
   487     3.3s   -0.0053     0.0%     0.0%    50.2%      37%/43%/20%    0.000    0.019   100.0%     0.0%   1.8919   0.0154     6.4%
   488     3.4s   -0.0051     0.0%     0.0%    49.6%      36%/39%/25%    0.000    0.015   100.0%     0.0%   2.0146  -0.0052     2.9%
   489     3.6s   -0.0051     0.0%     0.0%    52.5%      39%/31%/30%    0.000    0.008   100.0%     0.0%   1.9327   0.0005     4.2%
   490     8.0s   -0.0036     0.0%     0.0%    35.2%      38%/32%/31%    0.000    0.007   100.0%     0.0%   2.0327   0.0069     4.8%
  [MA20] reward=-0.0057 task_sr=0.2% miss=99.8% time_limit=5.0% v2v=23.2%
  [PPO ] p_loss=-0.0306 v_loss=1.9077 entropy=2.0327 grad=4.3972 active=6.4%
  [SIM ] avg_power(a)=0.4837 rsu_q=0.010 tx=81 no_tx=49 deadlock=0 svc=4.211GHz idle=1.0%
   491     4.3s   -0.0043     0.0%     0.0%    41.4%      46%/28%/26%    0.000    0.006   100.0%     0.0%   1.9367   0.0079     3.5%
   492     2.7s   -0.0062     0.0%     0.0%    58.9%      46%/32%/22%    0.000    0.010   100.0%     0.0%   1.8374   0.0112     2.6%
   493    10.0s   -0.0035     0.0%     0.0%    33.3%      42%/24%/34%    0.000    0.003   100.0%     0.0%   1.9041  -0.0040     6.6%
   494     9.4s   -0.0038     0.0%     0.0%    43.7%      46%/30%/25%    0.000    0.004   100.0%     0.0%   1.7387   0.0233     5.0%
   495     2.7s   -0.0068     0.0%     0.0%    44.3%      50%/29%/22%    0.000    0.024   100.0%     0.0%   1.8755   0.0212     7.5%
  [LateGuard] restore best_model at ep495 (drop=0.833, freeze=False)
   496     2.5s   -0.0083     0.0%     0.0%    49.0%      40%/44%/16%    0.000    0.035   100.0%     0.0%   1.7004   0.0103     4.5%
   497    16.6s   -0.0032     0.0%     0.0%    44.7%      39%/41%/19%    0.000    0.004   100.0%     0.0%   1.7111   0.0095     8.3%
   498     9.2s   -0.0035     0.0%     0.0%    58.1%      46%/38%/16%    1.700    0.003   100.0%     0.0%   1.7322   0.0008     6.1%
   499     2.7s   -0.0047     5.0%     5.0%    50.2%      38%/41%/21%    1.800    0.034    95.0%     0.0%   1.6332   0.0152     7.0%
   500    13.7s   -0.0035     5.0%     5.0%    46.9%      42%/39%/19%    1.900    0.003    95.0%     0.0%   1.9037   0.0193     2.6%
  [MA20] reward=-0.0053 task_sr=0.8% miss=99.2% time_limit=5.0% v2v=22.0%
  [PPO ] p_loss=-0.0624 v_loss=9.4134 entropy=1.9037 grad=77.2265 active=4.1%
  [SIM ] avg_power(a)=0.4756 rsu_q=0.029 tx=83 no_tx=59 deadlock=0 svc=2.602GHz idle=0.6%

[Train] completed: episodes=500 best_reward=-0.0559 best_success_rate(50ep)=0.0180
[Train] key outputs: /root/vecOffloadingSim/runs/rc1_short500_gpu/logs/metrics.csv, /root/vecOffloadingSim/runs/rc1_short500_gpu/logs/training_stats.csv, /root/vecOffloadingSim/runs/rc1_short500_gpu/models/best_model.pth, /root/vecOffloadingSim/runs/rc1_short500_gpu/models/last_model.pth

[Auto Plot] Generating training plots...
[DataRecorder] Training stats plots saved to: /root/vecOffloadingSim/runs/rc1_short500_gpu/plots
[Auto Plot] plot_results.py ...
[Auto Plot] ✓ Saved: fig_latency_with_baselines.png | ✓ Saved: fig_summary_dashboard.png | ✓ All plots saved to: /root/vecOffloadingSim/runs/rc1_short500_gpu/plots
[Auto Plot] plot_results.py done in 10.9s
[Auto Plot] generate_all_plots.py ...
[Auto Plot] ⚠ No baseline data found, skipping baseline comparison plot | ✓ All plots saved to: /root/vecOffloadingSim/runs/rc1_short500_gpu/plots |   Total plots: 8
[Auto Plot] generate_all_plots.py done in 6.7s
[DataRecorder] All plots generated in: /root/vecOffloadingSim/runs/rc1_short500_gpu/plots
[Auto Plot] jobs: ok=4 skipped=1 failed=0
[Auto Plot] generated figures: 34
[Auto Plot] sample: bias_annealing.png, cpu_efficiency.png, episode_duration.png, fig_constraint_health.png, fig_convergence_analysis.png, fig_convergence_baseline.png, fig_decision_distribution.png, fig_latency_with_baselines.png
[Auto Plot] manifest: /root/vecOffloadingSim/runs/rc1_short500_gpu/plots/plot_manifest.json
