[scanC_stageC_risk_seed42_20260215_014509][CP-EFT] [Baselines] run_dir=/Users/qiutao/研/毕设/毕设/vecOffloadingSim/runs/scanC_stageC_risk_seed42_20260215_014509
[scanC_stageC_risk_seed42_20260215_014509][CP-EFT] [Baselines] num_episodes=120 seed=42 max_steps=200
[scanC_stageC_risk_seed42_20260215_014509][CP-EFT] [Baselines] policies=['CP-EFT']
[scanC_stageC_risk_seed42_20260215_014509][CP-EFT] [Baselines] ep=1 (1/120) policy=CP-EFT (1/1) ...
[scanC_stageC_risk_seed42_20260215_014509][CP-EFT] [Baselines]   done reward=-0.1502 task_sr=0.3500 subtask_sr=0.6755 (12.3s)
[scanC_stageC_risk_seed42_20260215_014509][CP-EFT] [Baselines] ep=2 (2/120) policy=CP-EFT (1/1) ...
[scanC_stageC_risk_seed42_20260215_014509][CP-EFT] [Baselines]   done reward=-0.1999 task_sr=0.4000 subtask_sr=0.7681 (11.8s)
[scanC_stageC_risk_seed42_20260215_014509][CP-EFT] [Baselines] ep=3 (3/120) policy=CP-EFT (1/1) ...
[scanC_stageC_risk_seed42_20260215_014509][CP-EFT] [Baselines]   done reward=-0.1515 task_sr=0.1500 subtask_sr=0.5632 (12.9s)
[scanC_stageC_risk_seed42_20260215_014509][CP-EFT] [Baselines] ep=4 (4/120) policy=CP-EFT (1/1) ...
[scanC_stageC_risk_seed42_20260215_014509][CP-EFT] [Baselines]   done reward=-0.2997 task_sr=0.2500 subtask_sr=0.6110 (13.1s)
[scanC_stageC_risk_seed42_20260215_014509][CP-EFT] [Baselines] ep=5 (5/120) policy=CP-EFT (1/1) ...
[scanC_stageC_risk_seed42_20260215_014509][CP-EFT] [Baselines]   done reward=-0.5058 task_sr=0.4000 subtask_sr=0.6659 (12.6s)
[scanC_stageC_risk_seed42_20260215_014509][CP-EFT] [Baselines] ep=6 (6/120) policy=CP-EFT (1/1) ...
[scanC_stageC_risk_seed42_20260215_014509][CP-EFT] [Baselines]   done reward=-0.1777 task_sr=0.2500 subtask_sr=0.6120 (13.6s)
[scanC_stageC_risk_seed42_20260215_014509][CP-EFT] [Baselines] ep=7 (7/120) policy=CP-EFT (1/1) ...
[scanC_stageC_risk_seed42_20260215_014509][CP-EFT] [Baselines]   done reward=-0.1875 task_sr=0.3000 subtask_sr=0.6288 (12.7s)
[scanC_stageC_risk_seed42_20260215_014509][CP-EFT] [Baselines] ep=8 (8/120) policy=CP-EFT (1/1) ...
[scanC_stageC_risk_seed42_20260215_014509][CP-EFT] [Baselines]   done reward=-0.1114 task_sr=0.2500 subtask_sr=0.5617 (13.4s)
[scanC_stageC_risk_seed42_20260215_014509][CP-EFT] [Baselines] ep=9 (9/120) policy=CP-EFT (1/1) ...
[scanC_stageC_risk_seed42_20260215_014509][CP-EFT] [Baselines]   done reward=-0.4069 task_sr=0.5000 subtask_sr=0.6932 (12.8s)
[scanC_stageC_risk_seed42_20260215_014509][CP-EFT] [Baselines] ep=10 (10/120) policy=CP-EFT (1/1) ...
[scanC_stageC_risk_seed42_20260215_014509][CP-EFT] [Baselines]   done reward=-0.4062 task_sr=0.5500 subtask_sr=0.8694 (9.8s)
[scanC_stageC_risk_seed42_20260215_014509][CP-EFT] [Baselines] ep=11 (11/120) policy=CP-EFT (1/1) ...
[scanC_stageC_risk_seed42_20260215_014509][CP-EFT] [Baselines]   done reward=-0.1151 task_sr=0.2500 subtask_sr=0.5874 (12.9s)
[scanC_stageC_risk_seed42_20260215_014509][CP-EFT] [Baselines] ep=12 (12/120) policy=CP-EFT (1/1) ...
[scanC_stageC_risk_seed42_20260215_014509][CP-EFT] [Baselines]   done reward=-0.3243 task_sr=0.5000 subtask_sr=0.8093 (9.8s)
[scanC_stageC_risk_seed42_20260215_014509][CP-EFT] [Baselines] ep=13 (13/120) policy=CP-EFT (1/1) ...
[scanC_stageC_risk_seed42_20260215_014509][CP-EFT] [Baselines]   done reward=-0.2788 task_sr=0.4000 subtask_sr=0.6285 (12.8s)
[scanC_stageC_risk_seed42_20260215_014509][CP-EFT] [Baselines] ep=14 (14/120) policy=CP-EFT (1/1) ...
[scanC_stageC_risk_seed42_20260215_014509][CP-EFT] [Baselines]   done reward=-0.2253 task_sr=0.1500 subtask_sr=0.5282 (12.9s)
[scanC_stageC_risk_seed42_20260215_014509][CP-EFT] [Baselines] ep=15 (15/120) policy=CP-EFT (1/1) ...
[scanC_stageC_risk_seed42_20260215_014509][CP-EFT] [Baselines]   done reward=-0.0974 task_sr=0.3000 subtask_sr=0.5000 (12.9s)
[scanC_stageC_risk_seed42_20260215_014509][CP-EFT] [Baselines] ep=16 (16/120) policy=CP-EFT (1/1) ...
[scanC_stageC_risk_seed42_20260215_014509][CP-EFT] [Baselines]   done reward=-0.2384 task_sr=0.5000 subtask_sr=0.7566 (13.4s)
[scanC_stageC_risk_seed42_20260215_014509][CP-EFT] [Baselines] ep=17 (17/120) policy=CP-EFT (1/1) ...
[scanC_stageC_risk_seed42_20260215_014509][CP-EFT] [Baselines]   done reward=-0.2409 task_sr=0.3500 subtask_sr=0.6866 (13.0s)
[scanC_stageC_risk_seed42_20260215_014509][CP-EFT] [Baselines] ep=18 (18/120) policy=CP-EFT (1/1) ...
[scanC_stageC_risk_seed42_20260215_014509][CP-EFT] [Baselines]   done reward=-0.2081 task_sr=0.4000 subtask_sr=0.5766 (13.6s)
[scanC_stageC_risk_seed42_20260215_014509][CP-EFT] [Baselines] ep=19 (19/120) policy=CP-EFT (1/1) ...
[scanC_stageC_risk_seed42_20260215_014509][CP-EFT] [Baselines]   done reward=-0.1637 task_sr=0.3500 subtask_sr=0.6683 (13.3s)
[scanC_stageC_risk_seed42_20260215_014509][CP-EFT] [Baselines] ep=20 (20/120) policy=CP-EFT (1/1) ...
[scanC_stageC_risk_seed42_20260215_014509][CP-EFT] [Baselines]   done reward=-0.2652 task_sr=0.4000 subtask_sr=0.6906 (9.3s)
[scanC_stageC_risk_seed42_20260215_014509][CP-EFT] [Baselines] ep=21 (21/120) policy=CP-EFT (1/1) ...
[scanC_stageC_risk_seed42_20260215_014509][CP-EFT] [Baselines]   done reward=-0.2344 task_sr=0.5500 subtask_sr=0.7669 (12.5s)
[scanC_stageC_risk_seed42_20260215_014509][CP-EFT] [Baselines] ep=22 (22/120) policy=CP-EFT (1/1) ...
[scanC_stageC_risk_seed42_20260215_014509][CP-EFT] [Baselines]   done reward=-0.3226 task_sr=0.3000 subtask_sr=0.6049 (13.2s)
[scanC_stageC_risk_seed42_20260215_014509][CP-EFT] [Baselines] ep=23 (23/120) policy=CP-EFT (1/1) ...
[scanC_stageC_risk_seed42_20260215_014509][CP-EFT] [Baselines]   done reward=-0.2043 task_sr=0.3500 subtask_sr=0.6247 (13.4s)
[scanC_stageC_risk_seed42_20260215_014509][CP-EFT] [Baselines] ep=24 (24/120) policy=CP-EFT (1/1) ...
[scanC_stageC_risk_seed42_20260215_014509][CP-EFT] [Baselines]   done reward=-0.1998 task_sr=0.1500 subtask_sr=0.4951 (13.6s)
[scanC_stageC_risk_seed42_20260215_014509][CP-EFT] [Baselines] ep=25 (25/120) policy=CP-EFT (1/1) ...
[scanC_stageC_risk_seed42_20260215_014509][CP-EFT] [Baselines]   done reward=-0.1546 task_sr=0.1500 subtask_sr=0.5188 (14.1s)
[scanC_stageC_risk_seed42_20260215_014509][CP-EFT] [Baselines] ep=26 (26/120) policy=CP-EFT (1/1) ...
[scanC_stageC_risk_seed42_20260215_014509][CP-EFT] [Baselines]   done reward=-0.2447 task_sr=0.5500 subtask_sr=0.7409 (12.0s)
[scanC_stageC_risk_seed42_20260215_014509][CP-EFT] [Baselines] ep=27 (27/120) policy=CP-EFT (1/1) ...
[scanC_stageC_risk_seed42_20260215_014509][CP-EFT] [Baselines]   done reward=-0.2580 task_sr=0.2000 subtask_sr=0.5873 (14.0s)
[scanC_stageC_risk_seed42_20260215_014509][CP-EFT] [Baselines] ep=28 (28/120) policy=CP-EFT (1/1) ...
[scanC_stageC_risk_seed42_20260215_014509][CP-EFT] [Baselines]   done reward=-0.1564 task_sr=0.2500 subtask_sr=0.5960 (13.1s)
[scanC_stageC_risk_seed42_20260215_014509][CP-EFT] [Baselines] ep=29 (29/120) policy=CP-EFT (1/1) ...
[scanC_stageC_risk_seed42_20260215_014509][CP-EFT] [Baselines]   done reward=-0.3020 task_sr=0.4000 subtask_sr=0.6932 (9.7s)
[scanC_stageC_risk_seed42_20260215_014509][CP-EFT] [Baselines] ep=30 (30/120) policy=CP-EFT (1/1) ...
[scanC_stageC_risk_seed42_20260215_014509][CP-EFT] [Baselines]   done reward=-0.1657 task_sr=0.3500 subtask_sr=0.6159 (12.2s)
[scanC_stageC_risk_seed42_20260215_014509][CP-EFT] [Baselines] ep=31 (31/120) policy=CP-EFT (1/1) ...
[scanC_stageC_risk_seed42_20260215_014509][CP-EFT] [Baselines]   done reward=-0.2427 task_sr=0.6500 subtask_sr=0.8513 (12.1s)
[scanC_stageC_risk_seed42_20260215_014509][CP-EFT] [Baselines] ep=32 (32/120) policy=CP-EFT (1/1) ...
[scanC_stageC_risk_seed42_20260215_014509][CP-EFT] [Baselines]   done reward=-0.3881 task_sr=0.7000 subtask_sr=0.9087 (9.5s)
[scanC_stageC_risk_seed42_20260215_014509][CP-EFT] [Baselines] ep=33 (33/120) policy=CP-EFT (1/1) ...
[scanC_stageC_risk_seed42_20260215_014509][CP-EFT] [Baselines]   done reward=-0.1650 task_sr=0.2000 subtask_sr=0.5047 (14.4s)
[scanC_stageC_risk_seed42_20260215_014509][CP-EFT] [Baselines] ep=34 (34/120) policy=CP-EFT (1/1) ...
[scanC_stageC_risk_seed42_20260215_014509][CP-EFT] [Baselines]   done reward=-0.2032 task_sr=0.6000 subtask_sr=0.8544 (12.4s)
[scanC_stageC_risk_seed42_20260215_014509][CP-EFT] [Baselines] ep=35 (35/120) policy=CP-EFT (1/1) ...
[scanC_stageC_risk_seed42_20260215_014509][CP-EFT] [Baselines]   done reward=-0.2071 task_sr=0.4000 subtask_sr=0.7245 (12.7s)
[scanC_stageC_risk_seed42_20260215_014509][CP-EFT] [Baselines] ep=36 (36/120) policy=CP-EFT (1/1) ...
[scanC_stageC_risk_seed42_20260215_014509][CP-EFT] [Baselines]   done reward=-0.1400 task_sr=0.3500 subtask_sr=0.5714 (14.8s)
[scanC_stageC_risk_seed42_20260215_014509][CP-EFT] [Baselines] ep=37 (37/120) policy=CP-EFT (1/1) ...
[scanC_stageC_risk_seed42_20260215_014509][CP-EFT] [Baselines]   done reward=-0.2331 task_sr=0.4000 subtask_sr=0.8197 (12.4s)
[scanC_stageC_risk_seed42_20260215_014509][CP-EFT] [Baselines] ep=38 (38/120) policy=CP-EFT (1/1) ...
[scanC_stageC_risk_seed42_20260215_014509][CP-EFT] [Baselines]   done reward=-0.2971 task_sr=0.3500 subtask_sr=0.7314 (13.2s)
[scanC_stageC_risk_seed42_20260215_014509][CP-EFT] [Baselines] ep=39 (39/120) policy=CP-EFT (1/1) ...
[scanC_stageC_risk_seed42_20260215_014509][CP-EFT] [Baselines]   done reward=-0.2814 task_sr=0.4000 subtask_sr=0.7577 (10.6s)
[scanC_stageC_risk_seed42_20260215_014509][CP-EFT] [Baselines] ep=40 (40/120) policy=CP-EFT (1/1) ...
[scanC_stageC_risk_seed42_20260215_014509][CP-EFT] [Baselines]   done reward=-0.3550 task_sr=0.4000 subtask_sr=0.6274 (13.9s)
[scanC_stageC_risk_seed42_20260215_014509][CP-EFT] [Baselines] ep=41 (41/120) policy=CP-EFT (1/1) ...
[scanC_stageC_risk_seed42_20260215_014509][CP-EFT] [Baselines]   done reward=-0.3780 task_sr=0.3500 subtask_sr=0.6618 (13.7s)
[scanC_stageC_risk_seed42_20260215_014509][CP-EFT] [Baselines] ep=42 (42/120) policy=CP-EFT (1/1) ...
[scanC_stageC_risk_seed42_20260215_014509][CP-EFT] [Baselines]   done reward=-0.1287 task_sr=0.1500 subtask_sr=0.4531 (13.8s)
[scanC_stageC_risk_seed42_20260215_014509][CP-EFT] [Baselines] ep=43 (43/120) policy=CP-EFT (1/1) ...
[scanC_stageC_risk_seed42_20260215_014509][CP-EFT] [Baselines]   done reward=-0.1468 task_sr=0.3500 subtask_sr=0.5948 (13.1s)
[scanC_stageC_risk_seed42_20260215_014509][CP-EFT] [Baselines] ep=44 (44/120) policy=CP-EFT (1/1) ...
[scanC_stageC_risk_seed42_20260215_014509][CP-EFT] [Baselines]   done reward=-0.2192 task_sr=0.3000 subtask_sr=0.5938 (12.4s)
[scanC_stageC_risk_seed42_20260215_014509][CP-EFT] [Baselines] ep=45 (45/120) policy=CP-EFT (1/1) ...
[scanC_stageC_risk_seed42_20260215_014509][CP-EFT] [Baselines]   done reward=-0.3263 task_sr=0.4000 subtask_sr=0.7616 (9.6s)
[scanC_stageC_risk_seed42_20260215_014509][CP-EFT] [Baselines] ep=46 (46/120) policy=CP-EFT (1/1) ...
[scanC_stageC_risk_seed42_20260215_014509][CP-EFT] [Baselines]   done reward=-0.2123 task_sr=0.3000 subtask_sr=0.6161 (13.2s)
[scanC_stageC_risk_seed42_20260215_014509][CP-EFT] [Baselines] ep=47 (47/120) policy=CP-EFT (1/1) ...
[scanC_stageC_risk_seed42_20260215_014509][CP-EFT] [Baselines]   done reward=-0.2705 task_sr=0.3500 subtask_sr=0.7584 (10.5s)
[scanC_stageC_risk_seed42_20260215_014509][CP-EFT] [Baselines] ep=48 (48/120) policy=CP-EFT (1/1) ...
[scanC_stageC_risk_seed42_20260215_014509][CP-EFT] [Baselines]   done reward=-0.3987 task_sr=0.5500 subtask_sr=0.7854 (10.1s)
[scanC_stageC_risk_seed42_20260215_014509][CP-EFT] [Baselines] ep=49 (49/120) policy=CP-EFT (1/1) ...
[scanC_stageC_risk_seed42_20260215_014509][CP-EFT] [Baselines]   done reward=-0.1951 task_sr=0.5000 subtask_sr=0.7129 (11.5s)
[scanC_stageC_risk_seed42_20260215_014509][CP-EFT] [Baselines] ep=50 (50/120) policy=CP-EFT (1/1) ...
[scanC_stageC_risk_seed42_20260215_014509][CP-EFT] [Baselines]   done reward=-0.5650 task_sr=0.3000 subtask_sr=0.6874 (13.2s)
[scanC_stageC_risk_seed42_20260215_014509][CP-EFT] [Baselines] ep=51 (51/120) policy=CP-EFT (1/1) ...
[scanC_stageC_risk_seed42_20260215_014509][CP-EFT] [Baselines]   done reward=-0.2190 task_sr=0.6000 subtask_sr=0.7812 (11.9s)
[scanC_stageC_risk_seed42_20260215_014509][CP-EFT] [Baselines] ep=52 (52/120) policy=CP-EFT (1/1) ...
[scanC_stageC_risk_seed42_20260215_014509][CP-EFT] [Baselines]   done reward=-0.2195 task_sr=0.4000 subtask_sr=0.7812 (11.2s)
[scanC_stageC_risk_seed42_20260215_014509][CP-EFT] [Baselines] ep=53 (53/120) policy=CP-EFT (1/1) ...
[scanC_stageC_risk_seed42_20260215_014509][CP-EFT] [Baselines]   done reward=-0.1684 task_sr=0.4500 subtask_sr=0.7047 (12.5s)
[scanC_stageC_risk_seed42_20260215_014509][CP-EFT] [Baselines] ep=54 (54/120) policy=CP-EFT (1/1) ...
[scanC_stageC_risk_seed42_20260215_014509][CP-EFT] [Baselines]   done reward=-0.1398 task_sr=0.2000 subtask_sr=0.3732 (13.7s)
[scanC_stageC_risk_seed42_20260215_014509][CP-EFT] [Baselines] ep=55 (55/120) policy=CP-EFT (1/1) ...
[scanC_stageC_risk_seed42_20260215_014509][CP-EFT] [Baselines]   done reward=-0.4093 task_sr=0.3000 subtask_sr=0.6200 (12.7s)
[scanC_stageC_risk_seed42_20260215_014509][CP-EFT] [Baselines] ep=56 (56/120) policy=CP-EFT (1/1) ...
[scanC_stageC_risk_seed42_20260215_014509][CP-EFT] [Baselines]   done reward=-0.2333 task_sr=0.5500 subtask_sr=0.7700 (12.0s)
[scanC_stageC_risk_seed42_20260215_014509][CP-EFT] [Baselines] ep=57 (57/120) policy=CP-EFT (1/1) ...
[scanC_stageC_risk_seed42_20260215_014509][CP-EFT] [Baselines]   done reward=-0.2501 task_sr=0.3000 subtask_sr=0.6538 (13.0s)
[scanC_stageC_risk_seed42_20260215_014509][CP-EFT] [Baselines] ep=58 (58/120) policy=CP-EFT (1/1) ...
[scanC_stageC_risk_seed42_20260215_014509][CP-EFT] [Baselines]   done reward=-0.1819 task_sr=0.4000 subtask_sr=0.7353 (8.9s)
[scanC_stageC_risk_seed42_20260215_014509][CP-EFT] [Baselines] ep=59 (59/120) policy=CP-EFT (1/1) ...
[scanC_stageC_risk_seed42_20260215_014509][CP-EFT] [Baselines]   done reward=-0.4794 task_sr=0.3500 subtask_sr=0.6372 (12.6s)
[scanC_stageC_risk_seed42_20260215_014509][CP-EFT] [Baselines] ep=60 (60/120) policy=CP-EFT (1/1) ...
[scanC_stageC_risk_seed42_20260215_014509][CP-EFT] [Baselines]   done reward=-0.2097 task_sr=0.3500 subtask_sr=0.6881 (12.4s)
[scanC_stageC_risk_seed42_20260215_014509][CP-EFT] [Baselines] ep=61 (61/120) policy=CP-EFT (1/1) ...
[scanC_stageC_risk_seed42_20260215_014509][CP-EFT] [Baselines]   done reward=-0.1318 task_sr=0.3000 subtask_sr=0.7312 (12.5s)
[scanC_stageC_risk_seed42_20260215_014509][CP-EFT] [Baselines] ep=62 (62/120) policy=CP-EFT (1/1) ...
[scanC_stageC_risk_seed42_20260215_014509][CP-EFT] [Baselines]   done reward=-0.1632 task_sr=0.1500 subtask_sr=0.5168 (13.7s)
[scanC_stageC_risk_seed42_20260215_014509][CP-EFT] [Baselines] ep=63 (63/120) policy=CP-EFT (1/1) ...
[scanC_stageC_risk_seed42_20260215_014509][CP-EFT] [Baselines]   done reward=-0.2910 task_sr=0.2500 subtask_sr=0.5711 (13.2s)
[scanC_stageC_risk_seed42_20260215_014509][CP-EFT] [Baselines] ep=64 (64/120) policy=CP-EFT (1/1) ...
[scanC_stageC_risk_seed42_20260215_014509][CP-EFT] [Baselines]   done reward=-0.2161 task_sr=0.3500 subtask_sr=0.7234 (12.4s)
[scanC_stageC_risk_seed42_20260215_014509][CP-EFT] [Baselines] ep=65 (65/120) policy=CP-EFT (1/1) ...
[scanC_stageC_risk_seed42_20260215_014509][CP-EFT] [Baselines]   done reward=-0.1613 task_sr=0.4000 subtask_sr=0.7295 (12.8s)
[scanC_stageC_risk_seed42_20260215_014509][CP-EFT] [Baselines] ep=66 (66/120) policy=CP-EFT (1/1) ...
[scanC_stageC_risk_seed42_20260215_014509][CP-EFT] [Baselines]   done reward=-0.1217 task_sr=0.3000 subtask_sr=0.6368 (12.5s)
[scanC_stageC_risk_seed42_20260215_014509][CP-EFT] [Baselines] ep=67 (67/120) policy=CP-EFT (1/1) ...
[scanC_stageC_risk_seed42_20260215_014509][CP-EFT] [Baselines]   done reward=-0.3061 task_sr=0.5000 subtask_sr=0.8788 (10.5s)
[scanC_stageC_risk_seed42_20260215_014509][CP-EFT] [Baselines] ep=68 (68/120) policy=CP-EFT (1/1) ...
[scanC_stageC_risk_seed42_20260215_014509][CP-EFT] [Baselines]   done reward=-0.2138 task_sr=0.3500 subtask_sr=0.6572 (13.4s)
[scanC_stageC_risk_seed42_20260215_014509][CP-EFT] [Baselines] ep=69 (69/120) policy=CP-EFT (1/1) ...
[scanC_stageC_risk_seed42_20260215_014509][CP-EFT] [Baselines]   done reward=-0.2283 task_sr=0.3500 subtask_sr=0.7409 (13.0s)
[scanC_stageC_risk_seed42_20260215_014509][CP-EFT] [Baselines] ep=70 (70/120) policy=CP-EFT (1/1) ...
[scanC_stageC_risk_seed42_20260215_014509][CP-EFT] [Baselines]   done reward=-0.1524 task_sr=0.5500 subtask_sr=0.7571 (11.0s)
[scanC_stageC_risk_seed42_20260215_014509][CP-EFT] [Baselines] ep=71 (71/120) policy=CP-EFT (1/1) ...
[scanC_stageC_risk_seed42_20260215_014509][CP-EFT] [Baselines]   done reward=-0.8443 task_sr=0.3000 subtask_sr=0.5690 (12.9s)
[scanC_stageC_risk_seed42_20260215_014509][CP-EFT] [Baselines] ep=72 (72/120) policy=CP-EFT (1/1) ...
[scanC_stageC_risk_seed42_20260215_014509][CP-EFT] [Baselines]   done reward=-0.1682 task_sr=0.2500 subtask_sr=0.6052 (12.2s)
[scanC_stageC_risk_seed42_20260215_014509][CP-EFT] [Baselines] ep=73 (73/120) policy=CP-EFT (1/1) ...
[scanC_stageC_risk_seed42_20260215_014509][CP-EFT] [Baselines]   done reward=-0.1251 task_sr=0.3500 subtask_sr=0.6374 (9.8s)
[scanC_stageC_risk_seed42_20260215_014509][CP-EFT] [Baselines] ep=74 (74/120) policy=CP-EFT (1/1) ...
[scanC_stageC_risk_seed42_20260215_014509][CP-EFT] [Baselines]   done reward=-0.1799 task_sr=0.3500 subtask_sr=0.6256 (9.6s)
[scanC_stageC_risk_seed42_20260215_014509][CP-EFT] [Baselines] ep=75 (75/120) policy=CP-EFT (1/1) ...
[scanC_stageC_risk_seed42_20260215_014509][CP-EFT] [Baselines]   done reward=-0.3732 task_sr=0.4500 subtask_sr=0.6533 (9.6s)
[scanC_stageC_risk_seed42_20260215_014509][CP-EFT] [Baselines] ep=76 (76/120) policy=CP-EFT (1/1) ...
[scanC_stageC_risk_seed42_20260215_014509][CP-EFT] [Baselines]   done reward=-0.2374 task_sr=0.1500 subtask_sr=0.5409 (9.8s)
[scanC_stageC_risk_seed42_20260215_014509][CP-EFT] [Baselines] ep=77 (77/120) policy=CP-EFT (1/1) ...
[scanC_stageC_risk_seed42_20260215_014509][CP-EFT] [Baselines]   done reward=-1.3855 task_sr=0.3500 subtask_sr=0.5535 (9.6s)
[scanC_stageC_risk_seed42_20260215_014509][CP-EFT] [Baselines] ep=78 (78/120) policy=CP-EFT (1/1) ...
[scanC_stageC_risk_seed42_20260215_014509][CP-EFT] [Baselines]   done reward=-0.1754 task_sr=0.2500 subtask_sr=0.6308 (9.8s)
[scanC_stageC_risk_seed42_20260215_014509][CP-EFT] [Baselines] ep=79 (79/120) policy=CP-EFT (1/1) ...
[scanC_stageC_risk_seed42_20260215_014509][CP-EFT] [Baselines]   done reward=-0.2646 task_sr=0.2500 subtask_sr=0.5119 (10.4s)
[scanC_stageC_risk_seed42_20260215_014509][CP-EFT] [Baselines] ep=80 (80/120) policy=CP-EFT (1/1) ...
[scanC_stageC_risk_seed42_20260215_014509][CP-EFT] [Baselines]   done reward=-0.1942 task_sr=0.4500 subtask_sr=0.7536 (8.5s)
[scanC_stageC_risk_seed42_20260215_014509][CP-EFT] [Baselines] ep=81 (81/120) policy=CP-EFT (1/1) ...
[scanC_stageC_risk_seed42_20260215_014509][CP-EFT] [Baselines]   done reward=-0.2330 task_sr=0.3000 subtask_sr=0.6988 (9.0s)
[scanC_stageC_risk_seed42_20260215_014509][CP-EFT] [Baselines] ep=82 (82/120) policy=CP-EFT (1/1) ...
[scanC_stageC_risk_seed42_20260215_014509][CP-EFT] [Baselines]   done reward=-0.3303 task_sr=0.5000 subtask_sr=0.8575 (9.0s)
[scanC_stageC_risk_seed42_20260215_014509][CP-EFT] [Baselines] ep=83 (83/120) policy=CP-EFT (1/1) ...
[scanC_stageC_risk_seed42_20260215_014509][CP-EFT] [Baselines]   done reward=-0.2703 task_sr=0.4500 subtask_sr=0.7633 (8.8s)
[scanC_stageC_risk_seed42_20260215_014509][CP-EFT] [Baselines] ep=84 (84/120) policy=CP-EFT (1/1) ...
[scanC_stageC_risk_seed42_20260215_014509][CP-EFT] [Baselines]   done reward=-0.2585 task_sr=0.3500 subtask_sr=0.6808 (9.9s)
[scanC_stageC_risk_seed42_20260215_014509][CP-EFT] [Baselines] ep=85 (85/120) policy=CP-EFT (1/1) ...
[scanC_stageC_risk_seed42_20260215_014509][CP-EFT] [Baselines]   done reward=-0.2741 task_sr=0.3000 subtask_sr=0.6906 (8.8s)
[scanC_stageC_risk_seed42_20260215_014509][CP-EFT] [Baselines] ep=86 (86/120) policy=CP-EFT (1/1) ...
[scanC_stageC_risk_seed42_20260215_014509][CP-EFT] [Baselines]   done reward=-0.3048 task_sr=0.2000 subtask_sr=0.5714 (8.7s)
[scanC_stageC_risk_seed42_20260215_014509][CP-EFT] [Baselines] ep=87 (87/120) policy=CP-EFT (1/1) ...
[scanC_stageC_risk_seed42_20260215_014509][CP-EFT] [Baselines]   done reward=-0.1506 task_sr=0.3500 subtask_sr=0.6385 (9.1s)
[scanC_stageC_risk_seed42_20260215_014509][CP-EFT] [Baselines] ep=88 (88/120) policy=CP-EFT (1/1) ...
[scanC_stageC_risk_seed42_20260215_014509][CP-EFT] [Baselines]   done reward=-0.1998 task_sr=0.4500 subtask_sr=0.7566 (9.1s)
[scanC_stageC_risk_seed42_20260215_014509][CP-EFT] [Baselines] ep=89 (89/120) policy=CP-EFT (1/1) ...
[scanC_stageC_risk_seed42_20260215_014509][CP-EFT] [Baselines]   done reward=-0.2454 task_sr=0.4000 subtask_sr=0.7294 (9.1s)
[scanC_stageC_risk_seed42_20260215_014509][CP-EFT] [Baselines] ep=90 (90/120) policy=CP-EFT (1/1) ...
[scanC_stageC_risk_seed42_20260215_014509][CP-EFT] [Baselines]   done reward=-0.2045 task_sr=0.3000 subtask_sr=0.6959 (9.6s)
[scanC_stageC_risk_seed42_20260215_014509][CP-EFT] [Baselines] ep=91 (91/120) policy=CP-EFT (1/1) ...
[scanC_stageC_risk_seed42_20260215_014509][CP-EFT] [Baselines]   done reward=-0.3901 task_sr=0.3000 subtask_sr=0.5629 (9.3s)
[scanC_stageC_risk_seed42_20260215_014509][CP-EFT] [Baselines] ep=92 (92/120) policy=CP-EFT (1/1) ...
[scanC_stageC_risk_seed42_20260215_014509][CP-EFT] [Baselines]   done reward=-0.3514 task_sr=0.2500 subtask_sr=0.5981 (10.1s)
[scanC_stageC_risk_seed42_20260215_014509][CP-EFT] [Baselines] ep=93 (93/120) policy=CP-EFT (1/1) ...
[scanC_stageC_risk_seed42_20260215_014509][CP-EFT] [Baselines]   done reward=-0.3947 task_sr=0.4000 subtask_sr=0.6946 (6.9s)
[scanC_stageC_risk_seed42_20260215_014509][CP-EFT] [Baselines] ep=94 (94/120) policy=CP-EFT (1/1) ...
[scanC_stageC_risk_seed42_20260215_014509][CP-EFT] [Baselines]   done reward=-0.2402 task_sr=0.4000 subtask_sr=0.6975 (9.3s)
[scanC_stageC_risk_seed42_20260215_014509][CP-EFT] [Baselines] ep=95 (95/120) policy=CP-EFT (1/1) ...
[scanC_stageC_risk_seed42_20260215_014509][CP-EFT] [Baselines]   done reward=-0.2746 task_sr=0.4500 subtask_sr=0.8019 (8.3s)
[scanC_stageC_risk_seed42_20260215_014509][CP-EFT] [Baselines] ep=96 (96/120) policy=CP-EFT (1/1) ...
[scanC_stageC_risk_seed42_20260215_014509][CP-EFT] [Baselines]   done reward=-0.8364 task_sr=0.1500 subtask_sr=0.5465 (10.1s)
[scanC_stageC_risk_seed42_20260215_014509][CP-EFT] [Baselines] ep=97 (97/120) policy=CP-EFT (1/1) ...
[scanC_stageC_risk_seed42_20260215_014509][CP-EFT] [Baselines]   done reward=-0.3613 task_sr=0.2500 subtask_sr=0.6312 (9.3s)
[scanC_stageC_risk_seed42_20260215_014509][CP-EFT] [Baselines] ep=98 (98/120) policy=CP-EFT (1/1) ...
[scanC_stageC_risk_seed42_20260215_014509][CP-EFT] [Baselines]   done reward=-0.1090 task_sr=0.2500 subtask_sr=0.5483 (9.6s)
[scanC_stageC_risk_seed42_20260215_014509][CP-EFT] [Baselines] ep=99 (99/120) policy=CP-EFT (1/1) ...
[scanC_stageC_risk_seed42_20260215_014509][CP-EFT] [Baselines]   done reward=-0.3018 task_sr=0.4000 subtask_sr=0.8223 (8.6s)
[scanC_stageC_risk_seed42_20260215_014509][CP-EFT] [Baselines] ep=100 (100/120) policy=CP-EFT (1/1) ...
[scanC_stageC_risk_seed42_20260215_014509][CP-EFT] [Baselines]   done reward=-0.6328 task_sr=0.1500 subtask_sr=0.5000 (10.1s)
[scanC_stageC_risk_seed42_20260215_014509][CP-EFT] [Baselines] ep=101 (101/120) policy=CP-EFT (1/1) ...
[scanC_stageC_risk_seed42_20260215_014509][CP-EFT] [Baselines]   done reward=-0.1342 task_sr=0.1500 subtask_sr=0.5506 (10.1s)
[scanC_stageC_risk_seed42_20260215_014509][CP-EFT] [Baselines] ep=102 (102/120) policy=CP-EFT (1/1) ...
[scanC_stageC_risk_seed42_20260215_014509][CP-EFT] [Baselines]   done reward=-0.6010 task_sr=0.3000 subtask_sr=0.6683 (10.5s)
[scanC_stageC_risk_seed42_20260215_014509][CP-EFT] [Baselines] ep=103 (103/120) policy=CP-EFT (1/1) ...
[scanC_stageC_risk_seed42_20260215_014509][CP-EFT] [Baselines]   done reward=-0.1991 task_sr=0.1000 subtask_sr=0.5574 (9.9s)
[scanC_stageC_risk_seed42_20260215_014509][CP-EFT] [Baselines] ep=104 (104/120) policy=CP-EFT (1/1) ...
[scanC_stageC_risk_seed42_20260215_014509][CP-EFT] [Baselines]   done reward=-0.3547 task_sr=0.2000 subtask_sr=0.5344 (9.8s)
[scanC_stageC_risk_seed42_20260215_014509][CP-EFT] [Baselines] ep=105 (105/120) policy=CP-EFT (1/1) ...
[scanC_stageC_risk_seed42_20260215_014509][CP-EFT] [Baselines]   done reward=-0.2039 task_sr=0.6000 subtask_sr=0.8240 (8.4s)
[scanC_stageC_risk_seed42_20260215_014509][CP-EFT] [Baselines] ep=106 (106/120) policy=CP-EFT (1/1) ...
[scanC_stageC_risk_seed42_20260215_014509][CP-EFT] [Baselines]   done reward=-0.6771 task_sr=0.9500 subtask_sr=0.9928 (4.5s)
[scanC_stageC_risk_seed42_20260215_014509][CP-EFT] [Baselines] ep=107 (107/120) policy=CP-EFT (1/1) ...
[scanC_stageC_risk_seed42_20260215_014509][CP-EFT] [Baselines]   done reward=-0.5212 task_sr=0.4000 subtask_sr=0.7986 (6.4s)
[scanC_stageC_risk_seed42_20260215_014509][CP-EFT] [Baselines] ep=108 (108/120) policy=CP-EFT (1/1) ...
[scanC_stageC_risk_seed42_20260215_014509][CP-EFT] [Baselines]   done reward=-0.5076 task_sr=0.5000 subtask_sr=0.7109 (7.1s)
[scanC_stageC_risk_seed42_20260215_014509][CP-EFT] [Baselines] ep=109 (109/120) policy=CP-EFT (1/1) ...
[scanC_stageC_risk_seed42_20260215_014509][CP-EFT] [Baselines]   done reward=-0.3807 task_sr=0.2500 subtask_sr=0.5777 (8.3s)
[scanC_stageC_risk_seed42_20260215_014509][CP-EFT] [Baselines] ep=110 (110/120) policy=CP-EFT (1/1) ...
[scanC_stageC_risk_seed42_20260215_014509][CP-EFT] [Baselines]   done reward=-0.3013 task_sr=0.5500 subtask_sr=0.7392 (9.0s)
[scanC_stageC_risk_seed42_20260215_014509][CP-EFT] [Baselines] ep=111 (111/120) policy=CP-EFT (1/1) ...
[scanC_stageC_risk_seed42_20260215_014509][CP-EFT] [Baselines]   done reward=-0.1035 task_sr=0.2000 subtask_sr=0.4482 (10.1s)
[scanC_stageC_risk_seed42_20260215_014509][CP-EFT] [Baselines] ep=112 (112/120) policy=CP-EFT (1/1) ...
[scanC_stageC_risk_seed42_20260215_014509][CP-EFT] [Baselines]   done reward=-0.1438 task_sr=0.3000 subtask_sr=0.6355 (9.2s)
[scanC_stageC_risk_seed42_20260215_014509][CP-EFT] [Baselines] ep=113 (113/120) policy=CP-EFT (1/1) ...
[scanC_stageC_risk_seed42_20260215_014509][CP-EFT] [Baselines]   done reward=-0.3112 task_sr=0.5500 subtask_sr=0.8089 (6.5s)
[scanC_stageC_risk_seed42_20260215_014509][CP-EFT] [Baselines] ep=114 (114/120) policy=CP-EFT (1/1) ...
[scanC_stageC_risk_seed42_20260215_014509][CP-EFT] [Baselines]   done reward=-0.1274 task_sr=0.2000 subtask_sr=0.5948 (10.1s)
[scanC_stageC_risk_seed42_20260215_014509][CP-EFT] [Baselines] ep=115 (115/120) policy=CP-EFT (1/1) ...
[scanC_stageC_risk_seed42_20260215_014509][CP-EFT] [Baselines]   done reward=-0.2464 task_sr=0.6000 subtask_sr=0.7835 (8.1s)
[scanC_stageC_risk_seed42_20260215_014509][CP-EFT] [Baselines] ep=116 (116/120) policy=CP-EFT (1/1) ...
[scanC_stageC_risk_seed42_20260215_014509][CP-EFT] [Baselines]   done reward=-0.0923 task_sr=0.2500 subtask_sr=0.4785 (9.7s)
[scanC_stageC_risk_seed42_20260215_014509][CP-EFT] [Baselines] ep=117 (117/120) policy=CP-EFT (1/1) ...
[scanC_stageC_risk_seed42_20260215_014509][CP-EFT] [Baselines]   done reward=-0.4188 task_sr=0.7000 subtask_sr=0.8547 (5.5s)
[scanC_stageC_risk_seed42_20260215_014509][CP-EFT] [Baselines] ep=118 (118/120) policy=CP-EFT (1/1) ...
[scanC_stageC_risk_seed42_20260215_014509][CP-EFT] [Baselines]   done reward=-0.1872 task_sr=0.3500 subtask_sr=0.6558 (9.3s)
[scanC_stageC_risk_seed42_20260215_014509][CP-EFT] [Baselines] ep=119 (119/120) policy=CP-EFT (1/1) ...
[scanC_stageC_risk_seed42_20260215_014509][CP-EFT] [Baselines]   done reward=-0.1041 task_sr=0.3500 subtask_sr=0.6405 (9.1s)
[scanC_stageC_risk_seed42_20260215_014509][CP-EFT] [Baselines] ep=120 (120/120) policy=CP-EFT (1/1) ...
[scanC_stageC_risk_seed42_20260215_014509][CP-EFT] [Baselines]   done reward=-0.3627 task_sr=0.4000 subtask_sr=0.8019 (6.5s)
[scanC_stageC_risk_seed42_20260215_014509][CP-EFT] ✓ Baseline stats saved: /Users/qiutao/研/毕设/毕设/vecOffloadingSim/runs/scanC_stageC_risk_seed42_20260215_014509/logs/baseline_parts/CP-EFT.csv
[scanC_stageC_risk_seed42_20260215_014509][CP-EFT] 结果摘要 (均值):
[scanC_stageC_risk_seed42_20260215_014509][CP-EFT]   CP-EFT     reward=-0.2761 task_sr=0.3608 subtask_sr=0.6684
