[scanC_stageC_risk_seed42_20260215_014509][Static] [Baselines] run_dir=/Users/qiutao/研/毕设/毕设/vecOffloadingSim/runs/scanC_stageC_risk_seed42_20260215_014509
[scanC_stageC_risk_seed42_20260215_014509][Static] [Baselines] num_episodes=120 seed=42 max_steps=200
[scanC_stageC_risk_seed42_20260215_014509][Static] [Baselines] policies=['Static']
[scanC_stageC_risk_seed42_20260215_014509][Static] [Baselines] ep=1 (1/120) policy=Static (1/1) ...
[scanC_stageC_risk_seed42_20260215_014509][Static] [Baselines]   done reward=-0.0399 task_sr=0.6000 subtask_sr=0.9062 (7.0s)
[scanC_stageC_risk_seed42_20260215_014509][Static] [Baselines] ep=2 (2/120) policy=Static (1/1) ...
[scanC_stageC_risk_seed42_20260215_014509][Static] [Baselines]   done reward=-0.0479 task_sr=0.8000 subtask_sr=0.9789 (6.8s)
[scanC_stageC_risk_seed42_20260215_014509][Static] [Baselines] ep=3 (3/120) policy=Static (1/1) ...
[scanC_stageC_risk_seed42_20260215_014509][Static] [Baselines]   done reward=-0.0690 task_sr=0.9500 subtask_sr=0.9809 (6.0s)
[scanC_stageC_risk_seed42_20260215_014509][Static] [Baselines] ep=4 (4/120) policy=Static (1/1) ...
[scanC_stageC_risk_seed42_20260215_014509][Static] [Baselines]   done reward=-0.0449 task_sr=0.5500 subtask_sr=0.9252 (7.6s)
[scanC_stageC_risk_seed42_20260215_014509][Static] [Baselines] ep=5 (5/120) policy=Static (1/1) ...
[scanC_stageC_risk_seed42_20260215_014509][Static] [Baselines]   done reward=-0.0531 task_sr=0.8000 subtask_sr=0.9858 (6.8s)
[scanC_stageC_risk_seed42_20260215_014509][Static] [Baselines] ep=6 (6/120) policy=Static (1/1) ...
[scanC_stageC_risk_seed42_20260215_014509][Static] [Baselines]   done reward=-0.0413 task_sr=0.7000 subtask_sr=0.9446 (7.7s)
[scanC_stageC_risk_seed42_20260215_014509][Static] [Baselines] ep=7 (7/120) policy=Static (1/1) ...
[scanC_stageC_risk_seed42_20260215_014509][Static] [Baselines]   done reward=-0.0281 task_sr=0.5000 subtask_sr=0.8724 (7.9s)
[scanC_stageC_risk_seed42_20260215_014509][Static] [Baselines] ep=8 (8/120) policy=Static (1/1) ...
[scanC_stageC_risk_seed42_20260215_014509][Static] [Baselines]   done reward=-0.0230 task_sr=0.4000 subtask_sr=0.8620 (9.2s)
[scanC_stageC_risk_seed42_20260215_014509][Static] [Baselines] ep=9 (9/120) policy=Static (1/1) ...
[scanC_stageC_risk_seed42_20260215_014509][Static] [Baselines]   done reward=-0.0390 task_sr=0.8000 subtask_sr=0.9532 (7.3s)
[scanC_stageC_risk_seed42_20260215_014509][Static] [Baselines] ep=10 (10/120) policy=Static (1/1) ...
[scanC_stageC_risk_seed42_20260215_014509][Static] [Baselines]   done reward=-0.0450 task_sr=0.8500 subtask_sr=0.9857 (6.5s)
[scanC_stageC_risk_seed42_20260215_014509][Static] [Baselines] ep=11 (11/120) policy=Static (1/1) ...
[scanC_stageC_risk_seed42_20260215_014509][Static] [Baselines]   done reward=-0.0592 task_sr=0.5500 subtask_sr=0.8859 (7.5s)
[scanC_stageC_risk_seed42_20260215_014509][Static] [Baselines] ep=12 (12/120) policy=Static (1/1) ...
[scanC_stageC_risk_seed42_20260215_014509][Static] [Baselines]   done reward=-0.1033 task_sr=0.9000 subtask_sr=0.9707 (6.7s)
[scanC_stageC_risk_seed42_20260215_014509][Static] [Baselines] ep=13 (13/120) policy=Static (1/1) ...
[scanC_stageC_risk_seed42_20260215_014509][Static] [Baselines]   done reward=-0.1216 task_sr=0.9000 subtask_sr=0.9907 (6.4s)
[scanC_stageC_risk_seed42_20260215_014509][Static] [Baselines] ep=14 (14/120) policy=Static (1/1) ...
[scanC_stageC_risk_seed42_20260215_014509][Static] [Baselines]   done reward=-0.0739 task_sr=0.8000 subtask_sr=0.9695 (6.9s)
[scanC_stageC_risk_seed42_20260215_014509][Static] [Baselines] ep=15 (15/120) policy=Static (1/1) ...
[scanC_stageC_risk_seed42_20260215_014509][Static] [Baselines]   done reward=-0.0514 task_sr=0.6500 subtask_sr=0.9524 (6.9s)
[scanC_stageC_risk_seed42_20260215_014509][Static] [Baselines] ep=16 (16/120) policy=Static (1/1) ...
[scanC_stageC_risk_seed42_20260215_014509][Static] [Baselines]   done reward=-0.0357 task_sr=0.6000 subtask_sr=0.9349 (7.8s)
[scanC_stageC_risk_seed42_20260215_014509][Static] [Baselines] ep=17 (17/120) policy=Static (1/1) ...
[scanC_stageC_risk_seed42_20260215_014509][Static] [Baselines]   done reward=-0.0563 task_sr=1.0000 subtask_sr=1.0000 (6.0s)
[scanC_stageC_risk_seed42_20260215_014509][Static] [Baselines] ep=18 (18/120) policy=Static (1/1) ...
[scanC_stageC_risk_seed42_20260215_014509][Static] [Baselines]   done reward=-0.0137 task_sr=0.2000 subtask_sr=0.7397 (9.0s)
[scanC_stageC_risk_seed42_20260215_014509][Static] [Baselines] ep=19 (19/120) policy=Static (1/1) ...
[scanC_stageC_risk_seed42_20260215_014509][Static] [Baselines]   done reward=-0.0361 task_sr=0.8500 subtask_sr=0.9901 (6.7s)
[scanC_stageC_risk_seed42_20260215_014509][Static] [Baselines] ep=20 (20/120) policy=Static (1/1) ...
[scanC_stageC_risk_seed42_20260215_014509][Static] [Baselines]   done reward=-0.1299 task_sr=0.8500 subtask_sr=0.9832 (6.4s)
[scanC_stageC_risk_seed42_20260215_014509][Static] [Baselines] ep=21 (21/120) policy=Static (1/1) ...
[scanC_stageC_risk_seed42_20260215_014509][Static] [Baselines]   done reward=-0.0886 task_sr=0.9000 subtask_sr=0.9860 (6.5s)
[scanC_stageC_risk_seed42_20260215_014509][Static] [Baselines] ep=22 (22/120) policy=Static (1/1) ...
[scanC_stageC_risk_seed42_20260215_014509][Static] [Baselines]   done reward=-0.0214 task_sr=0.5500 subtask_sr=0.9146 (7.4s)
[scanC_stageC_risk_seed42_20260215_014509][Static] [Baselines] ep=23 (23/120) policy=Static (1/1) ...
[scanC_stageC_risk_seed42_20260215_014509][Static] [Baselines]   done reward=-0.0215 task_sr=0.3500 subtask_sr=0.7363 (8.8s)
[scanC_stageC_risk_seed42_20260215_014509][Static] [Baselines] ep=24 (24/120) policy=Static (1/1) ...
[scanC_stageC_risk_seed42_20260215_014509][Static] [Baselines]   done reward=-0.0627 task_sr=0.8500 subtask_sr=0.9636 (7.0s)
[scanC_stageC_risk_seed42_20260215_014509][Static] [Baselines] ep=25 (25/120) policy=Static (1/1) ...
[scanC_stageC_risk_seed42_20260215_014509][Static] [Baselines]   done reward=-0.0350 task_sr=0.5000 subtask_sr=0.9061 (7.8s)
[scanC_stageC_risk_seed42_20260215_014509][Static] [Baselines] ep=26 (26/120) policy=Static (1/1) ...
[scanC_stageC_risk_seed42_20260215_014509][Static] [Baselines]   done reward=-0.0334 task_sr=0.7500 subtask_sr=0.9682 (7.3s)
[scanC_stageC_risk_seed42_20260215_014509][Static] [Baselines] ep=27 (27/120) policy=Static (1/1) ...
[scanC_stageC_risk_seed42_20260215_014509][Static] [Baselines]   done reward=-0.1051 task_sr=0.4500 subtask_sr=0.7429 (9.3s)
[scanC_stageC_risk_seed42_20260215_014509][Static] [Baselines] ep=28 (28/120) policy=Static (1/1) ...
[scanC_stageC_risk_seed42_20260215_014509][Static] [Baselines]   done reward=-0.0542 task_sr=0.9500 subtask_sr=0.9900 (6.1s)
[scanC_stageC_risk_seed42_20260215_014509][Static] [Baselines] ep=29 (29/120) policy=Static (1/1) ...
[scanC_stageC_risk_seed42_20260215_014509][Static] [Baselines]   done reward=-0.0387 task_sr=0.6500 subtask_sr=0.9300 (7.6s)
[scanC_stageC_risk_seed42_20260215_014509][Static] [Baselines] ep=30 (30/120) policy=Static (1/1) ...
[scanC_stageC_risk_seed42_20260215_014509][Static] [Baselines]   done reward=-0.0284 task_sr=0.2500 subtask_sr=0.7096 (9.6s)
[scanC_stageC_risk_seed42_20260215_014509][Static] [Baselines] ep=31 (31/120) policy=Static (1/1) ...
[scanC_stageC_risk_seed42_20260215_014509][Static] [Baselines]   done reward=-0.0435 task_sr=0.8000 subtask_sr=0.9832 (6.9s)
[scanC_stageC_risk_seed42_20260215_014509][Static] [Baselines] ep=32 (32/120) policy=Static (1/1) ...
[scanC_stageC_risk_seed42_20260215_014509][Static] [Baselines]   done reward=-0.0284 task_sr=0.5000 subtask_sr=0.8630 (8.6s)
[scanC_stageC_risk_seed42_20260215_014509][Static] [Baselines] ep=33 (33/120) policy=Static (1/1) ...
[scanC_stageC_risk_seed42_20260215_014509][Static] [Baselines]   done reward=-0.0980 task_sr=0.8500 subtask_sr=0.9695 (7.3s)
[scanC_stageC_risk_seed42_20260215_014509][Static] [Baselines] ep=34 (34/120) policy=Static (1/1) ...
[scanC_stageC_risk_seed42_20260215_014509][Static] [Baselines]   done reward=-0.0157 task_sr=0.9000 subtask_sr=0.9927 (6.4s)
[scanC_stageC_risk_seed42_20260215_014509][Static] [Baselines] ep=35 (35/120) policy=Static (1/1) ...
[scanC_stageC_risk_seed42_20260215_014509][Static] [Baselines]   done reward=-0.0815 task_sr=0.8500 subtask_sr=0.9644 (7.1s)
[scanC_stageC_risk_seed42_20260215_014509][Static] [Baselines] ep=36 (36/120) policy=Static (1/1) ...
[scanC_stageC_risk_seed42_20260215_014509][Static] [Baselines]   done reward=-0.0662 task_sr=0.2000 subtask_sr=0.6952 (9.8s)
[scanC_stageC_risk_seed42_20260215_014509][Static] [Baselines] ep=37 (37/120) policy=Static (1/1) ...
[scanC_stageC_risk_seed42_20260215_014509][Static] [Baselines]   done reward=-0.0384 task_sr=0.7000 subtask_sr=0.9368 (7.1s)
[scanC_stageC_risk_seed42_20260215_014509][Static] [Baselines] ep=38 (38/120) policy=Static (1/1) ...
[scanC_stageC_risk_seed42_20260215_014509][Static] [Baselines]   done reward=-0.0814 task_sr=1.0000 subtask_sr=1.0000 (6.9s)
[scanC_stageC_risk_seed42_20260215_014509][Static] [Baselines] ep=39 (39/120) policy=Static (1/1) ...
[scanC_stageC_risk_seed42_20260215_014509][Static] [Baselines]   done reward=-0.0538 task_sr=0.5000 subtask_sr=0.8646 (7.9s)
[scanC_stageC_risk_seed42_20260215_014509][Static] [Baselines] ep=40 (40/120) policy=Static (1/1) ...
[scanC_stageC_risk_seed42_20260215_014509][Static] [Baselines]   done reward=-0.0307 task_sr=0.4000 subtask_sr=0.8113 (8.7s)
[scanC_stageC_risk_seed42_20260215_014509][Static] [Baselines] ep=41 (41/120) policy=Static (1/1) ...
[scanC_stageC_risk_seed42_20260215_014509][Static] [Baselines]   done reward=-0.0307 task_sr=0.9000 subtask_sr=0.9807 (7.3s)
[scanC_stageC_risk_seed42_20260215_014509][Static] [Baselines] ep=42 (42/120) policy=Static (1/1) ...
[scanC_stageC_risk_seed42_20260215_014509][Static] [Baselines]   done reward=-0.0497 task_sr=0.4000 subtask_sr=0.8310 (8.7s)
[scanC_stageC_risk_seed42_20260215_014509][Static] [Baselines] ep=43 (43/120) policy=Static (1/1) ...
[scanC_stageC_risk_seed42_20260215_014509][Static] [Baselines]   done reward=-0.0761 task_sr=0.8500 subtask_sr=0.9813 (7.2s)
[scanC_stageC_risk_seed42_20260215_014509][Static] [Baselines] ep=44 (44/120) policy=Static (1/1) ...
[scanC_stageC_risk_seed42_20260215_014509][Static] [Baselines]   done reward=-0.0473 task_sr=0.8500 subtask_sr=0.9832 (7.0s)
[scanC_stageC_risk_seed42_20260215_014509][Static] [Baselines] ep=45 (45/120) policy=Static (1/1) ...
[scanC_stageC_risk_seed42_20260215_014509][Static] [Baselines]   done reward=-0.1482 task_sr=0.8500 subtask_sr=0.9732 (7.1s)
[scanC_stageC_risk_seed42_20260215_014509][Static] [Baselines] ep=46 (46/120) policy=Static (1/1) ...
[scanC_stageC_risk_seed42_20260215_014509][Static] [Baselines]   done reward=-0.0931 task_sr=0.7000 subtask_sr=0.9479 (7.6s)
[scanC_stageC_risk_seed42_20260215_014509][Static] [Baselines] ep=47 (47/120) policy=Static (1/1) ...
[scanC_stageC_risk_seed42_20260215_014509][Static] [Baselines]   done reward=-0.0214 task_sr=0.5500 subtask_sr=0.8900 (7.5s)
[scanC_stageC_risk_seed42_20260215_014509][Static] [Baselines] ep=48 (48/120) policy=Static (1/1) ...
[scanC_stageC_risk_seed42_20260215_014509][Static] [Baselines]   done reward=-0.0174 task_sr=0.9000 subtask_sr=0.9878 (7.2s)
[scanC_stageC_risk_seed42_20260215_014509][Static] [Baselines] ep=49 (49/120) policy=Static (1/1) ...
[scanC_stageC_risk_seed42_20260215_014509][Static] [Baselines]   done reward=-0.0361 task_sr=0.6500 subtask_sr=0.9416 (6.8s)
[scanC_stageC_risk_seed42_20260215_014509][Static] [Baselines] ep=50 (50/120) policy=Static (1/1) ...
[scanC_stageC_risk_seed42_20260215_014509][Static] [Baselines]   done reward=-0.0936 task_sr=0.5000 subtask_sr=0.9034 (8.7s)
[scanC_stageC_risk_seed42_20260215_014509][Static] [Baselines] ep=51 (51/120) policy=Static (1/1) ...
[scanC_stageC_risk_seed42_20260215_014509][Static] [Baselines]   done reward=-0.0465 task_sr=0.9000 subtask_sr=0.9741 (6.8s)
[scanC_stageC_risk_seed42_20260215_014509][Static] [Baselines] ep=52 (52/120) policy=Static (1/1) ...
[scanC_stageC_risk_seed42_20260215_014509][Static] [Baselines]   done reward=-0.0556 task_sr=0.6000 subtask_sr=0.9135 (7.7s)
[scanC_stageC_risk_seed42_20260215_014509][Static] [Baselines] ep=53 (53/120) policy=Static (1/1) ...
[scanC_stageC_risk_seed42_20260215_014509][Static] [Baselines]   done reward=-0.0235 task_sr=0.5000 subtask_sr=0.8744 (9.1s)
[scanC_stageC_risk_seed42_20260215_014509][Static] [Baselines] ep=54 (54/120) policy=Static (1/1) ...
[scanC_stageC_risk_seed42_20260215_014509][Static] [Baselines]   done reward=-0.0710 task_sr=0.6500 subtask_sr=0.9610 (6.7s)
[scanC_stageC_risk_seed42_20260215_014509][Static] [Baselines] ep=55 (55/120) policy=Static (1/1) ...
[scanC_stageC_risk_seed42_20260215_014509][Static] [Baselines]   done reward=-0.1041 task_sr=0.7500 subtask_sr=0.9691 (6.5s)
[scanC_stageC_risk_seed42_20260215_014509][Static] [Baselines] ep=56 (56/120) policy=Static (1/1) ...
[scanC_stageC_risk_seed42_20260215_014509][Static] [Baselines]   done reward=-0.0848 task_sr=0.5000 subtask_sr=0.8803 (8.2s)
[scanC_stageC_risk_seed42_20260215_014509][Static] [Baselines] ep=57 (57/120) policy=Static (1/1) ...
[scanC_stageC_risk_seed42_20260215_014509][Static] [Baselines]   done reward=-0.0743 task_sr=0.6000 subtask_sr=0.9253 (7.9s)
[scanC_stageC_risk_seed42_20260215_014509][Static] [Baselines] ep=58 (58/120) policy=Static (1/1) ...
[scanC_stageC_risk_seed42_20260215_014509][Static] [Baselines]   done reward=-0.0166 task_sr=0.9500 subtask_sr=0.9902 (6.5s)
[scanC_stageC_risk_seed42_20260215_014509][Static] [Baselines] ep=59 (59/120) policy=Static (1/1) ...
[scanC_stageC_risk_seed42_20260215_014509][Static] [Baselines]   done reward=-0.0445 task_sr=0.8500 subtask_sr=0.9451 (8.2s)
[scanC_stageC_risk_seed42_20260215_014509][Static] [Baselines] ep=60 (60/120) policy=Static (1/1) ...
[scanC_stageC_risk_seed42_20260215_014509][Static] [Baselines]   done reward=-0.0495 task_sr=0.7000 subtask_sr=0.9208 (6.5s)
[scanC_stageC_risk_seed42_20260215_014509][Static] [Baselines] ep=61 (61/120) policy=Static (1/1) ...
[scanC_stageC_risk_seed42_20260215_014509][Static] [Baselines]   done reward=-0.0556 task_sr=0.8000 subtask_sr=0.9613 (7.1s)
[scanC_stageC_risk_seed42_20260215_014509][Static] [Baselines] ep=62 (62/120) policy=Static (1/1) ...
[scanC_stageC_risk_seed42_20260215_014509][Static] [Baselines]   done reward=-0.0485 task_sr=0.5500 subtask_sr=0.9207 (8.0s)
[scanC_stageC_risk_seed42_20260215_014509][Static] [Baselines] ep=63 (63/120) policy=Static (1/1) ...
[scanC_stageC_risk_seed42_20260215_014509][Static] [Baselines]   done reward=-0.1354 task_sr=0.9000 subtask_sr=0.9926 (6.5s)
[scanC_stageC_risk_seed42_20260215_014509][Static] [Baselines] ep=64 (64/120) policy=Static (1/1) ...
[scanC_stageC_risk_seed42_20260215_014509][Static] [Baselines]   done reward=-0.0417 task_sr=0.5000 subtask_sr=0.8676 (7.9s)
[scanC_stageC_risk_seed42_20260215_014509][Static] [Baselines] ep=65 (65/120) policy=Static (1/1) ...
[scanC_stageC_risk_seed42_20260215_014509][Static] [Baselines]   done reward=-0.0806 task_sr=0.9000 subtask_sr=0.9855 (6.8s)
[scanC_stageC_risk_seed42_20260215_014509][Static] [Baselines] ep=66 (66/120) policy=Static (1/1) ...
[scanC_stageC_risk_seed42_20260215_014509][Static] [Baselines]   done reward=-0.0508 task_sr=0.3500 subtask_sr=0.7724 (8.0s)
[scanC_stageC_risk_seed42_20260215_014509][Static] [Baselines] ep=67 (67/120) policy=Static (1/1) ...
[scanC_stageC_risk_seed42_20260215_014509][Static] [Baselines]   done reward=-0.0176 task_sr=0.7500 subtask_sr=0.9604 (6.8s)
[scanC_stageC_risk_seed42_20260215_014509][Static] [Baselines] ep=68 (68/120) policy=Static (1/1) ...
[scanC_stageC_risk_seed42_20260215_014509][Static] [Baselines]   done reward=-0.0480 task_sr=0.6500 subtask_sr=0.9196 (7.7s)
[scanC_stageC_risk_seed42_20260215_014509][Static] [Baselines] ep=69 (69/120) policy=Static (1/1) ...
[scanC_stageC_risk_seed42_20260215_014509][Static] [Baselines]   done reward=-0.0409 task_sr=0.6500 subtask_sr=0.9274 (8.2s)
[scanC_stageC_risk_seed42_20260215_014509][Static] [Baselines] ep=70 (70/120) policy=Static (1/1) ...
[scanC_stageC_risk_seed42_20260215_014509][Static] [Baselines]   done reward=-0.0586 task_sr=0.6500 subtask_sr=0.9262 (6.9s)
[scanC_stageC_risk_seed42_20260215_014509][Static] [Baselines] ep=71 (71/120) policy=Static (1/1) ...
[scanC_stageC_risk_seed42_20260215_014509][Static] [Baselines]   done reward=-0.0750 task_sr=0.5000 subtask_sr=0.8842 (7.4s)
[scanC_stageC_risk_seed42_20260215_014509][Static] [Baselines] ep=72 (72/120) policy=Static (1/1) ...
[scanC_stageC_risk_seed42_20260215_014509][Static] [Baselines]   done reward=-0.0822 task_sr=0.5000 subtask_sr=0.8156 (8.2s)
[scanC_stageC_risk_seed42_20260215_014509][Static] [Baselines] ep=73 (73/120) policy=Static (1/1) ...
[scanC_stageC_risk_seed42_20260215_014509][Static] [Baselines]   done reward=-0.0378 task_sr=0.8000 subtask_sr=0.9692 (7.3s)
[scanC_stageC_risk_seed42_20260215_014509][Static] [Baselines] ep=74 (74/120) policy=Static (1/1) ...
[scanC_stageC_risk_seed42_20260215_014509][Static] [Baselines]   done reward=-0.0548 task_sr=0.5500 subtask_sr=0.9597 (7.4s)
[scanC_stageC_risk_seed42_20260215_014509][Static] [Baselines] ep=75 (75/120) policy=Static (1/1) ...
[scanC_stageC_risk_seed42_20260215_014509][Static] [Baselines]   done reward=-0.0251 task_sr=0.9500 subtask_sr=0.9906 (6.8s)
[scanC_stageC_risk_seed42_20260215_014509][Static] [Baselines] ep=76 (76/120) policy=Static (1/1) ...
[scanC_stageC_risk_seed42_20260215_014509][Static] [Baselines]   done reward=-0.0514 task_sr=0.8500 subtask_sr=0.9736 (7.0s)
[scanC_stageC_risk_seed42_20260215_014509][Static] [Baselines] ep=77 (77/120) policy=Static (1/1) ...
[scanC_stageC_risk_seed42_20260215_014509][Static] [Baselines]   done reward=-0.0173 task_sr=0.5500 subtask_sr=0.9326 (7.5s)
[scanC_stageC_risk_seed42_20260215_014509][Static] [Baselines] ep=78 (78/120) policy=Static (1/1) ...
[scanC_stageC_risk_seed42_20260215_014509][Static] [Baselines]   done reward=-0.0386 task_sr=0.7000 subtask_sr=0.9182 (7.0s)
[scanC_stageC_risk_seed42_20260215_014509][Static] [Baselines] ep=79 (79/120) policy=Static (1/1) ...
[scanC_stageC_risk_seed42_20260215_014509][Static] [Baselines]   done reward=-0.0217 task_sr=0.2500 subtask_sr=0.6976 (9.6s)
[scanC_stageC_risk_seed42_20260215_014509][Static] [Baselines] ep=80 (80/120) policy=Static (1/1) ...
[scanC_stageC_risk_seed42_20260215_014509][Static] [Baselines]   done reward=-0.0648 task_sr=0.7500 subtask_sr=0.8792 (7.7s)
[scanC_stageC_risk_seed42_20260215_014509][Static] [Baselines] ep=81 (81/120) policy=Static (1/1) ...
[scanC_stageC_risk_seed42_20260215_014509][Static] [Baselines]   done reward=-0.0713 task_sr=0.9500 subtask_sr=0.9952 (5.9s)
[scanC_stageC_risk_seed42_20260215_014509][Static] [Baselines] ep=82 (82/120) policy=Static (1/1) ...
[scanC_stageC_risk_seed42_20260215_014509][Static] [Baselines]   done reward=-0.0418 task_sr=0.9500 subtask_sr=0.9953 (6.1s)
[scanC_stageC_risk_seed42_20260215_014509][Static] [Baselines] ep=83 (83/120) policy=Static (1/1) ...
[scanC_stageC_risk_seed42_20260215_014509][Static] [Baselines]   done reward=-0.1460 task_sr=0.9000 subtask_sr=0.9807 (6.9s)
[scanC_stageC_risk_seed42_20260215_014509][Static] [Baselines] ep=84 (84/120) policy=Static (1/1) ...
[scanC_stageC_risk_seed42_20260215_014509][Static] [Baselines]   done reward=-0.1016 task_sr=0.2000 subtask_sr=0.7488 (9.4s)
[scanC_stageC_risk_seed42_20260215_014509][Static] [Baselines] ep=85 (85/120) policy=Static (1/1) ...
[scanC_stageC_risk_seed42_20260215_014509][Static] [Baselines]   done reward=-0.0656 task_sr=0.6500 subtask_sr=0.9281 (7.9s)
[scanC_stageC_risk_seed42_20260215_014509][Static] [Baselines] ep=86 (86/120) policy=Static (1/1) ...
[scanC_stageC_risk_seed42_20260215_014509][Static] [Baselines]   done reward=-0.0810 task_sr=0.5000 subtask_sr=0.8867 (8.8s)
[scanC_stageC_risk_seed42_20260215_014509][Static] [Baselines] ep=87 (87/120) policy=Static (1/1) ...
[scanC_stageC_risk_seed42_20260215_014509][Static] [Baselines]   done reward=-0.0780 task_sr=0.8500 subtask_sr=0.9765 (6.8s)
[scanC_stageC_risk_seed42_20260215_014509][Static] [Baselines] ep=88 (88/120) policy=Static (1/1) ...
[scanC_stageC_risk_seed42_20260215_014509][Static] [Baselines]   done reward=-0.0124 task_sr=0.3500 subtask_sr=0.7470 (8.8s)
[scanC_stageC_risk_seed42_20260215_014509][Static] [Baselines] ep=89 (89/120) policy=Static (1/1) ...
[scanC_stageC_risk_seed42_20260215_014509][Static] [Baselines]   done reward=-0.0077 task_sr=0.9000 subtask_sr=0.9859 (6.3s)
[scanC_stageC_risk_seed42_20260215_014509][Static] [Baselines] ep=90 (90/120) policy=Static (1/1) ...
[scanC_stageC_risk_seed42_20260215_014509][Static] [Baselines]   done reward=-0.0611 task_sr=0.9500 subtask_sr=0.9977 (6.4s)
[scanC_stageC_risk_seed42_20260215_014509][Static] [Baselines] ep=91 (91/120) policy=Static (1/1) ...
[scanC_stageC_risk_seed42_20260215_014509][Static] [Baselines]   done reward=-0.0475 task_sr=0.8500 subtask_sr=0.9810 (7.6s)
[scanC_stageC_risk_seed42_20260215_014509][Static] [Baselines] ep=92 (92/120) policy=Static (1/1) ...
[scanC_stageC_risk_seed42_20260215_014509][Static] [Baselines]   done reward=-0.0976 task_sr=0.5000 subtask_sr=0.9282 (8.5s)
[scanC_stageC_risk_seed42_20260215_014509][Static] [Baselines] ep=93 (93/120) policy=Static (1/1) ...
[scanC_stageC_risk_seed42_20260215_014509][Static] [Baselines]   done reward=-0.1080 task_sr=0.6500 subtask_sr=0.9409 (7.3s)
[scanC_stageC_risk_seed42_20260215_014509][Static] [Baselines] ep=94 (94/120) policy=Static (1/1) ...
[scanC_stageC_risk_seed42_20260215_014509][Static] [Baselines]   done reward=-0.0239 task_sr=0.6000 subtask_sr=0.9284 (8.5s)
[scanC_stageC_risk_seed42_20260215_014509][Static] [Baselines] ep=95 (95/120) policy=Static (1/1) ...
[scanC_stageC_risk_seed42_20260215_014509][Static] [Baselines]   done reward=-0.0441 task_sr=0.5500 subtask_sr=0.9212 (7.9s)
[scanC_stageC_risk_seed42_20260215_014509][Static] [Baselines] ep=96 (96/120) policy=Static (1/1) ...
[scanC_stageC_risk_seed42_20260215_014509][Static] [Baselines]   done reward=-0.1163 task_sr=0.9000 subtask_sr=0.9976 (6.5s)
[scanC_stageC_risk_seed42_20260215_014509][Static] [Baselines] ep=97 (97/120) policy=Static (1/1) ...
[scanC_stageC_risk_seed42_20260215_014509][Static] [Baselines]   done reward=-0.0125 task_sr=0.9000 subtask_sr=0.9882 (7.5s)
[scanC_stageC_risk_seed42_20260215_014509][Static] [Baselines] ep=98 (98/120) policy=Static (1/1) ...
[scanC_stageC_risk_seed42_20260215_014509][Static] [Baselines]   done reward=-0.0304 task_sr=0.4000 subtask_sr=0.8454 (8.0s)
[scanC_stageC_risk_seed42_20260215_014509][Static] [Baselines] ep=99 (99/120) policy=Static (1/1) ...
[scanC_stageC_risk_seed42_20260215_014509][Static] [Baselines]   done reward=-0.0230 task_sr=0.8000 subtask_sr=0.9668 (6.9s)
[scanC_stageC_risk_seed42_20260215_014509][Static] [Baselines] ep=100 (100/120) policy=Static (1/1) ...
[scanC_stageC_risk_seed42_20260215_014509][Static] [Baselines]   done reward=-0.0730 task_sr=0.6500 subtask_sr=0.9479 (7.5s)
[scanC_stageC_risk_seed42_20260215_014509][Static] [Baselines] ep=101 (101/120) policy=Static (1/1) ...
[scanC_stageC_risk_seed42_20260215_014509][Static] [Baselines]   done reward=-0.0377 task_sr=0.8500 subtask_sr=0.9718 (7.2s)
[scanC_stageC_risk_seed42_20260215_014509][Static] [Baselines] ep=102 (102/120) policy=Static (1/1) ...
[scanC_stageC_risk_seed42_20260215_014509][Static] [Baselines]   done reward=-0.0839 task_sr=0.5500 subtask_sr=0.9308 (7.6s)
[scanC_stageC_risk_seed42_20260215_014509][Static] [Baselines] ep=103 (103/120) policy=Static (1/1) ...
[scanC_stageC_risk_seed42_20260215_014509][Static] [Baselines]   done reward=-0.0805 task_sr=0.8500 subtask_sr=0.9833 (6.6s)
[scanC_stageC_risk_seed42_20260215_014509][Static] [Baselines] ep=104 (104/120) policy=Static (1/1) ...
[scanC_stageC_risk_seed42_20260215_014509][Static] [Baselines]   done reward=-0.0234 task_sr=0.8000 subtask_sr=0.9691 (7.8s)
[scanC_stageC_risk_seed42_20260215_014509][Static] [Baselines] ep=105 (105/120) policy=Static (1/1) ...
[scanC_stageC_risk_seed42_20260215_014509][Static] [Baselines]   done reward=-0.0348 task_sr=0.3500 subtask_sr=0.8044 (7.6s)
[scanC_stageC_risk_seed42_20260215_014509][Static] [Baselines] ep=106 (106/120) policy=Static (1/1) ...
[scanC_stageC_risk_seed42_20260215_014509][Static] [Baselines]   done reward=-0.1384 task_sr=0.6000 subtask_sr=0.9450 (7.9s)
[scanC_stageC_risk_seed42_20260215_014509][Static] [Baselines] ep=107 (107/120) policy=Static (1/1) ...
[scanC_stageC_risk_seed42_20260215_014509][Static] [Baselines]   done reward=-0.0466 task_sr=0.8500 subtask_sr=0.9813 (6.4s)
[scanC_stageC_risk_seed42_20260215_014509][Static] [Baselines] ep=108 (108/120) policy=Static (1/1) ...
[scanC_stageC_risk_seed42_20260215_014509][Static] [Baselines]   done reward=-0.1301 task_sr=0.9000 subtask_sr=0.9858 (6.2s)
[scanC_stageC_risk_seed42_20260215_014509][Static] [Baselines] ep=109 (109/120) policy=Static (1/1) ...
[scanC_stageC_risk_seed42_20260215_014509][Static] [Baselines]   done reward=-0.0286 task_sr=0.9500 subtask_sr=0.9927 (7.3s)
[scanC_stageC_risk_seed42_20260215_014509][Static] [Baselines] ep=110 (110/120) policy=Static (1/1) ...
[scanC_stageC_risk_seed42_20260215_014509][Static] [Baselines]   done reward=-0.0599 task_sr=0.9000 subtask_sr=0.9904 (7.7s)
[scanC_stageC_risk_seed42_20260215_014509][Static] [Baselines] ep=111 (111/120) policy=Static (1/1) ...
[scanC_stageC_risk_seed42_20260215_014509][Static] [Baselines]   done reward=-0.0157 task_sr=0.6000 subtask_sr=0.9181 (7.8s)
[scanC_stageC_risk_seed42_20260215_014509][Static] [Baselines] ep=112 (112/120) policy=Static (1/1) ...
[scanC_stageC_risk_seed42_20260215_014509][Static] [Baselines]   done reward=-0.0281 task_sr=0.7500 subtask_sr=0.9310 (6.9s)
[scanC_stageC_risk_seed42_20260215_014509][Static] [Baselines] ep=113 (113/120) policy=Static (1/1) ...
[scanC_stageC_risk_seed42_20260215_014509][Static] [Baselines]   done reward=-0.0300 task_sr=0.8500 subtask_sr=0.9883 (8.2s)
[scanC_stageC_risk_seed42_20260215_014509][Static] [Baselines] ep=114 (114/120) policy=Static (1/1) ...
[scanC_stageC_risk_seed42_20260215_014509][Static] [Baselines]   done reward=-0.0090 task_sr=0.6000 subtask_sr=0.8673 (9.0s)
[scanC_stageC_risk_seed42_20260215_014509][Static] [Baselines] ep=115 (115/120) policy=Static (1/1) ...
[scanC_stageC_risk_seed42_20260215_014509][Static] [Baselines]   done reward=-0.1189 task_sr=0.9000 subtask_sr=0.9812 (6.8s)
[scanC_stageC_risk_seed42_20260215_014509][Static] [Baselines] ep=116 (116/120) policy=Static (1/1) ...
[scanC_stageC_risk_seed42_20260215_014509][Static] [Baselines]   done reward=-0.0283 task_sr=0.5500 subtask_sr=0.9043 (7.2s)
[scanC_stageC_risk_seed42_20260215_014509][Static] [Baselines] ep=117 (117/120) policy=Static (1/1) ...
[scanC_stageC_risk_seed42_20260215_014509][Static] [Baselines]   done reward=-0.1452 task_sr=0.6500 subtask_sr=0.9661 (6.2s)
[scanC_stageC_risk_seed42_20260215_014509][Static] [Baselines] ep=118 (118/120) policy=Static (1/1) ...
[scanC_stageC_risk_seed42_20260215_014509][Static] [Baselines]   done reward=-0.0561 task_sr=0.4500 subtask_sr=0.9349 (8.1s)
[scanC_stageC_risk_seed42_20260215_014509][Static] [Baselines] ep=119 (119/120) policy=Static (1/1) ...
[scanC_stageC_risk_seed42_20260215_014509][Static] [Baselines]   done reward=-0.0240 task_sr=0.8000 subtask_sr=0.9667 (6.9s)
[scanC_stageC_risk_seed42_20260215_014509][Static] [Baselines] ep=120 (120/120) policy=Static (1/1) ...
[scanC_stageC_risk_seed42_20260215_014509][Static] [Baselines]   done reward=-0.0170 task_sr=0.9000 subtask_sr=0.9928 (5.8s)
[scanC_stageC_risk_seed42_20260215_014509][Static] ✓ Baseline stats saved: /Users/qiutao/研/毕设/毕设/vecOffloadingSim/runs/scanC_stageC_risk_seed42_20260215_014509/logs/baseline_parts/Static.csv
[scanC_stageC_risk_seed42_20260215_014509][Static] 结果摘要 (均值):
[scanC_stageC_risk_seed42_20260215_014509][Static]   Static     reward=-0.0562 task_sr=0.6921 subtask_sr=0.9288
