[ConfigEffective] USE_SIMPLIFIED_CRITIC=False COMMWAIT_DIRECT_TO_CRITIC=True USE_LOGIT_BIAS=True USE_FIXED_POWER=False CTDE_GLOBAL_DIM=30 GLOBAL_STATE_SOURCE=train_ctde_override
[ScaleCheck] UNIFIED cap: step<=~0.335 ep<=~67.0 term=24.0 ep/term=2.79 (Td_min=0.40s, DT=0.10s, i_cap=3, e_cap=1.5)
[ConfigDump] saved: /root/vecOffloadingSim/runs/mainline_train_3000ep_gpu_20260311_001142/config_dump.json
[ConfigSnapshot] saved: /root/vecOffloadingSim/runs/mainline_train_3000ep_gpu_20260311_001142/logs/config_snapshot.json
[RunMeta] saved: /root/vecOffloadingSim/runs/mainline_train_3000ep_gpu_20260311_001142/run_meta.json

======================================================================================================================
[Train] MAPPO VEC training started
======================================================================================================================
[Run] id=mainline_train_3000ep_gpu_20260311_001142 seed=42 device=cuda reward=UNIFIED candidate=ALL (all_feasible=True)
[Train] episodes=3000 steps/ep=200 eval_interval=1 save_interval=100 baseline_eval=off
[Scenario] vehicles=20 rsu=3 map=2000.0m lanes=2 v2v_range=250.0m rsu_range=350.0m
[Physics] BW_V2I=10.00MHz BW_V2V=20.00MHz RB=10 Ptx=[0.0200,0.1995]W (13.0,23.0 dBm) DT=0.100s
[ScaleCheck] UNIFIED nominal: E_loc=9J E_tx=0.00750952J r_time=-0.0035 r_energy=-0.0115039 r_interf=-0.03 (B_RB=2e+06Hz, SNR=20dB, dt=0.1, Td=10, rho=0.7)
[Compute] f_local=[0.50,2.00]GHz f_rsu=8.00GHz
[PPO] lr=2.00e-04 gamma=0.995 gae=0.950 clip=0.250 ent=0.012 batch=256 epochs=5 d_model=128 layers=2
[Logging] step_metrics=off step_logs=off tb_obs=on
[Paths] run=/root/vecOffloadingSim/runs/mainline_train_3000ep_gpu_20260311_001142
[Paths] logs=/root/vecOffloadingSim/runs/mainline_train_3000ep_gpu_20260311_001142/logs  models=/root/vecOffloadingSim/runs/mainline_train_3000ep_gpu_20260311_001142/models  plots=/root/vecOffloadingSim/runs/mainline_train_3000ep_gpu_20260311_001142/plots
======================================================================================================================


    Ep    Wall    R/step     T_SR     V_SR     S_SR            L/R/V   Lat(s)       En     Miss      Ill      Ent       KL     Clip
--------------------------------------------------------------------------------------------------------------------------------
     1    22.0s   -0.0009    15.0%    15.0%    62.7%      27%/45%/28%    1.523    0.136    85.0%     0.0%   1.9098   0.0090     7.9%
  [MA20] reward=-0.0009 task_sr=15.0% miss=85.0% time_limit=100.0% v2v=28.0%
  [PPO ] p_loss=-0.0076 v_loss=7.3513 entropy=1.9098 grad=23.5668 active=100.0%
  [SIM ] avg_power(a)=0.5005 rsu_q=0.170 tx=123 no_tx=45 deadlock=0 svc=2.634GHz idle=0.0%
  → Best model saved: sr=0.150 miss=0.850 tl=1.000 cft=1.523 illegal=0.000
     2    18.1s   -0.0011    10.0%    10.0%    67.2%      29%/44%/27%    2.165    0.079    85.0%     0.0%   1.9208   0.0051     5.5%
     3    20.9s   -0.0012     5.0%     5.0%    66.0%      21%/42%/37%    2.240    0.100    95.0%     0.0%   1.8729   0.0145     7.1%
     4    21.1s   -0.0006    20.0%    20.0%    65.7%      18%/51%/31%    1.859    0.023    80.0%     0.0%   1.7813   0.0008     3.8%
     5    17.5s   -0.0005    25.0%    25.0%    75.1%      21%/55%/24%    1.714    0.036    75.0%     0.0%   1.7307   0.0154     5.7%
     6    19.2s   -0.0005    25.0%    25.0%    69.3%      18%/54%/28%    2.003    0.058    75.0%     0.0%   1.6746   0.0210     6.2%
     7    19.7s   -0.0006    25.0%    25.0%    68.2%      17%/64%/19%    2.504    0.161    75.0%     0.0%   1.6394   0.0126     4.7%
     8    20.0s   -0.0004    30.0%    30.0%    66.9%      13%/66%/21%    1.715    0.028    65.0%     0.0%   1.6387   0.0039     6.3%
     9    19.4s   -0.0002    25.0%    25.0%    72.7%      17%/62%/20%    2.100    0.023    75.0%     0.0%   1.6355   0.0093     6.9%
    10    17.2s   -0.0004    25.0%    25.0%    75.9%      17%/65%/18%    1.710    0.032    75.0%     0.0%   1.4627   0.0141     8.4%
  [MA20] reward=-0.0006 task_sr=20.5% miss=78.5% time_limit=100.0% v2v=25.4%
  [PPO ] p_loss=8.79e-05 v_loss=0.9200 entropy=1.4627 grad=4.7203 active=100.0%
  [SIM ] avg_power(a)=0.5021 rsu_q=0.430 tx=152 no_tx=31 deadlock=0 svc=3.127GHz idle=0.0%
  → Best model saved: sr=0.205 miss=0.785 tl=1.000 cft=1.953 illegal=0.000
    11    17.3s   -0.0003    35.0%    35.0%    75.9%      13%/71%/15%    2.112    0.022    65.0%     0.0%   1.3004   0.0059     9.5%
    12    17.4s    0.0003    45.0%    45.0%    84.1%       9%/81%/10%    2.007    0.020    55.0%     0.0%   1.1985   0.0040     6.8%
    13     7.4s    0.0011    55.0%    55.0%    90.9%       7%/84%/10%    2.127    0.083    45.0%     0.0%   1.0253   0.0078     5.4%
    14    14.9s    0.0005    55.0%    55.0%    80.3%        4%/89%/7%    1.792    0.020    40.0%     0.0%   0.9457   0.0126     5.3%
    15    17.3s   -0.0001    35.0%    35.0%    80.2%        4%/90%/6%    1.937    0.021    65.0%     0.0%   0.8577   0.0046     4.1%
    16    14.6s    0.0007    65.0%    65.0%    93.0%        3%/90%/6%    1.866    0.018    35.0%     0.0%   0.7372   0.0150     5.3%
    17    14.2s    0.0002    45.0%    45.0%    81.7%        3%/96%/1%    1.682    0.022    50.0%     0.0%   0.7503  -0.0014     4.0%
    18    15.2s    0.0011    75.0%    75.0%    90.7%        2%/97%/1%    1.823    0.017    25.0%     0.0%   0.6496   0.0027     2.0%
    19     7.1s    0.0024    55.0%    55.0%    75.3%        2%/97%/2%    1.834    0.169    45.0%     0.0%   0.5997   0.0021     1.6%
    20     4.2s    0.0106    85.0%    85.0%    97.9%        1%/98%/1%    1.745    0.086    15.0%     0.0%   0.5449   0.0064     1.3%
  [MA20] reward=0.0005 task_sr=37.8% miss=61.3% time_limit=85.0% v2v=15.6%
  [PPO ] p_loss=0.0026 v_loss=8.8753 entropy=0.5449 grad=15.3188 active=100.0%
  [SIM ] avg_power(a)=0.4919 rsu_q=6.231 tx=228 no_tx=3 deadlock=0 svc=32.886GHz idle=11.5%
  → Best model saved: sr=0.378 miss=0.613 tl=0.850 cft=1.923 illegal=0.000

    Ep    Wall    R/step     T_SR     V_SR     S_SR            L/R/V   Lat(s)       En     Miss      Ill      Ent       KL     Clip
--------------------------------------------------------------------------------------------------------------------------------
    21    16.6s    0.0002    50.0%    50.0%    78.3%        1%/97%/2%    1.808    0.017    50.0%     0.0%   0.5211  -0.0014     3.9%
    22    13.7s    0.0015    85.0%    85.0%    93.9%        1%/98%/1%    1.740    0.011    15.0%     0.0%   0.5160   0.0157     1.8%
    23    15.5s    0.0008    65.0%    65.0%    75.0%        1%/98%/2%    1.596    0.019    35.0%     0.0%   0.5786   0.0025     3.5%
    24    15.4s    0.0014    85.0%    85.0%    92.4%        1%/99%/0%    1.712    0.009    15.0%     0.0%   0.5202   0.0034     2.2%
    25    15.4s    0.0009    70.0%    70.0%    92.3%        0%/99%/1%    1.864    0.019    30.0%     0.0%   0.5053   0.0005     1.3%
    26     4.6s    0.0118    90.0%    90.0%    99.2%        1%/98%/1%    1.817    0.085    10.0%     0.0%   0.4693  -0.0018     0.6%
    27    16.2s    0.0005    55.0%    55.0%    80.3%        0%/98%/1%    1.656    0.025    45.0%     0.0%   0.5676   0.0124     3.2%
    28    15.0s    0.0002    50.0%    50.0%    75.8%       0%/100%/0%    1.719    0.023    50.0%     0.0%   0.5702   0.0004     0.0%
    29    14.9s    0.0008    60.0%    60.0%    85.6%       0%/100%/0%    1.718    0.020    35.0%     0.0%   0.5734   0.0081     1.5%
    30     5.6s    0.0048    65.0%    65.0%    89.8%        1%/99%/0%    1.885    0.123    35.0%     0.0%   0.4995   0.0017     0.6%
  [MA20] reward=0.0020 task_sr=61.3% miss=38.0% time_limit=75.0% v2v=3.4%
  [PPO ] p_loss=0.0005 v_loss=8.0186 entropy=0.4995 grad=28.3734 active=100.0%
  [SIM ] avg_power(a)=0.5096 rsu_q=5.567 tx=221 no_tx=2 deadlock=0 svc=27.121GHz idle=6.7%
  → Best model saved: sr=0.477 miss=0.515 tl=0.833 cft=1.866 illegal=0.000
    31    14.0s    0.0013    75.0%    75.0%    93.4%        1%/98%/1%    1.815    0.018    20.0%     0.0%   0.4838  -0.0054     1.3%
    32    15.6s    0.0007    65.0%    65.0%    83.9%       0%/100%/0%    1.847    0.021    35.0%     0.0%   0.5408   0.0109     2.6%
    33    16.3s    0.0012    80.0%    80.0%    90.4%       0%/100%/0%    1.718    0.017    20.0%     0.0%   0.5246  -0.0058     1.0%
    34    14.8s    0.0008    65.0%    65.0%    82.8%        1%/98%/1%    1.772    0.020    35.0%     0.0%   0.5362   0.0090     3.7%
    35    14.3s    0.0012    80.0%    80.0%    91.9%        0%/98%/2%    1.813    0.010    20.0%     0.0%   0.5485   0.0100     2.4%
    36    15.2s    0.0011    75.0%    75.0%    90.0%       0%/100%/0%    1.766    0.013    25.0%     0.0%   0.4851   0.0019     0.4%
    37    14.2s    0.0014    85.0%    85.0%    92.5%       0%/100%/0%    1.843    0.012    15.0%     0.0%   0.4585  -0.0027     0.5%
    38    15.2s    0.0012    75.0%    75.0%    90.0%       0%/100%/0%    2.017    0.017    20.0%     0.0%   0.4811   0.0011     0.6%
    39    14.3s    0.0010    75.0%    75.0%    93.9%        0%/99%/1%    1.856    0.015    25.0%     0.0%   0.4484  -0.0042     1.8%
    40    14.3s    0.0005    60.0%    60.0%    86.2%       0%/100%/0%    1.806    0.020    40.0%     0.0%   0.5159   0.0050     1.6%
  [MA20] reward=0.0017 task_sr=70.5% miss=28.8% time_limit=90.0% v2v=0.7%
  [PPO ] p_loss=-0.0026 v_loss=0.8797 entropy=0.5159 grad=6.7507 active=100.0%
  [SIM ] avg_power(a)=0.5231 rsu_q=0.695 tx=213 no_tx=1 deadlock=0 svc=3.443GHz idle=0.0%
  → Best model saved: sr=0.541 miss=0.450 tl=0.875 cft=1.856 illegal=0.000

    Ep    Wall    R/step     T_SR     V_SR     S_SR            L/R/V   Lat(s)       En     Miss      Ill      Ent       KL     Clip
--------------------------------------------------------------------------------------------------------------------------------
    41     6.1s    0.0047    65.0%    65.0%    91.5%       0%/100%/0%    2.050    0.141    35.0%     0.0%   0.4253  -0.0006     0.2%
    42    17.1s    0.0004    55.0%    55.0%    84.3%       0%/100%/0%    1.879    0.019    45.0%     0.0%   0.3629   0.0005     1.6%
    43    15.5s    0.0002    50.0%    50.0%    81.9%       0%/100%/0%    1.788    0.022    50.0%     0.0%   0.4713  -0.0021     2.1%
    44     4.0s    0.0146    95.0%    95.0%    99.1%       0%/100%/0%    1.621    0.087     5.0%     0.0%   0.3581   0.0035     0.1%
    45    17.5s    0.0004    55.0%    55.0%    68.1%       0%/100%/0%    1.673    0.021    45.0%     0.0%   0.4718   0.0074     2.7%
    46    16.2s    0.0002    50.0%    50.0%    76.1%       0%/100%/0%    1.828    0.028    50.0%     0.0%   0.4352   0.0034     0.5%
    47     4.3s    0.0108    85.0%    85.0%    97.5%       0%/100%/0%    1.868    0.128    15.0%     0.0%   0.3984   0.0012     0.1%
    48    13.9s    0.0015    80.0%    80.0%    91.6%       0%/100%/0%    1.763    0.016    15.0%     0.0%   0.4087   0.0026     1.5%
    49    13.5s    0.0015    85.0%    85.0%    89.7%       0%/100%/0%    1.687    0.014    10.0%     0.0%   0.4024   0.0057     0.6%
    50    14.2s    0.0009    70.0%    70.0%    91.6%       0%/100%/0%    1.667    0.013    30.0%     0.0%   0.3930   0.0055     1.9%
  [MA20] reward=0.0023 task_sr=71.2% miss=27.7% time_limit=85.0% v2v=0.3%
  [PPO ] p_loss=0.0029 v_loss=0.9595 entropy=0.3930 grad=6.5559 active=100.0%
  [SIM ] avg_power(a)=0.5412 rsu_q=0.610 tx=211 no_tx=0 deadlock=0 svc=3.419GHz idle=0.0%
  → Best model saved: sr=0.571 miss=0.420 tl=0.840 cft=1.841 illegal=0.000
    51    14.4s    0.0007    65.0%    65.0%    90.0%       0%/100%/0%    1.638    0.020    35.0%     0.0%   0.4510  -0.0049     1.8%
    52    16.3s    0.0004    55.0%    55.0%    77.2%       0%/100%/0%    1.745    0.025    45.0%     0.0%   0.4438   0.0033     0.3%
    53    13.8s    0.0015    90.0%    90.0%    95.5%       0%/100%/0%    1.983    0.017    10.0%     0.0%   0.3821  -0.0007     0.2%
    54    14.3s    0.0012    75.0%    75.0%    84.0%       0%/100%/0%    1.661    0.017    25.0%     0.0%   0.4328   0.0017     0.4%
    55    14.5s    0.0012    80.0%    80.0%    96.3%       0%/100%/0%    1.918    0.015    20.0%     0.0%   0.4630   0.0019     2.1%
    56    14.1s    0.0014    85.0%    85.0%    94.5%       0%/100%/0%    1.633    0.012    15.0%     0.0%   0.3860  -0.0001     0.2%
    57     6.2s    0.0003    45.0%    45.0%    80.3%       0%/100%/0%    1.823    0.201    55.0%     0.0%   0.4038  -0.0007     0.1%
    58    15.6s    0.0009    65.0%    65.0%    79.7%       0%/100%/0%    1.729    0.020    35.0%     0.0%   0.4612   0.0044     2.4%
    59     6.1s    0.0024    55.0%    55.0%    92.6%       0%/100%/0%    2.097    0.132    45.0%     0.0%   0.4022   0.0036     0.0%
    60    15.1s    0.0008    70.0%    70.0%    95.0%       0%/100%/0%    2.011    0.014    30.0%     0.0%   0.4175   0.0060     0.7%
  [MA20] reward=0.0023 task_sr=68.8% miss=30.8% time_limit=75.0% v2v=0.0%
  [PPO ] p_loss=-0.0044 v_loss=2.3601 entropy=0.4175 grad=16.5523 active=100.0%
  [SIM ] avg_power(a)=0.5507 rsu_q=0.875 tx=251 no_tx=0 deadlock=0 svc=4.189GHz idle=0.0%
  → Best model saved: sr=0.667 miss=0.326 tl=0.800 cft=1.815 illegal=0.000

    Ep    Wall    R/step     T_SR     V_SR     S_SR            L/R/V   Lat(s)       En     Miss      Ill      Ent       KL     Clip
--------------------------------------------------------------------------------------------------------------------------------
    61    15.1s    0.0009    70.0%    70.0%    87.8%       0%/100%/0%    1.712    0.016    30.0%     0.0%   0.4097  -0.0002     0.6%
    62    15.5s    0.0009    70.0%    70.0%    83.3%       0%/100%/0%    1.714    0.019    30.0%     0.0%   0.3989   0.0101     2.4%
