[2026-03-11 00:27:09] Abnormal termination
run_id=mainline_train_3000ep_gpu_20260311_001142
run_dir=/root/vecOffloadingSim/runs/mainline_train_3000ep_gpu_20260311_001142
episode=63
step=46
exception=KeyboardInterrupt: 
traceback:
Traceback (most recent call last):
  File "/root/vecOffloadingSim/train.py", line 4280, in <module>
    main()
  File "/root/vecOffloadingSim/train.py", line 2450, in main
    action_dict = agent.select_action(obs_list, deterministic=False)
  File "/root/vecOffloadingSim/agents/mappo_agent.py", line 89, in select_action
    ) = self.network.get_action_and_value(obs_list, deterministic=deterministic, device=self.device)
  File "/root/vecOffloadingSim/models/offloading_policy.py", line 572, in get_action_and_value
    subtask_logits, target_logits, alpha, beta, values_env, cost_power_values, cost_trust_values = self.forward(
  File "/root/vecOffloadingSim/models/offloading_policy.py", line 533, in forward
    subtask_logits, target_logits, alpha, beta, value, cost_power_value, cost_trust_value = self.actor_critic(
  File "/root/miniconda3/lib/python3.10/site-packages/torch/nn/modules/module.py", line 1518, in _wrapped_call_impl
    return self._call_impl(*args, **kwargs)
  File "/root/miniconda3/lib/python3.10/site-packages/torch/nn/modules/module.py", line 1527, in _call_impl
    return forward_call(*args, **kwargs)
  File "/root/vecOffloadingSim/models/actor_critic.py", line 871, in forward
    value, cost_power_value, cost_trust_value = self.forward_critic(
  File "/root/vecOffloadingSim/models/actor_critic.py", line 808, in forward_critic
    cost_power = self._run_critic(
  File "/root/vecOffloadingSim/models/actor_critic.py", line 780, in _run_critic
    value = head(
  File "/root/miniconda3/lib/python3.10/site-packages/torch/nn/modules/module.py", line 1518, in _wrapped_call_impl
    return self._call_impl(*args, **kwargs)
  File "/root/miniconda3/lib/python3.10/site-packages/torch/nn/modules/module.py", line 1527, in _call_impl
    return forward_call(*args, **kwargs)
  File "/root/vecOffloadingSim/models/actor_critic.py", line 377, in forward
    attn_scores = self.attention_weight(dag_features)  # [B, N, 1]
  File "/root/miniconda3/lib/python3.10/site-packages/torch/nn/modules/module.py", line 1518, in _wrapped_call_impl
    return self._call_impl(*args, **kwargs)
  File "/root/miniconda3/lib/python3.10/site-packages/torch/nn/modules/module.py", line 1527, in _call_impl
    return forward_call(*args, **kwargs)
  File "/root/miniconda3/lib/python3.10/site-packages/torch/nn/modules/linear.py", line 114, in forward
    return F.linear(input, self.weight, self.bias)
KeyboardInterrupt

