[2026-03-20 00:48:08] Abnormal termination
run_id=run_20260320_004651
run_dir=/Users/qiutao/研/毕设/毕设/vecOffloadingSim/runs/run_20260320_004651
episode=11
step=17
exception=AssertionError: ❌ _mark_done位置未定: subtask=7, exec_loc=None
traceback:
Traceback (most recent call last):
  File "/Users/qiutao/研/毕设/毕设/vecOffloadingSim/train.py", line 4138, in <module>
    main()
    ~~~~^^
  File "/Users/qiutao/研/毕设/毕设/vecOffloadingSim/train.py", line 2310, in main
    next_obs_list, rewards, terminated, truncated, info = env.step(actions)
                                                          ~~~~~~~~^^^^^^^^^
  File "/Users/qiutao/研/毕设/毕设/vecOffloadingSim/envs/vec_offloading_env.py", line 4662, in step
    cpu_result = self._phase4_advance_cpu_queues()
  File "/Users/qiutao/研/毕设/毕设/vecOffloadingSim/envs/vec_offloading_env.py", line 4184, in _phase4_advance_cpu_queues
    self._dag_handler.on_compute_done(
    ~~~~~~~~~~~~~~~~~~~~~~~~~~~~~~~~~^
        job, v, finish_time,
        ^^^^^^^^^^^^^^^^^^^^
    ...<2 lines>...
        rsus=self.rsus
        ^^^^^^^^^^^^^^
    )
    ^
  File "/Users/qiutao/研/毕设/毕设/vecOffloadingSim/envs/services/dag_completion_handler.py", line 177, in on_compute_done
    dag._mark_done(subtask_id, done_time=finish_time)
    ~~~~~~~~~~~~~~^^^^^^^^^^^^^^^^^^^^^^^^^^^^^^^^^^^
  File "/Users/qiutao/研/毕设/毕设/vecOffloadingSim/envs/entities/task_dag.py", line 572, in _mark_done
    assert self.exec_locations[subtask_id] is not None, (
           ^^^^^^^^^^^^^^^^^^^^^^^^^^^^^^^^^^^^^^^^^^^
AssertionError: ❌ _mark_done位置未定: subtask=7, exec_loc=None

