[scanC_stageC_risk_seed42_20260215_014509][EFT] [Baselines] run_dir=/Users/qiutao/研/毕设/毕设/vecOffloadingSim/runs/scanC_stageC_risk_seed42_20260215_014509
[scanC_stageC_risk_seed42_20260215_014509][EFT] [Baselines] num_episodes=120 seed=42 max_steps=200
[scanC_stageC_risk_seed42_20260215_014509][EFT] [Baselines] policies=['EFT']
[scanC_stageC_risk_seed42_20260215_014509][EFT] [Baselines] ep=1 (1/120) policy=EFT (1/1) ...
[scanC_stageC_risk_seed42_20260215_014509][EFT] [Baselines]   done reward=-0.0934 task_sr=0.2000 subtask_sr=0.6587 (12.8s)
[scanC_stageC_risk_seed42_20260215_014509][EFT] [Baselines] ep=2 (2/120) policy=EFT (1/1) ...
[scanC_stageC_risk_seed42_20260215_014509][EFT] [Baselines]   done reward=-0.1849 task_sr=0.5500 subtask_sr=0.7658 (11.0s)
[scanC_stageC_risk_seed42_20260215_014509][EFT] [Baselines] ep=3 (3/120) policy=EFT (1/1) ...
[scanC_stageC_risk_seed42_20260215_014509][EFT] [Baselines]   done reward=-0.2012 task_sr=0.4000 subtask_sr=0.6874 (11.9s)
[scanC_stageC_risk_seed42_20260215_014509][EFT] [Baselines] ep=4 (4/120) policy=EFT (1/1) ...
[scanC_stageC_risk_seed42_20260215_014509][EFT] [Baselines]   done reward=-0.2645 task_sr=0.2500 subtask_sr=0.6484 (13.4s)
[scanC_stageC_risk_seed42_20260215_014509][EFT] [Baselines] ep=5 (5/120) policy=EFT (1/1) ...
[scanC_stageC_risk_seed42_20260215_014509][EFT] [Baselines]   done reward=-0.2033 task_sr=0.3500 subtask_sr=0.6445 (12.4s)
[scanC_stageC_risk_seed42_20260215_014509][EFT] [Baselines] ep=6 (6/120) policy=EFT (1/1) ...
[scanC_stageC_risk_seed42_20260215_014509][EFT] [Baselines]   done reward=-0.1512 task_sr=0.2000 subtask_sr=0.5277 (13.9s)
[scanC_stageC_risk_seed42_20260215_014509][EFT] [Baselines] ep=7 (7/120) policy=EFT (1/1) ...
[scanC_stageC_risk_seed42_20260215_014509][EFT] [Baselines]   done reward=-0.2394 task_sr=0.3000 subtask_sr=0.6195 (13.0s)
[scanC_stageC_risk_seed42_20260215_014509][EFT] [Baselines] ep=8 (8/120) policy=EFT (1/1) ...
[scanC_stageC_risk_seed42_20260215_014509][EFT] [Baselines]   done reward=-0.1323 task_sr=0.1500 subtask_sr=0.4988 (14.0s)
[scanC_stageC_risk_seed42_20260215_014509][EFT] [Baselines] ep=9 (9/120) policy=EFT (1/1) ...
[scanC_stageC_risk_seed42_20260215_014509][EFT] [Baselines]   done reward=-0.1995 task_sr=0.3000 subtask_sr=0.5995 (13.5s)
[scanC_stageC_risk_seed42_20260215_014509][EFT] [Baselines] ep=10 (10/120) policy=EFT (1/1) ...
[scanC_stageC_risk_seed42_20260215_014509][EFT] [Baselines]   done reward=-0.2553 task_sr=0.4500 subtask_sr=0.8741 (11.8s)
[scanC_stageC_risk_seed42_20260215_014509][EFT] [Baselines] ep=11 (11/120) policy=EFT (1/1) ...
[scanC_stageC_risk_seed42_20260215_014509][EFT] [Baselines]   done reward=-0.1170 task_sr=0.2000 subtask_sr=0.6019 (13.0s)
[scanC_stageC_risk_seed42_20260215_014509][EFT] [Baselines] ep=12 (12/120) policy=EFT (1/1) ...
[scanC_stageC_risk_seed42_20260215_014509][EFT] [Baselines]   done reward=-0.3062 task_sr=0.4000 subtask_sr=0.7457 (10.8s)
[scanC_stageC_risk_seed42_20260215_014509][EFT] [Baselines] ep=13 (13/120) policy=EFT (1/1) ...
[scanC_stageC_risk_seed42_20260215_014509][EFT] [Baselines]   done reward=-0.2921 task_sr=0.3000 subtask_sr=0.5888 (13.3s)
[scanC_stageC_risk_seed42_20260215_014509][EFT] [Baselines] ep=14 (14/120) policy=EFT (1/1) ...
[scanC_stageC_risk_seed42_20260215_014509][EFT] [Baselines]   done reward=-0.4089 task_sr=0.1500 subtask_sr=0.5798 (13.6s)
[scanC_stageC_risk_seed42_20260215_014509][EFT] [Baselines] ep=15 (15/120) policy=EFT (1/1) ...
[scanC_stageC_risk_seed42_20260215_014509][EFT] [Baselines]   done reward=-0.0978 task_sr=0.2000 subtask_sr=0.4667 (14.5s)
[scanC_stageC_risk_seed42_20260215_014509][EFT] [Baselines] ep=16 (16/120) policy=EFT (1/1) ...
[scanC_stageC_risk_seed42_20260215_014509][EFT] [Baselines]   done reward=-0.3016 task_sr=0.3000 subtask_sr=0.6120 (13.8s)
[scanC_stageC_risk_seed42_20260215_014509][EFT] [Baselines] ep=17 (17/120) policy=EFT (1/1) ...
[scanC_stageC_risk_seed42_20260215_014509][EFT] [Baselines]   done reward=-0.1611 task_sr=0.3000 subtask_sr=0.6005 (13.4s)
[scanC_stageC_risk_seed42_20260215_014509][EFT] [Baselines] ep=18 (18/120) policy=EFT (1/1) ...
[scanC_stageC_risk_seed42_20260215_014509][EFT] [Baselines]   done reward=-0.1633 task_sr=0.2000 subtask_sr=0.4745 (14.5s)
[scanC_stageC_risk_seed42_20260215_014509][EFT] [Baselines] ep=19 (19/120) policy=EFT (1/1) ...
[scanC_stageC_risk_seed42_20260215_014509][EFT] [Baselines]   done reward=-0.3224 task_sr=0.6000 subtask_sr=0.8985 (8.3s)
[scanC_stageC_risk_seed42_20260215_014509][EFT] [Baselines] ep=20 (20/120) policy=EFT (1/1) ...
[scanC_stageC_risk_seed42_20260215_014509][EFT] [Baselines]   done reward=-0.2998 task_sr=0.5500 subtask_sr=0.8106 (11.4s)
[scanC_stageC_risk_seed42_20260215_014509][EFT] [Baselines] ep=21 (21/120) policy=EFT (1/1) ...
[scanC_stageC_risk_seed42_20260215_014509][EFT] [Baselines]   done reward=-0.2618 task_sr=0.1500 subtask_sr=0.5501 (14.4s)
[scanC_stageC_risk_seed42_20260215_014509][EFT] [Baselines] ep=22 (22/120) policy=EFT (1/1) ...
[scanC_stageC_risk_seed42_20260215_014509][EFT] [Baselines]   done reward=-0.2096 task_sr=0.3500 subtask_sr=0.7415 (12.8s)
[scanC_stageC_risk_seed42_20260215_014509][EFT] [Baselines] ep=23 (23/120) policy=EFT (1/1) ...
[scanC_stageC_risk_seed42_20260215_014509][EFT] [Baselines]   done reward=-0.1358 task_sr=0.2500 subtask_sr=0.5629 (14.0s)
[scanC_stageC_risk_seed42_20260215_014509][EFT] [Baselines] ep=24 (24/120) policy=EFT (1/1) ...
[scanC_stageC_risk_seed42_20260215_014509][EFT] [Baselines]   done reward=-0.3071 task_sr=0.2500 subtask_sr=0.5947 (13.2s)
[scanC_stageC_risk_seed42_20260215_014509][EFT] [Baselines] ep=25 (25/120) policy=EFT (1/1) ...
[scanC_stageC_risk_seed42_20260215_014509][EFT] [Baselines]   done reward=-0.1358 task_sr=0.3000 subtask_sr=0.5587 (13.5s)
[scanC_stageC_risk_seed42_20260215_014509][EFT] [Baselines] ep=26 (26/120) policy=EFT (1/1) ...
[scanC_stageC_risk_seed42_20260215_014509][EFT] [Baselines]   done reward=-0.5370 task_sr=0.4500 subtask_sr=0.7386 (9.3s)
[scanC_stageC_risk_seed42_20260215_014509][EFT] [Baselines] ep=27 (27/120) policy=EFT (1/1) ...
[scanC_stageC_risk_seed42_20260215_014509][EFT] [Baselines]   done reward=-0.1804 task_sr=0.2000 subtask_sr=0.6061 (13.7s)
[scanC_stageC_risk_seed42_20260215_014509][EFT] [Baselines] ep=28 (28/120) policy=EFT (1/1) ...
[scanC_stageC_risk_seed42_20260215_014509][EFT] [Baselines]   done reward=-0.1998 task_sr=0.4000 subtask_sr=0.7282 (12.3s)
[scanC_stageC_risk_seed42_20260215_014509][EFT] [Baselines] ep=29 (29/120) policy=EFT (1/1) ...
[scanC_stageC_risk_seed42_20260215_014509][EFT] [Baselines]   done reward=-0.2041 task_sr=0.2500 subtask_sr=0.6618 (13.0s)
[scanC_stageC_risk_seed42_20260215_014509][EFT] [Baselines] ep=30 (30/120) policy=EFT (1/1) ...
[scanC_stageC_risk_seed42_20260215_014509][EFT] [Baselines]   done reward=-0.1752 task_sr=0.3000 subtask_sr=0.5621 (11.7s)
[scanC_stageC_risk_seed42_20260215_014509][EFT] [Baselines] ep=31 (31/120) policy=EFT (1/1) ...
[scanC_stageC_risk_seed42_20260215_014509][EFT] [Baselines]   done reward=-0.1164 task_sr=0.2500 subtask_sr=0.5372 (14.0s)
[scanC_stageC_risk_seed42_20260215_014509][EFT] [Baselines] ep=32 (32/120) policy=EFT (1/1) ...
[scanC_stageC_risk_seed42_20260215_014509][EFT] [Baselines]   done reward=-0.1804 task_sr=0.4500 subtask_sr=0.7500 (12.0s)
[scanC_stageC_risk_seed42_20260215_014509][EFT] [Baselines] ep=33 (33/120) policy=EFT (1/1) ...
[scanC_stageC_risk_seed42_20260215_014509][EFT] [Baselines]   done reward=-0.2937 task_sr=0.2000 subtask_sr=0.5540 (14.5s)
[scanC_stageC_risk_seed42_20260215_014509][EFT] [Baselines] ep=34 (34/120) policy=EFT (1/1) ...
[scanC_stageC_risk_seed42_20260215_014509][EFT] [Baselines]   done reward=-0.1043 task_sr=0.4500 subtask_sr=0.7136 (13.0s)
[scanC_stageC_risk_seed42_20260215_014509][EFT] [Baselines] ep=35 (35/120) policy=EFT (1/1) ...
[scanC_stageC_risk_seed42_20260215_014509][EFT] [Baselines]   done reward=-0.3198 task_sr=0.5500 subtask_sr=0.8337 (8.9s)
[scanC_stageC_risk_seed42_20260215_014509][EFT] [Baselines] ep=36 (36/120) policy=EFT (1/1) ...
[scanC_stageC_risk_seed42_20260215_014509][EFT] [Baselines]   done reward=-0.2971 task_sr=0.3000 subtask_sr=0.6357 (14.7s)
[scanC_stageC_risk_seed42_20260215_014509][EFT] [Baselines] ep=37 (37/120) policy=EFT (1/1) ...
[scanC_stageC_risk_seed42_20260215_014509][EFT] [Baselines]   done reward=-0.2389 task_sr=0.6000 subtask_sr=0.8009 (11.8s)
[scanC_stageC_risk_seed42_20260215_014509][EFT] [Baselines] ep=38 (38/120) policy=EFT (1/1) ...
[scanC_stageC_risk_seed42_20260215_014509][EFT] [Baselines]   done reward=-0.3153 task_sr=0.2000 subtask_sr=0.5564 (14.3s)
[scanC_stageC_risk_seed42_20260215_014509][EFT] [Baselines] ep=39 (39/120) policy=EFT (1/1) ...
[scanC_stageC_risk_seed42_20260215_014509][EFT] [Baselines]   done reward=-0.1295 task_sr=0.1500 subtask_sr=0.5226 (14.6s)
[scanC_stageC_risk_seed42_20260215_014509][EFT] [Baselines] ep=40 (40/120) policy=EFT (1/1) ...
[scanC_stageC_risk_seed42_20260215_014509][EFT] [Baselines]   done reward=-0.1558 task_sr=0.4500 subtask_sr=0.7618 (12.9s)
[scanC_stageC_risk_seed42_20260215_014509][EFT] [Baselines] ep=41 (41/120) policy=EFT (1/1) ...
[scanC_stageC_risk_seed42_20260215_014509][EFT] [Baselines]   done reward=-0.4577 task_sr=0.2000 subtask_sr=0.5386 (14.6s)
[scanC_stageC_risk_seed42_20260215_014509][EFT] [Baselines] ep=42 (42/120) policy=EFT (1/1) ...
[scanC_stageC_risk_seed42_20260215_014509][EFT] [Baselines]   done reward=-0.3297 task_sr=0.3000 subtask_sr=0.5775 (12.9s)
[scanC_stageC_risk_seed42_20260215_014509][EFT] [Baselines] ep=43 (43/120) policy=EFT (1/1) ...
[scanC_stageC_risk_seed42_20260215_014509][EFT] [Baselines]   done reward=-0.1683 task_sr=0.5500 subtask_sr=0.8126 (11.8s)
[scanC_stageC_risk_seed42_20260215_014509][EFT] [Baselines] ep=44 (44/120) policy=EFT (1/1) ...
[scanC_stageC_risk_seed42_20260215_014509][EFT] [Baselines]   done reward=-0.2490 task_sr=0.3500 subtask_sr=0.6851 (11.9s)
[scanC_stageC_risk_seed42_20260215_014509][EFT] [Baselines] ep=45 (45/120) policy=EFT (1/1) ...
[scanC_stageC_risk_seed42_20260215_014509][EFT] [Baselines]   done reward=-0.1543 task_sr=0.3000 subtask_sr=0.6156 (12.9s)
[scanC_stageC_risk_seed42_20260215_014509][EFT] [Baselines] ep=46 (46/120) policy=EFT (1/1) ...
[scanC_stageC_risk_seed42_20260215_014509][EFT] [Baselines]   done reward=-0.2390 task_sr=0.3500 subtask_sr=0.6327 (12.9s)
[scanC_stageC_risk_seed42_20260215_014509][EFT] [Baselines] ep=47 (47/120) policy=EFT (1/1) ...
[scanC_stageC_risk_seed42_20260215_014509][EFT] [Baselines]   done reward=-0.1053 task_sr=0.3500 subtask_sr=0.6244 (13.4s)
[scanC_stageC_risk_seed42_20260215_014509][EFT] [Baselines] ep=48 (48/120) policy=EFT (1/1) ...
[scanC_stageC_risk_seed42_20260215_014509][EFT] [Baselines]   done reward=-0.2673 task_sr=0.2000 subtask_sr=0.6976 (11.9s)
[scanC_stageC_risk_seed42_20260215_014509][EFT] [Baselines] ep=49 (49/120) policy=EFT (1/1) ...
[scanC_stageC_risk_seed42_20260215_014509][EFT] [Baselines]   done reward=-0.2675 task_sr=0.4000 subtask_sr=0.7616 (12.3s)
[scanC_stageC_risk_seed42_20260215_014509][EFT] [Baselines] ep=50 (50/120) policy=EFT (1/1) ...
[scanC_stageC_risk_seed42_20260215_014509][EFT] [Baselines]   done reward=-0.3113 task_sr=0.4500 subtask_sr=0.7287 (12.7s)
[scanC_stageC_risk_seed42_20260215_014509][EFT] [Baselines] ep=51 (51/120) policy=EFT (1/1) ...
[scanC_stageC_risk_seed42_20260215_014509][EFT] [Baselines]   done reward=-0.1691 task_sr=0.6500 subtask_sr=0.8729 (11.4s)
[scanC_stageC_risk_seed42_20260215_014509][EFT] [Baselines] ep=52 (52/120) policy=EFT (1/1) ...
[scanC_stageC_risk_seed42_20260215_014509][EFT] [Baselines]   done reward=-0.1515 task_sr=0.3500 subtask_sr=0.6755 (13.1s)
[scanC_stageC_risk_seed42_20260215_014509][EFT] [Baselines] ep=53 (53/120) policy=EFT (1/1) ...
[scanC_stageC_risk_seed42_20260215_014509][EFT] [Baselines]   done reward=-0.6067 task_sr=0.3000 subtask_sr=0.5884 (13.7s)
[scanC_stageC_risk_seed42_20260215_014509][EFT] [Baselines] ep=54 (54/120) policy=EFT (1/1) ...
[scanC_stageC_risk_seed42_20260215_014509][EFT] [Baselines]   done reward=-0.1731 task_sr=0.3000 subtask_sr=0.5463 (11.0s)
[scanC_stageC_risk_seed42_20260215_014509][EFT] [Baselines] ep=55 (55/120) policy=EFT (1/1) ...
[scanC_stageC_risk_seed42_20260215_014509][EFT] [Baselines]   done reward=-0.2426 task_sr=0.1500 subtask_sr=0.4798 (13.7s)
[scanC_stageC_risk_seed42_20260215_014509][EFT] [Baselines] ep=56 (56/120) policy=EFT (1/1) ...
[scanC_stageC_risk_seed42_20260215_014509][EFT] [Baselines]   done reward=-0.2779 task_sr=0.4000 subtask_sr=0.7113 (12.7s)
[scanC_stageC_risk_seed42_20260215_014509][EFT] [Baselines] ep=57 (57/120) policy=EFT (1/1) ...
[scanC_stageC_risk_seed42_20260215_014509][EFT] [Baselines]   done reward=-0.2254 task_sr=0.3500 subtask_sr=0.6244 (12.8s)
[scanC_stageC_risk_seed42_20260215_014509][EFT] [Baselines] ep=58 (58/120) policy=EFT (1/1) ...
[scanC_stageC_risk_seed42_20260215_014509][EFT] [Baselines]   done reward=-0.1773 task_sr=0.3500 subtask_sr=0.6887 (8.8s)
[scanC_stageC_risk_seed42_20260215_014509][EFT] [Baselines] ep=59 (59/120) policy=EFT (1/1) ...
[scanC_stageC_risk_seed42_20260215_014509][EFT] [Baselines]   done reward=-0.2115 task_sr=0.2500 subtask_sr=0.6611 (13.4s)
[scanC_stageC_risk_seed42_20260215_014509][EFT] [Baselines] ep=60 (60/120) policy=EFT (1/1) ...
[scanC_stageC_risk_seed42_20260215_014509][EFT] [Baselines]   done reward=-0.2642 task_sr=0.3000 subtask_sr=0.6312 (9.9s)
[scanC_stageC_risk_seed42_20260215_014509][EFT] [Baselines] ep=61 (61/120) policy=EFT (1/1) ...
[scanC_stageC_risk_seed42_20260215_014509][EFT] [Baselines]   done reward=-0.1553 task_sr=0.3000 subtask_sr=0.6441 (12.5s)
[scanC_stageC_risk_seed42_20260215_014509][EFT] [Baselines] ep=62 (62/120) policy=EFT (1/1) ...
[scanC_stageC_risk_seed42_20260215_014509][EFT] [Baselines]   done reward=-0.2169 task_sr=0.3000 subtask_sr=0.6130 (13.2s)
[scanC_stageC_risk_seed42_20260215_014509][EFT] [Baselines] ep=63 (63/120) policy=EFT (1/1) ...
[scanC_stageC_risk_seed42_20260215_014509][EFT] [Baselines]   done reward=-0.4330 task_sr=0.2500 subtask_sr=0.5466 (13.3s)
[scanC_stageC_risk_seed42_20260215_014509][EFT] [Baselines] ep=64 (64/120) policy=EFT (1/1) ...
[scanC_stageC_risk_seed42_20260215_014509][EFT] [Baselines]   done reward=-0.1964 task_sr=0.4500 subtask_sr=0.7849 (12.0s)
[scanC_stageC_risk_seed42_20260215_014509][EFT] [Baselines] ep=65 (65/120) policy=EFT (1/1) ...
[scanC_stageC_risk_seed42_20260215_014509][EFT] [Baselines]   done reward=-0.1837 task_sr=0.4000 subtask_sr=0.8237 (12.2s)
[scanC_stageC_risk_seed42_20260215_014509][EFT] [Baselines] ep=66 (66/120) policy=EFT (1/1) ...
[scanC_stageC_risk_seed42_20260215_014509][EFT] [Baselines]   done reward=-0.1843 task_sr=0.6500 subtask_sr=0.8160 (11.2s)
[scanC_stageC_risk_seed42_20260215_014509][EFT] [Baselines] ep=67 (67/120) policy=EFT (1/1) ...
[scanC_stageC_risk_seed42_20260215_014509][EFT] [Baselines]   done reward=-0.2372 task_sr=0.3500 subtask_sr=0.6923 (12.0s)
[scanC_stageC_risk_seed42_20260215_014509][EFT] [Baselines] ep=68 (68/120) policy=EFT (1/1) ...
[scanC_stageC_risk_seed42_20260215_014509][EFT] [Baselines]   done reward=-0.3737 task_sr=0.4500 subtask_sr=0.7660 (9.3s)
[scanC_stageC_risk_seed42_20260215_014509][EFT] [Baselines] ep=69 (69/120) policy=EFT (1/1) ...
[scanC_stageC_risk_seed42_20260215_014509][EFT] [Baselines]   done reward=-0.1879 task_sr=0.6000 subtask_sr=0.8959 (11.2s)
[scanC_stageC_risk_seed42_20260215_014509][EFT] [Baselines] ep=70 (70/120) policy=EFT (1/1) ...
[scanC_stageC_risk_seed42_20260215_014509][EFT] [Baselines]   done reward=-0.2126 task_sr=0.4000 subtask_sr=0.7167 (11.5s)
[scanC_stageC_risk_seed42_20260215_014509][EFT] [Baselines] ep=71 (71/120) policy=EFT (1/1) ...
[scanC_stageC_risk_seed42_20260215_014509][EFT] [Baselines]   done reward=-0.1183 task_sr=0.2500 subtask_sr=0.6010 (13.0s)
[scanC_stageC_risk_seed42_20260215_014509][EFT] [Baselines] ep=72 (72/120) policy=EFT (1/1) ...
[scanC_stageC_risk_seed42_20260215_014509][EFT] [Baselines]   done reward=-0.4905 task_sr=0.2500 subtask_sr=0.5650 (10.4s)
[scanC_stageC_risk_seed42_20260215_014509][EFT] [Baselines] ep=73 (73/120) policy=EFT (1/1) ...
[scanC_stageC_risk_seed42_20260215_014509][EFT] [Baselines]   done reward=-0.2282 task_sr=0.5500 subtask_sr=0.7441 (6.8s)
[scanC_stageC_risk_seed42_20260215_014509][EFT] [Baselines] ep=74 (74/120) policy=EFT (1/1) ...
[scanC_stageC_risk_seed42_20260215_014509][EFT] [Baselines]   done reward=-0.3077 task_sr=0.3500 subtask_sr=0.6493 (9.5s)
[scanC_stageC_risk_seed42_20260215_014509][EFT] [Baselines] ep=75 (75/120) policy=EFT (1/1) ...
[scanC_stageC_risk_seed42_20260215_014509][EFT] [Baselines]   done reward=-0.2122 task_sr=0.2500 subtask_sr=0.5920 (9.9s)
[scanC_stageC_risk_seed42_20260215_014509][EFT] [Baselines] ep=76 (76/120) policy=EFT (1/1) ...
[scanC_stageC_risk_seed42_20260215_014509][EFT] [Baselines]   done reward=-0.2050 task_sr=0.2500 subtask_sr=0.5793 (9.5s)
[scanC_stageC_risk_seed42_20260215_014509][EFT] [Baselines] ep=77 (77/120) policy=EFT (1/1) ...
[scanC_stageC_risk_seed42_20260215_014509][EFT] [Baselines]   done reward=-0.2616 task_sr=0.4500 subtask_sr=0.6326 (9.1s)
[scanC_stageC_risk_seed42_20260215_014509][EFT] [Baselines] ep=78 (78/120) policy=EFT (1/1) ...
[scanC_stageC_risk_seed42_20260215_014509][EFT] [Baselines]   done reward=-0.2917 task_sr=0.4500 subtask_sr=0.7570 (6.7s)
[scanC_stageC_risk_seed42_20260215_014509][EFT] [Baselines] ep=79 (79/120) policy=EFT (1/1) ...
[scanC_stageC_risk_seed42_20260215_014509][EFT] [Baselines]   done reward=-0.1510 task_sr=0.2000 subtask_sr=0.4976 (10.4s)
[scanC_stageC_risk_seed42_20260215_014509][EFT] [Baselines] ep=80 (80/120) policy=EFT (1/1) ...
[scanC_stageC_risk_seed42_20260215_014509][EFT] [Baselines]   done reward=-0.4069 task_sr=0.8000 subtask_sr=0.9565 (5.2s)
[scanC_stageC_risk_seed42_20260215_014509][EFT] [Baselines] ep=81 (81/120) policy=EFT (1/1) ...
[scanC_stageC_risk_seed42_20260215_014509][EFT] [Baselines]   done reward=-0.1392 task_sr=0.5500 subtask_sr=0.8169 (8.2s)
[scanC_stageC_risk_seed42_20260215_014509][EFT] [Baselines] ep=82 (82/120) policy=EFT (1/1) ...
[scanC_stageC_risk_seed42_20260215_014509][EFT] [Baselines]   done reward=-0.3878 task_sr=0.1500 subtask_sr=0.5631 (7.5s)
[scanC_stageC_risk_seed42_20260215_014509][EFT] [Baselines] ep=83 (83/120) policy=EFT (1/1) ...
[scanC_stageC_risk_seed42_20260215_014509][EFT] [Baselines]   done reward=-0.4536 task_sr=0.3500 subtask_sr=0.7295 (9.0s)
[scanC_stageC_risk_seed42_20260215_014509][EFT] [Baselines] ep=84 (84/120) policy=EFT (1/1) ...
[scanC_stageC_risk_seed42_20260215_014509][EFT] [Baselines]   done reward=-0.1865 task_sr=0.5000 subtask_sr=0.6995 (9.2s)
[scanC_stageC_risk_seed42_20260215_014509][EFT] [Baselines] ep=85 (85/120) policy=EFT (1/1) ...
[scanC_stageC_risk_seed42_20260215_014509][EFT] [Baselines]   done reward=-0.2216 task_sr=0.5000 subtask_sr=0.7266 (8.8s)
[scanC_stageC_risk_seed42_20260215_014509][EFT] [Baselines] ep=86 (86/120) policy=EFT (1/1) ...
[scanC_stageC_risk_seed42_20260215_014509][EFT] [Baselines]   done reward=-0.1613 task_sr=0.3000 subtask_sr=0.5936 (9.1s)
[scanC_stageC_risk_seed42_20260215_014509][EFT] [Baselines] ep=87 (87/120) policy=EFT (1/1) ...
[scanC_stageC_risk_seed42_20260215_014509][EFT] [Baselines]   done reward=-0.1576 task_sr=0.5000 subtask_sr=0.7441 (8.6s)
[scanC_stageC_risk_seed42_20260215_014509][EFT] [Baselines] ep=88 (88/120) policy=EFT (1/1) ...
[scanC_stageC_risk_seed42_20260215_014509][EFT] [Baselines]   done reward=-0.3299 task_sr=0.5500 subtask_sr=0.7947 (6.8s)
[scanC_stageC_risk_seed42_20260215_014509][EFT] [Baselines] ep=89 (89/120) policy=EFT (1/1) ...
[scanC_stageC_risk_seed42_20260215_014509][EFT] [Baselines]   done reward=-0.2184 task_sr=0.2500 subtask_sr=0.7224 (9.2s)
[scanC_stageC_risk_seed42_20260215_014509][EFT] [Baselines] ep=90 (90/120) policy=EFT (1/1) ...
[scanC_stageC_risk_seed42_20260215_014509][EFT] [Baselines]   done reward=-0.2156 task_sr=0.2500 subtask_sr=0.6014 (9.7s)
[scanC_stageC_risk_seed42_20260215_014509][EFT] [Baselines] ep=91 (91/120) policy=EFT (1/1) ...
[scanC_stageC_risk_seed42_20260215_014509][EFT] [Baselines]   done reward=-0.4017 task_sr=0.7500 subtask_sr=0.8646 (8.0s)
[scanC_stageC_risk_seed42_20260215_014509][EFT] [Baselines] ep=92 (92/120) policy=EFT (1/1) ...
[scanC_stageC_risk_seed42_20260215_014509][EFT] [Baselines]   done reward=-0.1296 task_sr=0.2500 subtask_sr=0.6196 (10.0s)
[scanC_stageC_risk_seed42_20260215_014509][EFT] [Baselines] ep=93 (93/120) policy=EFT (1/1) ...
[scanC_stageC_risk_seed42_20260215_014509][EFT] [Baselines]   done reward=-0.2176 task_sr=0.1500 subtask_sr=0.5764 (7.1s)
[scanC_stageC_risk_seed42_20260215_014509][EFT] [Baselines] ep=94 (94/120) policy=EFT (1/1) ...
[scanC_stageC_risk_seed42_20260215_014509][EFT] [Baselines]   done reward=-0.2268 task_sr=0.3500 subtask_sr=0.6998 (9.7s)
[scanC_stageC_risk_seed42_20260215_014509][EFT] [Baselines] ep=95 (95/120) policy=EFT (1/1) ...
[scanC_stageC_risk_seed42_20260215_014509][EFT] [Baselines]   done reward=-0.2475 task_sr=0.3000 subtask_sr=0.7518 (8.7s)
[scanC_stageC_risk_seed42_20260215_014509][EFT] [Baselines] ep=96 (96/120) policy=EFT (1/1) ...
[scanC_stageC_risk_seed42_20260215_014509][EFT] [Baselines]   done reward=-0.2214 task_sr=0.4500 subtask_sr=0.7566 (9.1s)
[scanC_stageC_risk_seed42_20260215_014509][EFT] [Baselines] ep=97 (97/120) policy=EFT (1/1) ...
[scanC_stageC_risk_seed42_20260215_014509][EFT] [Baselines]   done reward=-0.1731 task_sr=0.2500 subtask_sr=0.5485 (9.7s)
[scanC_stageC_risk_seed42_20260215_014509][EFT] [Baselines] ep=98 (98/120) policy=EFT (1/1) ...
[scanC_stageC_risk_seed42_20260215_014509][EFT] [Baselines]   done reward=-0.0884 task_sr=0.1500 subtask_sr=0.4903 (9.9s)
[scanC_stageC_risk_seed42_20260215_014509][EFT] [Baselines] ep=99 (99/120) policy=EFT (1/1) ...
[scanC_stageC_risk_seed42_20260215_014509][EFT] [Baselines]   done reward=-0.2546 task_sr=0.3500 subtask_sr=0.7204 (9.1s)
[scanC_stageC_risk_seed42_20260215_014509][EFT] [Baselines] ep=100 (100/120) policy=EFT (1/1) ...
[scanC_stageC_risk_seed42_20260215_014509][EFT] [Baselines]   done reward=-0.3051 task_sr=0.2500 subtask_sr=0.6588 (8.2s)
[scanC_stageC_risk_seed42_20260215_014509][EFT] [Baselines] ep=101 (101/120) policy=EFT (1/1) ...
[scanC_stageC_risk_seed42_20260215_014509][EFT] [Baselines]   done reward=-0.4749 task_sr=0.3000 subtask_sr=0.5435 (9.8s)
[scanC_stageC_risk_seed42_20260215_014509][EFT] [Baselines] ep=102 (102/120) policy=EFT (1/1) ...
[scanC_stageC_risk_seed42_20260215_014509][EFT] [Baselines]   done reward=-0.1555 task_sr=0.4500 subtask_sr=0.6730 (10.0s)
[scanC_stageC_risk_seed42_20260215_014509][EFT] [Baselines] ep=103 (103/120) policy=EFT (1/1) ...
[scanC_stageC_risk_seed42_20260215_014509][EFT] [Baselines]   done reward=-0.3474 task_sr=0.4500 subtask_sr=0.7057 (8.9s)
[scanC_stageC_risk_seed42_20260215_014509][EFT] [Baselines] ep=104 (104/120) policy=EFT (1/1) ...
[scanC_stageC_risk_seed42_20260215_014509][EFT] [Baselines]   done reward=-0.1162 task_sr=0.1500 subtask_sr=0.4466 (10.1s)
[scanC_stageC_risk_seed42_20260215_014509][EFT] [Baselines] ep=105 (105/120) policy=EFT (1/1) ...
[scanC_stageC_risk_seed42_20260215_014509][EFT] [Baselines]   done reward=-0.1505 task_sr=0.3000 subtask_sr=0.6479 (9.1s)
[scanC_stageC_risk_seed42_20260215_014509][EFT] [Baselines] ep=106 (106/120) policy=EFT (1/1) ...
[scanC_stageC_risk_seed42_20260215_014509][EFT] [Baselines]   done reward=-0.2905 task_sr=0.4500 subtask_sr=0.8158 (8.2s)
[scanC_stageC_risk_seed42_20260215_014509][EFT] [Baselines] ep=107 (107/120) policy=EFT (1/1) ...
[scanC_stageC_risk_seed42_20260215_014509][EFT] [Baselines]   done reward=-0.2888 task_sr=0.4500 subtask_sr=0.7213 (6.2s)
[scanC_stageC_risk_seed42_20260215_014509][EFT] [Baselines] ep=108 (108/120) policy=EFT (1/1) ...
[scanC_stageC_risk_seed42_20260215_014509][EFT] [Baselines]   done reward=-0.1661 task_sr=0.1000 subtask_sr=0.5379 (10.2s)
[scanC_stageC_risk_seed42_20260215_014509][EFT] [Baselines] ep=109 (109/120) policy=EFT (1/1) ...
[scanC_stageC_risk_seed42_20260215_014509][EFT] [Baselines]   done reward=-0.3353 task_sr=0.5500 subtask_sr=0.8519 (8.2s)
[scanC_stageC_risk_seed42_20260215_014509][EFT] [Baselines] ep=110 (110/120) policy=EFT (1/1) ...
[scanC_stageC_risk_seed42_20260215_014509][EFT] [Baselines]   done reward=-0.1963 task_sr=0.4000 subtask_sr=0.6914 (9.1s)
[scanC_stageC_risk_seed42_20260215_014509][EFT] [Baselines] ep=111 (111/120) policy=EFT (1/1) ...
[scanC_stageC_risk_seed42_20260215_014509][EFT] [Baselines]   done reward=-0.1267 task_sr=0.6000 subtask_sr=0.8289 (8.6s)
[scanC_stageC_risk_seed42_20260215_014509][EFT] [Baselines] ep=112 (112/120) policy=EFT (1/1) ...
[scanC_stageC_risk_seed42_20260215_014509][EFT] [Baselines]   done reward=-0.2039 task_sr=0.5500 subtask_sr=0.7611 (8.5s)
[scanC_stageC_risk_seed42_20260215_014509][EFT] [Baselines] ep=113 (113/120) policy=EFT (1/1) ...
[scanC_stageC_risk_seed42_20260215_014509][EFT] [Baselines]   done reward=-0.1390 task_sr=0.4000 subtask_sr=0.7063 (9.2s)
[scanC_stageC_risk_seed42_20260215_014509][EFT] [Baselines] ep=114 (114/120) policy=EFT (1/1) ...
[scanC_stageC_risk_seed42_20260215_014509][EFT] [Baselines]   done reward=-0.2419 task_sr=0.4500 subtask_sr=0.7488 (9.2s)
[scanC_stageC_risk_seed42_20260215_014509][EFT] [Baselines] ep=115 (115/120) policy=EFT (1/1) ...
[scanC_stageC_risk_seed42_20260215_014509][EFT] [Baselines]   done reward=-0.1788 task_sr=0.3500 subtask_sr=0.7294 (8.7s)
[scanC_stageC_risk_seed42_20260215_014509][EFT] [Baselines] ep=116 (116/120) policy=EFT (1/1) ...
[scanC_stageC_risk_seed42_20260215_014509][EFT] [Baselines]   done reward=-0.1407 task_sr=0.4000 subtask_sr=0.6651 (8.9s)
[scanC_stageC_risk_seed42_20260215_014509][EFT] [Baselines] ep=117 (117/120) policy=EFT (1/1) ...
[scanC_stageC_risk_seed42_20260215_014509][EFT] [Baselines]   done reward=-0.1481 task_sr=0.3500 subtask_sr=0.7264 (8.5s)
[scanC_stageC_risk_seed42_20260215_014509][EFT] [Baselines] ep=118 (118/120) policy=EFT (1/1) ...
[scanC_stageC_risk_seed42_20260215_014509][EFT] [Baselines]   done reward=-0.3515 task_sr=0.5000 subtask_sr=0.7372 (8.8s)
[scanC_stageC_risk_seed42_20260215_014509][EFT] [Baselines] ep=119 (119/120) policy=EFT (1/1) ...
[scanC_stageC_risk_seed42_20260215_014509][EFT] [Baselines]   done reward=-0.1213 task_sr=0.3500 subtask_sr=0.7071 (8.8s)
[scanC_stageC_risk_seed42_20260215_014509][EFT] [Baselines] ep=120 (120/120) policy=EFT (1/1) ...
[scanC_stageC_risk_seed42_20260215_014509][EFT] [Baselines]   done reward=-0.2447 task_sr=0.5500 subtask_sr=0.8019 (8.2s)
[scanC_stageC_risk_seed42_20260215_014509][EFT] ✓ Baseline stats saved: /Users/qiutao/研/毕设/毕设/vecOffloadingSim/runs/scanC_stageC_risk_seed42_20260215_014509/logs/baseline_parts/EFT.csv
[scanC_stageC_risk_seed42_20260215_014509][EFT] 结果摘要 (均值):
[scanC_stageC_risk_seed42_20260215_014509][EFT]   EFT        reward=-0.2346 task_sr=0.3575 subtask_sr=0.6719
