[scanC_stageC_risk_seed42_20260215_014509][Greedy] [Baselines] run_dir=/Users/qiutao/研/毕设/毕设/vecOffloadingSim/runs/scanC_stageC_risk_seed42_20260215_014509
[scanC_stageC_risk_seed42_20260215_014509][Greedy] [Baselines] num_episodes=120 seed=42 max_steps=200
[scanC_stageC_risk_seed42_20260215_014509][Greedy] [Baselines] policies=['Greedy']
[scanC_stageC_risk_seed42_20260215_014509][Greedy] [Baselines] ep=1 (1/120) policy=Greedy (1/1) ...
[scanC_stageC_risk_seed42_20260215_014509][Greedy] [Baselines]   done reward=-0.0092 task_sr=0.7500 subtask_sr=0.9688 (6.9s)
[scanC_stageC_risk_seed42_20260215_014509][Greedy] [Baselines] ep=2 (2/120) policy=Greedy (1/1) ...
[scanC_stageC_risk_seed42_20260215_014509][Greedy] [Baselines]   done reward=-0.0180 task_sr=0.6000 subtask_sr=0.9438 (8.0s)
[scanC_stageC_risk_seed42_20260215_014509][Greedy] [Baselines] ep=3 (3/120) policy=Greedy (1/1) ...
[scanC_stageC_risk_seed42_20260215_014509][Greedy] [Baselines]   done reward=-0.0011 task_sr=0.9500 subtask_sr=0.9952 (5.9s)
[scanC_stageC_risk_seed42_20260215_014509][Greedy] [Baselines] ep=4 (4/120) policy=Greedy (1/1) ...
[scanC_stageC_risk_seed42_20260215_014509][Greedy] [Baselines]   done reward=-0.0142 task_sr=0.6000 subtask_sr=0.9401 (7.2s)
[scanC_stageC_risk_seed42_20260215_014509][Greedy] [Baselines] ep=5 (5/120) policy=Greedy (1/1) ...
[scanC_stageC_risk_seed42_20260215_014509][Greedy] [Baselines]   done reward=-0.0208 task_sr=0.6000 subtask_sr=0.9147 (7.5s)
[scanC_stageC_risk_seed42_20260215_014509][Greedy] [Baselines] ep=6 (6/120) policy=Greedy (1/1) ...
[scanC_stageC_risk_seed42_20260215_014509][Greedy] [Baselines]   done reward=-0.0059 task_sr=0.7000 subtask_sr=0.9542 (6.6s)
[scanC_stageC_risk_seed42_20260215_014509][Greedy] [Baselines] ep=7 (7/120) policy=Greedy (1/1) ...
[scanC_stageC_risk_seed42_20260215_014509][Greedy] [Baselines]   done reward=0.0056 task_sr=0.9000 subtask_sr=0.9930 (6.4s)
[scanC_stageC_risk_seed42_20260215_014509][Greedy] [Baselines] ep=8 (8/120) policy=Greedy (1/1) ...
[scanC_stageC_risk_seed42_20260215_014509][Greedy] [Baselines]   done reward=-0.0065 task_sr=0.6000 subtask_sr=0.9031 (7.3s)
[scanC_stageC_risk_seed42_20260215_014509][Greedy] [Baselines] ep=9 (9/120) policy=Greedy (1/1) ...
[scanC_stageC_risk_seed42_20260215_014509][Greedy] [Baselines]   done reward=-0.0084 task_sr=0.7000 subtask_sr=0.9274 (7.3s)
[scanC_stageC_risk_seed42_20260215_014509][Greedy] [Baselines] ep=10 (10/120) policy=Greedy (1/1) ...
[scanC_stageC_risk_seed42_20260215_014509][Greedy] [Baselines]   done reward=-0.0106 task_sr=0.8500 subtask_sr=0.9786 (7.0s)
[scanC_stageC_risk_seed42_20260215_014509][Greedy] [Baselines] ep=11 (11/120) policy=Greedy (1/1) ...
[scanC_stageC_risk_seed42_20260215_014509][Greedy] [Baselines]   done reward=-0.0053 task_sr=0.7500 subtask_sr=0.9393 (6.7s)
[scanC_stageC_risk_seed42_20260215_014509][Greedy] [Baselines] ep=12 (12/120) policy=Greedy (1/1) ...
[scanC_stageC_risk_seed42_20260215_014509][Greedy] [Baselines]   done reward=-0.0080 task_sr=0.6500 subtask_sr=0.9438 (7.4s)
[scanC_stageC_risk_seed42_20260215_014509][Greedy] [Baselines] ep=13 (13/120) policy=Greedy (1/1) ...
[scanC_stageC_risk_seed42_20260215_014509][Greedy] [Baselines]   done reward=-0.0137 task_sr=0.5000 subtask_sr=0.8925 (7.9s)
[scanC_stageC_risk_seed42_20260215_014509][Greedy] [Baselines] ep=14 (14/120) policy=Greedy (1/1) ...
[scanC_stageC_risk_seed42_20260215_014509][Greedy] [Baselines]   done reward=-0.0109 task_sr=0.8000 subtask_sr=0.9531 (7.0s)
[scanC_stageC_risk_seed42_20260215_014509][Greedy] [Baselines] ep=15 (15/120) policy=Greedy (1/1) ...
[scanC_stageC_risk_seed42_20260215_014509][Greedy] [Baselines]   done reward=0.0055 task_sr=0.8500 subtask_sr=0.9905 (6.6s)
[scanC_stageC_risk_seed42_20260215_014509][Greedy] [Baselines] ep=16 (16/120) policy=Greedy (1/1) ...
[scanC_stageC_risk_seed42_20260215_014509][Greedy] [Baselines]   done reward=-0.0035 task_sr=0.5500 subtask_sr=0.9470 (7.8s)
[scanC_stageC_risk_seed42_20260215_014509][Greedy] [Baselines] ep=17 (17/120) policy=Greedy (1/1) ...
[scanC_stageC_risk_seed42_20260215_014509][Greedy] [Baselines]   done reward=-0.0014 task_sr=0.9000 subtask_sr=0.9785 (6.8s)
[scanC_stageC_risk_seed42_20260215_014509][Greedy] [Baselines] ep=18 (18/120) policy=Greedy (1/1) ...
[scanC_stageC_risk_seed42_20260215_014509][Greedy] [Baselines]   done reward=-0.0051 task_sr=0.4500 subtask_sr=0.7956 (8.6s)
[scanC_stageC_risk_seed42_20260215_014509][Greedy] [Baselines] ep=19 (19/120) policy=Greedy (1/1) ...
[scanC_stageC_risk_seed42_20260215_014509][Greedy] [Baselines]   done reward=-0.0117 task_sr=0.6500 subtask_sr=0.9554 (6.8s)
[scanC_stageC_risk_seed42_20260215_014509][Greedy] [Baselines] ep=20 (20/120) policy=Greedy (1/1) ...
[scanC_stageC_risk_seed42_20260215_014509][Greedy] [Baselines]   done reward=-0.0096 task_sr=0.7500 subtask_sr=0.9736 (6.6s)
[scanC_stageC_risk_seed42_20260215_014509][Greedy] [Baselines] ep=21 (21/120) policy=Greedy (1/1) ...
[scanC_stageC_risk_seed42_20260215_014509][Greedy] [Baselines]   done reward=0.0046 task_sr=0.9000 subtask_sr=0.9930 (6.6s)
[scanC_stageC_risk_seed42_20260215_014509][Greedy] [Baselines] ep=22 (22/120) policy=Greedy (1/1) ...
[scanC_stageC_risk_seed42_20260215_014509][Greedy] [Baselines]   done reward=0.0027 task_sr=0.7000 subtask_sr=0.9585 (7.4s)
[scanC_stageC_risk_seed42_20260215_014509][Greedy] [Baselines] ep=23 (23/120) policy=Greedy (1/1) ...
[scanC_stageC_risk_seed42_20260215_014509][Greedy] [Baselines]   done reward=0.0010 task_sr=0.6000 subtask_sr=0.9525 (7.8s)
[scanC_stageC_risk_seed42_20260215_014509][Greedy] [Baselines] ep=24 (24/120) policy=Greedy (1/1) ...
[scanC_stageC_risk_seed42_20260215_014509][Greedy] [Baselines]   done reward=-0.0158 task_sr=0.7500 subtask_sr=0.9660 (6.7s)
[scanC_stageC_risk_seed42_20260215_014509][Greedy] [Baselines] ep=25 (25/120) policy=Greedy (1/1) ...
[scanC_stageC_risk_seed42_20260215_014509][Greedy] [Baselines]   done reward=0.0011 task_sr=0.7500 subtask_sr=0.9366 (7.4s)
[scanC_stageC_risk_seed42_20260215_014509][Greedy] [Baselines] ep=26 (26/120) policy=Greedy (1/1) ...
[scanC_stageC_risk_seed42_20260215_014509][Greedy] [Baselines]   done reward=0.0012 task_sr=0.7500 subtask_sr=0.9591 (7.3s)
[scanC_stageC_risk_seed42_20260215_014509][Greedy] [Baselines] ep=27 (27/120) policy=Greedy (1/1) ...
[scanC_stageC_risk_seed42_20260215_014509][Greedy] [Baselines]   done reward=-0.0076 task_sr=0.4500 subtask_sr=0.8302 (9.3s)
[scanC_stageC_risk_seed42_20260215_014509][Greedy] [Baselines] ep=28 (28/120) policy=Greedy (1/1) ...
[scanC_stageC_risk_seed42_20260215_014509][Greedy] [Baselines]   done reward=-0.0081 task_sr=0.9000 subtask_sr=0.9875 (6.3s)
[scanC_stageC_risk_seed42_20260215_014509][Greedy] [Baselines] ep=29 (29/120) policy=Greedy (1/1) ...
[scanC_stageC_risk_seed42_20260215_014509][Greedy] [Baselines]   done reward=-0.0056 task_sr=0.9500 subtask_sr=0.9952 (6.6s)
[scanC_stageC_risk_seed42_20260215_014509][Greedy] [Baselines] ep=30 (30/120) policy=Greedy (1/1) ...
[scanC_stageC_risk_seed42_20260215_014509][Greedy] [Baselines]   done reward=0.0000 task_sr=0.4500 subtask_sr=0.8782 (8.3s)
[scanC_stageC_risk_seed42_20260215_014509][Greedy] [Baselines] ep=31 (31/120) policy=Greedy (1/1) ...
[scanC_stageC_risk_seed42_20260215_014509][Greedy] [Baselines]   done reward=0.0028 task_sr=0.8000 subtask_sr=0.9736 (6.8s)
[scanC_stageC_risk_seed42_20260215_014509][Greedy] [Baselines] ep=32 (32/120) policy=Greedy (1/1) ...
[scanC_stageC_risk_seed42_20260215_014509][Greedy] [Baselines]   done reward=0.0055 task_sr=0.8500 subtask_sr=0.9880 (6.3s)
[scanC_stageC_risk_seed42_20260215_014509][Greedy] [Baselines] ep=33 (33/120) policy=Greedy (1/1) ...
[scanC_stageC_risk_seed42_20260215_014509][Greedy] [Baselines]   done reward=0.0042 task_sr=0.8000 subtask_sr=0.9718 (7.8s)
[scanC_stageC_risk_seed42_20260215_014509][Greedy] [Baselines] ep=34 (34/120) policy=Greedy (1/1) ...
[scanC_stageC_risk_seed42_20260215_014509][Greedy] [Baselines]   done reward=-0.0134 task_sr=0.8000 subtask_sr=0.9563 (7.4s)
[scanC_stageC_risk_seed42_20260215_014509][Greedy] [Baselines] ep=35 (35/120) policy=Greedy (1/1) ...
[scanC_stageC_risk_seed42_20260215_014509][Greedy] [Baselines]   done reward=0.0031 task_sr=0.9500 subtask_sr=0.9976 (7.0s)
[scanC_stageC_risk_seed42_20260215_014509][Greedy] [Baselines] ep=36 (36/120) policy=Greedy (1/1) ...
[scanC_stageC_risk_seed42_20260215_014509][Greedy] [Baselines]   done reward=0.0025 task_sr=0.5000 subtask_sr=0.8714 (8.8s)
[scanC_stageC_risk_seed42_20260215_014509][Greedy] [Baselines] ep=37 (37/120) policy=Greedy (1/1) ...
[scanC_stageC_risk_seed42_20260215_014509][Greedy] [Baselines]   done reward=-0.0067 task_sr=0.5500 subtask_sr=0.8618 (8.0s)
[scanC_stageC_risk_seed42_20260215_014509][Greedy] [Baselines] ep=38 (38/120) policy=Greedy (1/1) ...
[scanC_stageC_risk_seed42_20260215_014509][Greedy] [Baselines]   done reward=-0.0138 task_sr=0.7000 subtask_sr=0.9664 (7.8s)
[scanC_stageC_risk_seed42_20260215_014509][Greedy] [Baselines] ep=39 (39/120) policy=Greedy (1/1) ...
[scanC_stageC_risk_seed42_20260215_014509][Greedy] [Baselines]   done reward=0.0060 task_sr=0.7500 subtask_sr=0.9359 (6.7s)
[scanC_stageC_risk_seed42_20260215_014509][Greedy] [Baselines] ep=40 (40/120) policy=Greedy (1/1) ...
[scanC_stageC_risk_seed42_20260215_014509][Greedy] [Baselines]   done reward=-0.0053 task_sr=0.5000 subtask_sr=0.8467 (8.0s)
[scanC_stageC_risk_seed42_20260215_014509][Greedy] [Baselines] ep=41 (41/120) policy=Greedy (1/1) ...
[scanC_stageC_risk_seed42_20260215_014509][Greedy] [Baselines]   done reward=-0.0107 task_sr=0.5500 subtask_sr=0.8889 (8.3s)
[scanC_stageC_risk_seed42_20260215_014509][Greedy] [Baselines] ep=42 (42/120) policy=Greedy (1/1) ...
[scanC_stageC_risk_seed42_20260215_014509][Greedy] [Baselines]   done reward=0.0053 task_sr=0.8000 subtask_sr=0.9671 (6.8s)
[scanC_stageC_risk_seed42_20260215_014509][Greedy] [Baselines] ep=43 (43/120) policy=Greedy (1/1) ...
[scanC_stageC_risk_seed42_20260215_014509][Greedy] [Baselines]   done reward=-0.0022 task_sr=0.8000 subtask_sr=0.9696 (6.9s)
[scanC_stageC_risk_seed42_20260215_014509][Greedy] [Baselines] ep=44 (44/120) policy=Greedy (1/1) ...
[scanC_stageC_risk_seed42_20260215_014509][Greedy] [Baselines]   done reward=-0.0128 task_sr=0.6500 subtask_sr=0.9543 (6.9s)
[scanC_stageC_risk_seed42_20260215_014509][Greedy] [Baselines] ep=45 (45/120) policy=Greedy (1/1) ...
[scanC_stageC_risk_seed42_20260215_014509][Greedy] [Baselines]   done reward=0.0094 task_sr=0.9000 subtask_sr=0.9659 (6.2s)
[scanC_stageC_risk_seed42_20260215_014509][Greedy] [Baselines] ep=46 (46/120) policy=Greedy (1/1) ...
[scanC_stageC_risk_seed42_20260215_014509][Greedy] [Baselines]   done reward=-0.0168 task_sr=0.6500 subtask_sr=0.9289 (7.8s)
[scanC_stageC_risk_seed42_20260215_014509][Greedy] [Baselines] ep=47 (47/120) policy=Greedy (1/1) ...
[scanC_stageC_risk_seed42_20260215_014509][Greedy] [Baselines]   done reward=-0.0100 task_sr=0.4500 subtask_sr=0.8852 (8.1s)
[scanC_stageC_risk_seed42_20260215_014509][Greedy] [Baselines] ep=48 (48/120) policy=Greedy (1/1) ...
[scanC_stageC_risk_seed42_20260215_014509][Greedy] [Baselines]   done reward=-0.0058 task_sr=0.8500 subtask_sr=0.9707 (7.2s)
[scanC_stageC_risk_seed42_20260215_014509][Greedy] [Baselines] ep=49 (49/120) policy=Greedy (1/1) ...
[scanC_stageC_risk_seed42_20260215_014509][Greedy] [Baselines]   done reward=-0.0006 task_sr=0.7000 subtask_sr=0.9173 (7.4s)
[scanC_stageC_risk_seed42_20260215_014509][Greedy] [Baselines] ep=50 (50/120) policy=Greedy (1/1) ...
[scanC_stageC_risk_seed42_20260215_014509][Greedy] [Baselines]   done reward=-0.0083 task_sr=0.4500 subtask_sr=0.8207 (8.5s)
[scanC_stageC_risk_seed42_20260215_014509][Greedy] [Baselines] ep=51 (51/120) policy=Greedy (1/1) ...
[scanC_stageC_risk_seed42_20260215_014509][Greedy] [Baselines]   done reward=0.0044 task_sr=1.0000 subtask_sr=1.0000 (6.5s)
[scanC_stageC_risk_seed42_20260215_014509][Greedy] [Baselines] ep=52 (52/120) policy=Greedy (1/1) ...
[scanC_stageC_risk_seed42_20260215_014509][Greedy] [Baselines]   done reward=0.0058 task_sr=0.9000 subtask_sr=0.9856 (6.9s)
[scanC_stageC_risk_seed42_20260215_014509][Greedy] [Baselines] ep=53 (53/120) policy=Greedy (1/1) ...
[scanC_stageC_risk_seed42_20260215_014509][Greedy] [Baselines]   done reward=-0.0052 task_sr=0.6000 subtask_sr=0.9070 (8.8s)
[scanC_stageC_risk_seed42_20260215_014509][Greedy] [Baselines] ep=54 (54/120) policy=Greedy (1/1) ...
[scanC_stageC_risk_seed42_20260215_014509][Greedy] [Baselines]   done reward=-0.0063 task_sr=0.8500 subtask_sr=0.9902 (6.5s)
[scanC_stageC_risk_seed42_20260215_014509][Greedy] [Baselines] ep=55 (55/120) policy=Greedy (1/1) ...
[scanC_stageC_risk_seed42_20260215_014509][Greedy] [Baselines]   done reward=0.0055 task_sr=0.9000 subtask_sr=0.9857 (6.2s)
[scanC_stageC_risk_seed42_20260215_014509][Greedy] [Baselines] ep=56 (56/120) policy=Greedy (1/1) ...
[scanC_stageC_risk_seed42_20260215_014509][Greedy] [Baselines]   done reward=0.0023 task_sr=0.7500 subtask_sr=0.9577 (6.8s)
[scanC_stageC_risk_seed42_20260215_014509][Greedy] [Baselines] ep=57 (57/120) policy=Greedy (1/1) ...
[scanC_stageC_risk_seed42_20260215_014509][Greedy] [Baselines]   done reward=0.0033 task_sr=0.9500 subtask_sr=0.9977 (6.7s)
[scanC_stageC_risk_seed42_20260215_014509][Greedy] [Baselines] ep=58 (58/120) policy=Greedy (1/1) ...
[scanC_stageC_risk_seed42_20260215_014509][Greedy] [Baselines]   done reward=0.0065 task_sr=0.9500 subtask_sr=0.9975 (5.5s)
[scanC_stageC_risk_seed42_20260215_014509][Greedy] [Baselines] ep=59 (59/120) policy=Greedy (1/1) ...
[scanC_stageC_risk_seed42_20260215_014509][Greedy] [Baselines]   done reward=0.0045 task_sr=0.8000 subtask_sr=0.9690 (7.2s)
[scanC_stageC_risk_seed42_20260215_014509][Greedy] [Baselines] ep=60 (60/120) policy=Greedy (1/1) ...
[scanC_stageC_risk_seed42_20260215_014509][Greedy] [Baselines]   done reward=0.0050 task_sr=0.9500 subtask_sr=0.9950 (6.3s)
[scanC_stageC_risk_seed42_20260215_014509][Greedy] [Baselines] ep=61 (61/120) policy=Greedy (1/1) ...
[scanC_stageC_risk_seed42_20260215_014509][Greedy] [Baselines]   done reward=-0.0049 task_sr=0.7000 subtask_sr=0.9080 (6.7s)
[scanC_stageC_risk_seed42_20260215_014509][Greedy] [Baselines] ep=62 (62/120) policy=Greedy (1/1) ...
[scanC_stageC_risk_seed42_20260215_014509][Greedy] [Baselines]   done reward=-0.0080 task_sr=0.3500 subtask_sr=0.8341 (8.0s)
[scanC_stageC_risk_seed42_20260215_014509][Greedy] [Baselines] ep=63 (63/120) policy=Greedy (1/1) ...
[scanC_stageC_risk_seed42_20260215_014509][Greedy] [Baselines]   done reward=-0.0066 task_sr=0.7500 subtask_sr=0.9657 (6.6s)
[scanC_stageC_risk_seed42_20260215_014509][Greedy] [Baselines] ep=64 (64/120) policy=Greedy (1/1) ...
[scanC_stageC_risk_seed42_20260215_014509][Greedy] [Baselines]   done reward=-0.0003 task_sr=0.8500 subtask_sr=0.9716 (6.4s)
[scanC_stageC_risk_seed42_20260215_014509][Greedy] [Baselines] ep=65 (65/120) policy=Greedy (1/1) ...
[scanC_stageC_risk_seed42_20260215_014509][Greedy] [Baselines]   done reward=0.0071 task_sr=0.8500 subtask_sr=0.9758 (6.0s)
[scanC_stageC_risk_seed42_20260215_014509][Greedy] [Baselines] ep=66 (66/120) policy=Greedy (1/1) ...
[scanC_stageC_risk_seed42_20260215_014509][Greedy] [Baselines]   done reward=-0.0034 task_sr=0.5500 subtask_sr=0.8886 (7.7s)
[scanC_stageC_risk_seed42_20260215_014509][Greedy] [Baselines] ep=67 (67/120) policy=Greedy (1/1) ...
[scanC_stageC_risk_seed42_20260215_014509][Greedy] [Baselines]   done reward=0.0046 task_sr=0.9000 subtask_sr=0.9953 (6.4s)
[scanC_stageC_risk_seed42_20260215_014509][Greedy] [Baselines] ep=68 (68/120) policy=Greedy (1/1) ...
[scanC_stageC_risk_seed42_20260215_014509][Greedy] [Baselines]   done reward=0.0040 task_sr=0.6500 subtask_sr=0.9385 (7.8s)
[scanC_stageC_risk_seed42_20260215_014509][Greedy] [Baselines] ep=69 (69/120) policy=Greedy (1/1) ...
[scanC_stageC_risk_seed42_20260215_014509][Greedy] [Baselines]   done reward=0.0045 task_sr=0.8500 subtask_sr=0.9782 (7.0s)
[scanC_stageC_risk_seed42_20260215_014509][Greedy] [Baselines] ep=70 (70/120) policy=Greedy (1/1) ...
[scanC_stageC_risk_seed42_20260215_014509][Greedy] [Baselines]   done reward=-0.0073 task_sr=0.8000 subtask_sr=0.9571 (6.7s)
[scanC_stageC_risk_seed42_20260215_014509][Greedy] [Baselines] ep=71 (71/120) policy=Greedy (1/1) ...
[scanC_stageC_risk_seed42_20260215_014509][Greedy] [Baselines]   done reward=-0.0082 task_sr=0.4500 subtask_sr=0.9113 (7.7s)
[scanC_stageC_risk_seed42_20260215_014509][Greedy] [Baselines] ep=72 (72/120) policy=Greedy (1/1) ...
[scanC_stageC_risk_seed42_20260215_014509][Greedy] [Baselines]   done reward=0.0003 task_sr=0.7000 subtask_sr=0.9456 (7.7s)
[scanC_stageC_risk_seed42_20260215_014509][Greedy] [Baselines] ep=73 (73/120) policy=Greedy (1/1) ...
[scanC_stageC_risk_seed42_20260215_014509][Greedy] [Baselines]   done reward=-0.0050 task_sr=0.6000 subtask_sr=0.9028 (7.3s)
[scanC_stageC_risk_seed42_20260215_014509][Greedy] [Baselines] ep=74 (74/120) policy=Greedy (1/1) ...
[scanC_stageC_risk_seed42_20260215_014509][Greedy] [Baselines]   done reward=0.0097 task_sr=0.8000 subtask_sr=0.9573 (6.7s)
[scanC_stageC_risk_seed42_20260215_014509][Greedy] [Baselines] ep=75 (75/120) policy=Greedy (1/1) ...
[scanC_stageC_risk_seed42_20260215_014509][Greedy] [Baselines]   done reward=-0.0003 task_sr=0.9000 subtask_sr=0.9953 (6.8s)
[scanC_stageC_risk_seed42_20260215_014509][Greedy] [Baselines] ep=76 (76/120) policy=Greedy (1/1) ...
[scanC_stageC_risk_seed42_20260215_014509][Greedy] [Baselines]   done reward=-0.0106 task_sr=0.8500 subtask_sr=0.9736 (6.4s)
[scanC_stageC_risk_seed42_20260215_014509][Greedy] [Baselines] ep=77 (77/120) policy=Greedy (1/1) ...
[scanC_stageC_risk_seed42_20260215_014509][Greedy] [Baselines]   done reward=-0.0029 task_sr=0.6000 subtask_sr=0.8930 (7.8s)
[scanC_stageC_risk_seed42_20260215_014509][Greedy] [Baselines] ep=78 (78/120) policy=Greedy (1/1) ...
[scanC_stageC_risk_seed42_20260215_014509][Greedy] [Baselines]   done reward=-0.0051 task_sr=0.5500 subtask_sr=0.9042 (7.5s)
[scanC_stageC_risk_seed42_20260215_014509][Greedy] [Baselines] ep=79 (79/120) policy=Greedy (1/1) ...
[scanC_stageC_risk_seed42_20260215_014509][Greedy] [Baselines]   done reward=0.0013 task_sr=0.4000 subtask_sr=0.8690 (8.6s)
[scanC_stageC_risk_seed42_20260215_014509][Greedy] [Baselines] ep=80 (80/120) policy=Greedy (1/1) ...
[scanC_stageC_risk_seed42_20260215_014509][Greedy] [Baselines]   done reward=0.0062 task_sr=0.9000 subtask_sr=0.9903 (6.4s)
[scanC_stageC_risk_seed42_20260215_014509][Greedy] [Baselines] ep=81 (81/120) policy=Greedy (1/1) ...
[scanC_stageC_risk_seed42_20260215_014509][Greedy] [Baselines]   done reward=-0.0074 task_sr=0.7000 subtask_sr=0.9639 (6.9s)
[scanC_stageC_risk_seed42_20260215_014509][Greedy] [Baselines] ep=82 (82/120) policy=Greedy (1/1) ...
[scanC_stageC_risk_seed42_20260215_014509][Greedy] [Baselines]   done reward=0.0015 task_sr=0.9500 subtask_sr=0.9977 (7.0s)
[scanC_stageC_risk_seed42_20260215_014509][Greedy] [Baselines] ep=83 (83/120) policy=Greedy (1/1) ...
[scanC_stageC_risk_seed42_20260215_014509][Greedy] [Baselines]   done reward=-0.0113 task_sr=0.4500 subtask_sr=0.8599 (7.8s)
[scanC_stageC_risk_seed42_20260215_014509][Greedy] [Baselines] ep=84 (84/120) policy=Greedy (1/1) ...
[scanC_stageC_risk_seed42_20260215_014509][Greedy] [Baselines]   done reward=-0.0048 task_sr=0.4000 subtask_sr=0.8498 (9.1s)
[scanC_stageC_risk_seed42_20260215_014509][Greedy] [Baselines] ep=85 (85/120) policy=Greedy (1/1) ...
[scanC_stageC_risk_seed42_20260215_014509][Greedy] [Baselines]   done reward=0.0077 task_sr=0.9000 subtask_sr=0.9928 (5.9s)
[scanC_stageC_risk_seed42_20260215_014509][Greedy] [Baselines] ep=86 (86/120) policy=Greedy (1/1) ...
[scanC_stageC_risk_seed42_20260215_014509][Greedy] [Baselines]   done reward=-0.0027 task_sr=0.6000 subtask_sr=0.8719 (7.0s)
[scanC_stageC_risk_seed42_20260215_014509][Greedy] [Baselines] ep=87 (87/120) policy=Greedy (1/1) ...
[scanC_stageC_risk_seed42_20260215_014509][Greedy] [Baselines]   done reward=-0.0078 task_sr=0.9500 subtask_sr=0.9930 (7.2s)
[scanC_stageC_risk_seed42_20260215_014509][Greedy] [Baselines] ep=88 (88/120) policy=Greedy (1/1) ...
[scanC_stageC_risk_seed42_20260215_014509][Greedy] [Baselines]   done reward=-0.0066 task_sr=0.3500 subtask_sr=0.7780 (8.9s)
[scanC_stageC_risk_seed42_20260215_014509][Greedy] [Baselines] ep=89 (89/120) policy=Greedy (1/1) ...
[scanC_stageC_risk_seed42_20260215_014509][Greedy] [Baselines]   done reward=-0.0113 task_sr=0.7000 subtask_sr=0.9482 (7.0s)
[scanC_stageC_risk_seed42_20260215_014509][Greedy] [Baselines] ep=90 (90/120) policy=Greedy (1/1) ...
[scanC_stageC_risk_seed42_20260215_014509][Greedy] [Baselines]   done reward=0.0094 task_sr=1.0000 subtask_sr=1.0000 (5.8s)
[scanC_stageC_risk_seed42_20260215_014509][Greedy] [Baselines] ep=91 (91/120) policy=Greedy (1/1) ...
[scanC_stageC_risk_seed42_20260215_014509][Greedy] [Baselines]   done reward=-0.0353 task_sr=0.2500 subtask_sr=0.8409 (8.1s)
[scanC_stageC_risk_seed42_20260215_014509][Greedy] [Baselines] ep=92 (92/120) policy=Greedy (1/1) ...
[scanC_stageC_risk_seed42_20260215_014509][Greedy] [Baselines]   done reward=0.0077 task_sr=0.7500 subtask_sr=0.9569 (6.9s)
[scanC_stageC_risk_seed42_20260215_014509][Greedy] [Baselines] ep=93 (93/120) policy=Greedy (1/1) ...
[scanC_stageC_risk_seed42_20260215_014509][Greedy] [Baselines]   done reward=-0.0110 task_sr=0.7500 subtask_sr=0.9803 (6.7s)
[scanC_stageC_risk_seed42_20260215_014509][Greedy] [Baselines] ep=94 (94/120) policy=Greedy (1/1) ...
[scanC_stageC_risk_seed42_20260215_014509][Greedy] [Baselines]   done reward=-0.0193 task_sr=0.5000 subtask_sr=0.8360 (8.4s)
[scanC_stageC_risk_seed42_20260215_014509][Greedy] [Baselines] ep=95 (95/120) policy=Greedy (1/1) ...
[scanC_stageC_risk_seed42_20260215_014509][Greedy] [Baselines]   done reward=-0.0190 task_sr=0.6500 subtask_sr=0.9570 (7.3s)
[scanC_stageC_risk_seed42_20260215_014509][Greedy] [Baselines] ep=96 (96/120) policy=Greedy (1/1) ...
[scanC_stageC_risk_seed42_20260215_014509][Greedy] [Baselines]   done reward=-0.0108 task_sr=0.8000 subtask_sr=0.9857 (7.2s)
[scanC_stageC_risk_seed42_20260215_014509][Greedy] [Baselines] ep=97 (97/120) policy=Greedy (1/1) ...
[scanC_stageC_risk_seed42_20260215_014509][Greedy] [Baselines]   done reward=-0.0146 task_sr=0.6000 subtask_sr=0.9291 (7.6s)
[scanC_stageC_risk_seed42_20260215_014509][Greedy] [Baselines] ep=98 (98/120) policy=Greedy (1/1) ...
[scanC_stageC_risk_seed42_20260215_014509][Greedy] [Baselines]   done reward=-0.0146 task_sr=0.5500 subtask_sr=0.8841 (7.7s)
[scanC_stageC_risk_seed42_20260215_014509][Greedy] [Baselines] ep=99 (99/120) policy=Greedy (1/1) ...
[scanC_stageC_risk_seed42_20260215_014509][Greedy] [Baselines]   done reward=0.0061 task_sr=0.8500 subtask_sr=0.9716 (6.5s)
[scanC_stageC_risk_seed42_20260215_014509][Greedy] [Baselines] ep=100 (100/120) policy=Greedy (1/1) ...
[scanC_stageC_risk_seed42_20260215_014509][Greedy] [Baselines]   done reward=0.0054 task_sr=0.9500 subtask_sr=0.9810 (6.5s)
[scanC_stageC_risk_seed42_20260215_014509][Greedy] [Baselines] ep=101 (101/120) policy=Greedy (1/1) ...
[scanC_stageC_risk_seed42_20260215_014509][Greedy] [Baselines]   done reward=0.0079 task_sr=0.9000 subtask_sr=0.9882 (6.6s)
[scanC_stageC_risk_seed42_20260215_014509][Greedy] [Baselines] ep=102 (102/120) policy=Greedy (1/1) ...
[scanC_stageC_risk_seed42_20260215_014509][Greedy] [Baselines]   done reward=-0.0159 task_sr=0.6000 subtask_sr=0.9547 (7.8s)
[scanC_stageC_risk_seed42_20260215_014509][Greedy] [Baselines] ep=103 (103/120) policy=Greedy (1/1) ...
[scanC_stageC_risk_seed42_20260215_014509][Greedy] [Baselines]   done reward=-0.0126 task_sr=0.7000 subtask_sr=0.9689 (7.4s)
[scanC_stageC_risk_seed42_20260215_014509][Greedy] [Baselines] ep=104 (104/120) policy=Greedy (1/1) ...
[scanC_stageC_risk_seed42_20260215_014509][Greedy] [Baselines]   done reward=-0.0096 task_sr=0.7000 subtask_sr=0.9596 (7.7s)
[scanC_stageC_risk_seed42_20260215_014509][Greedy] [Baselines] ep=105 (105/120) policy=Greedy (1/1) ...
[scanC_stageC_risk_seed42_20260215_014509][Greedy] [Baselines]   done reward=-0.0024 task_sr=0.4500 subtask_sr=0.8973 (7.3s)
[scanC_stageC_risk_seed42_20260215_014509][Greedy] [Baselines] ep=106 (106/120) policy=Greedy (1/1) ...
[scanC_stageC_risk_seed42_20260215_014509][Greedy] [Baselines]   done reward=0.0062 task_sr=0.8500 subtask_sr=0.9856 (6.4s)
[scanC_stageC_risk_seed42_20260215_014509][Greedy] [Baselines] ep=107 (107/120) policy=Greedy (1/1) ...
[scanC_stageC_risk_seed42_20260215_014509][Greedy] [Baselines]   done reward=-0.0119 task_sr=0.8500 subtask_sr=0.9930 (6.6s)
[scanC_stageC_risk_seed42_20260215_014509][Greedy] [Baselines] ep=108 (108/120) policy=Greedy (1/1) ...
[scanC_stageC_risk_seed42_20260215_014509][Greedy] [Baselines]   done reward=-0.0110 task_sr=0.8000 subtask_sr=0.9787 (6.7s)
[scanC_stageC_risk_seed42_20260215_014509][Greedy] [Baselines] ep=109 (109/120) policy=Greedy (1/1) ...
[scanC_stageC_risk_seed42_20260215_014509][Greedy] [Baselines]   done reward=-0.0152 task_sr=0.7500 subtask_sr=0.9393 (7.5s)
[scanC_stageC_risk_seed42_20260215_014509][Greedy] [Baselines] ep=110 (110/120) policy=Greedy (1/1) ...
[scanC_stageC_risk_seed42_20260215_014509][Greedy] [Baselines]   done reward=0.0026 task_sr=0.9500 subtask_sr=0.9928 (6.6s)
[scanC_stageC_risk_seed42_20260215_014509][Greedy] [Baselines] ep=111 (111/120) policy=Greedy (1/1) ...
[scanC_stageC_risk_seed42_20260215_014509][Greedy] [Baselines]   done reward=-0.0068 task_sr=0.3500 subtask_sr=0.8265 (8.5s)
[scanC_stageC_risk_seed42_20260215_014509][Greedy] [Baselines] ep=112 (112/120) policy=Greedy (1/1) ...
[scanC_stageC_risk_seed42_20260215_014509][Greedy] [Baselines]   done reward=0.0036 task_sr=0.8500 subtask_sr=0.9655 (6.6s)
[scanC_stageC_risk_seed42_20260215_014509][Greedy] [Baselines] ep=113 (113/120) policy=Greedy (1/1) ...
[scanC_stageC_risk_seed42_20260215_014509][Greedy] [Baselines]   done reward=0.0070 task_sr=0.9500 subtask_sr=0.9883 (6.6s)
[scanC_stageC_risk_seed42_20260215_014509][Greedy] [Baselines] ep=114 (114/120) policy=Greedy (1/1) ...
[scanC_stageC_risk_seed42_20260215_014509][Greedy] [Baselines]   done reward=-0.0052 task_sr=0.3500 subtask_sr=0.8009 (8.8s)
[scanC_stageC_risk_seed42_20260215_014509][Greedy] [Baselines] ep=115 (115/120) policy=Greedy (1/1) ...
[scanC_stageC_risk_seed42_20260215_014509][Greedy] [Baselines]   done reward=0.0075 task_sr=0.9000 subtask_sr=0.9906 (6.1s)
[scanC_stageC_risk_seed42_20260215_014509][Greedy] [Baselines] ep=116 (116/120) policy=Greedy (1/1) ...
[scanC_stageC_risk_seed42_20260215_014509][Greedy] [Baselines]   done reward=-0.0051 task_sr=0.8000 subtask_sr=0.9665 (7.4s)
[scanC_stageC_risk_seed42_20260215_014509][Greedy] [Baselines] ep=117 (117/120) policy=Greedy (1/1) ...
[scanC_stageC_risk_seed42_20260215_014509][Greedy] [Baselines]   done reward=-0.0053 task_sr=0.9500 subtask_sr=0.9927 (5.8s)
[scanC_stageC_risk_seed42_20260215_014509][Greedy] [Baselines] ep=118 (118/120) policy=Greedy (1/1) ...
[scanC_stageC_risk_seed42_20260215_014509][Greedy] [Baselines]   done reward=-0.0048 task_sr=0.9000 subtask_sr=0.9628 (7.5s)
[scanC_stageC_risk_seed42_20260215_014509][Greedy] [Baselines] ep=119 (119/120) policy=Greedy (1/1) ...
[scanC_stageC_risk_seed42_20260215_014509][Greedy] [Baselines]   done reward=-0.0217 task_sr=0.4500 subtask_sr=0.8190 (7.5s)
[scanC_stageC_risk_seed42_20260215_014509][Greedy] [Baselines] ep=120 (120/120) policy=Greedy (1/1) ...
[scanC_stageC_risk_seed42_20260215_014509][Greedy] [Baselines]   done reward=0.0005 task_sr=1.0000 subtask_sr=1.0000 (6.5s)
[scanC_stageC_risk_seed42_20260215_014509][Greedy] ✓ Baseline stats saved: /Users/qiutao/研/毕设/毕设/vecOffloadingSim/runs/scanC_stageC_risk_seed42_20260215_014509/logs/baseline_parts/Greedy.csv
[scanC_stageC_risk_seed42_20260215_014509][Greedy] 结果摘要 (均值):
[scanC_stageC_risk_seed42_20260215_014509][Greedy]   Greedy     reward=-0.0040 task_sr=0.7221 subtask_sr=0.9423
