[scanC_stageC_risk_seed42_20260215_014509][LB-Greedy] [Baselines] run_dir=/Users/qiutao/研/毕设/毕设/vecOffloadingSim/runs/scanC_stageC_risk_seed42_20260215_014509
[scanC_stageC_risk_seed42_20260215_014509][LB-Greedy] [Baselines] num_episodes=120 seed=42 max_steps=200
[scanC_stageC_risk_seed42_20260215_014509][LB-Greedy] [Baselines] policies=['LB-Greedy']
[scanC_stageC_risk_seed42_20260215_014509][LB-Greedy] [Baselines] ep=1 (1/120) policy=LB-Greedy (1/1) ...
[scanC_stageC_risk_seed42_20260215_014509][LB-Greedy] [Baselines]   done reward=-0.1158 task_sr=0.2000 subtask_sr=0.4904 (13.5s)
[scanC_stageC_risk_seed42_20260215_014509][LB-Greedy] [Baselines] ep=2 (2/120) policy=LB-Greedy (1/1) ...
[scanC_stageC_risk_seed42_20260215_014509][LB-Greedy] [Baselines]   done reward=-0.2075 task_sr=0.4000 subtask_sr=0.6300 (12.2s)
[scanC_stageC_risk_seed42_20260215_014509][LB-Greedy] [Baselines] ep=3 (3/120) policy=LB-Greedy (1/1) ...
[scanC_stageC_risk_seed42_20260215_014509][LB-Greedy] [Baselines]   done reward=-0.3182 task_sr=0.5500 subtask_sr=0.7733 (9.8s)
[scanC_stageC_risk_seed42_20260215_014509][LB-Greedy] [Baselines] ep=4 (4/120) policy=LB-Greedy (1/1) ...
[scanC_stageC_risk_seed42_20260215_014509][LB-Greedy] [Baselines]   done reward=-0.1844 task_sr=0.2000 subtask_sr=0.6110 (13.1s)
[scanC_stageC_risk_seed42_20260215_014509][LB-Greedy] [Baselines] ep=5 (5/120) policy=LB-Greedy (1/1) ...
[scanC_stageC_risk_seed42_20260215_014509][LB-Greedy] [Baselines]   done reward=-0.1864 task_sr=0.1500 subtask_sr=0.5545 (13.4s)
[scanC_stageC_risk_seed42_20260215_014509][LB-Greedy] [Baselines] ep=6 (6/120) policy=LB-Greedy (1/1) ...
[scanC_stageC_risk_seed42_20260215_014509][LB-Greedy] [Baselines]   done reward=-0.1824 task_sr=0.3500 subtask_sr=0.6120 (11.7s)
[scanC_stageC_risk_seed42_20260215_014509][LB-Greedy] [Baselines] ep=7 (7/120) policy=LB-Greedy (1/1) ...
[scanC_stageC_risk_seed42_20260215_014509][LB-Greedy] [Baselines]   done reward=-0.2005 task_sr=0.3500 subtask_sr=0.5963 (13.0s)
[scanC_stageC_risk_seed42_20260215_014509][LB-Greedy] [Baselines] ep=8 (8/120) policy=LB-Greedy (1/1) ...
[scanC_stageC_risk_seed42_20260215_014509][LB-Greedy] [Baselines]   done reward=-0.1222 task_sr=0.3000 subtask_sr=0.5617 (13.8s)
[scanC_stageC_risk_seed42_20260215_014509][LB-Greedy] [Baselines] ep=9 (9/120) policy=LB-Greedy (1/1) ...
[scanC_stageC_risk_seed42_20260215_014509][LB-Greedy] [Baselines]   done reward=-0.3762 task_sr=0.3500 subtask_sr=0.6230 (13.9s)
[scanC_stageC_risk_seed42_20260215_014509][LB-Greedy] [Baselines] ep=10 (10/120) policy=LB-Greedy (1/1) ...
[scanC_stageC_risk_seed42_20260215_014509][LB-Greedy] [Baselines]   done reward=-0.2992 task_sr=0.2000 subtask_sr=0.6271 (13.4s)
[scanC_stageC_risk_seed42_20260215_014509][LB-Greedy] [Baselines] ep=11 (11/120) policy=LB-Greedy (1/1) ...
[scanC_stageC_risk_seed42_20260215_014509][LB-Greedy] [Baselines]   done reward=-0.7157 task_sr=0.2500 subtask_sr=0.5971 (13.0s)
[scanC_stageC_risk_seed42_20260215_014509][LB-Greedy] [Baselines] ep=12 (12/120) policy=LB-Greedy (1/1) ...
[scanC_stageC_risk_seed42_20260215_014509][LB-Greedy] [Baselines]   done reward=-0.3958 task_sr=0.5000 subtask_sr=0.6919 (13.6s)
[scanC_stageC_risk_seed42_20260215_014509][LB-Greedy] [Baselines] ep=13 (13/120) policy=LB-Greedy (1/1) ...
[scanC_stageC_risk_seed42_20260215_014509][LB-Greedy] [Baselines]   done reward=-0.4351 task_sr=0.6000 subtask_sr=0.8294 (9.7s)
[scanC_stageC_risk_seed42_20260215_014509][LB-Greedy] [Baselines] ep=14 (14/120) policy=LB-Greedy (1/1) ...
[scanC_stageC_risk_seed42_20260215_014509][LB-Greedy] [Baselines]   done reward=-0.2685 task_sr=0.2000 subtask_sr=0.5070 (14.1s)
[scanC_stageC_risk_seed42_20260215_014509][LB-Greedy] [Baselines] ep=15 (15/120) policy=LB-Greedy (1/1) ...
[scanC_stageC_risk_seed42_20260215_014509][LB-Greedy] [Baselines]   done reward=-0.7275 task_sr=0.1000 subtask_sr=0.4476 (15.0s)
[scanC_stageC_risk_seed42_20260215_014509][LB-Greedy] [Baselines] ep=16 (16/120) policy=LB-Greedy (1/1) ...
[scanC_stageC_risk_seed42_20260215_014509][LB-Greedy] [Baselines]   done reward=-0.1703 task_sr=0.3000 subtask_sr=0.6337 (13.9s)
[scanC_stageC_risk_seed42_20260215_014509][LB-Greedy] [Baselines] ep=17 (17/120) policy=LB-Greedy (1/1) ...
[scanC_stageC_risk_seed42_20260215_014509][LB-Greedy] [Baselines]   done reward=-0.1397 task_sr=0.2000 subtask_sr=0.5000 (14.1s)
[scanC_stageC_risk_seed42_20260215_014509][LB-Greedy] [Baselines] ep=18 (18/120) policy=LB-Greedy (1/1) ...
[scanC_stageC_risk_seed42_20260215_014509][LB-Greedy] [Baselines]   done reward=-0.1440 task_sr=0.1000 subtask_sr=0.4209 (15.1s)
[scanC_stageC_risk_seed42_20260215_014509][LB-Greedy] [Baselines] ep=19 (19/120) policy=LB-Greedy (1/1) ...
[scanC_stageC_risk_seed42_20260215_014509][LB-Greedy] [Baselines]   done reward=-0.1627 task_sr=0.3000 subtask_sr=0.4851 (13.8s)
[scanC_stageC_risk_seed42_20260215_014509][LB-Greedy] [Baselines] ep=20 (20/120) policy=LB-Greedy (1/1) ...
[scanC_stageC_risk_seed42_20260215_014509][LB-Greedy] [Baselines]   done reward=-0.2776 task_sr=0.2000 subtask_sr=0.6499 (13.4s)
[scanC_stageC_risk_seed42_20260215_014509][LB-Greedy] [Baselines] ep=21 (21/120) policy=LB-Greedy (1/1) ...
[scanC_stageC_risk_seed42_20260215_014509][LB-Greedy] [Baselines]   done reward=-0.2148 task_sr=0.2500 subtask_sr=0.6387 (14.5s)
[scanC_stageC_risk_seed42_20260215_014509][LB-Greedy] [Baselines] ep=22 (22/120) policy=LB-Greedy (1/1) ...
[scanC_stageC_risk_seed42_20260215_014509][LB-Greedy] [Baselines]   done reward=-0.8902 task_sr=0.1500 subtask_sr=0.4463 (14.4s)
[scanC_stageC_risk_seed42_20260215_014509][LB-Greedy] [Baselines] ep=23 (23/120) policy=LB-Greedy (1/1) ...
[scanC_stageC_risk_seed42_20260215_014509][LB-Greedy] [Baselines]   done reward=-0.6074 task_sr=0.1500 subtask_sr=0.4489 (14.8s)
[scanC_stageC_risk_seed42_20260215_014509][LB-Greedy] [Baselines] ep=24 (24/120) policy=LB-Greedy (1/1) ...
[scanC_stageC_risk_seed42_20260215_014509][LB-Greedy] [Baselines]   done reward=-0.1271 task_sr=0.1000 subtask_sr=0.4102 (14.4s)
[scanC_stageC_risk_seed42_20260215_014509][LB-Greedy] [Baselines] ep=25 (25/120) policy=LB-Greedy (1/1) ...
[scanC_stageC_risk_seed42_20260215_014509][LB-Greedy] [Baselines]   done reward=-0.8905 task_sr=0.2500 subtask_sr=0.5822 (14.2s)
[scanC_stageC_risk_seed42_20260215_014509][LB-Greedy] [Baselines] ep=26 (26/120) policy=LB-Greedy (1/1) ...
[scanC_stageC_risk_seed42_20260215_014509][LB-Greedy] [Baselines]   done reward=-0.2173 task_sr=0.3000 subtask_sr=0.6227 (13.2s)
[scanC_stageC_risk_seed42_20260215_014509][LB-Greedy] [Baselines] ep=27 (27/120) policy=LB-Greedy (1/1) ...
[scanC_stageC_risk_seed42_20260215_014509][LB-Greedy] [Baselines]   done reward=-0.4123 task_sr=0.2000 subtask_sr=0.5118 (14.0s)
[scanC_stageC_risk_seed42_20260215_014509][LB-Greedy] [Baselines] ep=28 (28/120) policy=LB-Greedy (1/1) ...
[scanC_stageC_risk_seed42_20260215_014509][LB-Greedy] [Baselines]   done reward=-0.1260 task_sr=0.2000 subtask_sr=0.6110 (14.0s)
[scanC_stageC_risk_seed42_20260215_014509][LB-Greedy] [Baselines] ep=29 (29/120) policy=LB-Greedy (1/1) ...
[scanC_stageC_risk_seed42_20260215_014509][LB-Greedy] [Baselines]   done reward=-0.1405 task_sr=0.2500 subtask_sr=0.6159 (13.0s)
[scanC_stageC_risk_seed42_20260215_014509][LB-Greedy] [Baselines] ep=30 (30/120) policy=LB-Greedy (1/1) ...
[scanC_stageC_risk_seed42_20260215_014509][LB-Greedy] [Baselines]   done reward=-0.1127 task_sr=0.1500 subtask_sr=0.5059 (14.6s)
[scanC_stageC_risk_seed42_20260215_014509][LB-Greedy] [Baselines] ep=31 (31/120) policy=LB-Greedy (1/1) ...
[scanC_stageC_risk_seed42_20260215_014509][LB-Greedy] [Baselines]   done reward=-0.3133 task_sr=0.4500 subtask_sr=0.7698 (13.1s)
[scanC_stageC_risk_seed42_20260215_014509][LB-Greedy] [Baselines] ep=32 (32/120) policy=LB-Greedy (1/1) ...
[scanC_stageC_risk_seed42_20260215_014509][LB-Greedy] [Baselines]   done reward=-0.2542 task_sr=0.4500 subtask_sr=0.7740 (10.4s)
[scanC_stageC_risk_seed42_20260215_014509][LB-Greedy] [Baselines] ep=33 (33/120) policy=LB-Greedy (1/1) ...
[scanC_stageC_risk_seed42_20260215_014509][LB-Greedy] [Baselines]   done reward=-0.1518 task_sr=0.2500 subtask_sr=0.4413 (14.7s)
[scanC_stageC_risk_seed42_20260215_014509][LB-Greedy] [Baselines] ep=34 (34/120) policy=LB-Greedy (1/1) ...
[scanC_stageC_risk_seed42_20260215_014509][LB-Greedy] [Baselines]   done reward=-0.2115 task_sr=0.3000 subtask_sr=0.6408 (12.0s)
[scanC_stageC_risk_seed42_20260215_014509][LB-Greedy] [Baselines] ep=35 (35/120) policy=LB-Greedy (1/1) ...
[scanC_stageC_risk_seed42_20260215_014509][LB-Greedy] [Baselines]   done reward=-0.1775 task_sr=0.3000 subtask_sr=0.6627 (13.1s)
[scanC_stageC_risk_seed42_20260215_014509][LB-Greedy] [Baselines] ep=36 (36/120) policy=LB-Greedy (1/1) ...
[scanC_stageC_risk_seed42_20260215_014509][LB-Greedy] [Baselines]   done reward=-0.6048 task_sr=0.1500 subtask_sr=0.5190 (15.7s)
[scanC_stageC_risk_seed42_20260215_014509][LB-Greedy] [Baselines] ep=37 (37/120) policy=LB-Greedy (1/1) ...
[scanC_stageC_risk_seed42_20260215_014509][LB-Greedy] [Baselines]   done reward=-0.1671 task_sr=0.2000 subtask_sr=0.6370 (13.8s)
[scanC_stageC_risk_seed42_20260215_014509][LB-Greedy] [Baselines] ep=38 (38/120) policy=LB-Greedy (1/1) ...
[scanC_stageC_risk_seed42_20260215_014509][LB-Greedy] [Baselines]   done reward=-0.1641 task_sr=0.2500 subtask_sr=0.5012 (14.2s)
[scanC_stageC_risk_seed42_20260215_014509][LB-Greedy] [Baselines] ep=39 (39/120) policy=LB-Greedy (1/1) ...
[scanC_stageC_risk_seed42_20260215_014509][LB-Greedy] [Baselines]   done reward=-0.1529 task_sr=0.2000 subtask_sr=0.5249 (14.1s)
[scanC_stageC_risk_seed42_20260215_014509][LB-Greedy] [Baselines] ep=40 (40/120) policy=LB-Greedy (1/1) ...
[scanC_stageC_risk_seed42_20260215_014509][LB-Greedy] [Baselines]   done reward=-0.2610 task_sr=0.4500 subtask_sr=0.7193 (13.1s)
[scanC_stageC_risk_seed42_20260215_014509][LB-Greedy] [Baselines] ep=41 (41/120) policy=LB-Greedy (1/1) ...
[scanC_stageC_risk_seed42_20260215_014509][LB-Greedy] [Baselines]   done reward=-0.4168 task_sr=0.2500 subtask_sr=0.5386 (14.9s)
[scanC_stageC_risk_seed42_20260215_014509][LB-Greedy] [Baselines] ep=42 (42/120) policy=LB-Greedy (1/1) ...
[scanC_stageC_risk_seed42_20260215_014509][LB-Greedy] [Baselines]   done reward=-0.2042 task_sr=0.4000 subtask_sr=0.6197 (12.6s)
[scanC_stageC_risk_seed42_20260215_014509][LB-Greedy] [Baselines] ep=43 (43/120) policy=LB-Greedy (1/1) ...
[scanC_stageC_risk_seed42_20260215_014509][LB-Greedy] [Baselines]   done reward=-0.1791 task_sr=0.2000 subtask_sr=0.5738 (13.7s)
[scanC_stageC_risk_seed42_20260215_014509][LB-Greedy] [Baselines] ep=44 (44/120) policy=LB-Greedy (1/1) ...
[scanC_stageC_risk_seed42_20260215_014509][LB-Greedy] [Baselines]   done reward=-0.6119 task_sr=0.1000 subtask_sr=0.4591 (11.7s)
[scanC_stageC_risk_seed42_20260215_014509][LB-Greedy] [Baselines] ep=45 (45/120) policy=LB-Greedy (1/1) ...
[scanC_stageC_risk_seed42_20260215_014509][LB-Greedy] [Baselines]   done reward=-0.3466 task_sr=0.4500 subtask_sr=0.7299 (8.8s)
[scanC_stageC_risk_seed42_20260215_014509][LB-Greedy] [Baselines] ep=46 (46/120) policy=LB-Greedy (1/1) ...
[scanC_stageC_risk_seed42_20260215_014509][LB-Greedy] [Baselines]   done reward=-1.5235 task_sr=0.2000 subtask_sr=0.4431 (14.3s)
[scanC_stageC_risk_seed42_20260215_014509][LB-Greedy] [Baselines] ep=47 (47/120) policy=LB-Greedy (1/1) ...
[scanC_stageC_risk_seed42_20260215_014509][LB-Greedy] [Baselines]   done reward=-0.1197 task_sr=0.2500 subtask_sr=0.5837 (14.3s)
[scanC_stageC_risk_seed42_20260215_014509][LB-Greedy] [Baselines] ep=48 (48/120) policy=LB-Greedy (1/1) ...
[scanC_stageC_risk_seed42_20260215_014509][LB-Greedy] [Baselines]   done reward=-0.4367 task_sr=0.3500 subtask_sr=0.7463 (10.4s)
[scanC_stageC_risk_seed42_20260215_014509][LB-Greedy] [Baselines] ep=49 (49/120) policy=LB-Greedy (1/1) ...
[scanC_stageC_risk_seed42_20260215_014509][LB-Greedy] [Baselines]   done reward=-0.2094 task_sr=0.4500 subtask_sr=0.7007 (12.8s)
[scanC_stageC_risk_seed42_20260215_014509][LB-Greedy] [Baselines] ep=50 (50/120) policy=LB-Greedy (1/1) ...
[scanC_stageC_risk_seed42_20260215_014509][LB-Greedy] [Baselines]   done reward=-0.2942 task_sr=0.3500 subtask_sr=0.7034 (13.2s)
[scanC_stageC_risk_seed42_20260215_014509][LB-Greedy] [Baselines] ep=51 (51/120) policy=LB-Greedy (1/1) ...
[scanC_stageC_risk_seed42_20260215_014509][LB-Greedy] [Baselines]   done reward=-0.1082 task_sr=0.2000 subtask_sr=0.5506 (13.7s)
[scanC_stageC_risk_seed42_20260215_014509][LB-Greedy] [Baselines] ep=52 (52/120) policy=LB-Greedy (1/1) ...
[scanC_stageC_risk_seed42_20260215_014509][LB-Greedy] [Baselines]   done reward=-0.1495 task_sr=0.2000 subtask_sr=0.4880 (13.9s)
[scanC_stageC_risk_seed42_20260215_014509][LB-Greedy] [Baselines] ep=53 (53/120) policy=LB-Greedy (1/1) ...
[scanC_stageC_risk_seed42_20260215_014509][LB-Greedy] [Baselines]   done reward=-0.1991 task_sr=0.2500 subtask_sr=0.5488 (14.3s)
[scanC_stageC_risk_seed42_20260215_014509][LB-Greedy] [Baselines] ep=54 (54/120) policy=LB-Greedy (1/1) ...
[scanC_stageC_risk_seed42_20260215_014509][LB-Greedy] [Baselines]   done reward=-0.1589 task_sr=0.3000 subtask_sr=0.5439 (13.1s)
[scanC_stageC_risk_seed42_20260215_014509][LB-Greedy] [Baselines] ep=55 (55/120) policy=LB-Greedy (1/1) ...
[scanC_stageC_risk_seed42_20260215_014509][LB-Greedy] [Baselines]   done reward=-1.1475 task_sr=0.3000 subtask_sr=0.6200 (12.9s)
[scanC_stageC_risk_seed42_20260215_014509][LB-Greedy] [Baselines] ep=56 (56/120) policy=LB-Greedy (1/1) ...
[scanC_stageC_risk_seed42_20260215_014509][LB-Greedy] [Baselines]   done reward=-0.2364 task_sr=0.4000 subtask_sr=0.7019 (13.3s)
[scanC_stageC_risk_seed42_20260215_014509][LB-Greedy] [Baselines] ep=57 (57/120) policy=LB-Greedy (1/1) ...
[scanC_stageC_risk_seed42_20260215_014509][LB-Greedy] [Baselines]   done reward=-0.2164 task_sr=0.2500 subtask_sr=0.5724 (13.5s)
[scanC_stageC_risk_seed42_20260215_014509][LB-Greedy] [Baselines] ep=58 (58/120) policy=LB-Greedy (1/1) ...
[scanC_stageC_risk_seed42_20260215_014509][LB-Greedy] [Baselines]   done reward=-0.2819 task_sr=0.3500 subtask_sr=0.6373 (8.7s)
[scanC_stageC_risk_seed42_20260215_014509][LB-Greedy] [Baselines] ep=59 (59/120) policy=LB-Greedy (1/1) ...
[scanC_stageC_risk_seed42_20260215_014509][LB-Greedy] [Baselines]   done reward=-0.5155 task_sr=0.3000 subtask_sr=0.5394 (14.2s)
[scanC_stageC_risk_seed42_20260215_014509][LB-Greedy] [Baselines] ep=60 (60/120) policy=LB-Greedy (1/1) ...
[scanC_stageC_risk_seed42_20260215_014509][LB-Greedy] [Baselines]   done reward=-0.2538 task_sr=0.5000 subtask_sr=0.7005 (12.0s)
[scanC_stageC_risk_seed42_20260215_014509][LB-Greedy] [Baselines] ep=61 (61/120) policy=LB-Greedy (1/1) ...
[scanC_stageC_risk_seed42_20260215_014509][LB-Greedy] [Baselines]   done reward=-0.1760 task_sr=0.1500 subtask_sr=0.5254 (13.8s)
[scanC_stageC_risk_seed42_20260215_014509][LB-Greedy] [Baselines] ep=62 (62/120) policy=LB-Greedy (1/1) ...
[scanC_stageC_risk_seed42_20260215_014509][LB-Greedy] [Baselines]   done reward=-0.3660 task_sr=0.3000 subtask_sr=0.6274 (13.1s)
[scanC_stageC_risk_seed42_20260215_014509][LB-Greedy] [Baselines] ep=63 (63/120) policy=LB-Greedy (1/1) ...
[scanC_stageC_risk_seed42_20260215_014509][LB-Greedy] [Baselines]   done reward=-0.4185 task_sr=0.2500 subtask_sr=0.4804 (13.7s)
[scanC_stageC_risk_seed42_20260215_014509][LB-Greedy] [Baselines] ep=64 (64/120) policy=LB-Greedy (1/1) ...
[scanC_stageC_risk_seed42_20260215_014509][LB-Greedy] [Baselines]   done reward=-0.1828 task_sr=0.5000 subtask_sr=0.7400 (12.1s)
[scanC_stageC_risk_seed42_20260215_014509][LB-Greedy] [Baselines] ep=65 (65/120) policy=LB-Greedy (1/1) ...
[scanC_stageC_risk_seed42_20260215_014509][LB-Greedy] [Baselines]   done reward=-0.2891 task_sr=0.4000 subtask_sr=0.6908 (12.6s)
[scanC_stageC_risk_seed42_20260215_014509][LB-Greedy] [Baselines] ep=66 (66/120) policy=LB-Greedy (1/1) ...
[scanC_stageC_risk_seed42_20260215_014509][LB-Greedy] [Baselines]   done reward=-0.2269 task_sr=0.2000 subtask_sr=0.6247 (12.3s)
[scanC_stageC_risk_seed42_20260215_014509][LB-Greedy] [Baselines] ep=67 (67/120) policy=LB-Greedy (1/1) ...
[scanC_stageC_risk_seed42_20260215_014509][LB-Greedy] [Baselines]   done reward=-0.4225 task_sr=0.5500 subtask_sr=0.8695 (8.0s)
[scanC_stageC_risk_seed42_20260215_014509][LB-Greedy] [Baselines] ep=68 (68/120) policy=LB-Greedy (1/1) ...
[scanC_stageC_risk_seed42_20260215_014509][LB-Greedy] [Baselines]   done reward=-0.2305 task_sr=0.3500 subtask_sr=0.6312 (12.2s)
[scanC_stageC_risk_seed42_20260215_014509][LB-Greedy] [Baselines] ep=69 (69/120) policy=LB-Greedy (1/1) ...
[scanC_stageC_risk_seed42_20260215_014509][LB-Greedy] [Baselines]   done reward=-0.1307 task_sr=0.2000 subtask_sr=0.5666 (10.4s)
[scanC_stageC_risk_seed42_20260215_014509][LB-Greedy] [Baselines] ep=70 (70/120) policy=LB-Greedy (1/1) ...
[scanC_stageC_risk_seed42_20260215_014509][LB-Greedy] [Baselines]   done reward=-0.1311 task_sr=0.4000 subtask_sr=0.7000 (9.1s)
[scanC_stageC_risk_seed42_20260215_014509][LB-Greedy] [Baselines] ep=71 (71/120) policy=LB-Greedy (1/1) ...
[scanC_stageC_risk_seed42_20260215_014509][LB-Greedy] [Baselines]   done reward=-0.1967 task_sr=0.2000 subtask_sr=0.5468 (10.4s)
[scanC_stageC_risk_seed42_20260215_014509][LB-Greedy] [Baselines] ep=72 (72/120) policy=LB-Greedy (1/1) ...
[scanC_stageC_risk_seed42_20260215_014509][LB-Greedy] [Baselines]   done reward=-0.1355 task_sr=0.1500 subtask_sr=0.4255 (10.6s)
[scanC_stageC_risk_seed42_20260215_014509][LB-Greedy] [Baselines] ep=73 (73/120) policy=LB-Greedy (1/1) ...
[scanC_stageC_risk_seed42_20260215_014509][LB-Greedy] [Baselines]   done reward=-0.2257 task_sr=0.3500 subtask_sr=0.6540 (9.7s)
[scanC_stageC_risk_seed42_20260215_014509][LB-Greedy] [Baselines] ep=74 (74/120) policy=LB-Greedy (1/1) ...
[scanC_stageC_risk_seed42_20260215_014509][LB-Greedy] [Baselines]   done reward=-0.5859 task_sr=0.2500 subtask_sr=0.5427 (10.0s)
[scanC_stageC_risk_seed42_20260215_014509][LB-Greedy] [Baselines] ep=75 (75/120) policy=LB-Greedy (1/1) ...
[scanC_stageC_risk_seed42_20260215_014509][LB-Greedy] [Baselines]   done reward=-0.0835 task_sr=0.2000 subtask_sr=0.4222 (10.4s)
[scanC_stageC_risk_seed42_20260215_014509][LB-Greedy] [Baselines] ep=76 (76/120) policy=LB-Greedy (1/1) ...
[scanC_stageC_risk_seed42_20260215_014509][LB-Greedy] [Baselines]   done reward=-0.2035 task_sr=0.1500 subtask_sr=0.4736 (10.0s)
[scanC_stageC_risk_seed42_20260215_014509][LB-Greedy] [Baselines] ep=77 (77/120) policy=LB-Greedy (1/1) ...
[scanC_stageC_risk_seed42_20260215_014509][LB-Greedy] [Baselines]   done reward=-0.5373 task_sr=0.2500 subtask_sr=0.4651 (9.9s)
[scanC_stageC_risk_seed42_20260215_014509][LB-Greedy] [Baselines] ep=78 (78/120) policy=LB-Greedy (1/1) ...
[scanC_stageC_risk_seed42_20260215_014509][LB-Greedy] [Baselines]   done reward=-0.6694 task_sr=0.4500 subtask_sr=0.8505 (6.9s)
[scanC_stageC_risk_seed42_20260215_014509][LB-Greedy] [Baselines] ep=79 (79/120) policy=LB-Greedy (1/1) ...
[scanC_stageC_risk_seed42_20260215_014509][LB-Greedy] [Baselines]   done reward=-0.7645 task_sr=0.2500 subtask_sr=0.4762 (10.5s)
[scanC_stageC_risk_seed42_20260215_014509][LB-Greedy] [Baselines] ep=80 (80/120) policy=LB-Greedy (1/1) ...
[scanC_stageC_risk_seed42_20260215_014509][LB-Greedy] [Baselines]   done reward=-0.3735 task_sr=0.3000 subtask_sr=0.7077 (9.3s)
[scanC_stageC_risk_seed42_20260215_014509][LB-Greedy] [Baselines] ep=81 (81/120) policy=LB-Greedy (1/1) ...
[scanC_stageC_risk_seed42_20260215_014509][LB-Greedy] [Baselines]   done reward=-0.1351 task_sr=0.3500 subtask_sr=0.5711 (9.2s)
[scanC_stageC_risk_seed42_20260215_014509][LB-Greedy] [Baselines] ep=82 (82/120) policy=LB-Greedy (1/1) ...
[scanC_stageC_risk_seed42_20260215_014509][LB-Greedy] [Baselines]   done reward=-0.4781 task_sr=0.1500 subtask_sr=0.5888 (10.3s)
[scanC_stageC_risk_seed42_20260215_014509][LB-Greedy] [Baselines] ep=83 (83/120) policy=LB-Greedy (1/1) ...
[scanC_stageC_risk_seed42_20260215_014509][LB-Greedy] [Baselines]   done reward=-0.1927 task_sr=0.2500 subtask_sr=0.6184 (9.5s)
[scanC_stageC_risk_seed42_20260215_014509][LB-Greedy] [Baselines] ep=84 (84/120) policy=LB-Greedy (1/1) ...
[scanC_stageC_risk_seed42_20260215_014509][LB-Greedy] [Baselines]   done reward=-0.3464 task_sr=0.3500 subtask_sr=0.6080 (8.1s)
[scanC_stageC_risk_seed42_20260215_014509][LB-Greedy] [Baselines] ep=85 (85/120) policy=LB-Greedy (1/1) ...
[scanC_stageC_risk_seed42_20260215_014509][LB-Greedy] [Baselines]   done reward=-0.3192 task_sr=0.4000 subtask_sr=0.6475 (8.6s)
[scanC_stageC_risk_seed42_20260215_014509][LB-Greedy] [Baselines] ep=86 (86/120) policy=LB-Greedy (1/1) ...
[scanC_stageC_risk_seed42_20260215_014509][LB-Greedy] [Baselines]   done reward=-0.3546 task_sr=0.3500 subtask_sr=0.6010 (9.6s)
[scanC_stageC_risk_seed42_20260215_014509][LB-Greedy] [Baselines] ep=87 (87/120) policy=LB-Greedy (1/1) ...
[scanC_stageC_risk_seed42_20260215_014509][LB-Greedy] [Baselines]   done reward=-0.3030 task_sr=0.3000 subtask_sr=0.5845 (9.7s)
[scanC_stageC_risk_seed42_20260215_014509][LB-Greedy] [Baselines] ep=88 (88/120) policy=LB-Greedy (1/1) ...
[scanC_stageC_risk_seed42_20260215_014509][LB-Greedy] [Baselines]   done reward=-0.1557 task_sr=0.4000 subtask_sr=0.6229 (9.6s)
[scanC_stageC_risk_seed42_20260215_014509][LB-Greedy] [Baselines] ep=89 (89/120) policy=LB-Greedy (1/1) ...
[scanC_stageC_risk_seed42_20260215_014509][LB-Greedy] [Baselines]   done reward=-0.2618 task_sr=0.2500 subtask_sr=0.4471 (10.1s)
[scanC_stageC_risk_seed42_20260215_014509][LB-Greedy] [Baselines] ep=90 (90/120) policy=LB-Greedy (1/1) ...
[scanC_stageC_risk_seed42_20260215_014509][LB-Greedy] [Baselines]   done reward=-0.2009 task_sr=0.1500 subtask_sr=0.5184 (10.3s)
[scanC_stageC_risk_seed42_20260215_014509][LB-Greedy] [Baselines] ep=91 (91/120) policy=LB-Greedy (1/1) ...
[scanC_stageC_risk_seed42_20260215_014509][LB-Greedy] [Baselines]   done reward=-0.1781 task_sr=0.4000 subtask_sr=0.7031 (9.2s)
[scanC_stageC_risk_seed42_20260215_014509][LB-Greedy] [Baselines] ep=92 (92/120) policy=LB-Greedy (1/1) ...
[scanC_stageC_risk_seed42_20260215_014509][LB-Greedy] [Baselines]   done reward=-0.1089 task_sr=0.3500 subtask_sr=0.5694 (9.9s)
[scanC_stageC_risk_seed42_20260215_014509][LB-Greedy] [Baselines] ep=93 (93/120) policy=LB-Greedy (1/1) ...
[scanC_stageC_risk_seed42_20260215_014509][LB-Greedy] [Baselines]   done reward=-0.5857 task_sr=0.1000 subtask_sr=0.5271 (7.5s)
[scanC_stageC_risk_seed42_20260215_014509][LB-Greedy] [Baselines] ep=94 (94/120) policy=LB-Greedy (1/1) ...
[scanC_stageC_risk_seed42_20260215_014509][LB-Greedy] [Baselines]   done reward=-0.1969 task_sr=0.3500 subtask_sr=0.5774 (10.0s)
[scanC_stageC_risk_seed42_20260215_014509][LB-Greedy] [Baselines] ep=95 (95/120) policy=LB-Greedy (1/1) ...
[scanC_stageC_risk_seed42_20260215_014509][LB-Greedy] [Baselines]   done reward=-0.3599 task_sr=0.6000 subtask_sr=0.8401 (7.3s)
[scanC_stageC_risk_seed42_20260215_014509][LB-Greedy] [Baselines] ep=96 (96/120) policy=LB-Greedy (1/1) ...
[scanC_stageC_risk_seed42_20260215_014509][LB-Greedy] [Baselines]   done reward=-0.3883 task_sr=0.2500 subtask_sr=0.6181 (9.8s)
[scanC_stageC_risk_seed42_20260215_014509][LB-Greedy] [Baselines] ep=97 (97/120) policy=LB-Greedy (1/1) ...
[scanC_stageC_risk_seed42_20260215_014509][LB-Greedy] [Baselines]   done reward=-0.5719 task_sr=0.2000 subtask_sr=0.5012 (10.1s)
[scanC_stageC_risk_seed42_20260215_014509][LB-Greedy] [Baselines] ep=98 (98/120) policy=LB-Greedy (1/1) ...
[scanC_stageC_risk_seed42_20260215_014509][LB-Greedy] [Baselines]   done reward=-0.3654 task_sr=0.0500 subtask_sr=0.4034 (10.6s)
[scanC_stageC_risk_seed42_20260215_014509][LB-Greedy] [Baselines] ep=99 (99/120) policy=LB-Greedy (1/1) ...
[scanC_stageC_risk_seed42_20260215_014509][LB-Greedy] [Baselines]   done reward=-0.3306 task_sr=0.2000 subtask_sr=0.5758 (9.6s)
[scanC_stageC_risk_seed42_20260215_014509][LB-Greedy] [Baselines] ep=100 (100/120) policy=LB-Greedy (1/1) ...
[scanC_stageC_risk_seed42_20260215_014509][LB-Greedy] [Baselines]   done reward=-0.4720 task_sr=0.2000 subtask_sr=0.4265 (10.4s)
[scanC_stageC_risk_seed42_20260215_014509][LB-Greedy] [Baselines] ep=101 (101/120) policy=LB-Greedy (1/1) ...
[scanC_stageC_risk_seed42_20260215_014509][LB-Greedy] [Baselines]   done reward=-0.1272 task_sr=0.1000 subtask_sr=0.3859 (10.8s)
[scanC_stageC_risk_seed42_20260215_014509][LB-Greedy] [Baselines] ep=102 (102/120) policy=LB-Greedy (1/1) ...
[scanC_stageC_risk_seed42_20260215_014509][LB-Greedy] [Baselines]   done reward=-0.4246 task_sr=0.1500 subtask_sr=0.4582 (11.2s)
[scanC_stageC_risk_seed42_20260215_014509][LB-Greedy] [Baselines] ep=103 (103/120) policy=LB-Greedy (1/1) ...
[scanC_stageC_risk_seed42_20260215_014509][LB-Greedy] [Baselines]   done reward=-0.4031 task_sr=0.3500 subtask_sr=0.5981 (9.7s)
[scanC_stageC_risk_seed42_20260215_014509][LB-Greedy] [Baselines] ep=104 (104/120) policy=LB-Greedy (1/1) ...
[scanC_stageC_risk_seed42_20260215_014509][LB-Greedy] [Baselines]   done reward=-0.1531 task_sr=0.2500 subtask_sr=0.5701 (9.5s)
[scanC_stageC_risk_seed42_20260215_014509][LB-Greedy] [Baselines] ep=105 (105/120) policy=LB-Greedy (1/1) ...
[scanC_stageC_risk_seed42_20260215_014509][LB-Greedy] [Baselines]   done reward=-0.2190 task_sr=0.1500 subtask_sr=0.4890 (10.3s)
[scanC_stageC_risk_seed42_20260215_014509][LB-Greedy] [Baselines] ep=106 (106/120) policy=LB-Greedy (1/1) ...
[scanC_stageC_risk_seed42_20260215_014509][LB-Greedy] [Baselines]   done reward=-0.3694 task_sr=0.4000 subtask_sr=0.8517 (8.4s)
[scanC_stageC_risk_seed42_20260215_014509][LB-Greedy] [Baselines] ep=107 (107/120) policy=LB-Greedy (1/1) ...
[scanC_stageC_risk_seed42_20260215_014509][LB-Greedy] [Baselines]   done reward=-0.5647 task_sr=0.4000 subtask_sr=0.6909 (9.1s)
[scanC_stageC_risk_seed42_20260215_014509][LB-Greedy] [Baselines] ep=108 (108/120) policy=LB-Greedy (1/1) ...
[scanC_stageC_risk_seed42_20260215_014509][LB-Greedy] [Baselines]   done reward=-0.6787 task_sr=0.1500 subtask_sr=0.5403 (9.8s)
[scanC_stageC_risk_seed42_20260215_014509][LB-Greedy] [Baselines] ep=109 (109/120) policy=LB-Greedy (1/1) ...
[scanC_stageC_risk_seed42_20260215_014509][LB-Greedy] [Baselines]   done reward=-0.4797 task_sr=0.2000 subtask_sr=0.4757 (10.1s)
[scanC_stageC_risk_seed42_20260215_014509][LB-Greedy] [Baselines] ep=110 (110/120) policy=LB-Greedy (1/1) ...
[scanC_stageC_risk_seed42_20260215_014509][LB-Greedy] [Baselines]   done reward=-0.1884 task_sr=0.2500 subtask_sr=0.5407 (9.9s)
[scanC_stageC_risk_seed42_20260215_014509][LB-Greedy] [Baselines] ep=111 (111/120) policy=LB-Greedy (1/1) ...
[scanC_stageC_risk_seed42_20260215_014509][LB-Greedy] [Baselines]   done reward=-0.0900 task_sr=0.4000 subtask_sr=0.6072 (9.7s)
[scanC_stageC_risk_seed42_20260215_014509][LB-Greedy] [Baselines] ep=112 (112/120) policy=LB-Greedy (1/1) ...
[scanC_stageC_risk_seed42_20260215_014509][LB-Greedy] [Baselines]   done reward=-0.4094 task_sr=0.5000 subtask_sr=0.8128 (6.6s)
[scanC_stageC_risk_seed42_20260215_014509][LB-Greedy] [Baselines] ep=113 (113/120) policy=LB-Greedy (1/1) ...
[scanC_stageC_risk_seed42_20260215_014509][LB-Greedy] [Baselines]   done reward=-0.2882 task_sr=0.5500 subtask_sr=0.8462 (7.7s)
[scanC_stageC_risk_seed42_20260215_014509][LB-Greedy] [Baselines] ep=114 (114/120) policy=LB-Greedy (1/1) ...
[scanC_stageC_risk_seed42_20260215_014509][LB-Greedy] [Baselines]   done reward=-0.2268 task_sr=0.4000 subtask_sr=0.6943 (8.2s)
[scanC_stageC_risk_seed42_20260215_014509][LB-Greedy] [Baselines] ep=115 (115/120) policy=LB-Greedy (1/1) ...
[scanC_stageC_risk_seed42_20260215_014509][LB-Greedy] [Baselines]   done reward=-0.2072 task_sr=0.3000 subtask_sr=0.6729 (7.7s)
[scanC_stageC_risk_seed42_20260215_014509][LB-Greedy] [Baselines] ep=116 (116/120) policy=LB-Greedy (1/1) ...
[scanC_stageC_risk_seed42_20260215_014509][LB-Greedy] [Baselines]   done reward=-0.1358 task_sr=0.2500 subtask_sr=0.5215 (8.3s)
[scanC_stageC_risk_seed42_20260215_014509][LB-Greedy] [Baselines] ep=117 (117/120) policy=LB-Greedy (1/1) ...
[scanC_stageC_risk_seed42_20260215_014509][LB-Greedy] [Baselines]   done reward=-0.1950 task_sr=0.2500 subtask_sr=0.7603 (7.4s)
[scanC_stageC_risk_seed42_20260215_014509][LB-Greedy] [Baselines] ep=118 (118/120) policy=LB-Greedy (1/1) ...
[scanC_stageC_risk_seed42_20260215_014509][LB-Greedy] [Baselines]   done reward=-1.0568 task_sr=0.0500 subtask_sr=0.5860 (8.6s)
[scanC_stageC_risk_seed42_20260215_014509][LB-Greedy] [Baselines] ep=119 (119/120) policy=LB-Greedy (1/1) ...
[scanC_stageC_risk_seed42_20260215_014509][LB-Greedy] [Baselines]   done reward=-0.9045 task_sr=0.1500 subtask_sr=0.4714 (8.5s)
[scanC_stageC_risk_seed42_20260215_014509][LB-Greedy] [Baselines] ep=120 (120/120) policy=LB-Greedy (1/1) ...
[scanC_stageC_risk_seed42_20260215_014509][LB-Greedy] [Baselines]   done reward=-0.2715 task_sr=0.3000 subtask_sr=0.7709 (5.8s)
[scanC_stageC_risk_seed42_20260215_014509][LB-Greedy] ✓ Baseline stats saved: /Users/qiutao/研/毕设/毕设/vecOffloadingSim/runs/scanC_stageC_risk_seed42_20260215_014509/logs/baseline_parts/LB-Greedy.csv
[scanC_stageC_risk_seed42_20260215_014509][LB-Greedy] 结果摘要 (均值):
[scanC_stageC_risk_seed42_20260215_014509][LB-Greedy]   LB-Greedy  reward=-0.3290 task_sr=0.2825 subtask_sr=0.5945
