[scanC_stageC_risk_seed42_20260215_014509][Local-Only] [Baselines] run_dir=/Users/qiutao/研/毕设/毕设/vecOffloadingSim/runs/scanC_stageC_risk_seed42_20260215_014509
[scanC_stageC_risk_seed42_20260215_014509][Local-Only] [Baselines] num_episodes=120 seed=42 max_steps=200
[scanC_stageC_risk_seed42_20260215_014509][Local-Only] [Baselines] policies=['Local-Only']
[scanC_stageC_risk_seed42_20260215_014509][Local-Only] [Baselines] ep=1 (1/120) policy=Local-Only (1/1) ...
[scanC_stageC_risk_seed42_20260215_014509][Local-Only] [Baselines]   done reward=-0.1795 task_sr=0.6000 subtask_sr=0.8726 (7.9s)
[scanC_stageC_risk_seed42_20260215_014509][Local-Only] [Baselines] ep=2 (2/120) policy=Local-Only (1/1) ...
[scanC_stageC_risk_seed42_20260215_014509][Local-Only] [Baselines]   done reward=-0.3477 task_sr=0.6500 subtask_sr=0.9133 (7.8s)
[scanC_stageC_risk_seed42_20260215_014509][Local-Only] [Baselines] ep=3 (3/120) policy=Local-Only (1/1) ...
[scanC_stageC_risk_seed42_20260215_014509][Local-Only] [Baselines]   done reward=-0.3356 task_sr=0.8000 subtask_sr=0.9212 (6.6s)
[scanC_stageC_risk_seed42_20260215_014509][Local-Only] [Baselines] ep=4 (4/120) policy=Local-Only (1/1) ...
[scanC_stageC_risk_seed42_20260215_014509][Local-Only] [Baselines]   done reward=-0.2777 task_sr=0.7500 subtask_sr=0.9227 (7.5s)
[scanC_stageC_risk_seed42_20260215_014509][Local-Only] [Baselines] ep=5 (5/120) policy=Local-Only (1/1) ...
[scanC_stageC_risk_seed42_20260215_014509][Local-Only] [Baselines]   done reward=-0.3585 task_sr=0.6000 subtask_sr=0.9052 (7.4s)
[scanC_stageC_risk_seed42_20260215_014509][Local-Only] [Baselines] ep=6 (6/120) policy=Local-Only (1/1) ...
[scanC_stageC_risk_seed42_20260215_014509][Local-Only] [Baselines]   done reward=-0.3613 task_sr=0.8000 subtask_sr=0.9253 (7.0s)
[scanC_stageC_risk_seed42_20260215_014509][Local-Only] [Baselines] ep=7 (7/120) policy=Local-Only (1/1) ...
[scanC_stageC_risk_seed42_20260215_014509][Local-Only] [Baselines]   done reward=-0.2543 task_sr=0.7000 subtask_sr=0.8933 (7.5s)
[scanC_stageC_risk_seed42_20260215_014509][Local-Only] [Baselines] ep=8 (8/120) policy=Local-Only (1/1) ...
[scanC_stageC_risk_seed42_20260215_014509][Local-Only] [Baselines]   done reward=-0.2431 task_sr=0.6000 subtask_sr=0.9201 (8.7s)
[scanC_stageC_risk_seed42_20260215_014509][Local-Only] [Baselines] ep=9 (9/120) policy=Local-Only (1/1) ...
[scanC_stageC_risk_seed42_20260215_014509][Local-Only] [Baselines]   done reward=-0.4202 task_sr=0.8000 subtask_sr=0.9415 (6.7s)
[scanC_stageC_risk_seed42_20260215_014509][Local-Only] [Baselines] ep=10 (10/120) policy=Local-Only (1/1) ...
[scanC_stageC_risk_seed42_20260215_014509][Local-Only] [Baselines]   done reward=-0.2246 task_sr=0.6000 subtask_sr=0.8622 (8.1s)
[scanC_stageC_risk_seed42_20260215_014509][Local-Only] [Baselines] ep=11 (11/120) policy=Local-Only (1/1) ...
[scanC_stageC_risk_seed42_20260215_014509][Local-Only] [Baselines]   done reward=-0.3109 task_sr=0.8000 subtask_sr=0.9612 (6.4s)
[scanC_stageC_risk_seed42_20260215_014509][Local-Only] [Baselines] ep=12 (12/120) policy=Local-Only (1/1) ...
[scanC_stageC_risk_seed42_20260215_014509][Local-Only] [Baselines]   done reward=-0.4130 task_sr=0.8000 subtask_sr=0.9340 (7.3s)
[scanC_stageC_risk_seed42_20260215_014509][Local-Only] [Baselines] ep=13 (13/120) policy=Local-Only (1/1) ...
[scanC_stageC_risk_seed42_20260215_014509][Local-Only] [Baselines]   done reward=-0.3680 task_sr=0.7000 subtask_sr=0.9439 (7.5s)
[scanC_stageC_risk_seed42_20260215_014509][Local-Only] [Baselines] ep=14 (14/120) policy=Local-Only (1/1) ...
[scanC_stageC_risk_seed42_20260215_014509][Local-Only] [Baselines]   done reward=-0.3529 task_sr=0.6000 subtask_sr=0.8521 (7.3s)
[scanC_stageC_risk_seed42_20260215_014509][Local-Only] [Baselines] ep=15 (15/120) policy=Local-Only (1/1) ...
[scanC_stageC_risk_seed42_20260215_014509][Local-Only] [Baselines]   done reward=-0.3768 task_sr=0.9500 subtask_sr=0.9786 (5.9s)
[scanC_stageC_risk_seed42_20260215_014509][Local-Only] [Baselines] ep=16 (16/120) policy=Local-Only (1/1) ...
[scanC_stageC_risk_seed42_20260215_014509][Local-Only] [Baselines]   done reward=-0.3024 task_sr=0.8000 subtask_sr=0.9590 (8.0s)
[scanC_stageC_risk_seed42_20260215_014509][Local-Only] [Baselines] ep=17 (17/120) policy=Local-Only (1/1) ...
[scanC_stageC_risk_seed42_20260215_014509][Local-Only] [Baselines]   done reward=-0.4693 task_sr=0.7500 subtask_sr=0.9258 (6.3s)
[scanC_stageC_risk_seed42_20260215_014509][Local-Only] [Baselines] ep=18 (18/120) policy=Local-Only (1/1) ...
[scanC_stageC_risk_seed42_20260215_014509][Local-Only] [Baselines]   done reward=-0.3002 task_sr=0.7500 subtask_sr=0.9221 (7.8s)
[scanC_stageC_risk_seed42_20260215_014509][Local-Only] [Baselines] ep=19 (19/120) policy=Local-Only (1/1) ...
[scanC_stageC_risk_seed42_20260215_014509][Local-Only] [Baselines]   done reward=-0.4021 task_sr=0.9000 subtask_sr=0.9777 (6.2s)
[scanC_stageC_risk_seed42_20260215_014509][Local-Only] [Baselines] ep=20 (20/120) policy=Local-Only (1/1) ...
[scanC_stageC_risk_seed42_20260215_014509][Local-Only] [Baselines]   done reward=-0.4005 task_sr=0.9000 subtask_sr=0.9760 (6.8s)
[scanC_stageC_risk_seed42_20260215_014509][Local-Only] [Baselines] ep=21 (21/120) policy=Local-Only (1/1) ...
[scanC_stageC_risk_seed42_20260215_014509][Local-Only] [Baselines]   done reward=-0.4178 task_sr=0.7500 subtask_sr=0.9650 (7.4s)
[scanC_stageC_risk_seed42_20260215_014509][Local-Only] [Baselines] ep=22 (22/120) policy=Local-Only (1/1) ...
[scanC_stageC_risk_seed42_20260215_014509][Local-Only] [Baselines]   done reward=-0.3749 task_sr=0.7500 subtask_sr=0.9415 (7.0s)
[scanC_stageC_risk_seed42_20260215_014509][Local-Only] [Baselines] ep=23 (23/120) policy=Local-Only (1/1) ...
[scanC_stageC_risk_seed42_20260215_014509][Local-Only] [Baselines]   done reward=-0.2865 task_sr=0.7000 subtask_sr=0.9525 (7.6s)
[scanC_stageC_risk_seed42_20260215_014509][Local-Only] [Baselines] ep=24 (24/120) policy=Local-Only (1/1) ...
[scanC_stageC_risk_seed42_20260215_014509][Local-Only] [Baselines]   done reward=-0.3530 task_sr=0.6000 subtask_sr=0.9296 (7.1s)
[scanC_stageC_risk_seed42_20260215_014509][Local-Only] [Baselines] ep=25 (25/120) policy=Local-Only (1/1) ...
[scanC_stageC_risk_seed42_20260215_014509][Local-Only] [Baselines]   done reward=-0.3871 task_sr=0.8500 subtask_sr=0.9742 (7.0s)
[scanC_stageC_risk_seed42_20260215_014509][Local-Only] [Baselines] ep=26 (26/120) policy=Local-Only (1/1) ...
[scanC_stageC_risk_seed42_20260215_014509][Local-Only] [Baselines]   done reward=-0.3477 task_sr=0.6000 subtask_sr=0.8909 (7.4s)
[scanC_stageC_risk_seed42_20260215_014509][Local-Only] [Baselines] ep=27 (27/120) policy=Local-Only (1/1) ...
[scanC_stageC_risk_seed42_20260215_014509][Local-Only] [Baselines]   done reward=-0.3145 task_sr=0.5500 subtask_sr=0.9104 (8.4s)
[scanC_stageC_risk_seed42_20260215_014509][Local-Only] [Baselines] ep=28 (28/120) policy=Local-Only (1/1) ...
[scanC_stageC_risk_seed42_20260215_014509][Local-Only] [Baselines]   done reward=-0.2654 task_sr=0.7500 subtask_sr=0.9052 (7.0s)
[scanC_stageC_risk_seed42_20260215_014509][Local-Only] [Baselines] ep=29 (29/120) policy=Local-Only (1/1) ...
[scanC_stageC_risk_seed42_20260215_014509][Local-Only] [Baselines]   done reward=-0.3135 task_sr=0.7500 subtask_sr=0.9082 (6.8s)
[scanC_stageC_risk_seed42_20260215_014509][Local-Only] [Baselines] ep=30 (30/120) policy=Local-Only (1/1) ...
[scanC_stageC_risk_seed42_20260215_014509][Local-Only] [Baselines]   done reward=-0.2164 task_sr=0.6000 subtask_sr=0.9016 (8.8s)
[scanC_stageC_risk_seed42_20260215_014509][Local-Only] [Baselines] ep=31 (31/120) policy=Local-Only (1/1) ...
[scanC_stageC_risk_seed42_20260215_014509][Local-Only] [Baselines]   done reward=-0.3202 task_sr=0.7000 subtask_sr=0.9257 (7.7s)
[scanC_stageC_risk_seed42_20260215_014509][Local-Only] [Baselines] ep=32 (32/120) policy=Local-Only (1/1) ...
[scanC_stageC_risk_seed42_20260215_014509][Local-Only] [Baselines]   done reward=-0.1945 task_sr=0.6500 subtask_sr=0.8798 (8.9s)
[scanC_stageC_risk_seed42_20260215_014509][Local-Only] [Baselines] ep=33 (33/120) policy=Local-Only (1/1) ...
[scanC_stageC_risk_seed42_20260215_014509][Local-Only] [Baselines]   done reward=-0.3309 task_sr=0.7000 subtask_sr=0.9319 (8.0s)
[scanC_stageC_risk_seed42_20260215_014509][Local-Only] [Baselines] ep=34 (34/120) policy=Local-Only (1/1) ...
[scanC_stageC_risk_seed42_20260215_014509][Local-Only] [Baselines]   done reward=-0.2445 task_sr=0.7500 subtask_sr=0.9296 (7.3s)
[scanC_stageC_risk_seed42_20260215_014509][Local-Only] [Baselines] ep=35 (35/120) policy=Local-Only (1/1) ...
[scanC_stageC_risk_seed42_20260215_014509][Local-Only] [Baselines]   done reward=-0.2940 task_sr=0.7000 subtask_sr=0.9121 (8.3s)
[scanC_stageC_risk_seed42_20260215_014509][Local-Only] [Baselines] ep=36 (36/120) policy=Local-Only (1/1) ...
[scanC_stageC_risk_seed42_20260215_014509][Local-Only] [Baselines]   done reward=-0.2799 task_sr=0.8000 subtask_sr=0.9571 (7.8s)
[scanC_stageC_risk_seed42_20260215_014509][Local-Only] [Baselines] ep=37 (37/120) policy=Local-Only (1/1) ...
[scanC_stageC_risk_seed42_20260215_014509][Local-Only] [Baselines]   done reward=-0.3022 task_sr=0.6500 subtask_sr=0.9040 (8.4s)
[scanC_stageC_risk_seed42_20260215_014509][Local-Only] [Baselines] ep=38 (38/120) policy=Local-Only (1/1) ...
[scanC_stageC_risk_seed42_20260215_014509][Local-Only] [Baselines]   done reward=-0.4010 task_sr=0.8500 subtask_sr=0.9472 (7.3s)
[scanC_stageC_risk_seed42_20260215_014509][Local-Only] [Baselines] ep=39 (39/120) policy=Local-Only (1/1) ...
[scanC_stageC_risk_seed42_20260215_014509][Local-Only] [Baselines]   done reward=-0.3247 task_sr=0.7000 subtask_sr=0.9145 (7.2s)
[scanC_stageC_risk_seed42_20260215_014509][Local-Only] [Baselines] ep=40 (40/120) policy=Local-Only (1/1) ...
[scanC_stageC_risk_seed42_20260215_014509][Local-Only] [Baselines]   done reward=-0.2280 task_sr=0.5000 subtask_sr=0.8679 (8.6s)
[scanC_stageC_risk_seed42_20260215_014509][Local-Only] [Baselines] ep=41 (41/120) policy=Local-Only (1/1) ...
[scanC_stageC_risk_seed42_20260215_014509][Local-Only] [Baselines]   done reward=-0.3619 task_sr=0.7500 subtask_sr=0.9348 (8.2s)
[scanC_stageC_risk_seed42_20260215_014509][Local-Only] [Baselines] ep=42 (42/120) policy=Local-Only (1/1) ...
[scanC_stageC_risk_seed42_20260215_014509][Local-Only] [Baselines]   done reward=-0.2265 task_sr=0.6500 subtask_sr=0.9085 (7.5s)
[scanC_stageC_risk_seed42_20260215_014509][Local-Only] [Baselines] ep=43 (43/120) policy=Local-Only (1/1) ...
[scanC_stageC_risk_seed42_20260215_014509][Local-Only] [Baselines]   done reward=-0.3206 task_sr=0.6500 subtask_sr=0.9297 (7.0s)
[scanC_stageC_risk_seed42_20260215_014509][Local-Only] [Baselines] ep=44 (44/120) policy=Local-Only (1/1) ...
[scanC_stageC_risk_seed42_20260215_014509][Local-Only] [Baselines]   done reward=-0.4433 task_sr=0.7000 subtask_sr=0.8966 (6.6s)
[scanC_stageC_risk_seed42_20260215_014509][Local-Only] [Baselines] ep=45 (45/120) policy=Local-Only (1/1) ...
[scanC_stageC_risk_seed42_20260215_014509][Local-Only] [Baselines]   done reward=-0.4231 task_sr=0.8000 subtask_sr=0.9708 (6.4s)
[scanC_stageC_risk_seed42_20260215_014509][Local-Only] [Baselines] ep=46 (46/120) policy=Local-Only (1/1) ...
[scanC_stageC_risk_seed42_20260215_014509][Local-Only] [Baselines]   done reward=-0.5038 task_sr=0.9000 subtask_sr=0.9905 (6.8s)
[scanC_stageC_risk_seed42_20260215_014509][Local-Only] [Baselines] ep=47 (47/120) policy=Local-Only (1/1) ...
[scanC_stageC_risk_seed42_20260215_014509][Local-Only] [Baselines]   done reward=-0.1618 task_sr=0.5500 subtask_sr=0.8947 (9.1s)
[scanC_stageC_risk_seed42_20260215_014509][Local-Only] [Baselines] ep=48 (48/120) policy=Local-Only (1/1) ...
[scanC_stageC_risk_seed42_20260215_014509][Local-Only] [Baselines]   done reward=-0.3670 task_sr=0.7500 subtask_sr=0.9146 (7.2s)
[scanC_stageC_risk_seed42_20260215_014509][Local-Only] [Baselines] ep=49 (49/120) policy=Local-Only (1/1) ...
[scanC_stageC_risk_seed42_20260215_014509][Local-Only] [Baselines]   done reward=-0.3367 task_sr=0.8000 subtask_sr=0.9343 (7.2s)
[scanC_stageC_risk_seed42_20260215_014509][Local-Only] [Baselines] ep=50 (50/120) policy=Local-Only (1/1) ...
[scanC_stageC_risk_seed42_20260215_014509][Local-Only] [Baselines]   done reward=-0.4608 task_sr=0.8000 subtask_sr=0.9425 (7.5s)
[scanC_stageC_risk_seed42_20260215_014509][Local-Only] [Baselines] ep=51 (51/120) policy=Local-Only (1/1) ...
[scanC_stageC_risk_seed42_20260215_014509][Local-Only] [Baselines]   done reward=-0.2402 task_sr=0.6500 subtask_sr=0.9012 (7.2s)
[scanC_stageC_risk_seed42_20260215_014509][Local-Only] [Baselines] ep=52 (52/120) policy=Local-Only (1/1) ...
[scanC_stageC_risk_seed42_20260215_014509][Local-Only] [Baselines]   done reward=-0.2581 task_sr=0.5500 subtask_sr=0.8702 (8.5s)
[scanC_stageC_risk_seed42_20260215_014509][Local-Only] [Baselines] ep=53 (53/120) policy=Local-Only (1/1) ...
[scanC_stageC_risk_seed42_20260215_014509][Local-Only] [Baselines]   done reward=-0.2305 task_sr=0.7000 subtask_sr=0.9186 (7.9s)
[scanC_stageC_risk_seed42_20260215_014509][Local-Only] [Baselines] ep=54 (54/120) policy=Local-Only (1/1) ...
[scanC_stageC_risk_seed42_20260215_014509][Local-Only] [Baselines]   done reward=-0.4511 task_sr=0.9000 subtask_sr=0.9854 (6.2s)
[scanC_stageC_risk_seed42_20260215_014509][Local-Only] [Baselines] ep=55 (55/120) policy=Local-Only (1/1) ...
[scanC_stageC_risk_seed42_20260215_014509][Local-Only] [Baselines]   done reward=-0.3341 task_sr=0.6000 subtask_sr=0.9264 (7.4s)
[scanC_stageC_risk_seed42_20260215_014509][Local-Only] [Baselines] ep=56 (56/120) policy=Local-Only (1/1) ...
[scanC_stageC_risk_seed42_20260215_014509][Local-Only] [Baselines]   done reward=-0.3830 task_sr=0.8000 subtask_sr=0.9413 (6.9s)
[scanC_stageC_risk_seed42_20260215_014509][Local-Only] [Baselines] ep=57 (57/120) policy=Local-Only (1/1) ...
[scanC_stageC_risk_seed42_20260215_014509][Local-Only] [Baselines]   done reward=-0.3588 task_sr=0.7500 subtask_sr=0.9389 (7.4s)
[scanC_stageC_risk_seed42_20260215_014509][Local-Only] [Baselines] ep=58 (58/120) policy=Local-Only (1/1) ...
[scanC_stageC_risk_seed42_20260215_014509][Local-Only] [Baselines]   done reward=-0.2139 task_sr=0.6500 subtask_sr=0.8971 (7.5s)
[scanC_stageC_risk_seed42_20260215_014509][Local-Only] [Baselines] ep=59 (59/120) policy=Local-Only (1/1) ...
[scanC_stageC_risk_seed42_20260215_014509][Local-Only] [Baselines]   done reward=-0.3103 task_sr=0.6500 subtask_sr=0.8974 (8.4s)
[scanC_stageC_risk_seed42_20260215_014509][Local-Only] [Baselines] ep=60 (60/120) policy=Local-Only (1/1) ...
[scanC_stageC_risk_seed42_20260215_014509][Local-Only] [Baselines]   done reward=-0.3310 task_sr=0.7500 subtask_sr=0.9257 (7.3s)
[scanC_stageC_risk_seed42_20260215_014509][Local-Only] [Baselines] ep=61 (61/120) policy=Local-Only (1/1) ...
[scanC_stageC_risk_seed42_20260215_014509][Local-Only] [Baselines]   done reward=-0.2527 task_sr=0.8000 subtask_sr=0.9274 (7.1s)
[scanC_stageC_risk_seed42_20260215_014509][Local-Only] [Baselines] ep=62 (62/120) policy=Local-Only (1/1) ...
[scanC_stageC_risk_seed42_20260215_014509][Local-Only] [Baselines]   done reward=-0.3752 task_sr=0.8000 subtask_sr=0.9327 (6.7s)
[scanC_stageC_risk_seed42_20260215_014509][Local-Only] [Baselines] ep=63 (63/120) policy=Local-Only (1/1) ...
[scanC_stageC_risk_seed42_20260215_014509][Local-Only] [Baselines]   done reward=-0.3952 task_sr=0.6500 subtask_sr=0.9461 (6.8s)
[scanC_stageC_risk_seed42_20260215_014509][Local-Only] [Baselines] ep=64 (64/120) policy=Local-Only (1/1) ...
[scanC_stageC_risk_seed42_20260215_014509][Local-Only] [Baselines]   done reward=-0.1903 task_sr=0.6000 subtask_sr=0.8913 (8.4s)
[scanC_stageC_risk_seed42_20260215_014509][Local-Only] [Baselines] ep=65 (65/120) policy=Local-Only (1/1) ...
[scanC_stageC_risk_seed42_20260215_014509][Local-Only] [Baselines]   done reward=-0.2826 task_sr=0.7000 subtask_sr=0.9130 (7.1s)
[scanC_stageC_risk_seed42_20260215_014509][Local-Only] [Baselines] ep=66 (66/120) policy=Local-Only (1/1) ...
[scanC_stageC_risk_seed42_20260215_014509][Local-Only] [Baselines]   done reward=-0.2190 task_sr=0.5000 subtask_sr=0.8547 (8.2s)
[scanC_stageC_risk_seed42_20260215_014509][Local-Only] [Baselines] ep=67 (67/120) policy=Local-Only (1/1) ...
[scanC_stageC_risk_seed42_20260215_014509][Local-Only] [Baselines]   done reward=-0.3154 task_sr=0.6500 subtask_sr=0.9068 (7.6s)
[scanC_stageC_risk_seed42_20260215_014509][Local-Only] [Baselines] ep=68 (68/120) policy=Local-Only (1/1) ...
[scanC_stageC_risk_seed42_20260215_014509][Local-Only] [Baselines]   done reward=-0.3548 task_sr=0.6000 subtask_sr=0.8960 (8.3s)
[scanC_stageC_risk_seed42_20260215_014509][Local-Only] [Baselines] ep=69 (69/120) policy=Local-Only (1/1) ...
[scanC_stageC_risk_seed42_20260215_014509][Local-Only] [Baselines]   done reward=-0.2190 task_sr=0.7000 subtask_sr=0.8935 (8.5s)
[scanC_stageC_risk_seed42_20260215_014509][Local-Only] [Baselines] ep=70 (70/120) policy=Local-Only (1/1) ...
[scanC_stageC_risk_seed42_20260215_014509][Local-Only] [Baselines]   done reward=-0.3653 task_sr=0.8000 subtask_sr=0.9333 (6.1s)
[scanC_stageC_risk_seed42_20260215_014509][Local-Only] [Baselines] ep=71 (71/120) policy=Local-Only (1/1) ...
[scanC_stageC_risk_seed42_20260215_014509][Local-Only] [Baselines]   done reward=-0.2275 task_sr=0.6000 subtask_sr=0.8695 (8.5s)
[scanC_stageC_risk_seed42_20260215_014509][Local-Only] [Baselines] ep=72 (72/120) policy=Local-Only (1/1) ...
[scanC_stageC_risk_seed42_20260215_014509][Local-Only] [Baselines]   done reward=-0.5463 task_sr=0.8500 subtask_sr=0.9645 (6.5s)
[scanC_stageC_risk_seed42_20260215_014509][Local-Only] [Baselines] ep=73 (73/120) policy=Local-Only (1/1) ...
[scanC_stageC_risk_seed42_20260215_014509][Local-Only] [Baselines]   done reward=-0.2161 task_sr=0.5500 subtask_sr=0.8863 (7.9s)
[scanC_stageC_risk_seed42_20260215_014509][Local-Only] [Baselines] ep=74 (74/120) policy=Local-Only (1/1) ...
[scanC_stageC_risk_seed42_20260215_014509][Local-Only] [Baselines]   done reward=-0.2970 task_sr=0.5500 subtask_sr=0.8791 (8.2s)
[scanC_stageC_risk_seed42_20260215_014509][Local-Only] [Baselines] ep=75 (75/120) policy=Local-Only (1/1) ...
[scanC_stageC_risk_seed42_20260215_014509][Local-Only] [Baselines]   done reward=-0.3552 task_sr=0.7000 subtask_sr=0.9175 (7.5s)
[scanC_stageC_risk_seed42_20260215_014509][Local-Only] [Baselines] ep=76 (76/120) policy=Local-Only (1/1) ...
[scanC_stageC_risk_seed42_20260215_014509][Local-Only] [Baselines]   done reward=-0.3961 task_sr=0.7000 subtask_sr=0.9183 (7.2s)
[scanC_stageC_risk_seed42_20260215_014509][Local-Only] [Baselines] ep=77 (77/120) policy=Local-Only (1/1) ...
[scanC_stageC_risk_seed42_20260215_014509][Local-Only] [Baselines]   done reward=-0.5113 task_sr=0.8000 subtask_sr=0.9419 (6.3s)
[scanC_stageC_risk_seed42_20260215_014509][Local-Only] [Baselines] ep=78 (78/120) policy=Local-Only (1/1) ...
[scanC_stageC_risk_seed42_20260215_014509][Local-Only] [Baselines]   done reward=-0.3744 task_sr=0.7500 subtask_sr=0.9159 (7.6s)
[scanC_stageC_risk_seed42_20260215_014509][Local-Only] [Baselines] ep=79 (79/120) policy=Local-Only (1/1) ...
[scanC_stageC_risk_seed42_20260215_014509][Local-Only] [Baselines]   done reward=-0.3280 task_sr=0.6500 subtask_sr=0.9405 (8.0s)
[scanC_stageC_risk_seed42_20260215_014509][Local-Only] [Baselines] ep=80 (80/120) policy=Local-Only (1/1) ...
[scanC_stageC_risk_seed42_20260215_014509][Local-Only] [Baselines]   done reward=-0.2646 task_sr=0.6500 subtask_sr=0.9203 (8.3s)
[scanC_stageC_risk_seed42_20260215_014509][Local-Only] [Baselines] ep=81 (81/120) policy=Local-Only (1/1) ...
[scanC_stageC_risk_seed42_20260215_014509][Local-Only] [Baselines]   done reward=-0.2741 task_sr=0.7000 subtask_sr=0.9446 (7.0s)
[scanC_stageC_risk_seed42_20260215_014509][Local-Only] [Baselines] ep=82 (82/120) policy=Local-Only (1/1) ...
[scanC_stageC_risk_seed42_20260215_014509][Local-Only] [Baselines]   done reward=-0.3886 task_sr=0.6000 subtask_sr=0.9159 (7.7s)
[scanC_stageC_risk_seed42_20260215_014509][Local-Only] [Baselines] ep=83 (83/120) policy=Local-Only (1/1) ...
[scanC_stageC_risk_seed42_20260215_014509][Local-Only] [Baselines]   done reward=-0.4389 task_sr=0.7000 subtask_sr=0.9517 (6.4s)
[scanC_stageC_risk_seed42_20260215_014509][Local-Only] [Baselines] ep=84 (84/120) policy=Local-Only (1/1) ...
[scanC_stageC_risk_seed42_20260215_014509][Local-Only] [Baselines]   done reward=-0.3985 task_sr=0.8500 subtask_sr=0.9695 (7.3s)
[scanC_stageC_risk_seed42_20260215_014509][Local-Only] [Baselines] ep=85 (85/120) policy=Local-Only (1/1) ...
[scanC_stageC_risk_seed42_20260215_014509][Local-Only] [Baselines]   done reward=-0.2624 task_sr=0.5500 subtask_sr=0.8417 (8.4s)
[scanC_stageC_risk_seed42_20260215_014509][Local-Only] [Baselines] ep=86 (86/120) policy=Local-Only (1/1) ...
[scanC_stageC_risk_seed42_20260215_014509][Local-Only] [Baselines]   done reward=-0.2620 task_sr=0.5500 subtask_sr=0.8867 (8.2s)
[scanC_stageC_risk_seed42_20260215_014509][Local-Only] [Baselines] ep=87 (87/120) policy=Local-Only (1/1) ...
[scanC_stageC_risk_seed42_20260215_014509][Local-Only] [Baselines]   done reward=-0.3282 task_sr=0.7500 subtask_sr=0.9155 (6.6s)
[scanC_stageC_risk_seed42_20260215_014509][Local-Only] [Baselines] ep=88 (88/120) policy=Local-Only (1/1) ...
[scanC_stageC_risk_seed42_20260215_014509][Local-Only] [Baselines]   done reward=-0.2575 task_sr=0.6500 subtask_sr=0.8950 (8.4s)
[scanC_stageC_risk_seed42_20260215_014509][Local-Only] [Baselines] ep=89 (89/120) policy=Local-Only (1/1) ...
[scanC_stageC_risk_seed42_20260215_014509][Local-Only] [Baselines]   done reward=-0.2819 task_sr=0.6500 subtask_sr=0.9153 (7.6s)
[scanC_stageC_risk_seed42_20260215_014509][Local-Only] [Baselines] ep=90 (90/120) policy=Local-Only (1/1) ...
[scanC_stageC_risk_seed42_20260215_014509][Local-Only] [Baselines]   done reward=-0.3812 task_sr=0.8000 subtask_sr=0.9631 (7.1s)
[scanC_stageC_risk_seed42_20260215_014509][Local-Only] [Baselines] ep=91 (91/120) policy=Local-Only (1/1) ...
[scanC_stageC_risk_seed42_20260215_014509][Local-Only] [Baselines]   done reward=-0.3028 task_sr=0.7000 subtask_sr=0.9335 (7.2s)
[scanC_stageC_risk_seed42_20260215_014509][Local-Only] [Baselines] ep=92 (92/120) policy=Local-Only (1/1) ...
[scanC_stageC_risk_seed42_20260215_014509][Local-Only] [Baselines]   done reward=-0.2911 task_sr=0.7000 subtask_sr=0.9163 (7.9s)
[scanC_stageC_risk_seed42_20260215_014509][Local-Only] [Baselines] ep=93 (93/120) policy=Local-Only (1/1) ...
[scanC_stageC_risk_seed42_20260215_014509][Local-Only] [Baselines]   done reward=-0.2747 task_sr=0.6000 subtask_sr=0.8596 (7.4s)
[scanC_stageC_risk_seed42_20260215_014509][Local-Only] [Baselines] ep=94 (94/120) policy=Local-Only (1/1) ...
[scanC_stageC_risk_seed42_20260215_014509][Local-Only] [Baselines]   done reward=-0.4480 task_sr=0.8000 subtask_sr=0.9469 (7.0s)
[scanC_stageC_risk_seed42_20260215_014509][Local-Only] [Baselines] ep=95 (95/120) policy=Local-Only (1/1) ...
[scanC_stageC_risk_seed42_20260215_014509][Local-Only] [Baselines]   done reward=-0.3718 task_sr=0.6000 subtask_sr=0.9260 (7.4s)
[scanC_stageC_risk_seed42_20260215_014509][Local-Only] [Baselines] ep=96 (96/120) policy=Local-Only (1/1) ...
[scanC_stageC_risk_seed42_20260215_014509][Local-Only] [Baselines]   done reward=-0.2519 task_sr=0.7000 subtask_sr=0.9212 (8.7s)
[scanC_stageC_risk_seed42_20260215_014509][Local-Only] [Baselines] ep=97 (97/120) policy=Local-Only (1/1) ...
[scanC_stageC_risk_seed42_20260215_014509][Local-Only] [Baselines]   done reward=-0.3047 task_sr=0.8000 subtask_sr=0.9456 (7.8s)
[scanC_stageC_risk_seed42_20260215_014509][Local-Only] [Baselines] ep=98 (98/120) policy=Local-Only (1/1) ...
[scanC_stageC_risk_seed42_20260215_014509][Local-Only] [Baselines]   done reward=-0.2733 task_sr=0.7000 subtask_sr=0.9227 (7.5s)
[scanC_stageC_risk_seed42_20260215_014509][Local-Only] [Baselines] ep=99 (99/120) policy=Local-Only (1/1) ...
[scanC_stageC_risk_seed42_20260215_014509][Local-Only] [Baselines]   done reward=-0.3868 task_sr=0.7500 subtask_sr=0.9502 (6.7s)
[scanC_stageC_risk_seed42_20260215_014509][Local-Only] [Baselines] ep=100 (100/120) policy=Local-Only (1/1) ...
[scanC_stageC_risk_seed42_20260215_014509][Local-Only] [Baselines]   done reward=-0.4230 task_sr=0.8500 subtask_sr=0.9550 (6.4s)
[scanC_stageC_risk_seed42_20260215_014509][Local-Only] [Baselines] ep=101 (101/120) policy=Local-Only (1/1) ...
[scanC_stageC_risk_seed42_20260215_014509][Local-Only] [Baselines]   done reward=-0.3731 task_sr=0.9500 subtask_sr=0.9953 (6.5s)
[scanC_stageC_risk_seed42_20260215_014509][Local-Only] [Baselines] ep=102 (102/120) policy=Local-Only (1/1) ...
[scanC_stageC_risk_seed42_20260215_014509][Local-Only] [Baselines]   done reward=-0.3588 task_sr=0.8500 subtask_sr=0.9451 (7.4s)
[scanC_stageC_risk_seed42_20260215_014509][Local-Only] [Baselines] ep=103 (103/120) policy=Local-Only (1/1) ...
[scanC_stageC_risk_seed42_20260215_014509][Local-Only] [Baselines]   done reward=-0.3095 task_sr=0.6500 subtask_sr=0.9043 (7.6s)
[scanC_stageC_risk_seed42_20260215_014509][Local-Only] [Baselines] ep=104 (104/120) policy=Local-Only (1/1) ...
[scanC_stageC_risk_seed42_20260215_014509][Local-Only] [Baselines]   done reward=-0.2723 task_sr=0.7000 subtask_sr=0.9121 (8.0s)
[scanC_stageC_risk_seed42_20260215_014509][Local-Only] [Baselines] ep=105 (105/120) policy=Local-Only (1/1) ...
[scanC_stageC_risk_seed42_20260215_014509][Local-Only] [Baselines]   done reward=-0.2851 task_sr=0.6500 subtask_sr=0.9218 (7.2s)
[scanC_stageC_risk_seed42_20260215_014509][Local-Only] [Baselines] ep=106 (106/120) policy=Local-Only (1/1) ...
[scanC_stageC_risk_seed42_20260215_014509][Local-Only] [Baselines]   done reward=-0.4212 task_sr=0.8500 subtask_sr=0.9761 (7.4s)
[scanC_stageC_risk_seed42_20260215_014509][Local-Only] [Baselines] ep=107 (107/120) policy=Local-Only (1/1) ...
[scanC_stageC_risk_seed42_20260215_014509][Local-Only] [Baselines]   done reward=-0.3762 task_sr=0.7000 subtask_sr=0.9204 (7.0s)
[scanC_stageC_risk_seed42_20260215_014509][Local-Only] [Baselines] ep=108 (108/120) policy=Local-Only (1/1) ...
[scanC_stageC_risk_seed42_20260215_014509][Local-Only] [Baselines]   done reward=-0.3646 task_sr=0.8000 subtask_sr=0.9242 (7.6s)
[scanC_stageC_risk_seed42_20260215_014509][Local-Only] [Baselines] ep=109 (109/120) policy=Local-Only (1/1) ...
[scanC_stageC_risk_seed42_20260215_014509][Local-Only] [Baselines]   done reward=-0.2993 task_sr=0.6500 subtask_sr=0.9223 (8.1s)
[scanC_stageC_risk_seed42_20260215_014509][Local-Only] [Baselines] ep=110 (110/120) policy=Local-Only (1/1) ...
[scanC_stageC_risk_seed42_20260215_014509][Local-Only] [Baselines]   done reward=-0.2648 task_sr=0.6000 subtask_sr=0.8947 (8.3s)
[scanC_stageC_risk_seed42_20260215_014509][Local-Only] [Baselines] ep=111 (111/120) policy=Local-Only (1/1) ...
[scanC_stageC_risk_seed42_20260215_014509][Local-Only] [Baselines]   done reward=-0.2778 task_sr=0.7500 subtask_sr=0.9446 (7.1s)
[scanC_stageC_risk_seed42_20260215_014509][Local-Only] [Baselines] ep=112 (112/120) policy=Local-Only (1/1) ...
[scanC_stageC_risk_seed42_20260215_014509][Local-Only] [Baselines]   done reward=-0.3411 task_sr=0.8000 subtask_sr=0.9458 (7.1s)
[scanC_stageC_risk_seed42_20260215_014509][Local-Only] [Baselines] ep=113 (113/120) policy=Local-Only (1/1) ...
[scanC_stageC_risk_seed42_20260215_014509][Local-Only] [Baselines]   done reward=-0.2396 task_sr=0.8000 subtask_sr=0.9464 (8.1s)
[scanC_stageC_risk_seed42_20260215_014509][Local-Only] [Baselines] ep=114 (114/120) policy=Local-Only (1/1) ...
[scanC_stageC_risk_seed42_20260215_014509][Local-Only] [Baselines]   done reward=-0.2384 task_sr=0.6000 subtask_sr=0.8649 (7.8s)
[scanC_stageC_risk_seed42_20260215_014509][Local-Only] [Baselines] ep=115 (115/120) policy=Local-Only (1/1) ...
[scanC_stageC_risk_seed42_20260215_014509][Local-Only] [Baselines]   done reward=-0.3440 task_sr=0.8500 subtask_sr=0.9529 (7.9s)
[scanC_stageC_risk_seed42_20260215_014509][Local-Only] [Baselines] ep=116 (116/120) policy=Local-Only (1/1) ...
[scanC_stageC_risk_seed42_20260215_014509][Local-Only] [Baselines]   done reward=-0.2163 task_sr=0.6000 subtask_sr=0.9115 (7.8s)
[scanC_stageC_risk_seed42_20260215_014509][Local-Only] [Baselines] ep=117 (117/120) policy=Local-Only (1/1) ...
[scanC_stageC_risk_seed42_20260215_014509][Local-Only] [Baselines]   done reward=-0.3210 task_sr=0.8000 subtask_sr=0.9346 (6.2s)
[scanC_stageC_risk_seed42_20260215_014509][Local-Only] [Baselines] ep=118 (118/120) policy=Local-Only (1/1) ...
[scanC_stageC_risk_seed42_20260215_014509][Local-Only] [Baselines]   done reward=-0.2898 task_sr=0.6500 subtask_sr=0.9116 (7.8s)
[scanC_stageC_risk_seed42_20260215_014509][Local-Only] [Baselines] ep=119 (119/120) policy=Local-Only (1/1) ...
[scanC_stageC_risk_seed42_20260215_014509][Local-Only] [Baselines]   done reward=-0.2219 task_sr=0.6500 subtask_sr=0.9333 (7.0s)
[scanC_stageC_risk_seed42_20260215_014509][Local-Only] [Baselines] ep=120 (120/120) policy=Local-Only (1/1) ...
[scanC_stageC_risk_seed42_20260215_014509][Local-Only] [Baselines]   done reward=-0.3294 task_sr=0.6500 subtask_sr=0.9308 (6.3s)
[scanC_stageC_risk_seed42_20260215_014509][Local-Only] ✓ Baseline stats saved: /Users/qiutao/研/毕设/毕设/vecOffloadingSim/runs/scanC_stageC_risk_seed42_20260215_014509/logs/baseline_parts/Local-Only.csv
[scanC_stageC_risk_seed42_20260215_014509][Local-Only] 结果摘要 (均值):
[scanC_stageC_risk_seed42_20260215_014509][Local-Only]   Local-Only reward=-0.3237 task_sr=0.7104 subtask_sr=0.9233
