[scanC_stageC_risk_seed42_20260215_014509][Random] [Baselines] run_dir=/Users/qiutao/研/毕设/毕设/vecOffloadingSim/runs/scanC_stageC_risk_seed42_20260215_014509
[scanC_stageC_risk_seed42_20260215_014509][Random] [Baselines] num_episodes=120 seed=42 max_steps=200
[scanC_stageC_risk_seed42_20260215_014509][Random] [Baselines] policies=['Random']
[scanC_stageC_risk_seed42_20260215_014509][Random] [Baselines] ep=1 (1/120) policy=Random (1/1) ...
[scanC_stageC_risk_seed42_20260215_014509][Random] [Baselines]   done reward=-0.6872 task_sr=0.0000 subtask_sr=0.1875 (15.4s)
[scanC_stageC_risk_seed42_20260215_014509][Random] [Baselines] ep=2 (2/120) policy=Random (1/1) ...
[scanC_stageC_risk_seed42_20260215_014509][Random] [Baselines]   done reward=-0.0542 task_sr=0.0000 subtask_sr=0.2319 (14.6s)
[scanC_stageC_risk_seed42_20260215_014509][Random] [Baselines] ep=3 (3/120) policy=Random (1/1) ...
[scanC_stageC_risk_seed42_20260215_014509][Random] [Baselines]   done reward=-0.6770 task_sr=0.0000 subtask_sr=0.1504 (15.1s)
[scanC_stageC_risk_seed42_20260215_014509][Random] [Baselines] ep=4 (4/120) policy=Random (1/1) ...
[scanC_stageC_risk_seed42_20260215_014509][Random] [Baselines]   done reward=-0.6262 task_sr=0.0000 subtask_sr=0.1471 (16.4s)
[scanC_stageC_risk_seed42_20260215_014509][Random] [Baselines] ep=5 (5/120) policy=Random (1/1) ...
[scanC_stageC_risk_seed42_20260215_014509][Random] [Baselines]   done reward=-0.1452 task_sr=0.0500 subtask_sr=0.2607 (15.5s)
[scanC_stageC_risk_seed42_20260215_014509][Random] [Baselines] ep=6 (6/120) policy=Random (1/1) ...
[scanC_stageC_risk_seed42_20260215_014509][Random] [Baselines]   done reward=-0.0891 task_sr=0.0000 subtask_sr=0.1711 (15.9s)
[scanC_stageC_risk_seed42_20260215_014509][Random] [Baselines] ep=7 (7/120) policy=Random (1/1) ...
[scanC_stageC_risk_seed42_20260215_014509][Random] [Baselines]   done reward=-0.0268 task_sr=0.0000 subtask_sr=0.1763 (15.6s)
[scanC_stageC_risk_seed42_20260215_014509][Random] [Baselines] ep=8 (8/120) policy=Random (1/1) ...
[scanC_stageC_risk_seed42_20260215_014509][Random] [Baselines]   done reward=-0.2709 task_sr=0.0000 subtask_sr=0.1574 (16.1s)
[scanC_stageC_risk_seed42_20260215_014509][Random] [Baselines] ep=9 (9/120) policy=Random (1/1) ...
[scanC_stageC_risk_seed42_20260215_014509][Random] [Baselines]   done reward=-0.0794 task_sr=0.0000 subtask_sr=0.1569 (16.6s)
[scanC_stageC_risk_seed42_20260215_014509][Random] [Baselines] ep=10 (10/120) policy=Random (1/1) ...
[scanC_stageC_risk_seed42_20260215_014509][Random] [Baselines]   done reward=-0.0586 task_sr=0.0000 subtask_sr=0.1971 (16.2s)
[scanC_stageC_risk_seed42_20260215_014509][Random] [Baselines] ep=11 (11/120) policy=Random (1/1) ...
[scanC_stageC_risk_seed42_20260215_014509][Random] [Baselines]   done reward=-0.1760 task_sr=0.0000 subtask_sr=0.1675 (15.9s)
[scanC_stageC_risk_seed42_20260215_014509][Random] [Baselines] ep=12 (12/120) policy=Random (1/1) ...
[scanC_stageC_risk_seed42_20260215_014509][Random] [Baselines]   done reward=-0.2180 task_sr=0.0000 subtask_sr=0.1785 (16.6s)
[scanC_stageC_risk_seed42_20260215_014509][Random] [Baselines] ep=13 (13/120) policy=Random (1/1) ...
[scanC_stageC_risk_seed42_20260215_014509][Random] [Baselines]   done reward=-1.0773 task_sr=0.0000 subtask_sr=0.1379 (16.4s)
[scanC_stageC_risk_seed42_20260215_014509][Random] [Baselines] ep=14 (14/120) policy=Random (1/1) ...
[scanC_stageC_risk_seed42_20260215_014509][Random] [Baselines]   done reward=-0.0994 task_sr=0.0000 subtask_sr=0.1737 (15.8s)
[scanC_stageC_risk_seed42_20260215_014509][Random] [Baselines] ep=15 (15/120) policy=Random (1/1) ...
[scanC_stageC_risk_seed42_20260215_014509][Random] [Baselines]   done reward=-0.3619 task_sr=0.0000 subtask_sr=0.1310 (15.9s)
[scanC_stageC_risk_seed42_20260215_014509][Random] [Baselines] ep=16 (16/120) policy=Random (1/1) ...
[scanC_stageC_risk_seed42_20260215_014509][Random] [Baselines]   done reward=-0.0581 task_sr=0.0000 subtask_sr=0.1855 (16.4s)
[scanC_stageC_risk_seed42_20260215_014509][Random] [Baselines] ep=17 (17/120) policy=Random (1/1) ...
[scanC_stageC_risk_seed42_20260215_014509][Random] [Baselines]   done reward=-0.2946 task_sr=0.0000 subtask_sr=0.1507 (16.1s)
[scanC_stageC_risk_seed42_20260215_014509][Random] [Baselines] ep=18 (18/120) policy=Random (1/1) ...
[scanC_stageC_risk_seed42_20260215_014509][Random] [Baselines]   done reward=-0.4791 task_sr=0.0500 subtask_sr=0.1849 (16.3s)
[scanC_stageC_risk_seed42_20260215_014509][Random] [Baselines] ep=19 (19/120) policy=Random (1/1) ...
[scanC_stageC_risk_seed42_20260215_014509][Random] [Baselines]   done reward=-0.5643 task_sr=0.0000 subtask_sr=0.2104 (16.3s)
[scanC_stageC_risk_seed42_20260215_014509][Random] [Baselines] ep=20 (20/120) policy=Random (1/1) ...
[scanC_stageC_risk_seed42_20260215_014509][Random] [Baselines]   done reward=-0.1055 task_sr=0.0000 subtask_sr=0.1823 (15.4s)
[scanC_stageC_risk_seed42_20260215_014509][Random] [Baselines] ep=21 (21/120) policy=Random (1/1) ...
[scanC_stageC_risk_seed42_20260215_014509][Random] [Baselines]   done reward=-0.0575 task_sr=0.0000 subtask_sr=0.1772 (16.6s)
[scanC_stageC_risk_seed42_20260215_014509][Random] [Baselines] ep=22 (22/120) policy=Random (1/1) ...
[scanC_stageC_risk_seed42_20260215_014509][Random] [Baselines]   done reward=-0.1250 task_sr=0.0000 subtask_sr=0.2610 (15.8s)
[scanC_stageC_risk_seed42_20260215_014509][Random] [Baselines] ep=23 (23/120) policy=Random (1/1) ...
[scanC_stageC_risk_seed42_20260215_014509][Random] [Baselines]   done reward=-0.2760 task_sr=0.0000 subtask_sr=0.1853 (16.5s)
[scanC_stageC_risk_seed42_20260215_014509][Random] [Baselines] ep=24 (24/120) policy=Random (1/1) ...
[scanC_stageC_risk_seed42_20260215_014509][Random] [Baselines]   done reward=-0.0962 task_sr=0.0000 subtask_sr=0.1505 (16.5s)
[scanC_stageC_risk_seed42_20260215_014509][Random] [Baselines] ep=25 (25/120) policy=Random (1/1) ...
[scanC_stageC_risk_seed42_20260215_014509][Random] [Baselines]   done reward=-0.0846 task_sr=0.0000 subtask_sr=0.1878 (16.4s)
[scanC_stageC_risk_seed42_20260215_014509][Random] [Baselines] ep=26 (26/120) policy=Random (1/1) ...
[scanC_stageC_risk_seed42_20260215_014509][Random] [Baselines]   done reward=-0.1261 task_sr=0.0000 subtask_sr=0.1864 (16.1s)
[scanC_stageC_risk_seed42_20260215_014509][Random] [Baselines] ep=27 (27/120) policy=Random (1/1) ...
[scanC_stageC_risk_seed42_20260215_014509][Random] [Baselines]   done reward=-0.1039 task_sr=0.0000 subtask_sr=0.1675 (16.2s)
[scanC_stageC_risk_seed42_20260215_014509][Random] [Baselines] ep=28 (28/120) policy=Random (1/1) ...
[scanC_stageC_risk_seed42_20260215_014509][Random] [Baselines]   done reward=-0.3019 task_sr=0.0000 subtask_sr=0.1870 (15.7s)
[scanC_stageC_risk_seed42_20260215_014509][Random] [Baselines] ep=29 (29/120) policy=Random (1/1) ...
[scanC_stageC_risk_seed42_20260215_014509][Random] [Baselines]   done reward=-0.0831 task_sr=0.0000 subtask_sr=0.1884 (15.7s)
[scanC_stageC_risk_seed42_20260215_014509][Random] [Baselines] ep=30 (30/120) policy=Random (1/1) ...
[scanC_stageC_risk_seed42_20260215_014509][Random] [Baselines]   done reward=-0.0633 task_sr=0.0500 subtask_sr=0.1803 (16.7s)
[scanC_stageC_risk_seed42_20260215_014509][Random] [Baselines] ep=31 (31/120) policy=Random (1/1) ...
[scanC_stageC_risk_seed42_20260215_014509][Random] [Baselines]   done reward=-0.1195 task_sr=0.0000 subtask_sr=0.1343 (16.6s)
[scanC_stageC_risk_seed42_20260215_014509][Random] [Baselines] ep=32 (32/120) policy=Random (1/1) ...
[scanC_stageC_risk_seed42_20260215_014509][Random] [Baselines]   done reward=-0.2054 task_sr=0.0000 subtask_sr=0.1562 (15.5s)
[scanC_stageC_risk_seed42_20260215_014509][Random] [Baselines] ep=33 (33/120) policy=Random (1/1) ...
[scanC_stageC_risk_seed42_20260215_014509][Random] [Baselines]   done reward=-0.0920 task_sr=0.0000 subtask_sr=0.1972 (16.3s)
[scanC_stageC_risk_seed42_20260215_014509][Random] [Baselines] ep=34 (34/120) policy=Random (1/1) ...
[scanC_stageC_risk_seed42_20260215_014509][Random] [Baselines]   done reward=-0.0784 task_sr=0.0000 subtask_sr=0.1335 (16.3s)
[scanC_stageC_risk_seed42_20260215_014509][Random] [Baselines] ep=35 (35/120) policy=Random (1/1) ...
[scanC_stageC_risk_seed42_20260215_014509][Random] [Baselines]   done reward=-0.6700 task_sr=0.0000 subtask_sr=0.1520 (15.6s)
[scanC_stageC_risk_seed42_20260215_014509][Random] [Baselines] ep=36 (36/120) policy=Random (1/1) ...
[scanC_stageC_risk_seed42_20260215_014509][Random] [Baselines]   done reward=-0.1608 task_sr=0.0500 subtask_sr=0.1214 (17.2s)
[scanC_stageC_risk_seed42_20260215_014509][Random] [Baselines] ep=37 (37/120) policy=Random (1/1) ...
[scanC_stageC_risk_seed42_20260215_014509][Random] [Baselines]   done reward=-0.8312 task_sr=0.0000 subtask_sr=0.2225 (15.4s)
[scanC_stageC_risk_seed42_20260215_014509][Random] [Baselines] ep=38 (38/120) policy=Random (1/1) ...
[scanC_stageC_risk_seed42_20260215_014509][Random] [Baselines]   done reward=-0.4483 task_sr=0.0000 subtask_sr=0.1367 (16.2s)
[scanC_stageC_risk_seed42_20260215_014509][Random] [Baselines] ep=39 (39/120) policy=Random (1/1) ...
[scanC_stageC_risk_seed42_20260215_014509][Random] [Baselines]   done reward=-0.1155 task_sr=0.0000 subtask_sr=0.1259 (16.2s)
[scanC_stageC_risk_seed42_20260215_014509][Random] [Baselines] ep=40 (40/120) policy=Random (1/1) ...
[scanC_stageC_risk_seed42_20260215_014509][Random] [Baselines]   done reward=-0.1636 task_sr=0.0000 subtask_sr=0.1203 (16.5s)
[scanC_stageC_risk_seed42_20260215_014509][Random] [Baselines] ep=41 (41/120) policy=Random (1/1) ...
[scanC_stageC_risk_seed42_20260215_014509][Random] [Baselines]   done reward=-0.1947 task_sr=0.0000 subtask_sr=0.1860 (16.7s)
[scanC_stageC_risk_seed42_20260215_014509][Random] [Baselines] ep=42 (42/120) policy=Random (1/1) ...
[scanC_stageC_risk_seed42_20260215_014509][Random] [Baselines]   done reward=-0.0948 task_sr=0.0000 subtask_sr=0.1925 (15.7s)
[scanC_stageC_risk_seed42_20260215_014509][Random] [Baselines] ep=43 (43/120) policy=Random (1/1) ...
[scanC_stageC_risk_seed42_20260215_014509][Random] [Baselines]   done reward=-0.2335 task_sr=0.0000 subtask_sr=0.2342 (16.0s)
[scanC_stageC_risk_seed42_20260215_014509][Random] [Baselines] ep=44 (44/120) policy=Random (1/1) ...
[scanC_stageC_risk_seed42_20260215_014509][Random] [Baselines]   done reward=-1.3990 task_sr=0.0000 subtask_sr=0.2163 (15.2s)
[scanC_stageC_risk_seed42_20260215_014509][Random] [Baselines] ep=45 (45/120) policy=Random (1/1) ...
[scanC_stageC_risk_seed42_20260215_014509][Random] [Baselines]   done reward=-0.1035 task_sr=0.0000 subtask_sr=0.1582 (15.7s)
[scanC_stageC_risk_seed42_20260215_014509][Random] [Baselines] ep=46 (46/120) policy=Random (1/1) ...
[scanC_stageC_risk_seed42_20260215_014509][Random] [Baselines]   done reward=-0.1368 task_sr=0.0000 subtask_sr=0.2038 (15.9s)
[scanC_stageC_risk_seed42_20260215_014509][Random] [Baselines] ep=47 (47/120) policy=Random (1/1) ...
[scanC_stageC_risk_seed42_20260215_014509][Random] [Baselines]   done reward=-0.0776 task_sr=0.0500 subtask_sr=0.1986 (16.7s)
[scanC_stageC_risk_seed42_20260215_014509][Random] [Baselines] ep=48 (48/120) policy=Random (1/1) ...
[scanC_stageC_risk_seed42_20260215_014509][Random] [Baselines]   done reward=-0.3129 task_sr=0.0000 subtask_sr=0.2098 (15.9s)
[scanC_stageC_risk_seed42_20260215_014509][Random] [Baselines] ep=49 (49/120) policy=Random (1/1) ...
[scanC_stageC_risk_seed42_20260215_014509][Random] [Baselines]   done reward=-0.4491 task_sr=0.0000 subtask_sr=0.1849 (15.5s)
[scanC_stageC_risk_seed42_20260215_014509][Random] [Baselines] ep=50 (50/120) policy=Random (1/1) ...
[scanC_stageC_risk_seed42_20260215_014509][Random] [Baselines]   done reward=-0.7646 task_sr=0.0000 subtask_sr=0.1770 (16.0s)
[scanC_stageC_risk_seed42_20260215_014509][Random] [Baselines] ep=51 (51/120) policy=Random (1/1) ...
[scanC_stageC_risk_seed42_20260215_014509][Random] [Baselines]   done reward=-0.2572 task_sr=0.0000 subtask_sr=0.1459 (16.0s)
[scanC_stageC_risk_seed42_20260215_014509][Random] [Baselines] ep=52 (52/120) policy=Random (1/1) ...
[scanC_stageC_risk_seed42_20260215_014509][Random] [Baselines]   done reward=-0.2660 task_sr=0.0000 subtask_sr=0.2572 (15.5s)
[scanC_stageC_risk_seed42_20260215_014509][Random] [Baselines] ep=53 (53/120) policy=Random (1/1) ...
[scanC_stageC_risk_seed42_20260215_014509][Random] [Baselines]   done reward=-0.0479 task_sr=0.0000 subtask_sr=0.2047 (16.2s)
[scanC_stageC_risk_seed42_20260215_014509][Random] [Baselines] ep=54 (54/120) policy=Random (1/1) ...
[scanC_stageC_risk_seed42_20260215_014509][Random] [Baselines]   done reward=-0.2093 task_sr=0.0000 subtask_sr=0.2073 (15.0s)
[scanC_stageC_risk_seed42_20260215_014509][Random] [Baselines] ep=55 (55/120) policy=Random (1/1) ...
[scanC_stageC_risk_seed42_20260215_014509][Random] [Baselines]   done reward=-1.0151 task_sr=0.0000 subtask_sr=0.2922 (13.9s)
[scanC_stageC_risk_seed42_20260215_014509][Random] [Baselines] ep=56 (56/120) policy=Random (1/1) ...
[scanC_stageC_risk_seed42_20260215_014509][Random] [Baselines]   done reward=-0.0752 task_sr=0.0000 subtask_sr=0.1667 (14.8s)
[scanC_stageC_risk_seed42_20260215_014509][Random] [Baselines] ep=57 (57/120) policy=Random (1/1) ...
[scanC_stageC_risk_seed42_20260215_014509][Random] [Baselines]   done reward=-0.1386 task_sr=0.0000 subtask_sr=0.1312 (11.7s)
[scanC_stageC_risk_seed42_20260215_014509][Random] [Baselines] ep=58 (58/120) policy=Random (1/1) ...
[scanC_stageC_risk_seed42_20260215_014509][Random] [Baselines]   done reward=-0.0937 task_sr=0.0000 subtask_sr=0.2230 (10.8s)
[scanC_stageC_risk_seed42_20260215_014509][Random] [Baselines] ep=59 (59/120) policy=Random (1/1) ...
[scanC_stageC_risk_seed42_20260215_014509][Random] [Baselines]   done reward=-0.6247 task_sr=0.0000 subtask_sr=0.1551 (11.8s)
[scanC_stageC_risk_seed42_20260215_014509][Random] [Baselines] ep=60 (60/120) policy=Random (1/1) ...
[scanC_stageC_risk_seed42_20260215_014509][Random] [Baselines]   done reward=-0.0663 task_sr=0.0000 subtask_sr=0.2574 (10.9s)
[scanC_stageC_risk_seed42_20260215_014509][Random] [Baselines] ep=61 (61/120) policy=Random (1/1) ...
[scanC_stageC_risk_seed42_20260215_014509][Random] [Baselines]   done reward=-0.0672 task_sr=0.0000 subtask_sr=0.2470 (10.9s)
[scanC_stageC_risk_seed42_20260215_014509][Random] [Baselines] ep=62 (62/120) policy=Random (1/1) ...
[scanC_stageC_risk_seed42_20260215_014509][Random] [Baselines]   done reward=-0.0535 task_sr=0.0000 subtask_sr=0.1514 (11.4s)
[scanC_stageC_risk_seed42_20260215_014509][Random] [Baselines] ep=63 (63/120) policy=Random (1/1) ...
[scanC_stageC_risk_seed42_20260215_014509][Random] [Baselines]   done reward=-0.0628 task_sr=0.0000 subtask_sr=0.1471 (11.2s)
[scanC_stageC_risk_seed42_20260215_014509][Random] [Baselines] ep=64 (64/120) policy=Random (1/1) ...
[scanC_stageC_risk_seed42_20260215_014509][Random] [Baselines]   done reward=-0.0766 task_sr=0.0000 subtask_sr=0.1702 (11.3s)
[scanC_stageC_risk_seed42_20260215_014509][Random] [Baselines] ep=65 (65/120) policy=Random (1/1) ...
[scanC_stageC_risk_seed42_20260215_014509][Random] [Baselines]   done reward=-0.2044 task_sr=0.0000 subtask_sr=0.1473 (11.4s)
[scanC_stageC_risk_seed42_20260215_014509][Random] [Baselines] ep=66 (66/120) policy=Random (1/1) ...
[scanC_stageC_risk_seed42_20260215_014509][Random] [Baselines]   done reward=-0.3270 task_sr=0.0000 subtask_sr=0.2785 (10.9s)
[scanC_stageC_risk_seed42_20260215_014509][Random] [Baselines] ep=67 (67/120) policy=Random (1/1) ...
[scanC_stageC_risk_seed42_20260215_014509][Random] [Baselines]   done reward=-0.2652 task_sr=0.0000 subtask_sr=0.2005 (11.3s)
[scanC_stageC_risk_seed42_20260215_014509][Random] [Baselines] ep=68 (68/120) policy=Random (1/1) ...
[scanC_stageC_risk_seed42_20260215_014509][Random] [Baselines]   done reward=-0.1048 task_sr=0.0000 subtask_sr=0.1584 (11.7s)
[scanC_stageC_risk_seed42_20260215_014509][Random] [Baselines] ep=69 (69/120) policy=Random (1/1) ...
[scanC_stageC_risk_seed42_20260215_014509][Random] [Baselines]   done reward=-0.4202 task_sr=0.0000 subtask_sr=0.2107 (11.4s)
[scanC_stageC_risk_seed42_20260215_014509][Random] [Baselines] ep=70 (70/120) policy=Random (1/1) ...
[scanC_stageC_risk_seed42_20260215_014509][Random] [Baselines]   done reward=-0.1075 task_sr=0.0000 subtask_sr=0.1262 (11.4s)
[scanC_stageC_risk_seed42_20260215_014509][Random] [Baselines] ep=71 (71/120) policy=Random (1/1) ...
[scanC_stageC_risk_seed42_20260215_014509][Random] [Baselines]   done reward=-0.2499 task_sr=0.0000 subtask_sr=0.1182 (11.9s)
[scanC_stageC_risk_seed42_20260215_014509][Random] [Baselines] ep=72 (72/120) policy=Random (1/1) ...
[scanC_stageC_risk_seed42_20260215_014509][Random] [Baselines]   done reward=-0.0723 task_sr=0.0000 subtask_sr=0.1797 (11.5s)
[scanC_stageC_risk_seed42_20260215_014509][Random] [Baselines] ep=73 (73/120) policy=Random (1/1) ...
[scanC_stageC_risk_seed42_20260215_014509][Random] [Baselines]   done reward=-0.0988 task_sr=0.0500 subtask_sr=0.2014 (11.6s)
[scanC_stageC_risk_seed42_20260215_014509][Random] [Baselines] ep=74 (74/120) policy=Random (1/1) ...
[scanC_stageC_risk_seed42_20260215_014509][Random] [Baselines]   done reward=-0.2308 task_sr=0.0000 subtask_sr=0.2133 (11.6s)
[scanC_stageC_risk_seed42_20260215_014509][Random] [Baselines] ep=75 (75/120) policy=Random (1/1) ...
[scanC_stageC_risk_seed42_20260215_014509][Random] [Baselines]   done reward=-0.0644 task_sr=0.0000 subtask_sr=0.1627 (11.6s)
[scanC_stageC_risk_seed42_20260215_014509][Random] [Baselines] ep=76 (76/120) policy=Random (1/1) ...
[scanC_stageC_risk_seed42_20260215_014509][Random] [Baselines]   done reward=-0.2047 task_sr=0.0000 subtask_sr=0.2572 (11.0s)
[scanC_stageC_risk_seed42_20260215_014509][Random] [Baselines] ep=77 (77/120) policy=Random (1/1) ...
[scanC_stageC_risk_seed42_20260215_014509][Random] [Baselines]   done reward=-0.5778 task_sr=0.1000 subtask_sr=0.2837 (10.9s)
[scanC_stageC_risk_seed42_20260215_014509][Random] [Baselines] ep=78 (78/120) policy=Random (1/1) ...
[scanC_stageC_risk_seed42_20260215_014509][Random] [Baselines]   done reward=-0.1083 task_sr=0.0000 subtask_sr=0.1565 (11.5s)
[scanC_stageC_risk_seed42_20260215_014509][Random] [Baselines] ep=79 (79/120) policy=Random (1/1) ...
[scanC_stageC_risk_seed42_20260215_014509][Random] [Baselines]   done reward=-0.2384 task_sr=0.0000 subtask_sr=0.1143 (11.9s)
[scanC_stageC_risk_seed42_20260215_014509][Random] [Baselines] ep=80 (80/120) policy=Random (1/1) ...
[scanC_stageC_risk_seed42_20260215_014509][Random] [Baselines]   done reward=-0.1527 task_sr=0.0000 subtask_sr=0.2512 (10.7s)
[scanC_stageC_risk_seed42_20260215_014509][Random] [Baselines] ep=81 (81/120) policy=Random (1/1) ...
[scanC_stageC_risk_seed42_20260215_014509][Random] [Baselines]   done reward=-0.1910 task_sr=0.0000 subtask_sr=0.2458 (10.9s)
[scanC_stageC_risk_seed42_20260215_014509][Random] [Baselines] ep=82 (82/120) policy=Random (1/1) ...
[scanC_stageC_risk_seed42_20260215_014509][Random] [Baselines]   done reward=-0.0448 task_sr=0.0000 subtask_sr=0.1308 (11.9s)
[scanC_stageC_risk_seed42_20260215_014509][Random] [Baselines] ep=83 (83/120) policy=Random (1/1) ...
[scanC_stageC_risk_seed42_20260215_014509][Random] [Baselines]   done reward=-1.1048 task_sr=0.0000 subtask_sr=0.1643 (11.3s)
[scanC_stageC_risk_seed42_20260215_014509][Random] [Baselines] ep=84 (84/120) policy=Random (1/1) ...
[scanC_stageC_risk_seed42_20260215_014509][Random] [Baselines]   done reward=-0.2622 task_sr=0.0500 subtask_sr=0.1362 (11.8s)
[scanC_stageC_risk_seed42_20260215_014509][Random] [Baselines] ep=85 (85/120) policy=Random (1/1) ...
[scanC_stageC_risk_seed42_20260215_014509][Random] [Baselines]   done reward=-0.3261 task_sr=0.0000 subtask_sr=0.1727 (11.4s)
[scanC_stageC_risk_seed42_20260215_014509][Random] [Baselines] ep=86 (86/120) policy=Random (1/1) ...
[scanC_stageC_risk_seed42_20260215_014509][Random] [Baselines]   done reward=-0.4539 task_sr=0.0500 subtask_sr=0.1946 (11.5s)
[scanC_stageC_risk_seed42_20260215_014509][Random] [Baselines] ep=87 (87/120) policy=Random (1/1) ...
[scanC_stageC_risk_seed42_20260215_014509][Random] [Baselines]   done reward=-0.1164 task_sr=0.0000 subtask_sr=0.1667 (11.2s)
[scanC_stageC_risk_seed42_20260215_014509][Random] [Baselines] ep=88 (88/120) policy=Random (1/1) ...
[scanC_stageC_risk_seed42_20260215_014509][Random] [Baselines]   done reward=-0.1289 task_sr=0.0000 subtask_sr=0.2601 (11.4s)
[scanC_stageC_risk_seed42_20260215_014509][Random] [Baselines] ep=89 (89/120) policy=Random (1/1) ...
[scanC_stageC_risk_seed42_20260215_014509][Random] [Baselines]   done reward=-1.7263 task_sr=0.0000 subtask_sr=0.1412 (11.5s)
[scanC_stageC_risk_seed42_20260215_014509][Random] [Baselines] ep=90 (90/120) policy=Random (1/1) ...
[scanC_stageC_risk_seed42_20260215_014509][Random] [Baselines]   done reward=-0.0589 task_sr=0.0000 subtask_sr=0.1313 (11.7s)
[scanC_stageC_risk_seed42_20260215_014509][Random] [Baselines] ep=91 (91/120) policy=Random (1/1) ...
[scanC_stageC_risk_seed42_20260215_014509][Random] [Baselines]   done reward=-0.1922 task_sr=0.0000 subtask_sr=0.2447 (11.1s)
[scanC_stageC_risk_seed42_20260215_014509][Random] [Baselines] ep=92 (92/120) policy=Random (1/1) ...
[scanC_stageC_risk_seed42_20260215_014509][Random] [Baselines]   done reward=-0.1484 task_sr=0.0000 subtask_sr=0.1005 (11.9s)
[scanC_stageC_risk_seed42_20260215_014509][Random] [Baselines] ep=93 (93/120) policy=Random (1/1) ...
[scanC_stageC_risk_seed42_20260215_014509][Random] [Baselines]   done reward=-1.1036 task_sr=0.0000 subtask_sr=0.1921 (11.1s)
[scanC_stageC_risk_seed42_20260215_014509][Random] [Baselines] ep=94 (94/120) policy=Random (1/1) ...
[scanC_stageC_risk_seed42_20260215_014509][Random] [Baselines]   done reward=-0.5911 task_sr=0.0000 subtask_sr=0.1663 (11.2s)
[scanC_stageC_risk_seed42_20260215_014509][Random] [Baselines] ep=95 (95/120) policy=Random (1/1) ...
[scanC_stageC_risk_seed42_20260215_014509][Random] [Baselines]   done reward=-0.0808 task_sr=0.0000 subtask_sr=0.1981 (9.1s)
[scanC_stageC_risk_seed42_20260215_014509][Random] [Baselines] ep=96 (96/120) policy=Random (1/1) ...
[scanC_stageC_risk_seed42_20260215_014509][Random] [Baselines]   done reward=-0.3928 task_sr=0.0000 subtask_sr=0.1146 (10.0s)
[scanC_stageC_risk_seed42_20260215_014509][Random] [Baselines] ep=97 (97/120) policy=Random (1/1) ...
[scanC_stageC_risk_seed42_20260215_014509][Random] [Baselines]   done reward=-0.6032 task_sr=0.0000 subtask_sr=0.1537 (9.6s)
[scanC_stageC_risk_seed42_20260215_014509][Random] [Baselines] ep=98 (98/120) policy=Random (1/1) ...
[scanC_stageC_risk_seed42_20260215_014509][Random] [Baselines]   done reward=-0.0569 task_sr=0.0000 subtask_sr=0.1957 (9.3s)
[scanC_stageC_risk_seed42_20260215_014509][Random] [Baselines] ep=99 (99/120) policy=Random (1/1) ...
[scanC_stageC_risk_seed42_20260215_014509][Random] [Baselines]   done reward=-0.0701 task_sr=0.0000 subtask_sr=0.1659 (9.4s)
[scanC_stageC_risk_seed42_20260215_014509][Random] [Baselines] ep=100 (100/120) policy=Random (1/1) ...
[scanC_stageC_risk_seed42_20260215_014509][Random] [Baselines]   done reward=-0.1334 task_sr=0.0000 subtask_sr=0.2536 (9.1s)
[scanC_stageC_risk_seed42_20260215_014509][Random] [Baselines] ep=101 (101/120) policy=Random (1/1) ...
[scanC_stageC_risk_seed42_20260215_014509][Random] [Baselines]   done reward=-1.0995 task_sr=0.0000 subtask_sr=0.1765 (9.5s)
[scanC_stageC_risk_seed42_20260215_014509][Random] [Baselines] ep=102 (102/120) policy=Random (1/1) ...
[scanC_stageC_risk_seed42_20260215_014509][Random] [Baselines]   done reward=-0.1629 task_sr=0.0000 subtask_sr=0.1527 (10.1s)
[scanC_stageC_risk_seed42_20260215_014509][Random] [Baselines] ep=103 (103/120) policy=Random (1/1) ...
[scanC_stageC_risk_seed42_20260215_014509][Random] [Baselines]   done reward=-0.1359 task_sr=0.0000 subtask_sr=0.1794 (9.3s)
[scanC_stageC_risk_seed42_20260215_014509][Random] [Baselines] ep=104 (104/120) policy=Random (1/1) ...
[scanC_stageC_risk_seed42_20260215_014509][Random] [Baselines]   done reward=-0.0797 task_sr=0.0000 subtask_sr=0.1354 (9.3s)
[scanC_stageC_risk_seed42_20260215_014509][Random] [Baselines] ep=105 (105/120) policy=Random (1/1) ...
[scanC_stageC_risk_seed42_20260215_014509][Random] [Baselines]   done reward=-0.0863 task_sr=0.0000 subtask_sr=0.1614 (9.3s)
[scanC_stageC_risk_seed42_20260215_014509][Random] [Baselines] ep=106 (106/120) policy=Random (1/1) ...
[scanC_stageC_risk_seed42_20260215_014509][Random] [Baselines]   done reward=-0.3168 task_sr=0.0000 subtask_sr=0.1770 (8.9s)
[scanC_stageC_risk_seed42_20260215_014509][Random] [Baselines] ep=107 (107/120) policy=Random (1/1) ...
[scanC_stageC_risk_seed42_20260215_014509][Random] [Baselines]   done reward=-0.0833 task_sr=0.0000 subtask_sr=0.2131 (9.0s)
[scanC_stageC_risk_seed42_20260215_014509][Random] [Baselines] ep=108 (108/120) policy=Random (1/1) ...
[scanC_stageC_risk_seed42_20260215_014509][Random] [Baselines]   done reward=-0.0862 task_sr=0.0000 subtask_sr=0.1896 (9.4s)
[scanC_stageC_risk_seed42_20260215_014509][Random] [Baselines] ep=109 (109/120) policy=Random (1/1) ...
[scanC_stageC_risk_seed42_20260215_014509][Random] [Baselines]   done reward=-0.3867 task_sr=0.0000 subtask_sr=0.1481 (9.3s)
[scanC_stageC_risk_seed42_20260215_014509][Random] [Baselines] ep=110 (110/120) policy=Random (1/1) ...
[scanC_stageC_risk_seed42_20260215_014509][Random] [Baselines]   done reward=-0.0499 task_sr=0.0500 subtask_sr=0.1986 (9.3s)
[scanC_stageC_risk_seed42_20260215_014509][Random] [Baselines] ep=111 (111/120) policy=Random (1/1) ...
[scanC_stageC_risk_seed42_20260215_014509][Random] [Baselines]   done reward=-0.0902 task_sr=0.0000 subtask_sr=0.1518 (9.6s)
[scanC_stageC_risk_seed42_20260215_014509][Random] [Baselines] ep=112 (112/120) policy=Random (1/1) ...
[scanC_stageC_risk_seed42_20260215_014509][Random] [Baselines]   done reward=-0.3997 task_sr=0.0000 subtask_sr=0.2340 (9.0s)
[scanC_stageC_risk_seed42_20260215_014509][Random] [Baselines] ep=113 (113/120) policy=Random (1/1) ...
[scanC_stageC_risk_seed42_20260215_014509][Random] [Baselines]   done reward=-0.4644 task_sr=0.0000 subtask_sr=0.1562 (9.5s)
[scanC_stageC_risk_seed42_20260215_014509][Random] [Baselines] ep=114 (114/120) policy=Random (1/1) ...
[scanC_stageC_risk_seed42_20260215_014509][Random] [Baselines]   done reward=-0.5573 task_sr=0.0000 subtask_sr=0.1374 (9.6s)
[scanC_stageC_risk_seed42_20260215_014509][Random] [Baselines] ep=115 (115/120) policy=Random (1/1) ...
[scanC_stageC_risk_seed42_20260215_014509][Random] [Baselines]   done reward=-0.4958 task_sr=0.1000 subtask_sr=0.3271 (8.7s)
[scanC_stageC_risk_seed42_20260215_014509][Random] [Baselines] ep=116 (116/120) policy=Random (1/1) ...
[scanC_stageC_risk_seed42_20260215_014509][Random] [Baselines]   done reward=-0.0934 task_sr=0.0000 subtask_sr=0.1579 (9.2s)
[scanC_stageC_risk_seed42_20260215_014509][Random] [Baselines] ep=117 (117/120) policy=Random (1/1) ...
[scanC_stageC_risk_seed42_20260215_014509][Random] [Baselines]   done reward=-0.4534 task_sr=0.0000 subtask_sr=0.2591 (8.6s)
[scanC_stageC_risk_seed42_20260215_014509][Random] [Baselines] ep=118 (118/120) policy=Random (1/1) ...
[scanC_stageC_risk_seed42_20260215_014509][Random] [Baselines]   done reward=-0.4508 task_sr=0.0000 subtask_sr=0.1930 (9.3s)
[scanC_stageC_risk_seed42_20260215_014509][Random] [Baselines] ep=119 (119/120) policy=Random (1/1) ...
[scanC_stageC_risk_seed42_20260215_014509][Random] [Baselines]   done reward=-0.0440 task_sr=0.0000 subtask_sr=0.1762 (9.2s)
[scanC_stageC_risk_seed42_20260215_014509][Random] [Baselines] ep=120 (120/120) policy=Random (1/1) ...
[scanC_stageC_risk_seed42_20260215_014509][Random] [Baselines]   done reward=-0.6030 task_sr=0.0000 subtask_sr=0.2267 (9.1s)
[scanC_stageC_risk_seed42_20260215_014509][Random] ✓ Baseline stats saved: /Users/qiutao/研/毕设/毕设/vecOffloadingSim/runs/scanC_stageC_risk_seed42_20260215_014509/logs/baseline_parts/Random.csv
[scanC_stageC_risk_seed42_20260215_014509][Random] 结果摘要 (均值):
[scanC_stageC_risk_seed42_20260215_014509][Random]   Random     reward=-0.2877 task_sr=0.0054 subtask_sr=0.1831
