[scanB_stageB_balanced_seed42_20260215_014509][Greedy] [Baselines] run_dir=/Users/qiutao/研/毕设/毕设/vecOffloadingSim/runs/scanB_stageB_balanced_seed42_20260215_014509
[scanB_stageB_balanced_seed42_20260215_014509][Greedy] [Baselines] num_episodes=120 seed=42 max_steps=200
[scanB_stageB_balanced_seed42_20260215_014509][Greedy] [Baselines] policies=['Greedy']
[scanB_stageB_balanced_seed42_20260215_014509][Greedy] [Baselines] ep=1 (1/120) policy=Greedy (1/1) ...
[scanB_stageB_balanced_seed42_20260215_014509][Greedy] [Baselines]   done reward=-0.0023 task_sr=0.6000 subtask_sr=0.8774 (8.3s)
[scanB_stageB_balanced_seed42_20260215_014509][Greedy] [Baselines] ep=2 (2/120) policy=Greedy (1/1) ...
[scanB_stageB_balanced_seed42_20260215_014509][Greedy] [Baselines]   done reward=0.0026 task_sr=0.8500 subtask_sr=0.9906 (6.6s)
[scanB_stageB_balanced_seed42_20260215_014509][Greedy] [Baselines] ep=3 (3/120) policy=Greedy (1/1) ...
[scanB_stageB_balanced_seed42_20260215_014509][Greedy] [Baselines]   done reward=-0.0162 task_sr=0.6000 subtask_sr=0.9212 (7.8s)
[scanB_stageB_balanced_seed42_20260215_014509][Greedy] [Baselines] ep=4 (4/120) policy=Greedy (1/1) ...
[scanB_stageB_balanced_seed42_20260215_014509][Greedy] [Baselines]   done reward=-0.0062 task_sr=0.9000 subtask_sr=0.9925 (6.7s)
[scanB_stageB_balanced_seed42_20260215_014509][Greedy] [Baselines] ep=5 (5/120) policy=Greedy (1/1) ...
[scanB_stageB_balanced_seed42_20260215_014509][Greedy] [Baselines]   done reward=0.0059 task_sr=1.0000 subtask_sr=1.0000 (6.4s)
[scanB_stageB_balanced_seed42_20260215_014509][Greedy] [Baselines] ep=6 (6/120) policy=Greedy (1/1) ...
[scanB_stageB_balanced_seed42_20260215_014509][Greedy] [Baselines]   done reward=-0.0228 task_sr=0.4000 subtask_sr=0.9133 (9.5s)
[scanB_stageB_balanced_seed42_20260215_014509][Greedy] [Baselines] ep=7 (7/120) policy=Greedy (1/1) ...
[scanB_stageB_balanced_seed42_20260215_014509][Greedy] [Baselines]   done reward=-0.0026 task_sr=0.7500 subtask_sr=0.9629 (9.1s)
[scanB_stageB_balanced_seed42_20260215_014509][Greedy] [Baselines] ep=8 (8/120) policy=Greedy (1/1) ...
[scanB_stageB_balanced_seed42_20260215_014509][Greedy] [Baselines]   done reward=-0.0136 task_sr=0.4000 subtask_sr=0.6586 (8.8s)
[scanB_stageB_balanced_seed42_20260215_014509][Greedy] [Baselines] ep=9 (9/120) policy=Greedy (1/1) ...
[scanB_stageB_balanced_seed42_20260215_014509][Greedy] [Baselines]   done reward=-0.0140 task_sr=0.4000 subtask_sr=0.8126 (9.6s)
[scanB_stageB_balanced_seed42_20260215_014509][Greedy] [Baselines] ep=10 (10/120) policy=Greedy (1/1) ...
[scanB_stageB_balanced_seed42_20260215_014509][Greedy] [Baselines]   done reward=-0.0095 task_sr=0.5500 subtask_sr=0.8789 (9.0s)
[scanB_stageB_balanced_seed42_20260215_014509][Greedy] [Baselines] ep=11 (11/120) policy=Greedy (1/1) ...
[scanB_stageB_balanced_seed42_20260215_014509][Greedy] [Baselines]   done reward=0.0055 task_sr=0.8500 subtask_sr=0.9806 (6.6s)
[scanB_stageB_balanced_seed42_20260215_014509][Greedy] [Baselines] ep=12 (12/120) policy=Greedy (1/1) ...
[scanB_stageB_balanced_seed42_20260215_014509][Greedy] [Baselines]   done reward=0.0021 task_sr=0.6500 subtask_sr=0.9218 (8.3s)
[scanB_stageB_balanced_seed42_20260215_014509][Greedy] [Baselines] ep=13 (13/120) policy=Greedy (1/1) ...
[scanB_stageB_balanced_seed42_20260215_014509][Greedy] [Baselines]   done reward=-0.0484 task_sr=0.0000 subtask_sr=0.5070 (10.1s)
[scanB_stageB_balanced_seed42_20260215_014509][Greedy] [Baselines] ep=14 (14/120) policy=Greedy (1/1) ...
[scanB_stageB_balanced_seed42_20260215_014509][Greedy] [Baselines]   done reward=-0.0201 task_sr=0.4000 subtask_sr=0.8709 (8.8s)
[scanB_stageB_balanced_seed42_20260215_014509][Greedy] [Baselines] ep=15 (15/120) policy=Greedy (1/1) ...
[scanB_stageB_balanced_seed42_20260215_014509][Greedy] [Baselines]   done reward=-0.0706 task_sr=0.0000 subtask_sr=0.4333 (11.2s)
[scanB_stageB_balanced_seed42_20260215_014509][Greedy] [Baselines] ep=16 (16/120) policy=Greedy (1/1) ...
[scanB_stageB_balanced_seed42_20260215_014509][Greedy] [Baselines]   done reward=-0.0142 task_sr=0.3000 subtask_sr=0.7301 (11.6s)
[scanB_stageB_balanced_seed42_20260215_014509][Greedy] [Baselines] ep=17 (17/120) policy=Greedy (1/1) ...
[scanB_stageB_balanced_seed42_20260215_014509][Greedy] [Baselines]   done reward=-0.0063 task_sr=0.6500 subtask_sr=0.9474 (7.8s)
[scanB_stageB_balanced_seed42_20260215_014509][Greedy] [Baselines] ep=18 (18/120) policy=Greedy (1/1) ...
[scanB_stageB_balanced_seed42_20260215_014509][Greedy] [Baselines]   done reward=-0.0022 task_sr=0.5500 subtask_sr=0.8881 (8.8s)
[scanB_stageB_balanced_seed42_20260215_014509][Greedy] [Baselines] ep=19 (19/120) policy=Greedy (1/1) ...
[scanB_stageB_balanced_seed42_20260215_014509][Greedy] [Baselines]   done reward=0.0081 task_sr=1.0000 subtask_sr=1.0000 (6.0s)
[scanB_stageB_balanced_seed42_20260215_014509][Greedy] [Baselines] ep=20 (20/120) policy=Greedy (1/1) ...
[scanB_stageB_balanced_seed42_20260215_014509][Greedy] [Baselines]   done reward=-0.0323 task_sr=0.2500 subtask_sr=0.8153 (8.1s)
[scanB_stageB_balanced_seed42_20260215_014509][Greedy] [Baselines] ep=21 (21/120) policy=Greedy (1/1) ...
[scanB_stageB_balanced_seed42_20260215_014509][Greedy] [Baselines]   done reward=-0.0015 task_sr=0.9500 subtask_sr=0.9977 (7.3s)
[scanB_stageB_balanced_seed42_20260215_014509][Greedy] [Baselines] ep=22 (22/120) policy=Greedy (1/1) ...
[scanB_stageB_balanced_seed42_20260215_014509][Greedy] [Baselines]   done reward=0.0029 task_sr=0.4500 subtask_sr=0.9171 (8.4s)
[scanB_stageB_balanced_seed42_20260215_014509][Greedy] [Baselines] ep=23 (23/120) policy=Greedy (1/1) ...
[scanB_stageB_balanced_seed42_20260215_014509][Greedy] [Baselines]   done reward=0.0074 task_sr=0.7500 subtask_sr=0.9644 (8.2s)
[scanB_stageB_balanced_seed42_20260215_014509][Greedy] [Baselines] ep=24 (24/120) policy=Greedy (1/1) ...
[scanB_stageB_balanced_seed42_20260215_014509][Greedy] [Baselines]   done reward=-0.0042 task_sr=0.6500 subtask_sr=0.9053 (7.8s)
[scanB_stageB_balanced_seed42_20260215_014509][Greedy] [Baselines] ep=25 (25/120) policy=Greedy (1/1) ...
[scanB_stageB_balanced_seed42_20260215_014509][Greedy] [Baselines]   done reward=-0.0132 task_sr=0.3500 subtask_sr=0.7254 (9.4s)
[scanB_stageB_balanced_seed42_20260215_014509][Greedy] [Baselines] ep=26 (26/120) policy=Greedy (1/1) ...
[scanB_stageB_balanced_seed42_20260215_014509][Greedy] [Baselines]   done reward=0.0099 task_sr=0.8000 subtask_sr=0.9659 (7.6s)
[scanB_stageB_balanced_seed42_20260215_014509][Greedy] [Baselines] ep=27 (27/120) policy=Greedy (1/1) ...
[scanB_stageB_balanced_seed42_20260215_014509][Greedy] [Baselines]   done reward=-0.0040 task_sr=0.4000 subtask_sr=0.7995 (9.4s)
[scanB_stageB_balanced_seed42_20260215_014509][Greedy] [Baselines] ep=28 (28/120) policy=Greedy (1/1) ...
[scanB_stageB_balanced_seed42_20260215_014509][Greedy] [Baselines]   done reward=-0.0378 task_sr=0.2500 subtask_sr=0.7731 (8.9s)
[scanB_stageB_balanced_seed42_20260215_014509][Greedy] [Baselines] ep=29 (29/120) policy=Greedy (1/1) ...
[scanB_stageB_balanced_seed42_20260215_014509][Greedy] [Baselines]   done reward=-0.0068 task_sr=0.9000 subtask_sr=0.9952 (7.1s)
[scanB_stageB_balanced_seed42_20260215_014509][Greedy] [Baselines] ep=30 (30/120) policy=Greedy (1/1) ...
[scanB_stageB_balanced_seed42_20260215_014509][Greedy] [Baselines]   done reward=-0.0050 task_sr=0.2500 subtask_sr=0.6909 (9.9s)
[scanB_stageB_balanced_seed42_20260215_014509][Greedy] [Baselines] ep=31 (31/120) policy=Greedy (1/1) ...
[scanB_stageB_balanced_seed42_20260215_014509][Greedy] [Baselines]   done reward=-0.0033 task_sr=0.4500 subtask_sr=0.8489 (8.2s)
[scanB_stageB_balanced_seed42_20260215_014509][Greedy] [Baselines] ep=32 (32/120) policy=Greedy (1/1) ...
[scanB_stageB_balanced_seed42_20260215_014509][Greedy] [Baselines]   done reward=-0.0232 task_sr=0.4000 subtask_sr=0.6899 (8.9s)
[scanB_stageB_balanced_seed42_20260215_014509][Greedy] [Baselines] ep=33 (33/120) policy=Greedy (1/1) ...
[scanB_stageB_balanced_seed42_20260215_014509][Greedy] [Baselines]   done reward=-0.0046 task_sr=0.5500 subtask_sr=0.8897 (8.9s)
[scanB_stageB_balanced_seed42_20260215_014509][Greedy] [Baselines] ep=34 (34/120) policy=Greedy (1/1) ...
[scanB_stageB_balanced_seed42_20260215_014509][Greedy] [Baselines]   done reward=-0.0010 task_sr=0.7000 subtask_sr=0.9345 (7.6s)
[scanB_stageB_balanced_seed42_20260215_014509][Greedy] [Baselines] ep=35 (35/120) policy=Greedy (1/1) ...
[scanB_stageB_balanced_seed42_20260215_014509][Greedy] [Baselines]   done reward=0.0030 task_sr=0.9500 subtask_sr=0.9905 (7.3s)
[scanB_stageB_balanced_seed42_20260215_014509][Greedy] [Baselines] ep=36 (36/120) policy=Greedy (1/1) ...
[scanB_stageB_balanced_seed42_20260215_014509][Greedy] [Baselines]   done reward=-0.0005 task_sr=0.2000 subtask_sr=0.7857 (9.5s)
[scanB_stageB_balanced_seed42_20260215_014509][Greedy] [Baselines] ep=37 (37/120) policy=Greedy (1/1) ...
[scanB_stageB_balanced_seed42_20260215_014509][Greedy] [Baselines]   done reward=0.0007 task_sr=0.5500 subtask_sr=0.8665 (8.5s)
[scanB_stageB_balanced_seed42_20260215_014509][Greedy] [Baselines] ep=38 (38/120) policy=Greedy (1/1) ...
[scanB_stageB_balanced_seed42_20260215_014509][Greedy] [Baselines]   done reward=0.0098 task_sr=1.0000 subtask_sr=1.0000 (6.8s)
[scanB_stageB_balanced_seed42_20260215_014509][Greedy] [Baselines] ep=39 (39/120) policy=Greedy (1/1) ...
[scanB_stageB_balanced_seed42_20260215_014509][Greedy] [Baselines]   done reward=-0.0027 task_sr=0.5000 subtask_sr=0.8575 (8.5s)
[scanB_stageB_balanced_seed42_20260215_014509][Greedy] [Baselines] ep=40 (40/120) policy=Greedy (1/1) ...
[scanB_stageB_balanced_seed42_20260215_014509][Greedy] [Baselines]   done reward=0.0014 task_sr=0.5500 subtask_sr=0.8774 (8.2s)
[scanB_stageB_balanced_seed42_20260215_014509][Greedy] [Baselines] ep=41 (41/120) policy=Greedy (1/1) ...
[scanB_stageB_balanced_seed42_20260215_014509][Greedy] [Baselines]   done reward=-0.0011 task_sr=0.7500 subtask_sr=0.9638 (7.6s)
[scanB_stageB_balanced_seed42_20260215_014509][Greedy] [Baselines] ep=42 (42/120) policy=Greedy (1/1) ...
[scanB_stageB_balanced_seed42_20260215_014509][Greedy] [Baselines]   done reward=-0.0256 task_sr=0.3000 subtask_sr=0.6479 (9.3s)
[scanB_stageB_balanced_seed42_20260215_014509][Greedy] [Baselines] ep=43 (43/120) policy=Greedy (1/1) ...
[scanB_stageB_balanced_seed42_20260215_014509][Greedy] [Baselines]   done reward=-0.0052 task_sr=0.6000 subtask_sr=0.8923 (8.5s)
[scanB_stageB_balanced_seed42_20260215_014509][Greedy] [Baselines] ep=44 (44/120) policy=Greedy (1/1) ...
[scanB_stageB_balanced_seed42_20260215_014509][Greedy] [Baselines]   done reward=-0.0015 task_sr=0.5500 subtask_sr=0.9207 (7.7s)
[scanB_stageB_balanced_seed42_20260215_014509][Greedy] [Baselines] ep=45 (45/120) policy=Greedy (1/1) ...
[scanB_stageB_balanced_seed42_20260215_014509][Greedy] [Baselines]   done reward=-0.0026 task_sr=0.6000 subtask_sr=0.9465 (7.7s)
[scanB_stageB_balanced_seed42_20260215_014509][Greedy] [Baselines] ep=46 (46/120) policy=Greedy (1/1) ...
[scanB_stageB_balanced_seed42_20260215_014509][Greedy] [Baselines]   done reward=-0.0201 task_sr=0.4500 subtask_sr=0.7393 (9.7s)
[scanB_stageB_balanced_seed42_20260215_014509][Greedy] [Baselines] ep=47 (47/120) policy=Greedy (1/1) ...
[scanB_stageB_balanced_seed42_20260215_014509][Greedy] [Baselines]   done reward=-0.0041 task_sr=0.9500 subtask_sr=0.9952 (7.2s)
[scanB_stageB_balanced_seed42_20260215_014509][Greedy] [Baselines] ep=48 (48/120) policy=Greedy (1/1) ...
[scanB_stageB_balanced_seed42_20260215_014509][Greedy] [Baselines]   done reward=-0.0034 task_sr=0.7500 subtask_sr=0.9488 (7.8s)
[scanB_stageB_balanced_seed42_20260215_014509][Greedy] [Baselines] ep=49 (49/120) policy=Greedy (1/1) ...
[scanB_stageB_balanced_seed42_20260215_014509][Greedy] [Baselines]   done reward=-0.0162 task_sr=0.4500 subtask_sr=0.7494 (9.1s)
[scanB_stageB_balanced_seed42_20260215_014509][Greedy] [Baselines] ep=50 (50/120) policy=Greedy (1/1) ...
[scanB_stageB_balanced_seed42_20260215_014509][Greedy] [Baselines]   done reward=-0.0045 task_sr=0.3500 subtask_sr=0.7816 (9.5s)
[scanB_stageB_balanced_seed42_20260215_014509][Greedy] [Baselines] ep=51 (51/120) policy=Greedy (1/1) ...
[scanB_stageB_balanced_seed42_20260215_014509][Greedy] [Baselines]   done reward=-0.0038 task_sr=0.7000 subtask_sr=0.9529 (8.4s)
[scanB_stageB_balanced_seed42_20260215_014509][Greedy] [Baselines] ep=52 (52/120) policy=Greedy (1/1) ...
[scanB_stageB_balanced_seed42_20260215_014509][Greedy] [Baselines]   done reward=-0.0146 task_sr=0.4000 subtask_sr=0.7188 (8.7s)
[scanB_stageB_balanced_seed42_20260215_014509][Greedy] [Baselines] ep=53 (53/120) policy=Greedy (1/1) ...
[scanB_stageB_balanced_seed42_20260215_014509][Greedy] [Baselines]   done reward=0.0030 task_sr=0.6500 subtask_sr=0.9047 (9.0s)
[scanB_stageB_balanced_seed42_20260215_014509][Greedy] [Baselines] ep=54 (54/120) policy=Greedy (1/1) ...
[scanB_stageB_balanced_seed42_20260215_014509][Greedy] [Baselines]   done reward=-0.0037 task_sr=0.4000 subtask_sr=0.8195 (8.6s)
[scanB_stageB_balanced_seed42_20260215_014509][Greedy] [Baselines] ep=55 (55/120) policy=Greedy (1/1) ...
[scanB_stageB_balanced_seed42_20260215_014509][Greedy] [Baselines]   done reward=-0.0378 task_sr=0.1500 subtask_sr=0.6841 (10.2s)
[scanB_stageB_balanced_seed42_20260215_014509][Greedy] [Baselines] ep=56 (56/120) policy=Greedy (1/1) ...
[scanB_stageB_balanced_seed42_20260215_014509][Greedy] [Baselines]   done reward=-0.0297 task_sr=0.3500 subtask_sr=0.7160 (9.5s)
[scanB_stageB_balanced_seed42_20260215_014509][Greedy] [Baselines] ep=57 (57/120) policy=Greedy (1/1) ...
[scanB_stageB_balanced_seed42_20260215_014509][Greedy] [Baselines]   done reward=-0.0041 task_sr=0.6000 subtask_sr=0.9027 (8.2s)
[scanB_stageB_balanced_seed42_20260215_014509][Greedy] [Baselines] ep=58 (58/120) policy=Greedy (1/1) ...
[scanB_stageB_balanced_seed42_20260215_014509][Greedy] [Baselines]   done reward=-0.0159 task_sr=0.5000 subtask_sr=0.7843 (8.1s)
[scanB_stageB_balanced_seed42_20260215_014509][Greedy] [Baselines] ep=59 (59/120) policy=Greedy (1/1) ...
[scanB_stageB_balanced_seed42_20260215_014509][Greedy] [Baselines]   done reward=-0.0067 task_sr=0.5000 subtask_sr=0.8974 (9.6s)
[scanB_stageB_balanced_seed42_20260215_014509][Greedy] [Baselines] ep=60 (60/120) policy=Greedy (1/1) ...
[scanB_stageB_balanced_seed42_20260215_014509][Greedy] [Baselines]   done reward=-0.0232 task_sr=0.4500 subtask_sr=0.7426 (8.2s)
[scanB_stageB_balanced_seed42_20260215_014509][Greedy] [Baselines] ep=61 (61/120) policy=Greedy (1/1) ...
[scanB_stageB_balanced_seed42_20260215_014509][Greedy] [Baselines]   done reward=-0.0259 task_sr=0.4500 subtask_sr=0.6295 (7.9s)
[scanB_stageB_balanced_seed42_20260215_014509][Greedy] [Baselines] ep=62 (62/120) policy=Greedy (1/1) ...
[scanB_stageB_balanced_seed42_20260215_014509][Greedy] [Baselines]   done reward=0.0031 task_sr=0.5500 subtask_sr=0.9159 (7.6s)
[scanB_stageB_balanced_seed42_20260215_014509][Greedy] [Baselines] ep=63 (63/120) policy=Greedy (1/1) ...
[scanB_stageB_balanced_seed42_20260215_014509][Greedy] [Baselines]   done reward=-0.0065 task_sr=0.8000 subtask_sr=0.9657 (7.1s)
[scanB_stageB_balanced_seed42_20260215_014509][Greedy] [Baselines] ep=64 (64/120) policy=Greedy (1/1) ...
[scanB_stageB_balanced_seed42_20260215_014509][Greedy] [Baselines]   done reward=0.0052 task_sr=0.9000 subtask_sr=0.9835 (7.1s)
[scanB_stageB_balanced_seed42_20260215_014509][Greedy] [Baselines] ep=65 (65/120) policy=Greedy (1/1) ...
[scanB_stageB_balanced_seed42_20260215_014509][Greedy] [Baselines]   done reward=-0.0194 task_sr=0.5000 subtask_sr=0.9275 (8.4s)
[scanB_stageB_balanced_seed42_20260215_014509][Greedy] [Baselines] ep=66 (66/120) policy=Greedy (1/1) ...
[scanB_stageB_balanced_seed42_20260215_014509][Greedy] [Baselines]   done reward=-0.0028 task_sr=0.5000 subtask_sr=0.9080 (8.0s)
[scanB_stageB_balanced_seed42_20260215_014509][Greedy] [Baselines] ep=67 (67/120) policy=Greedy (1/1) ...
[scanB_stageB_balanced_seed42_20260215_014509][Greedy] [Baselines]   done reward=-0.0349 task_sr=0.2000 subtask_sr=0.8718 (9.0s)
[scanB_stageB_balanced_seed42_20260215_014509][Greedy] [Baselines] ep=68 (68/120) policy=Greedy (1/1) ...
[scanB_stageB_balanced_seed42_20260215_014509][Greedy] [Baselines]   done reward=-0.0070 task_sr=0.2500 subtask_sr=0.7707 (9.5s)
[scanB_stageB_balanced_seed42_20260215_014509][Greedy] [Baselines] ep=69 (69/120) policy=Greedy (1/1) ...
[scanB_stageB_balanced_seed42_20260215_014509][Greedy] [Baselines]   done reward=0.0004 task_sr=0.6500 subtask_sr=0.9637 (7.9s)
[scanB_stageB_balanced_seed42_20260215_014509][Greedy] [Baselines] ep=70 (70/120) policy=Greedy (1/1) ...
[scanB_stageB_balanced_seed42_20260215_014509][Greedy] [Baselines]   done reward=0.0094 task_sr=0.8500 subtask_sr=0.9857 (6.8s)
[scanB_stageB_balanced_seed42_20260215_014509][Greedy] [Baselines] ep=71 (71/120) policy=Greedy (1/1) ...
[scanB_stageB_balanced_seed42_20260215_014509][Greedy] [Baselines]   done reward=0.0017 task_sr=0.4000 subtask_sr=0.9039 (8.1s)
[scanB_stageB_balanced_seed42_20260215_014509][Greedy] [Baselines] ep=72 (72/120) policy=Greedy (1/1) ...
[scanB_stageB_balanced_seed42_20260215_014509][Greedy] [Baselines]   done reward=-0.0012 task_sr=0.6500 subtask_sr=0.8913 (8.4s)
[scanB_stageB_balanced_seed42_20260215_014509][Greedy] [Baselines] ep=73 (73/120) policy=Greedy (1/1) ...
[scanB_stageB_balanced_seed42_20260215_014509][Greedy] [Baselines]   done reward=-0.0136 task_sr=0.8500 subtask_sr=0.9763 (7.9s)
[scanB_stageB_balanced_seed42_20260215_014509][Greedy] [Baselines] ep=74 (74/120) policy=Greedy (1/1) ...
[scanB_stageB_balanced_seed42_20260215_014509][Greedy] [Baselines]   done reward=-0.0019 task_sr=0.4500 subtask_sr=0.8412 (8.5s)
[scanB_stageB_balanced_seed42_20260215_014509][Greedy] [Baselines] ep=75 (75/120) policy=Greedy (1/1) ...
[scanB_stageB_balanced_seed42_20260215_014509][Greedy] [Baselines]   done reward=0.0019 task_sr=0.6000 subtask_sr=0.9245 (8.2s)
[scanB_stageB_balanced_seed42_20260215_014509][Greedy] [Baselines] ep=76 (76/120) policy=Greedy (1/1) ...
[scanB_stageB_balanced_seed42_20260215_014509][Greedy] [Baselines]   done reward=0.0018 task_sr=0.8500 subtask_sr=0.9712 (6.6s)
[scanB_stageB_balanced_seed42_20260215_014509][Greedy] [Baselines] ep=77 (77/120) policy=Greedy (1/1) ...
[scanB_stageB_balanced_seed42_20260215_014509][Greedy] [Baselines]   done reward=-0.0032 task_sr=0.3500 subtask_sr=0.8209 (9.0s)
[scanB_stageB_balanced_seed42_20260215_014509][Greedy] [Baselines] ep=78 (78/120) policy=Greedy (1/1) ...
[scanB_stageB_balanced_seed42_20260215_014509][Greedy] [Baselines]   done reward=-0.0294 task_sr=0.5000 subtask_sr=0.8551 (9.1s)
[scanB_stageB_balanced_seed42_20260215_014509][Greedy] [Baselines] ep=79 (79/120) policy=Greedy (1/1) ...
[scanB_stageB_balanced_seed42_20260215_014509][Greedy] [Baselines]   done reward=-0.0023 task_sr=0.3000 subtask_sr=0.7571 (9.8s)
[scanB_stageB_balanced_seed42_20260215_014509][Greedy] [Baselines] ep=80 (80/120) policy=Greedy (1/1) ...
[scanB_stageB_balanced_seed42_20260215_014509][Greedy] [Baselines]   done reward=0.0110 task_sr=0.7500 subtask_sr=0.9686 (6.9s)
[scanB_stageB_balanced_seed42_20260215_014509][Greedy] [Baselines] ep=81 (81/120) policy=Greedy (1/1) ...
[scanB_stageB_balanced_seed42_20260215_014509][Greedy] [Baselines]   done reward=-0.0015 task_sr=0.6000 subtask_sr=0.9036 (7.2s)
[scanB_stageB_balanced_seed42_20260215_014509][Greedy] [Baselines] ep=82 (82/120) policy=Greedy (1/1) ...
[scanB_stageB_balanced_seed42_20260215_014509][Greedy] [Baselines]   done reward=-0.0160 task_sr=0.5000 subtask_sr=0.9346 (8.7s)
[scanB_stageB_balanced_seed42_20260215_014509][Greedy] [Baselines] ep=83 (83/120) policy=Greedy (1/1) ...
[scanB_stageB_balanced_seed42_20260215_014509][Greedy] [Baselines]   done reward=-0.0169 task_sr=0.3000 subtask_sr=0.6715 (8.7s)
[scanB_stageB_balanced_seed42_20260215_014509][Greedy] [Baselines] ep=84 (84/120) policy=Greedy (1/1) ...
[scanB_stageB_balanced_seed42_20260215_014509][Greedy] [Baselines]   done reward=-0.0318 task_sr=0.1500 subtask_sr=0.3803 (10.7s)
[scanB_stageB_balanced_seed42_20260215_014509][Greedy] [Baselines] ep=85 (85/120) policy=Greedy (1/1) ...
[scanB_stageB_balanced_seed42_20260215_014509][Greedy] [Baselines]   done reward=0.0125 task_sr=0.9500 subtask_sr=0.9928 (6.5s)
[scanB_stageB_balanced_seed42_20260215_014509][Greedy] [Baselines] ep=86 (86/120) policy=Greedy (1/1) ...
[scanB_stageB_balanced_seed42_20260215_014509][Greedy] [Baselines]   done reward=-0.0075 task_sr=0.3000 subtask_sr=0.7241 (9.1s)
[scanB_stageB_balanced_seed42_20260215_014509][Greedy] [Baselines] ep=87 (87/120) policy=Greedy (1/1) ...
[scanB_stageB_balanced_seed42_20260215_014509][Greedy] [Baselines]   done reward=-0.0277 task_sr=0.6000 subtask_sr=0.8146 (8.2s)
[scanB_stageB_balanced_seed42_20260215_014509][Greedy] [Baselines] ep=88 (88/120) policy=Greedy (1/1) ...
[scanB_stageB_balanced_seed42_20260215_014509][Greedy] [Baselines]   done reward=0.0020 task_sr=0.5000 subtask_sr=0.8902 (8.7s)
[scanB_stageB_balanced_seed42_20260215_014509][Greedy] [Baselines] ep=89 (89/120) policy=Greedy (1/1) ...
[scanB_stageB_balanced_seed42_20260215_014509][Greedy] [Baselines]   done reward=-0.0158 task_sr=0.4500 subtask_sr=0.8588 (8.5s)
[scanB_stageB_balanced_seed42_20260215_014509][Greedy] [Baselines] ep=90 (90/120) policy=Greedy (1/1) ...
[scanB_stageB_balanced_seed42_20260215_014509][Greedy] [Baselines]   done reward=0.0016 task_sr=0.9500 subtask_sr=0.9977 (7.1s)
[scanB_stageB_balanced_seed42_20260215_014509][Greedy] [Baselines] ep=91 (91/120) policy=Greedy (1/1) ...
[scanB_stageB_balanced_seed42_20260215_014509][Greedy] [Baselines]   done reward=-0.0086 task_sr=0.7000 subtask_sr=0.9596 (9.6s)
[scanB_stageB_balanced_seed42_20260215_014509][Greedy] [Baselines] ep=92 (92/120) policy=Greedy (1/1) ...
[scanB_stageB_balanced_seed42_20260215_014509][Greedy] [Baselines]   done reward=0.0023 task_sr=0.5500 subtask_sr=0.9330 (8.2s)
[scanB_stageB_balanced_seed42_20260215_014509][Greedy] [Baselines] ep=93 (93/120) policy=Greedy (1/1) ...
[scanB_stageB_balanced_seed42_20260215_014509][Greedy] [Baselines]   done reward=0.0013 task_sr=0.9000 subtask_sr=0.9951 (7.0s)
[scanB_stageB_balanced_seed42_20260215_014509][Greedy] [Baselines] ep=94 (94/120) policy=Greedy (1/1) ...
[scanB_stageB_balanced_seed42_20260215_014509][Greedy] [Baselines]   done reward=0.0043 task_sr=0.4500 subtask_sr=0.8707 (8.2s)
[scanB_stageB_balanced_seed42_20260215_014509][Greedy] [Baselines] ep=95 (95/120) policy=Greedy (1/1) ...
[scanB_stageB_balanced_seed42_20260215_014509][Greedy] [Baselines]   done reward=0.0036 task_sr=0.8000 subtask_sr=0.9737 (7.5s)
[scanB_stageB_balanced_seed42_20260215_014509][Greedy] [Baselines] ep=96 (96/120) policy=Greedy (1/1) ...
[scanB_stageB_balanced_seed42_20260215_014509][Greedy] [Baselines]   done reward=0.0022 task_sr=0.6000 subtask_sr=0.9332 (8.1s)
[scanB_stageB_balanced_seed42_20260215_014509][Greedy] [Baselines] ep=97 (97/120) policy=Greedy (1/1) ...
[scanB_stageB_balanced_seed42_20260215_014509][Greedy] [Baselines]   done reward=-0.0174 task_sr=0.4500 subtask_sr=0.7281 (9.7s)
[scanB_stageB_balanced_seed42_20260215_014509][Greedy] [Baselines] ep=98 (98/120) policy=Greedy (1/1) ...
[scanB_stageB_balanced_seed42_20260215_014509][Greedy] [Baselines]   done reward=-0.0061 task_sr=0.4000 subtask_sr=0.8502 (8.7s)
[scanB_stageB_balanced_seed42_20260215_014509][Greedy] [Baselines] ep=99 (99/120) policy=Greedy (1/1) ...
[scanB_stageB_balanced_seed42_20260215_014509][Greedy] [Baselines]   done reward=0.0035 task_sr=0.7500 subtask_sr=0.9621 (7.2s)
[scanB_stageB_balanced_seed42_20260215_014509][Greedy] [Baselines] ep=100 (100/120) policy=Greedy (1/1) ...
[scanB_stageB_balanced_seed42_20260215_014509][Greedy] [Baselines]   done reward=-0.0174 task_sr=0.5000 subtask_sr=0.8246 (8.4s)
[scanB_stageB_balanced_seed42_20260215_014509][Greedy] [Baselines] ep=101 (101/120) policy=Greedy (1/1) ...
[scanB_stageB_balanced_seed42_20260215_014509][Greedy] [Baselines]   done reward=0.0067 task_sr=0.9000 subtask_sr=0.9812 (7.7s)
[scanB_stageB_balanced_seed42_20260215_014509][Greedy] [Baselines] ep=102 (102/120) policy=Greedy (1/1) ...
[scanB_stageB_balanced_seed42_20260215_014509][Greedy] [Baselines]   done reward=-0.0038 task_sr=0.2500 subtask_sr=0.8329 (9.2s)
[scanB_stageB_balanced_seed42_20260215_014509][Greedy] [Baselines] ep=103 (103/120) policy=Greedy (1/1) ...
[scanB_stageB_balanced_seed42_20260215_014509][Greedy] [Baselines]   done reward=-0.0035 task_sr=0.8500 subtask_sr=0.9737 (7.6s)
[scanB_stageB_balanced_seed42_20260215_014509][Greedy] [Baselines] ep=104 (104/120) policy=Greedy (1/1) ...
[scanB_stageB_balanced_seed42_20260215_014509][Greedy] [Baselines]   done reward=0.0103 task_sr=0.8500 subtask_sr=0.9857 (6.6s)
[scanB_stageB_balanced_seed42_20260215_014509][Greedy] [Baselines] ep=105 (105/120) policy=Greedy (1/1) ...
[scanB_stageB_balanced_seed42_20260215_014509][Greedy] [Baselines]   done reward=-0.0265 task_sr=0.7000 subtask_sr=0.9340 (7.7s)
[scanB_stageB_balanced_seed42_20260215_014509][Greedy] [Baselines] ep=106 (106/120) policy=Greedy (1/1) ...
[scanB_stageB_balanced_seed42_20260215_014509][Greedy] [Baselines]   done reward=0.0053 task_sr=0.7000 subtask_sr=0.9737 (7.3s)
[scanB_stageB_balanced_seed42_20260215_014509][Greedy] [Baselines] ep=107 (107/120) policy=Greedy (1/1) ...
[scanB_stageB_balanced_seed42_20260215_014509][Greedy] [Baselines]   done reward=0.0002 task_sr=0.9500 subtask_sr=0.9836 (7.2s)
[scanB_stageB_balanced_seed42_20260215_014509][Greedy] [Baselines] ep=108 (108/120) policy=Greedy (1/1) ...
[scanB_stageB_balanced_seed42_20260215_014509][Greedy] [Baselines]   done reward=-0.0259 task_sr=0.3000 subtask_sr=0.8720 (9.4s)
[scanB_stageB_balanced_seed42_20260215_014509][Greedy] [Baselines] ep=109 (109/120) policy=Greedy (1/1) ...
[scanB_stageB_balanced_seed42_20260215_014509][Greedy] [Baselines]   done reward=-0.0022 task_sr=0.9000 subtask_sr=0.9854 (7.9s)
[scanB_stageB_balanced_seed42_20260215_014509][Greedy] [Baselines] ep=110 (110/120) policy=Greedy (1/1) ...
[scanB_stageB_balanced_seed42_20260215_014509][Greedy] [Baselines]   done reward=-0.0067 task_sr=0.8500 subtask_sr=0.9856 (7.8s)
[scanB_stageB_balanced_seed42_20260215_014509][Greedy] [Baselines] ep=111 (111/120) policy=Greedy (1/1) ...
[scanB_stageB_balanced_seed42_20260215_014509][Greedy] [Baselines]   done reward=-0.0049 task_sr=0.3000 subtask_sr=0.7855 (9.1s)
[scanB_stageB_balanced_seed42_20260215_014509][Greedy] [Baselines] ep=112 (112/120) policy=Greedy (1/1) ...
[scanB_stageB_balanced_seed42_20260215_014509][Greedy] [Baselines]   done reward=0.0024 task_sr=0.7000 subtask_sr=0.9409 (7.9s)
[scanB_stageB_balanced_seed42_20260215_014509][Greedy] [Baselines] ep=113 (113/120) policy=Greedy (1/1) ...
[scanB_stageB_balanced_seed42_20260215_014509][Greedy] [Baselines]   done reward=-0.0063 task_sr=0.8000 subtask_sr=0.9814 (7.7s)
[scanB_stageB_balanced_seed42_20260215_014509][Greedy] [Baselines] ep=114 (114/120) policy=Greedy (1/1) ...
[scanB_stageB_balanced_seed42_20260215_014509][Greedy] [Baselines]   done reward=-0.0297 task_sr=0.1500 subtask_sr=0.4005 (9.4s)
[scanB_stageB_balanced_seed42_20260215_014509][Greedy] [Baselines] ep=115 (115/120) policy=Greedy (1/1) ...
[scanB_stageB_balanced_seed42_20260215_014509][Greedy] [Baselines]   done reward=0.0120 task_sr=0.7500 subtask_sr=0.9647 (6.3s)
[scanB_stageB_balanced_seed42_20260215_014509][Greedy] [Baselines] ep=116 (116/120) policy=Greedy (1/1) ...
[scanB_stageB_balanced_seed42_20260215_014509][Greedy] [Baselines]   done reward=0.0099 task_sr=0.8500 subtask_sr=0.9785 (5.7s)
[scanB_stageB_balanced_seed42_20260215_014509][Greedy] [Baselines] ep=117 (117/120) policy=Greedy (1/1) ...
[scanB_stageB_balanced_seed42_20260215_014509][Greedy] [Baselines]   done reward=0.0024 task_sr=0.8000 subtask_sr=0.9903 (6.1s)
[scanB_stageB_balanced_seed42_20260215_014509][Greedy] [Baselines] ep=118 (118/120) policy=Greedy (1/1) ...
[scanB_stageB_balanced_seed42_20260215_014509][Greedy] [Baselines]   done reward=-0.0124 task_sr=0.5000 subtask_sr=0.8256 (8.0s)
[scanB_stageB_balanced_seed42_20260215_014509][Greedy] [Baselines] ep=119 (119/120) policy=Greedy (1/1) ...
[scanB_stageB_balanced_seed42_20260215_014509][Greedy] [Baselines]   done reward=-0.0117 task_sr=0.4500 subtask_sr=0.8119 (7.9s)
[scanB_stageB_balanced_seed42_20260215_014509][Greedy] [Baselines] ep=120 (120/120) policy=Greedy (1/1) ...
[scanB_stageB_balanced_seed42_20260215_014509][Greedy] [Baselines]   done reward=0.0091 task_sr=0.9000 subtask_sr=0.9785 (6.1s)
[scanB_stageB_balanced_seed42_20260215_014509][Greedy] ✓ Baseline stats saved: /Users/qiutao/研/毕设/毕设/vecOffloadingSim/runs/scanB_stageB_balanced_seed42_20260215_014509/logs/baseline_parts/Greedy.csv
[scanB_stageB_balanced_seed42_20260215_014509][Greedy] 结果摘要 (均值):
[scanB_stageB_balanced_seed42_20260215_014509][Greedy]   Greedy     reward=-0.0073 task_sr=0.5779 subtask_sr=0.8707
