[scanB_stageB_balanced_seed42_20260215_014509][LB-Greedy] [Baselines] run_dir=/Users/qiutao/研/毕设/毕设/vecOffloadingSim/runs/scanB_stageB_balanced_seed42_20260215_014509
[scanB_stageB_balanced_seed42_20260215_014509][LB-Greedy] [Baselines] num_episodes=120 seed=42 max_steps=200
[scanB_stageB_balanced_seed42_20260215_014509][LB-Greedy] [Baselines] policies=['LB-Greedy']
[scanB_stageB_balanced_seed42_20260215_014509][LB-Greedy] [Baselines] ep=1 (1/120) policy=LB-Greedy (1/1) ...
[scanB_stageB_balanced_seed42_20260215_014509][LB-Greedy] [Baselines]   done reward=-1.0463 task_sr=0.1500 subtask_sr=0.5240 (13.7s)
[scanB_stageB_balanced_seed42_20260215_014509][LB-Greedy] [Baselines] ep=2 (2/120) policy=LB-Greedy (1/1) ...
[scanB_stageB_balanced_seed42_20260215_014509][LB-Greedy] [Baselines]   done reward=-1.2359 task_sr=0.2000 subtask_sr=0.5972 (13.2s)
[scanB_stageB_balanced_seed42_20260215_014509][LB-Greedy] [Baselines] ep=3 (3/120) policy=LB-Greedy (1/1) ...
[scanB_stageB_balanced_seed42_20260215_014509][LB-Greedy] [Baselines]   done reward=-0.9878 task_sr=0.1000 subtask_sr=0.4391 (15.4s)
[scanB_stageB_balanced_seed42_20260215_014509][LB-Greedy] [Baselines] ep=4 (4/120) policy=LB-Greedy (1/1) ...
[scanB_stageB_balanced_seed42_20260215_014509][LB-Greedy] [Baselines]   done reward=-0.4871 task_sr=0.2500 subtask_sr=0.4863 (16.7s)
[scanB_stageB_balanced_seed42_20260215_014509][LB-Greedy] [Baselines] ep=5 (5/120) policy=LB-Greedy (1/1) ...
[scanB_stageB_balanced_seed42_20260215_014509][LB-Greedy] [Baselines]   done reward=-1.4287 task_sr=0.1500 subtask_sr=0.5355 (14.0s)
[scanB_stageB_balanced_seed42_20260215_014509][LB-Greedy] [Baselines] ep=6 (6/120) policy=LB-Greedy (1/1) ...
[scanB_stageB_balanced_seed42_20260215_014509][LB-Greedy] [Baselines]   done reward=-0.5154 task_sr=0.2000 subtask_sr=0.5133 (15.2s)
[scanB_stageB_balanced_seed42_20260215_014509][LB-Greedy] [Baselines] ep=7 (7/120) policy=LB-Greedy (1/1) ...
[scanB_stageB_balanced_seed42_20260215_014509][LB-Greedy] [Baselines]   done reward=-1.7050 task_sr=0.0500 subtask_sr=0.3735 (15.1s)
[scanB_stageB_balanced_seed42_20260215_014509][LB-Greedy] [Baselines] ep=8 (8/120) policy=LB-Greedy (1/1) ...
[scanB_stageB_balanced_seed42_20260215_014509][LB-Greedy] [Baselines]   done reward=-1.4537 task_sr=0.0000 subtask_sr=0.3196 (16.2s)
[scanB_stageB_balanced_seed42_20260215_014509][LB-Greedy] [Baselines] ep=9 (9/120) policy=LB-Greedy (1/1) ...
[scanB_stageB_balanced_seed42_20260215_014509][LB-Greedy] [Baselines]   done reward=-0.9053 task_sr=0.2000 subtask_sr=0.5574 (12.7s)
[scanB_stageB_balanced_seed42_20260215_014509][LB-Greedy] [Baselines] ep=10 (10/120) policy=LB-Greedy (1/1) ...
[scanB_stageB_balanced_seed42_20260215_014509][LB-Greedy] [Baselines]   done reward=-1.2354 task_sr=0.0000 subtask_sr=0.3373 (15.4s)
[scanB_stageB_balanced_seed42_20260215_014509][LB-Greedy] [Baselines] ep=11 (11/120) policy=LB-Greedy (1/1) ...
[scanB_stageB_balanced_seed42_20260215_014509][LB-Greedy] [Baselines]   done reward=-0.7329 task_sr=0.2000 subtask_sr=0.4951 (13.6s)
[scanB_stageB_balanced_seed42_20260215_014509][LB-Greedy] [Baselines] ep=12 (12/120) policy=LB-Greedy (1/1) ...
[scanB_stageB_balanced_seed42_20260215_014509][LB-Greedy] [Baselines]   done reward=-1.1735 task_sr=0.0500 subtask_sr=0.3447 (15.5s)
[scanB_stageB_balanced_seed42_20260215_014509][LB-Greedy] [Baselines] ep=13 (13/120) policy=LB-Greedy (1/1) ...
[scanB_stageB_balanced_seed42_20260215_014509][LB-Greedy] [Baselines]   done reward=-1.6362 task_sr=0.0500 subtask_sr=0.3785 (15.8s)
[scanB_stageB_balanced_seed42_20260215_014509][LB-Greedy] [Baselines] ep=14 (14/120) policy=LB-Greedy (1/1) ...
[scanB_stageB_balanced_seed42_20260215_014509][LB-Greedy] [Baselines]   done reward=-0.6783 task_sr=0.1500 subtask_sr=0.4953 (15.0s)
[scanB_stageB_balanced_seed42_20260215_014509][LB-Greedy] [Baselines] ep=15 (15/120) policy=LB-Greedy (1/1) ...
[scanB_stageB_balanced_seed42_20260215_014509][LB-Greedy] [Baselines]   done reward=-1.2885 task_sr=0.1500 subtask_sr=0.4548 (14.9s)
[scanB_stageB_balanced_seed42_20260215_014509][LB-Greedy] [Baselines] ep=16 (16/120) policy=LB-Greedy (1/1) ...
[scanB_stageB_balanced_seed42_20260215_014509][LB-Greedy] [Baselines]   done reward=-0.7295 task_sr=0.1000 subtask_sr=0.4554 (16.2s)
[scanB_stageB_balanced_seed42_20260215_014509][LB-Greedy] [Baselines] ep=17 (17/120) policy=LB-Greedy (1/1) ...
[scanB_stageB_balanced_seed42_20260215_014509][LB-Greedy] [Baselines]   done reward=-0.6265 task_sr=0.0500 subtask_sr=0.3995 (14.4s)
[scanB_stageB_balanced_seed42_20260215_014509][LB-Greedy] [Baselines] ep=18 (18/120) policy=LB-Greedy (1/1) ...
[scanB_stageB_balanced_seed42_20260215_014509][LB-Greedy] [Baselines]   done reward=-1.7980 task_sr=0.1000 subtask_sr=0.3625 (15.2s)
[scanB_stageB_balanced_seed42_20260215_014509][LB-Greedy] [Baselines] ep=19 (19/120) policy=LB-Greedy (1/1) ...
[scanB_stageB_balanced_seed42_20260215_014509][LB-Greedy] [Baselines]   done reward=-1.0143 task_sr=0.1500 subtask_sr=0.6064 (11.1s)
[scanB_stageB_balanced_seed42_20260215_014509][LB-Greedy] [Baselines] ep=20 (20/120) policy=LB-Greedy (1/1) ...
[scanB_stageB_balanced_seed42_20260215_014509][LB-Greedy] [Baselines]   done reward=-1.3809 task_sr=0.1000 subtask_sr=0.4940 (13.9s)
[scanB_stageB_balanced_seed42_20260215_014509][LB-Greedy] [Baselines] ep=21 (21/120) policy=LB-Greedy (1/1) ...
[scanB_stageB_balanced_seed42_20260215_014509][LB-Greedy] [Baselines]   done reward=-0.6407 task_sr=0.1500 subtask_sr=0.4825 (14.8s)
[scanB_stageB_balanced_seed42_20260215_014509][LB-Greedy] [Baselines] ep=22 (22/120) policy=LB-Greedy (1/1) ...
[scanB_stageB_balanced_seed42_20260215_014509][LB-Greedy] [Baselines]   done reward=-1.7255 task_sr=0.1000 subtask_sr=0.3024 (15.0s)
[scanB_stageB_balanced_seed42_20260215_014509][LB-Greedy] [Baselines] ep=23 (23/120) policy=LB-Greedy (1/1) ...
[scanB_stageB_balanced_seed42_20260215_014509][LB-Greedy] [Baselines]   done reward=-1.4297 task_sr=0.0500 subtask_sr=0.3587 (15.3s)
[scanB_stageB_balanced_seed42_20260215_014509][LB-Greedy] [Baselines] ep=24 (24/120) policy=LB-Greedy (1/1) ...
[scanB_stageB_balanced_seed42_20260215_014509][LB-Greedy] [Baselines]   done reward=-0.6322 task_sr=0.1500 subtask_sr=0.5194 (13.3s)
[scanB_stageB_balanced_seed42_20260215_014509][LB-Greedy] [Baselines] ep=25 (25/120) policy=LB-Greedy (1/1) ...
[scanB_stageB_balanced_seed42_20260215_014509][LB-Greedy] [Baselines]   done reward=-2.1698 task_sr=0.1000 subtask_sr=0.4789 (15.2s)
[scanB_stageB_balanced_seed42_20260215_014509][LB-Greedy] [Baselines] ep=26 (26/120) policy=LB-Greedy (1/1) ...
[scanB_stageB_balanced_seed42_20260215_014509][LB-Greedy] [Baselines]   done reward=-0.8220 task_sr=0.1000 subtask_sr=0.4773 (14.6s)
[scanB_stageB_balanced_seed42_20260215_014509][LB-Greedy] [Baselines] ep=27 (27/120) policy=LB-Greedy (1/1) ...
[scanB_stageB_balanced_seed42_20260215_014509][LB-Greedy] [Baselines]   done reward=-0.9135 task_sr=0.1000 subtask_sr=0.5094 (14.6s)
[scanB_stageB_balanced_seed42_20260215_014509][LB-Greedy] [Baselines] ep=28 (28/120) policy=LB-Greedy (1/1) ...
[scanB_stageB_balanced_seed42_20260215_014509][LB-Greedy] [Baselines]   done reward=-0.2902 task_sr=0.2500 subtask_sr=0.6060 (13.2s)
[scanB_stageB_balanced_seed42_20260215_014509][LB-Greedy] [Baselines] ep=29 (29/120) policy=LB-Greedy (1/1) ...
[scanB_stageB_balanced_seed42_20260215_014509][LB-Greedy] [Baselines]   done reward=-0.4045 task_sr=0.1000 subtask_sr=0.5169 (14.2s)
[scanB_stageB_balanced_seed42_20260215_014509][LB-Greedy] [Baselines] ep=30 (30/120) policy=LB-Greedy (1/1) ...
[scanB_stageB_balanced_seed42_20260215_014509][LB-Greedy] [Baselines]   done reward=-1.1447 task_sr=0.1500 subtask_sr=0.4403 (15.6s)
[scanB_stageB_balanced_seed42_20260215_014509][LB-Greedy] [Baselines] ep=31 (31/120) policy=LB-Greedy (1/1) ...
[scanB_stageB_balanced_seed42_20260215_014509][LB-Greedy] [Baselines]   done reward=-1.1556 task_sr=0.3000 subtask_sr=0.5851 (14.8s)
[scanB_stageB_balanced_seed42_20260215_014509][LB-Greedy] [Baselines] ep=32 (32/120) policy=LB-Greedy (1/1) ...
[scanB_stageB_balanced_seed42_20260215_014509][LB-Greedy] [Baselines]   done reward=-0.4699 task_sr=0.3500 subtask_sr=0.7500 (11.0s)
[scanB_stageB_balanced_seed42_20260215_014509][LB-Greedy] [Baselines] ep=33 (33/120) policy=LB-Greedy (1/1) ...
[scanB_stageB_balanced_seed42_20260215_014509][LB-Greedy] [Baselines]   done reward=-1.5996 task_sr=0.1000 subtask_sr=0.3005 (15.8s)
[scanB_stageB_balanced_seed42_20260215_014509][LB-Greedy] [Baselines] ep=34 (34/120) policy=LB-Greedy (1/1) ...
[scanB_stageB_balanced_seed42_20260215_014509][LB-Greedy] [Baselines]   done reward=-0.7079 task_sr=0.1000 subtask_sr=0.4199 (15.1s)
[scanB_stageB_balanced_seed42_20260215_014509][LB-Greedy] [Baselines] ep=35 (35/120) policy=LB-Greedy (1/1) ...
[scanB_stageB_balanced_seed42_20260215_014509][LB-Greedy] [Baselines]   done reward=-0.6114 task_sr=0.1000 subtask_sr=0.3444 (14.7s)
[scanB_stageB_balanced_seed42_20260215_014509][LB-Greedy] [Baselines] ep=36 (36/120) policy=LB-Greedy (1/1) ...
[scanB_stageB_balanced_seed42_20260215_014509][LB-Greedy] [Baselines]   done reward=-1.9056 task_sr=0.1500 subtask_sr=0.4143 (15.7s)
[scanB_stageB_balanced_seed42_20260215_014509][LB-Greedy] [Baselines] ep=37 (37/120) policy=LB-Greedy (1/1) ...
[scanB_stageB_balanced_seed42_20260215_014509][LB-Greedy] [Baselines]   done reward=-1.0112 task_sr=0.1000 subtask_sr=0.5457 (14.0s)
[scanB_stageB_balanced_seed42_20260215_014509][LB-Greedy] [Baselines] ep=38 (38/120) policy=LB-Greedy (1/1) ...
[scanB_stageB_balanced_seed42_20260215_014509][LB-Greedy] [Baselines]   done reward=-0.9247 task_sr=0.1000 subtask_sr=0.4796 (15.0s)
[scanB_stageB_balanced_seed42_20260215_014509][LB-Greedy] [Baselines] ep=39 (39/120) policy=LB-Greedy (1/1) ...
[scanB_stageB_balanced_seed42_20260215_014509][LB-Greedy] [Baselines]   done reward=-1.0710 task_sr=0.1000 subtask_sr=0.3610 (15.3s)
[scanB_stageB_balanced_seed42_20260215_014509][LB-Greedy] [Baselines] ep=40 (40/120) policy=LB-Greedy (1/1) ...
[scanB_stageB_balanced_seed42_20260215_014509][LB-Greedy] [Baselines]   done reward=-0.8974 task_sr=0.1000 subtask_sr=0.6085 (11.9s)
[scanB_stageB_balanced_seed42_20260215_014509][LB-Greedy] [Baselines] ep=41 (41/120) policy=LB-Greedy (1/1) ...
[scanB_stageB_balanced_seed42_20260215_014509][LB-Greedy] [Baselines]   done reward=-2.1148 task_sr=0.1000 subtask_sr=0.3357 (16.0s)
[scanB_stageB_balanced_seed42_20260215_014509][LB-Greedy] [Baselines] ep=42 (42/120) policy=LB-Greedy (1/1) ...
[scanB_stageB_balanced_seed42_20260215_014509][LB-Greedy] [Baselines]   done reward=-0.9974 task_sr=0.1000 subtask_sr=0.4366 (14.8s)
[scanB_stageB_balanced_seed42_20260215_014509][LB-Greedy] [Baselines] ep=43 (43/120) policy=LB-Greedy (1/1) ...
[scanB_stageB_balanced_seed42_20260215_014509][LB-Greedy] [Baselines]   done reward=-1.2660 task_sr=0.3500 subtask_sr=0.6089 (13.5s)
[scanB_stageB_balanced_seed42_20260215_014509][LB-Greedy] [Baselines] ep=44 (44/120) policy=LB-Greedy (1/1) ...
[scanB_stageB_balanced_seed42_20260215_014509][LB-Greedy] [Baselines]   done reward=-0.3832 task_sr=0.1000 subtask_sr=0.4183 (14.2s)
[scanB_stageB_balanced_seed42_20260215_014509][LB-Greedy] [Baselines] ep=45 (45/120) policy=LB-Greedy (1/1) ...
[scanB_stageB_balanced_seed42_20260215_014509][LB-Greedy] [Baselines]   done reward=-0.5500 task_sr=0.2500 subtask_sr=0.6740 (13.6s)
[scanB_stageB_balanced_seed42_20260215_014509][LB-Greedy] [Baselines] ep=46 (46/120) policy=LB-Greedy (1/1) ...
[scanB_stageB_balanced_seed42_20260215_014509][LB-Greedy] [Baselines]   done reward=-2.6382 task_sr=0.1000 subtask_sr=0.3886 (15.2s)
[scanB_stageB_balanced_seed42_20260215_014509][LB-Greedy] [Baselines] ep=47 (47/120) policy=LB-Greedy (1/1) ...
[scanB_stageB_balanced_seed42_20260215_014509][LB-Greedy] [Baselines]   done reward=-0.6413 task_sr=0.2000 subtask_sr=0.5144 (15.0s)
[scanB_stageB_balanced_seed42_20260215_014509][LB-Greedy] [Baselines] ep=48 (48/120) policy=LB-Greedy (1/1) ...
[scanB_stageB_balanced_seed42_20260215_014509][LB-Greedy] [Baselines]   done reward=-1.1306 task_sr=0.1500 subtask_sr=0.5146 (14.0s)
[scanB_stageB_balanced_seed42_20260215_014509][LB-Greedy] [Baselines] ep=49 (49/120) policy=LB-Greedy (1/1) ...
[scanB_stageB_balanced_seed42_20260215_014509][LB-Greedy] [Baselines]   done reward=-0.3846 task_sr=0.0500 subtask_sr=0.4842 (14.4s)
[scanB_stageB_balanced_seed42_20260215_014509][LB-Greedy] [Baselines] ep=50 (50/120) policy=LB-Greedy (1/1) ...
[scanB_stageB_balanced_seed42_20260215_014509][LB-Greedy] [Baselines]   done reward=-1.0296 task_sr=0.1000 subtask_sr=0.4805 (15.2s)
[scanB_stageB_balanced_seed42_20260215_014509][LB-Greedy] [Baselines] ep=51 (51/120) policy=LB-Greedy (1/1) ...
[scanB_stageB_balanced_seed42_20260215_014509][LB-Greedy] [Baselines]   done reward=-0.2558 task_sr=0.2000 subtask_sr=0.5035 (14.2s)
[scanB_stageB_balanced_seed42_20260215_014509][LB-Greedy] [Baselines] ep=52 (52/120) policy=LB-Greedy (1/1) ...
[scanB_stageB_balanced_seed42_20260215_014509][LB-Greedy] [Baselines]   done reward=-1.4333 task_sr=0.0000 subtask_sr=0.4231 (16.1s)
[scanB_stageB_balanced_seed42_20260215_014509][LB-Greedy] [Baselines] ep=53 (53/120) policy=LB-Greedy (1/1) ...
[scanB_stageB_balanced_seed42_20260215_014509][LB-Greedy] [Baselines]   done reward=-0.3664 task_sr=0.2500 subtask_sr=0.4884 (15.4s)
[scanB_stageB_balanced_seed42_20260215_014509][LB-Greedy] [Baselines] ep=54 (54/120) policy=LB-Greedy (1/1) ...
[scanB_stageB_balanced_seed42_20260215_014509][LB-Greedy] [Baselines]   done reward=-1.0738 task_sr=0.0500 subtask_sr=0.2415 (15.0s)
[scanB_stageB_balanced_seed42_20260215_014509][LB-Greedy] [Baselines] ep=55 (55/120) policy=LB-Greedy (1/1) ...
[scanB_stageB_balanced_seed42_20260215_014509][LB-Greedy] [Baselines]   done reward=-2.9590 task_sr=0.0000 subtask_sr=0.3349 (14.9s)
[scanB_stageB_balanced_seed42_20260215_014509][LB-Greedy] [Baselines] ep=56 (56/120) policy=LB-Greedy (1/1) ...
[scanB_stageB_balanced_seed42_20260215_014509][LB-Greedy] [Baselines]   done reward=-0.7396 task_sr=0.4000 subtask_sr=0.6268 (13.8s)
[scanB_stageB_balanced_seed42_20260215_014509][LB-Greedy] [Baselines] ep=57 (57/120) policy=LB-Greedy (1/1) ...
[scanB_stageB_balanced_seed42_20260215_014509][LB-Greedy] [Baselines]   done reward=-1.0349 task_sr=0.0500 subtask_sr=0.5679 (14.5s)
[scanB_stageB_balanced_seed42_20260215_014509][LB-Greedy] [Baselines] ep=58 (58/120) policy=LB-Greedy (1/1) ...
[scanB_stageB_balanced_seed42_20260215_014509][LB-Greedy] [Baselines]   done reward=-0.9666 task_sr=0.1500 subtask_sr=0.5613 (10.2s)
[scanB_stageB_balanced_seed42_20260215_014509][LB-Greedy] [Baselines] ep=59 (59/120) policy=LB-Greedy (1/1) ...
[scanB_stageB_balanced_seed42_20260215_014509][LB-Greedy] [Baselines]   done reward=-1.5090 task_sr=0.1000 subtask_sr=0.4439 (15.4s)
[scanB_stageB_balanced_seed42_20260215_014509][LB-Greedy] [Baselines] ep=60 (60/120) policy=LB-Greedy (1/1) ...
[scanB_stageB_balanced_seed42_20260215_014509][LB-Greedy] [Baselines]   done reward=-1.2124 task_sr=0.2000 subtask_sr=0.6609 (10.7s)
[scanB_stageB_balanced_seed42_20260215_014509][LB-Greedy] [Baselines] ep=61 (61/120) policy=LB-Greedy (1/1) ...
[scanB_stageB_balanced_seed42_20260215_014509][LB-Greedy] [Baselines]   done reward=-0.7922 task_sr=0.1000 subtask_sr=0.3971 (14.4s)
[scanB_stageB_balanced_seed42_20260215_014509][LB-Greedy] [Baselines] ep=62 (62/120) policy=LB-Greedy (1/1) ...
[scanB_stageB_balanced_seed42_20260215_014509][LB-Greedy] [Baselines]   done reward=-1.4900 task_sr=0.1500 subtask_sr=0.4904 (14.5s)
[scanB_stageB_balanced_seed42_20260215_014509][LB-Greedy] [Baselines] ep=63 (63/120) policy=LB-Greedy (1/1) ...
[scanB_stageB_balanced_seed42_20260215_014509][LB-Greedy] [Baselines]   done reward=-0.5149 task_sr=0.1500 subtask_sr=0.4951 (15.5s)
[scanB_stageB_balanced_seed42_20260215_014509][LB-Greedy] [Baselines] ep=64 (64/120) policy=LB-Greedy (1/1) ...
[scanB_stageB_balanced_seed42_20260215_014509][LB-Greedy] [Baselines]   done reward=-0.4703 task_sr=0.2500 subtask_sr=0.7092 (13.1s)
[scanB_stageB_balanced_seed42_20260215_014509][LB-Greedy] [Baselines] ep=65 (65/120) policy=LB-Greedy (1/1) ...
[scanB_stageB_balanced_seed42_20260215_014509][LB-Greedy] [Baselines]   done reward=-0.4130 task_sr=0.2000 subtask_sr=0.4517 (14.9s)
[scanB_stageB_balanced_seed42_20260215_014509][LB-Greedy] [Baselines] ep=66 (66/120) policy=LB-Greedy (1/1) ...
[scanB_stageB_balanced_seed42_20260215_014509][LB-Greedy] [Baselines]   done reward=-0.4778 task_sr=0.0500 subtask_sr=0.4431 (13.2s)
[scanB_stageB_balanced_seed42_20260215_014509][LB-Greedy] [Baselines] ep=67 (67/120) policy=LB-Greedy (1/1) ...
[scanB_stageB_balanced_seed42_20260215_014509][LB-Greedy] [Baselines]   done reward=-0.4031 task_sr=0.2000 subtask_sr=0.5338 (13.0s)
[scanB_stageB_balanced_seed42_20260215_014509][LB-Greedy] [Baselines] ep=68 (68/120) policy=LB-Greedy (1/1) ...
[scanB_stageB_balanced_seed42_20260215_014509][LB-Greedy] [Baselines]   done reward=-0.5767 task_sr=0.1500 subtask_sr=0.5106 (13.4s)
[scanB_stageB_balanced_seed42_20260215_014509][LB-Greedy] [Baselines] ep=69 (69/120) policy=LB-Greedy (1/1) ...
[scanB_stageB_balanced_seed42_20260215_014509][LB-Greedy] [Baselines]   done reward=-0.6576 task_sr=0.2500 subtask_sr=0.6586 (12.2s)
[scanB_stageB_balanced_seed42_20260215_014509][LB-Greedy] [Baselines] ep=70 (70/120) policy=LB-Greedy (1/1) ...
[scanB_stageB_balanced_seed42_20260215_014509][LB-Greedy] [Baselines]   done reward=-1.0047 task_sr=0.1500 subtask_sr=0.4143 (11.4s)
[scanB_stageB_balanced_seed42_20260215_014509][LB-Greedy] [Baselines] ep=71 (71/120) policy=LB-Greedy (1/1) ...
[scanB_stageB_balanced_seed42_20260215_014509][LB-Greedy] [Baselines]   done reward=-0.9194 task_sr=0.0000 subtask_sr=0.2512 (11.6s)
[scanB_stageB_balanced_seed42_20260215_014509][LB-Greedy] [Baselines] ep=72 (72/120) policy=LB-Greedy (1/1) ...
[scanB_stageB_balanced_seed42_20260215_014509][LB-Greedy] [Baselines]   done reward=-2.3324 task_sr=0.2500 subtask_sr=0.3948 (10.5s)
[scanB_stageB_balanced_seed42_20260215_014509][LB-Greedy] [Baselines] ep=73 (73/120) policy=LB-Greedy (1/1) ...
[scanB_stageB_balanced_seed42_20260215_014509][LB-Greedy] [Baselines]   done reward=-1.6810 task_sr=0.0500 subtask_sr=0.3910 (11.0s)
[scanB_stageB_balanced_seed42_20260215_014509][LB-Greedy] [Baselines] ep=74 (74/120) policy=LB-Greedy (1/1) ...
[scanB_stageB_balanced_seed42_20260215_014509][LB-Greedy] [Baselines]   done reward=-0.8317 task_sr=0.2000 subtask_sr=0.5332 (10.2s)
[scanB_stageB_balanced_seed42_20260215_014509][LB-Greedy] [Baselines] ep=75 (75/120) policy=LB-Greedy (1/1) ...
[scanB_stageB_balanced_seed42_20260215_014509][LB-Greedy] [Baselines]   done reward=-0.4913 task_sr=0.1500 subtask_sr=0.3892 (10.7s)
[scanB_stageB_balanced_seed42_20260215_014509][LB-Greedy] [Baselines] ep=76 (76/120) policy=LB-Greedy (1/1) ...
[scanB_stageB_balanced_seed42_20260215_014509][LB-Greedy] [Baselines]   done reward=-1.6029 task_sr=0.0000 subtask_sr=0.2524 (10.9s)
[scanB_stageB_balanced_seed42_20260215_014509][LB-Greedy] [Baselines] ep=77 (77/120) policy=LB-Greedy (1/1) ...
[scanB_stageB_balanced_seed42_20260215_014509][LB-Greedy] [Baselines]   done reward=-3.3403 task_sr=0.3000 subtask_sr=0.5116 (9.9s)
[scanB_stageB_balanced_seed42_20260215_014509][LB-Greedy] [Baselines] ep=78 (78/120) policy=LB-Greedy (1/1) ...
[scanB_stageB_balanced_seed42_20260215_014509][LB-Greedy] [Baselines]   done reward=-1.4115 task_sr=0.1500 subtask_sr=0.5117 (10.0s)
[scanB_stageB_balanced_seed42_20260215_014509][LB-Greedy] [Baselines] ep=79 (79/120) policy=LB-Greedy (1/1) ...
[scanB_stageB_balanced_seed42_20260215_014509][LB-Greedy] [Baselines]   done reward=-1.0639 task_sr=0.1500 subtask_sr=0.3881 (10.9s)
[scanB_stageB_balanced_seed42_20260215_014509][LB-Greedy] [Baselines] ep=80 (80/120) policy=LB-Greedy (1/1) ...
[scanB_stageB_balanced_seed42_20260215_014509][LB-Greedy] [Baselines]   done reward=-0.9620 task_sr=0.2000 subtask_sr=0.6304 (9.4s)
[scanB_stageB_balanced_seed42_20260215_014509][LB-Greedy] [Baselines] ep=81 (81/120) policy=LB-Greedy (1/1) ...
[scanB_stageB_balanced_seed42_20260215_014509][LB-Greedy] [Baselines]   done reward=-0.2756 task_sr=0.2000 subtask_sr=0.5349 (9.6s)
[scanB_stageB_balanced_seed42_20260215_014509][LB-Greedy] [Baselines] ep=82 (82/120) policy=LB-Greedy (1/1) ...
[scanB_stageB_balanced_seed42_20260215_014509][LB-Greedy] [Baselines]   done reward=-0.9676 task_sr=0.1500 subtask_sr=0.5444 (10.4s)
[scanB_stageB_balanced_seed42_20260215_014509][LB-Greedy] [Baselines] ep=83 (83/120) policy=LB-Greedy (1/1) ...
[scanB_stageB_balanced_seed42_20260215_014509][LB-Greedy] [Baselines]   done reward=-1.7096 task_sr=0.0500 subtask_sr=0.3647 (10.5s)
[scanB_stageB_balanced_seed42_20260215_014509][LB-Greedy] [Baselines] ep=84 (84/120) policy=LB-Greedy (1/1) ...
[scanB_stageB_balanced_seed42_20260215_014509][LB-Greedy] [Baselines]   done reward=-0.2737 task_sr=0.2000 subtask_sr=0.5164 (10.5s)
[scanB_stageB_balanced_seed42_20260215_014509][LB-Greedy] [Baselines] ep=85 (85/120) policy=LB-Greedy (1/1) ...
[scanB_stageB_balanced_seed42_20260215_014509][LB-Greedy] [Baselines]   done reward=-1.1238 task_sr=0.2000 subtask_sr=0.4940 (10.1s)
[scanB_stageB_balanced_seed42_20260215_014509][LB-Greedy] [Baselines] ep=86 (86/120) policy=LB-Greedy (1/1) ...
[scanB_stageB_balanced_seed42_20260215_014509][LB-Greedy] [Baselines]   done reward=-0.9930 task_sr=0.2000 subtask_sr=0.4926 (10.3s)
[scanB_stageB_balanced_seed42_20260215_014509][LB-Greedy] [Baselines] ep=87 (87/120) policy=LB-Greedy (1/1) ...
[scanB_stageB_balanced_seed42_20260215_014509][LB-Greedy] [Baselines]   done reward=-1.0198 task_sr=0.2500 subtask_sr=0.5681 (9.8s)
[scanB_stageB_balanced_seed42_20260215_014509][LB-Greedy] [Baselines] ep=88 (88/120) policy=LB-Greedy (1/1) ...
[scanB_stageB_balanced_seed42_20260215_014509][LB-Greedy] [Baselines]   done reward=-0.6911 task_sr=0.2500 subtask_sr=0.6754 (8.3s)
[scanB_stageB_balanced_seed42_20260215_014509][LB-Greedy] [Baselines] ep=89 (89/120) policy=LB-Greedy (1/1) ...
[scanB_stageB_balanced_seed42_20260215_014509][LB-Greedy] [Baselines]   done reward=-0.8439 task_sr=0.2000 subtask_sr=0.5835 (9.9s)
[scanB_stageB_balanced_seed42_20260215_014509][LB-Greedy] [Baselines] ep=90 (90/120) policy=LB-Greedy (1/1) ...
[scanB_stageB_balanced_seed42_20260215_014509][LB-Greedy] [Baselines]   done reward=-0.7646 task_sr=0.1500 subtask_sr=0.4585 (10.5s)
[scanB_stageB_balanced_seed42_20260215_014509][LB-Greedy] [Baselines] ep=91 (91/120) policy=LB-Greedy (1/1) ...
[scanB_stageB_balanced_seed42_20260215_014509][LB-Greedy] [Baselines]   done reward=-1.2968 task_sr=0.1000 subtask_sr=0.3705 (10.5s)
[scanB_stageB_balanced_seed42_20260215_014509][LB-Greedy] [Baselines] ep=92 (92/120) policy=LB-Greedy (1/1) ...
[scanB_stageB_balanced_seed42_20260215_014509][LB-Greedy] [Baselines]   done reward=-0.4541 task_sr=0.1000 subtask_sr=0.3995 (10.8s)
[scanB_stageB_balanced_seed42_20260215_014509][LB-Greedy] [Baselines] ep=93 (93/120) policy=LB-Greedy (1/1) ...
[scanB_stageB_balanced_seed42_20260215_014509][LB-Greedy] [Baselines]   done reward=-0.4761 task_sr=0.0500 subtask_sr=0.5074 (10.0s)
[scanB_stageB_balanced_seed42_20260215_014509][LB-Greedy] [Baselines] ep=94 (94/120) policy=LB-Greedy (1/1) ...
[scanB_stageB_balanced_seed42_20260215_014509][LB-Greedy] [Baselines]   done reward=-0.9146 task_sr=0.0000 subtask_sr=0.5473 (10.7s)
[scanB_stageB_balanced_seed42_20260215_014509][LB-Greedy] [Baselines] ep=95 (95/120) policy=LB-Greedy (1/1) ...
[scanB_stageB_balanced_seed42_20260215_014509][LB-Greedy] [Baselines]   done reward=-0.7042 task_sr=0.2500 subtask_sr=0.6516 (9.2s)
[scanB_stageB_balanced_seed42_20260215_014509][LB-Greedy] [Baselines] ep=96 (96/120) policy=LB-Greedy (1/1) ...
[scanB_stageB_balanced_seed42_20260215_014509][LB-Greedy] [Baselines]   done reward=-1.3230 task_sr=0.1500 subtask_sr=0.4129 (10.5s)
[scanB_stageB_balanced_seed42_20260215_014509][LB-Greedy] [Baselines] ep=97 (97/120) policy=LB-Greedy (1/1) ...
[scanB_stageB_balanced_seed42_20260215_014509][LB-Greedy] [Baselines]   done reward=-0.3637 task_sr=0.2000 subtask_sr=0.6076 (10.1s)
[scanB_stageB_balanced_seed42_20260215_014509][LB-Greedy] [Baselines] ep=98 (98/120) policy=LB-Greedy (1/1) ...
[scanB_stageB_balanced_seed42_20260215_014509][LB-Greedy] [Baselines]   done reward=-0.8804 task_sr=0.1000 subtask_sr=0.4444 (10.2s)
[scanB_stageB_balanced_seed42_20260215_014509][LB-Greedy] [Baselines] ep=99 (99/120) policy=LB-Greedy (1/1) ...
[scanB_stageB_balanced_seed42_20260215_014509][LB-Greedy] [Baselines]   done reward=-0.8189 task_sr=0.1000 subtask_sr=0.4834 (10.1s)
[scanB_stageB_balanced_seed42_20260215_014509][LB-Greedy] [Baselines] ep=100 (100/120) policy=LB-Greedy (1/1) ...
[scanB_stageB_balanced_seed42_20260215_014509][LB-Greedy] [Baselines]   done reward=-1.2406 task_sr=0.0500 subtask_sr=0.3673 (10.8s)
[scanB_stageB_balanced_seed42_20260215_014509][LB-Greedy] [Baselines] ep=101 (101/120) policy=LB-Greedy (1/1) ...
[scanB_stageB_balanced_seed42_20260215_014509][LB-Greedy] [Baselines]   done reward=-1.2440 task_sr=0.1000 subtask_sr=0.3553 (10.6s)
[scanB_stageB_balanced_seed42_20260215_014509][LB-Greedy] [Baselines] ep=102 (102/120) policy=LB-Greedy (1/1) ...
[scanB_stageB_balanced_seed42_20260215_014509][LB-Greedy] [Baselines]   done reward=-1.6306 task_sr=0.1500 subtask_sr=0.5179 (11.1s)
[scanB_stageB_balanced_seed42_20260215_014509][LB-Greedy] [Baselines] ep=103 (103/120) policy=LB-Greedy (1/1) ...
[scanB_stageB_balanced_seed42_20260215_014509][LB-Greedy] [Baselines]   done reward=-0.8415 task_sr=0.1000 subtask_sr=0.5502 (10.0s)
[scanB_stageB_balanced_seed42_20260215_014509][LB-Greedy] [Baselines] ep=104 (104/120) policy=LB-Greedy (1/1) ...
[scanB_stageB_balanced_seed42_20260215_014509][LB-Greedy] [Baselines]   done reward=-1.1911 task_sr=0.2000 subtask_sr=0.4846 (10.1s)
[scanB_stageB_balanced_seed42_20260215_014509][LB-Greedy] [Baselines] ep=105 (105/120) policy=LB-Greedy (1/1) ...
[scanB_stageB_balanced_seed42_20260215_014509][LB-Greedy] [Baselines]   done reward=-0.3062 task_sr=0.2000 subtask_sr=0.5770 (9.6s)
[scanB_stageB_balanced_seed42_20260215_014509][LB-Greedy] [Baselines] ep=106 (106/120) policy=LB-Greedy (1/1) ...
[scanB_stageB_balanced_seed42_20260215_014509][LB-Greedy] [Baselines]   done reward=-0.8454 task_sr=0.2000 subtask_sr=0.7033 (9.2s)
[scanB_stageB_balanced_seed42_20260215_014509][LB-Greedy] [Baselines] ep=107 (107/120) policy=LB-Greedy (1/1) ...
[scanB_stageB_balanced_seed42_20260215_014509][LB-Greedy] [Baselines]   done reward=-0.7858 task_sr=0.2000 subtask_sr=0.5082 (9.9s)
[scanB_stageB_balanced_seed42_20260215_014509][LB-Greedy] [Baselines] ep=108 (108/120) policy=LB-Greedy (1/1) ...
[scanB_stageB_balanced_seed42_20260215_014509][LB-Greedy] [Baselines]   done reward=-1.1863 task_sr=0.1000 subtask_sr=0.4052 (10.3s)
[scanB_stageB_balanced_seed42_20260215_014509][LB-Greedy] [Baselines] ep=109 (109/120) policy=LB-Greedy (1/1) ...
[scanB_stageB_balanced_seed42_20260215_014509][LB-Greedy] [Baselines]   done reward=-0.4490 task_sr=0.4500 subtask_sr=0.6626 (9.1s)
[scanB_stageB_balanced_seed42_20260215_014509][LB-Greedy] [Baselines] ep=110 (110/120) policy=LB-Greedy (1/1) ...
[scanB_stageB_balanced_seed42_20260215_014509][LB-Greedy] [Baselines]   done reward=-0.6012 task_sr=0.2000 subtask_sr=0.3923 (10.4s)
[scanB_stageB_balanced_seed42_20260215_014509][LB-Greedy] [Baselines] ep=111 (111/120) policy=LB-Greedy (1/1) ...
[scanB_stageB_balanced_seed42_20260215_014509][LB-Greedy] [Baselines]   done reward=-0.5415 task_sr=0.1000 subtask_sr=0.4771 (10.6s)
[scanB_stageB_balanced_seed42_20260215_014509][LB-Greedy] [Baselines] ep=112 (112/120) policy=LB-Greedy (1/1) ...
[scanB_stageB_balanced_seed42_20260215_014509][LB-Greedy] [Baselines]   done reward=-0.8705 task_sr=0.0500 subtask_sr=0.4778 (10.0s)
[scanB_stageB_balanced_seed42_20260215_014509][LB-Greedy] [Baselines] ep=113 (113/120) policy=LB-Greedy (1/1) ...
[scanB_stageB_balanced_seed42_20260215_014509][LB-Greedy] [Baselines]   done reward=-0.8230 task_sr=0.2500 subtask_sr=0.7483 (7.9s)
[scanB_stageB_balanced_seed42_20260215_014509][LB-Greedy] [Baselines] ep=114 (114/120) policy=LB-Greedy (1/1) ...
[scanB_stageB_balanced_seed42_20260215_014509][LB-Greedy] [Baselines]   done reward=-0.7051 task_sr=0.1500 subtask_sr=0.5924 (9.2s)
[scanB_stageB_balanced_seed42_20260215_014509][LB-Greedy] [Baselines] ep=115 (115/120) policy=LB-Greedy (1/1) ...
[scanB_stageB_balanced_seed42_20260215_014509][LB-Greedy] [Baselines]   done reward=-0.5468 task_sr=0.2500 subtask_sr=0.4753 (9.0s)
[scanB_stageB_balanced_seed42_20260215_014509][LB-Greedy] [Baselines] ep=116 (116/120) policy=LB-Greedy (1/1) ...
[scanB_stageB_balanced_seed42_20260215_014509][LB-Greedy] [Baselines]   done reward=-0.3523 task_sr=0.1000 subtask_sr=0.3589 (9.2s)
[scanB_stageB_balanced_seed42_20260215_014509][LB-Greedy] [Baselines] ep=117 (117/120) policy=LB-Greedy (1/1) ...
[scanB_stageB_balanced_seed42_20260215_014509][LB-Greedy] [Baselines]   done reward=-1.3022 task_sr=0.1000 subtask_sr=0.4504 (8.3s)
[scanB_stageB_balanced_seed42_20260215_014509][LB-Greedy] [Baselines] ep=118 (118/120) policy=LB-Greedy (1/1) ...
[scanB_stageB_balanced_seed42_20260215_014509][LB-Greedy] [Baselines]   done reward=-1.3996 task_sr=0.2000 subtask_sr=0.6326 (8.4s)
[scanB_stageB_balanced_seed42_20260215_014509][LB-Greedy] [Baselines] ep=119 (119/120) policy=LB-Greedy (1/1) ...
[scanB_stageB_balanced_seed42_20260215_014509][LB-Greedy] [Baselines]   done reward=-1.2558 task_sr=0.2500 subtask_sr=0.4810 (8.4s)
[scanB_stageB_balanced_seed42_20260215_014509][LB-Greedy] [Baselines] ep=120 (120/120) policy=LB-Greedy (1/1) ...
[scanB_stageB_balanced_seed42_20260215_014509][LB-Greedy] [Baselines]   done reward=-0.3883 task_sr=0.2000 subtask_sr=0.5155 (8.2s)
[scanB_stageB_balanced_seed42_20260215_014509][LB-Greedy] ✓ Baseline stats saved: /Users/qiutao/研/毕设/毕设/vecOffloadingSim/runs/scanB_stageB_balanced_seed42_20260215_014509/logs/baseline_parts/LB-Greedy.csv
[scanB_stageB_balanced_seed42_20260215_014509][LB-Greedy] 结果摘要 (均值):
[scanB_stageB_balanced_seed42_20260215_014509][LB-Greedy]   LB-Greedy  reward=-1.0093 task_sr=0.1471 subtask_sr=0.4844
