[scanB_stageB_balanced_seed42_20260215_014509][Static] [Baselines] run_dir=/Users/qiutao/研/毕设/毕设/vecOffloadingSim/runs/scanB_stageB_balanced_seed42_20260215_014509
[scanB_stageB_balanced_seed42_20260215_014509][Static] [Baselines] num_episodes=120 seed=42 max_steps=200
[scanB_stageB_balanced_seed42_20260215_014509][Static] [Baselines] policies=['Static']
[scanB_stageB_balanced_seed42_20260215_014509][Static] [Baselines] ep=1 (1/120) policy=Static (1/1) ...
[scanB_stageB_balanced_seed42_20260215_014509][Static] [Baselines]   done reward=-0.0052 task_sr=0.5000 subtask_sr=0.8702 (7.7s)
[scanB_stageB_balanced_seed42_20260215_014509][Static] [Baselines] ep=2 (2/120) policy=Static (1/1) ...
[scanB_stageB_balanced_seed42_20260215_014509][Static] [Baselines]   done reward=-0.0307 task_sr=0.9500 subtask_sr=0.9953 (6.4s)
[scanB_stageB_balanced_seed42_20260215_014509][Static] [Baselines] ep=3 (3/120) policy=Static (1/1) ...
[scanB_stageB_balanced_seed42_20260215_014509][Static] [Baselines]   done reward=-0.0538 task_sr=0.9500 subtask_sr=1.0000 (6.7s)
[scanB_stageB_balanced_seed42_20260215_014509][Static] [Baselines] ep=4 (4/120) policy=Static (1/1) ...
[scanB_stageB_balanced_seed42_20260215_014509][Static] [Baselines]   done reward=-0.0267 task_sr=0.6000 subtask_sr=0.9601 (7.3s)
[scanB_stageB_balanced_seed42_20260215_014509][Static] [Baselines] ep=5 (5/120) policy=Static (1/1) ...
[scanB_stageB_balanced_seed42_20260215_014509][Static] [Baselines]   done reward=-0.0588 task_sr=0.5500 subtask_sr=0.8863 (8.2s)
[scanB_stageB_balanced_seed42_20260215_014509][Static] [Baselines] ep=6 (6/120) policy=Static (1/1) ...
[scanB_stageB_balanced_seed42_20260215_014509][Static] [Baselines]   done reward=-0.0109 task_sr=0.7500 subtask_sr=0.9494 (8.3s)
[scanB_stageB_balanced_seed42_20260215_014509][Static] [Baselines] ep=7 (7/120) policy=Static (1/1) ...
[scanB_stageB_balanced_seed42_20260215_014509][Static] [Baselines]   done reward=-0.0076 task_sr=0.6500 subtask_sr=0.9397 (9.4s)
[scanB_stageB_balanced_seed42_20260215_014509][Static] [Baselines] ep=8 (8/120) policy=Static (1/1) ...
[scanB_stageB_balanced_seed42_20260215_014509][Static] [Baselines]   done reward=-0.0054 task_sr=0.2500 subtask_sr=0.8208 (10.1s)
[scanB_stageB_balanced_seed42_20260215_014509][Static] [Baselines] ep=9 (9/120) policy=Static (1/1) ...
[scanB_stageB_balanced_seed42_20260215_014509][Static] [Baselines]   done reward=-0.1011 task_sr=0.7000 subtask_sr=0.9391 (7.5s)
[scanB_stageB_balanced_seed42_20260215_014509][Static] [Baselines] ep=10 (10/120) policy=Static (1/1) ...
[scanB_stageB_balanced_seed42_20260215_014509][Static] [Baselines]   done reward=-0.0290 task_sr=0.5500 subtask_sr=0.9430 (8.2s)
[scanB_stageB_balanced_seed42_20260215_014509][Static] [Baselines] ep=11 (11/120) policy=Static (1/1) ...
[scanB_stageB_balanced_seed42_20260215_014509][Static] [Baselines]   done reward=-0.0063 task_sr=0.7500 subtask_sr=0.9539 (7.8s)
[scanB_stageB_balanced_seed42_20260215_014509][Static] [Baselines] ep=12 (12/120) policy=Static (1/1) ...
[scanB_stageB_balanced_seed42_20260215_014509][Static] [Baselines]   done reward=-0.0893 task_sr=0.6500 subtask_sr=0.9389 (8.5s)
[scanB_stageB_balanced_seed42_20260215_014509][Static] [Baselines] ep=13 (13/120) policy=Static (1/1) ...
[scanB_stageB_balanced_seed42_20260215_014509][Static] [Baselines]   done reward=-0.0623 task_sr=0.4500 subtask_sr=0.7383 (8.9s)
[scanB_stageB_balanced_seed42_20260215_014509][Static] [Baselines] ep=14 (14/120) policy=Static (1/1) ...
[scanB_stageB_balanced_seed42_20260215_014509][Static] [Baselines]   done reward=-0.0386 task_sr=0.9500 subtask_sr=0.9930 (6.9s)
[scanB_stageB_balanced_seed42_20260215_014509][Static] [Baselines] ep=15 (15/120) policy=Static (1/1) ...
[scanB_stageB_balanced_seed42_20260215_014509][Static] [Baselines]   done reward=-0.0039 task_sr=0.7500 subtask_sr=0.9476 (7.2s)
[scanB_stageB_balanced_seed42_20260215_014509][Static] [Baselines] ep=16 (16/120) policy=Static (1/1) ...
[scanB_stageB_balanced_seed42_20260215_014509][Static] [Baselines]   done reward=-0.0566 task_sr=0.4000 subtask_sr=0.8410 (10.5s)
[scanB_stageB_balanced_seed42_20260215_014509][Static] [Baselines] ep=17 (17/120) policy=Static (1/1) ...
[scanB_stageB_balanced_seed42_20260215_014509][Static] [Baselines]   done reward=-0.0861 task_sr=0.4500 subtask_sr=0.7584 (9.8s)
[scanB_stageB_balanced_seed42_20260215_014509][Static] [Baselines] ep=18 (18/120) policy=Static (1/1) ...
[scanB_stageB_balanced_seed42_20260215_014509][Static] [Baselines]   done reward=-0.0320 task_sr=0.3000 subtask_sr=0.8005 (9.6s)
[scanB_stageB_balanced_seed42_20260215_014509][Static] [Baselines] ep=19 (19/120) policy=Static (1/1) ...
[scanB_stageB_balanced_seed42_20260215_014509][Static] [Baselines]   done reward=-0.0454 task_sr=0.9500 subtask_sr=0.9950 (6.3s)
[scanB_stageB_balanced_seed42_20260215_014509][Static] [Baselines] ep=20 (20/120) policy=Static (1/1) ...
[scanB_stageB_balanced_seed42_20260215_014509][Static] [Baselines]   done reward=-0.0795 task_sr=0.5000 subtask_sr=0.9161 (7.9s)
[scanB_stageB_balanced_seed42_20260215_014509][Static] [Baselines] ep=21 (21/120) policy=Static (1/1) ...
[scanB_stageB_balanced_seed42_20260215_014509][Static] [Baselines]   done reward=-0.0912 task_sr=0.5500 subtask_sr=0.8811 (9.1s)
[scanB_stageB_balanced_seed42_20260215_014509][Static] [Baselines] ep=22 (22/120) policy=Static (1/1) ...
[scanB_stageB_balanced_seed42_20260215_014509][Static] [Baselines]   done reward=-0.0391 task_sr=0.2500 subtask_sr=0.8122 (8.6s)
[scanB_stageB_balanced_seed42_20260215_014509][Static] [Baselines] ep=23 (23/120) policy=Static (1/1) ...
[scanB_stageB_balanced_seed42_20260215_014509][Static] [Baselines]   done reward=0.0082 task_sr=0.8000 subtask_sr=0.9667 (7.5s)
[scanB_stageB_balanced_seed42_20260215_014509][Static] [Baselines] ep=24 (24/120) policy=Static (1/1) ...
[scanB_stageB_balanced_seed42_20260215_014509][Static] [Baselines]   done reward=-0.0616 task_sr=0.6500 subtask_sr=0.9150 (8.2s)
[scanB_stageB_balanced_seed42_20260215_014509][Static] [Baselines] ep=25 (25/120) policy=Static (1/1) ...
[scanB_stageB_balanced_seed42_20260215_014509][Static] [Baselines]   done reward=-0.0296 task_sr=0.6500 subtask_sr=0.9460 (8.1s)
[scanB_stageB_balanced_seed42_20260215_014509][Static] [Baselines] ep=26 (26/120) policy=Static (1/1) ...
[scanB_stageB_balanced_seed42_20260215_014509][Static] [Baselines]   done reward=-0.0598 task_sr=0.2000 subtask_sr=0.7364 (10.6s)
[scanB_stageB_balanced_seed42_20260215_014509][Static] [Baselines] ep=27 (27/120) policy=Static (1/1) ...
[scanB_stageB_balanced_seed42_20260215_014509][Static] [Baselines]   done reward=-0.0481 task_sr=0.3000 subtask_sr=0.7807 (9.7s)
[scanB_stageB_balanced_seed42_20260215_014509][Static] [Baselines] ep=28 (28/120) policy=Static (1/1) ...
[scanB_stageB_balanced_seed42_20260215_014509][Static] [Baselines]   done reward=-0.0104 task_sr=0.8000 subtask_sr=0.9925 (7.2s)
[scanB_stageB_balanced_seed42_20260215_014509][Static] [Baselines] ep=29 (29/120) policy=Static (1/1) ...
[scanB_stageB_balanced_seed42_20260215_014509][Static] [Baselines]   done reward=-0.0371 task_sr=0.8500 subtask_sr=0.9879 (7.9s)
[scanB_stageB_balanced_seed42_20260215_014509][Static] [Baselines] ep=30 (30/120) policy=Static (1/1) ...
[scanB_stageB_balanced_seed42_20260215_014509][Static] [Baselines]   done reward=-0.0049 task_sr=0.2500 subtask_sr=0.7424 (9.3s)
[scanB_stageB_balanced_seed42_20260215_014509][Static] [Baselines] ep=31 (31/120) policy=Static (1/1) ...
[scanB_stageB_balanced_seed42_20260215_014509][Static] [Baselines]   done reward=-0.0358 task_sr=0.3500 subtask_sr=0.8393 (8.2s)
[scanB_stageB_balanced_seed42_20260215_014509][Static] [Baselines] ep=32 (32/120) policy=Static (1/1) ...
[scanB_stageB_balanced_seed42_20260215_014509][Static] [Baselines]   done reward=-0.0094 task_sr=0.6500 subtask_sr=0.9159 (7.4s)
[scanB_stageB_balanced_seed42_20260215_014509][Static] [Baselines] ep=33 (33/120) policy=Static (1/1) ...
[scanB_stageB_balanced_seed42_20260215_014509][Static] [Baselines]   done reward=-0.0799 task_sr=0.1500 subtask_sr=0.5962 (11.3s)
[scanB_stageB_balanced_seed42_20260215_014509][Static] [Baselines] ep=34 (34/120) policy=Static (1/1) ...
[scanB_stageB_balanced_seed42_20260215_014509][Static] [Baselines]   done reward=-0.0771 task_sr=0.6500 subtask_sr=0.9612 (7.9s)
[scanB_stageB_balanced_seed42_20260215_014509][Static] [Baselines] ep=35 (35/120) policy=Static (1/1) ...
[scanB_stageB_balanced_seed42_20260215_014509][Static] [Baselines]   done reward=-0.0678 task_sr=0.5000 subtask_sr=0.8599 (8.9s)
[scanB_stageB_balanced_seed42_20260215_014509][Static] [Baselines] ep=36 (36/120) policy=Static (1/1) ...
[scanB_stageB_balanced_seed42_20260215_014509][Static] [Baselines]   done reward=-0.0233 task_sr=0.2500 subtask_sr=0.7976 (9.3s)
[scanB_stageB_balanced_seed42_20260215_014509][Static] [Baselines] ep=37 (37/120) policy=Static (1/1) ...
[scanB_stageB_balanced_seed42_20260215_014509][Static] [Baselines]   done reward=-0.0774 task_sr=0.3000 subtask_sr=0.8033 (8.9s)
[scanB_stageB_balanced_seed42_20260215_014509][Static] [Baselines] ep=38 (38/120) policy=Static (1/1) ...
[scanB_stageB_balanced_seed42_20260215_014509][Static] [Baselines]   done reward=0.0001 task_sr=0.9500 subtask_sr=0.9880 (7.5s)
[scanB_stageB_balanced_seed42_20260215_014509][Static] [Baselines] ep=39 (39/120) policy=Static (1/1) ...
[scanB_stageB_balanced_seed42_20260215_014509][Static] [Baselines]   done reward=-0.0517 task_sr=0.1500 subtask_sr=0.5321 (9.8s)
[scanB_stageB_balanced_seed42_20260215_014509][Static] [Baselines] ep=40 (40/120) policy=Static (1/1) ...
[scanB_stageB_balanced_seed42_20260215_014509][Static] [Baselines]   done reward=-0.0468 task_sr=0.3000 subtask_sr=0.8325 (8.6s)
[scanB_stageB_balanced_seed42_20260215_014509][Static] [Baselines] ep=41 (41/120) policy=Static (1/1) ...
[scanB_stageB_balanced_seed42_20260215_014509][Static] [Baselines]   done reward=0.0042 task_sr=0.9500 subtask_sr=0.9855 (8.0s)
[scanB_stageB_balanced_seed42_20260215_014509][Static] [Baselines] ep=42 (42/120) policy=Static (1/1) ...
[scanB_stageB_balanced_seed42_20260215_014509][Static] [Baselines]   done reward=-0.0277 task_sr=0.4500 subtask_sr=0.8756 (8.4s)
[scanB_stageB_balanced_seed42_20260215_014509][Static] [Baselines] ep=43 (43/120) policy=Static (1/1) ...
[scanB_stageB_balanced_seed42_20260215_014509][Static] [Baselines]   done reward=-0.0419 task_sr=0.5000 subtask_sr=0.8899 (8.3s)
[scanB_stageB_balanced_seed42_20260215_014509][Static] [Baselines] ep=44 (44/120) policy=Static (1/1) ...
[scanB_stageB_balanced_seed42_20260215_014509][Static] [Baselines]   done reward=-0.0738 task_sr=0.8000 subtask_sr=0.9760 (7.4s)
[scanB_stageB_balanced_seed42_20260215_014509][Static] [Baselines] ep=45 (45/120) policy=Static (1/1) ...
[scanB_stageB_balanced_seed42_20260215_014509][Static] [Baselines]   done reward=-0.1092 task_sr=0.5500 subtask_sr=0.9124 (8.2s)
[scanB_stageB_balanced_seed42_20260215_014509][Static] [Baselines] ep=46 (46/120) policy=Static (1/1) ...
[scanB_stageB_balanced_seed42_20260215_014509][Static] [Baselines]   done reward=-0.0696 task_sr=0.6500 subtask_sr=0.8910 (8.1s)
[scanB_stageB_balanced_seed42_20260215_014509][Static] [Baselines] ep=47 (47/120) policy=Static (1/1) ...
[scanB_stageB_balanced_seed42_20260215_014509][Static] [Baselines]   done reward=-0.0533 task_sr=0.9000 subtask_sr=0.9833 (7.3s)
[scanB_stageB_balanced_seed42_20260215_014509][Static] [Baselines] ep=48 (48/120) policy=Static (1/1) ...
[scanB_stageB_balanced_seed42_20260215_014509][Static] [Baselines]   done reward=-0.0571 task_sr=0.6000 subtask_sr=0.9415 (8.1s)
[scanB_stageB_balanced_seed42_20260215_014509][Static] [Baselines] ep=49 (49/120) policy=Static (1/1) ...
[scanB_stageB_balanced_seed42_20260215_014509][Static] [Baselines]   done reward=-0.0301 task_sr=0.2000 subtask_sr=0.5912 (9.8s)
[scanB_stageB_balanced_seed42_20260215_014509][Static] [Baselines] ep=50 (50/120) policy=Static (1/1) ...
[scanB_stageB_balanced_seed42_20260215_014509][Static] [Baselines]   done reward=-0.0426 task_sr=0.2000 subtask_sr=0.7494 (9.5s)
[scanB_stageB_balanced_seed42_20260215_014509][Static] [Baselines] ep=51 (51/120) policy=Static (1/1) ...
[scanB_stageB_balanced_seed42_20260215_014509][Static] [Baselines]   done reward=-0.0291 task_sr=0.8000 subtask_sr=0.9506 (8.1s)
[scanB_stageB_balanced_seed42_20260215_014509][Static] [Baselines] ep=52 (52/120) policy=Static (1/1) ...
[scanB_stageB_balanced_seed42_20260215_014509][Static] [Baselines]   done reward=-0.0297 task_sr=0.4000 subtask_sr=0.8702 (10.6s)
[scanB_stageB_balanced_seed42_20260215_014509][Static] [Baselines] ep=53 (53/120) policy=Static (1/1) ...
[scanB_stageB_balanced_seed42_20260215_014509][Static] [Baselines]   done reward=-0.0042 task_sr=0.4000 subtask_sr=0.8302 (9.7s)
[scanB_stageB_balanced_seed42_20260215_014509][Static] [Baselines] ep=54 (54/120) policy=Static (1/1) ...
[scanB_stageB_balanced_seed42_20260215_014509][Static] [Baselines]   done reward=-0.0683 task_sr=0.4500 subtask_sr=0.8780 (8.4s)
[scanB_stageB_balanced_seed42_20260215_014509][Static] [Baselines] ep=55 (55/120) policy=Static (1/1) ...
[scanB_stageB_balanced_seed42_20260215_014509][Static] [Baselines]   done reward=-0.0116 task_sr=0.9500 subtask_sr=0.9976 (6.9s)
[scanB_stageB_balanced_seed42_20260215_014509][Static] [Baselines] ep=56 (56/120) policy=Static (1/1) ...
[scanB_stageB_balanced_seed42_20260215_014509][Static] [Baselines]   done reward=-0.0348 task_sr=0.8000 subtask_sr=0.9765 (7.8s)
[scanB_stageB_balanced_seed42_20260215_014509][Static] [Baselines] ep=57 (57/120) policy=Static (1/1) ...
[scanB_stageB_balanced_seed42_20260215_014509][Static] [Baselines]   done reward=-0.0183 task_sr=0.8000 subtask_sr=0.9729 (7.7s)
[scanB_stageB_balanced_seed42_20260215_014509][Static] [Baselines] ep=58 (58/120) policy=Static (1/1) ...
[scanB_stageB_balanced_seed42_20260215_014509][Static] [Baselines]   done reward=0.0056 task_sr=0.7500 subtask_sr=0.9755 (7.6s)
[scanB_stageB_balanced_seed42_20260215_014509][Static] [Baselines] ep=59 (59/120) policy=Static (1/1) ...
[scanB_stageB_balanced_seed42_20260215_014509][Static] [Baselines]   done reward=-0.0686 task_sr=0.6500 subtask_sr=0.9475 (8.7s)
[scanB_stageB_balanced_seed42_20260215_014509][Static] [Baselines] ep=60 (60/120) policy=Static (1/1) ...
[scanB_stageB_balanced_seed42_20260215_014509][Static] [Baselines]   done reward=-0.0136 task_sr=0.8500 subtask_sr=0.9851 (7.2s)
[scanB_stageB_balanced_seed42_20260215_014509][Static] [Baselines] ep=61 (61/120) policy=Static (1/1) ...
[scanB_stageB_balanced_seed42_20260215_014509][Static] [Baselines]   done reward=-0.0399 task_sr=0.8000 subtask_sr=0.9734 (7.4s)
[scanB_stageB_balanced_seed42_20260215_014509][Static] [Baselines] ep=62 (62/120) policy=Static (1/1) ...
[scanB_stageB_balanced_seed42_20260215_014509][Static] [Baselines]   done reward=-0.0421 task_sr=0.5000 subtask_sr=0.9135 (8.2s)
[scanB_stageB_balanced_seed42_20260215_014509][Static] [Baselines] ep=63 (63/120) policy=Static (1/1) ...
[scanB_stageB_balanced_seed42_20260215_014509][Static] [Baselines]   done reward=-0.0512 task_sr=0.5000 subtask_sr=0.8995 (7.8s)
[scanB_stageB_balanced_seed42_20260215_014509][Static] [Baselines] ep=64 (64/120) policy=Static (1/1) ...
[scanB_stageB_balanced_seed42_20260215_014509][Static] [Baselines]   done reward=-0.0404 task_sr=0.5500 subtask_sr=0.8794 (8.2s)
[scanB_stageB_balanced_seed42_20260215_014509][Static] [Baselines] ep=65 (65/120) policy=Static (1/1) ...
[scanB_stageB_balanced_seed42_20260215_014509][Static] [Baselines]   done reward=-0.0285 task_sr=0.5000 subtask_sr=0.9034 (6.9s)
[scanB_stageB_balanced_seed42_20260215_014509][Static] [Baselines] ep=66 (66/120) policy=Static (1/1) ...
[scanB_stageB_balanced_seed42_20260215_014509][Static] [Baselines]   done reward=-0.0127 task_sr=0.5500 subtask_sr=0.8959 (7.5s)
[scanB_stageB_balanced_seed42_20260215_014509][Static] [Baselines] ep=67 (67/120) policy=Static (1/1) ...
[scanB_stageB_balanced_seed42_20260215_014509][Static] [Baselines]   done reward=-0.0369 task_sr=0.4500 subtask_sr=0.8578 (8.2s)
[scanB_stageB_balanced_seed42_20260215_014509][Static] [Baselines] ep=68 (68/120) policy=Static (1/1) ...
[scanB_stageB_balanced_seed42_20260215_014509][Static] [Baselines]   done reward=-0.0868 task_sr=0.2000 subtask_sr=0.6099 (10.0s)
[scanB_stageB_balanced_seed42_20260215_014509][Static] [Baselines] ep=69 (69/120) policy=Static (1/1) ...
[scanB_stageB_balanced_seed42_20260215_014509][Static] [Baselines]   done reward=-0.0140 task_sr=0.7000 subtask_sr=0.9661 (7.6s)
[scanB_stageB_balanced_seed42_20260215_014509][Static] [Baselines] ep=70 (70/120) policy=Static (1/1) ...
[scanB_stageB_balanced_seed42_20260215_014509][Static] [Baselines]   done reward=-0.0693 task_sr=0.4000 subtask_sr=0.8571 (8.6s)
[scanB_stageB_balanced_seed42_20260215_014509][Static] [Baselines] ep=71 (71/120) policy=Static (1/1) ...
[scanB_stageB_balanced_seed42_20260215_014509][Static] [Baselines]   done reward=-0.0477 task_sr=0.2000 subtask_sr=0.7438 (8.8s)
[scanB_stageB_balanced_seed42_20260215_014509][Static] [Baselines] ep=72 (72/120) policy=Static (1/1) ...
[scanB_stageB_balanced_seed42_20260215_014509][Static] [Baselines]   done reward=-0.1114 task_sr=0.5000 subtask_sr=0.9314 (7.9s)
[scanB_stageB_balanced_seed42_20260215_014509][Static] [Baselines] ep=73 (73/120) policy=Static (1/1) ...
[scanB_stageB_balanced_seed42_20260215_014509][Static] [Baselines]   done reward=-0.0170 task_sr=0.8500 subtask_sr=0.9668 (7.7s)
[scanB_stageB_balanced_seed42_20260215_014509][Static] [Baselines] ep=74 (74/120) policy=Static (1/1) ...
[scanB_stageB_balanced_seed42_20260215_014509][Static] [Baselines]   done reward=-0.0404 task_sr=0.5500 subtask_sr=0.9171 (8.5s)
[scanB_stageB_balanced_seed42_20260215_014509][Static] [Baselines] ep=75 (75/120) policy=Static (1/1) ...
[scanB_stageB_balanced_seed42_20260215_014509][Static] [Baselines]   done reward=-0.1117 task_sr=0.6000 subtask_sr=0.8986 (8.5s)
[scanB_stageB_balanced_seed42_20260215_014509][Static] [Baselines] ep=76 (76/120) policy=Static (1/1) ...
[scanB_stageB_balanced_seed42_20260215_014509][Static] [Baselines]   done reward=-0.0702 task_sr=0.5000 subtask_sr=0.7572 (8.6s)
[scanB_stageB_balanced_seed42_20260215_014509][Static] [Baselines] ep=77 (77/120) policy=Static (1/1) ...
[scanB_stageB_balanced_seed42_20260215_014509][Static] [Baselines]   done reward=-0.0083 task_sr=0.2500 subtask_sr=0.7116 (9.2s)
[scanB_stageB_balanced_seed42_20260215_014509][Static] [Baselines] ep=78 (78/120) policy=Static (1/1) ...
[scanB_stageB_balanced_seed42_20260215_014509][Static] [Baselines]   done reward=-0.1348 task_sr=0.8500 subtask_sr=0.9766 (7.5s)
[scanB_stageB_balanced_seed42_20260215_014509][Static] [Baselines] ep=79 (79/120) policy=Static (1/1) ...
[scanB_stageB_balanced_seed42_20260215_014509][Static] [Baselines]   done reward=-0.0063 task_sr=0.2500 subtask_sr=0.7643 (9.5s)
[scanB_stageB_balanced_seed42_20260215_014509][Static] [Baselines] ep=80 (80/120) policy=Static (1/1) ...
[scanB_stageB_balanced_seed42_20260215_014509][Static] [Baselines]   done reward=-0.0223 task_sr=0.5500 subtask_sr=0.8623 (8.4s)
[scanB_stageB_balanced_seed42_20260215_014509][Static] [Baselines] ep=81 (81/120) policy=Static (1/1) ...
[scanB_stageB_balanced_seed42_20260215_014509][Static] [Baselines]   done reward=-0.0217 task_sr=0.8500 subtask_sr=0.9928 (6.9s)
[scanB_stageB_balanced_seed42_20260215_014509][Static] [Baselines] ep=82 (82/120) policy=Static (1/1) ...
[scanB_stageB_balanced_seed42_20260215_014509][Static] [Baselines]   done reward=-0.0440 task_sr=0.8000 subtask_sr=0.9766 (7.4s)
[scanB_stageB_balanced_seed42_20260215_014509][Static] [Baselines] ep=83 (83/120) policy=Static (1/1) ...
[scanB_stageB_balanced_seed42_20260215_014509][Static] [Baselines]   done reward=-0.0880 task_sr=0.5500 subtask_sr=0.9251 (7.9s)
[scanB_stageB_balanced_seed42_20260215_014509][Static] [Baselines] ep=84 (84/120) policy=Static (1/1) ...
[scanB_stageB_balanced_seed42_20260215_014509][Static] [Baselines]   done reward=-0.0475 task_sr=0.2500 subtask_sr=0.7887 (10.1s)
[scanB_stageB_balanced_seed42_20260215_014509][Static] [Baselines] ep=85 (85/120) policy=Static (1/1) ...
[scanB_stageB_balanced_seed42_20260215_014509][Static] [Baselines]   done reward=-0.0420 task_sr=0.8000 subtask_sr=0.9760 (6.9s)
[scanB_stageB_balanced_seed42_20260215_014509][Static] [Baselines] ep=86 (86/120) policy=Static (1/1) ...
[scanB_stageB_balanced_seed42_20260215_014509][Static] [Baselines]   done reward=-0.0384 task_sr=0.2500 subtask_sr=0.6995 (9.9s)
[scanB_stageB_balanced_seed42_20260215_014509][Static] [Baselines] ep=87 (87/120) policy=Static (1/1) ...
[scanB_stageB_balanced_seed42_20260215_014509][Static] [Baselines]   done reward=-0.0686 task_sr=0.9000 subtask_sr=0.9812 (7.2s)
[scanB_stageB_balanced_seed42_20260215_014509][Static] [Baselines] ep=88 (88/120) policy=Static (1/1) ...
[scanB_stageB_balanced_seed42_20260215_014509][Static] [Baselines]   done reward=-0.0025 task_sr=0.4500 subtask_sr=0.8687 (8.3s)
[scanB_stageB_balanced_seed42_20260215_014509][Static] [Baselines] ep=89 (89/120) policy=Static (1/1) ...
[scanB_stageB_balanced_seed42_20260215_014509][Static] [Baselines]   done reward=-0.0074 task_sr=0.5500 subtask_sr=0.8871 (8.6s)
[scanB_stageB_balanced_seed42_20260215_014509][Static] [Baselines] ep=90 (90/120) policy=Static (1/1) ...
[scanB_stageB_balanced_seed42_20260215_014509][Static] [Baselines]   done reward=-0.0185 task_sr=0.9000 subtask_sr=0.9885 (7.8s)
[scanB_stageB_balanced_seed42_20260215_014509][Static] [Baselines] ep=91 (91/120) policy=Static (1/1) ...
[scanB_stageB_balanced_seed42_20260215_014509][Static] [Baselines]   done reward=-0.0126 task_sr=0.9500 subtask_sr=0.9929 (7.2s)
[scanB_stageB_balanced_seed42_20260215_014509][Static] [Baselines] ep=92 (92/120) policy=Static (1/1) ...
[scanB_stageB_balanced_seed42_20260215_014509][Static] [Baselines]   done reward=-0.0729 task_sr=0.5000 subtask_sr=0.9211 (9.7s)
[scanB_stageB_balanced_seed42_20260215_014509][Static] [Baselines] ep=93 (93/120) policy=Static (1/1) ...
[scanB_stageB_balanced_seed42_20260215_014509][Static] [Baselines]   done reward=-0.0940 task_sr=0.3500 subtask_sr=0.6921 (8.8s)
[scanB_stageB_balanced_seed42_20260215_014509][Static] [Baselines] ep=94 (94/120) policy=Static (1/1) ...
[scanB_stageB_balanced_seed42_20260215_014509][Static] [Baselines]   done reward=-0.0678 task_sr=0.2000 subtask_sr=0.6097 (10.1s)
[scanB_stageB_balanced_seed42_20260215_014509][Static] [Baselines] ep=95 (95/120) policy=Static (1/1) ...
[scanB_stageB_balanced_seed42_20260215_014509][Static] [Baselines]   done reward=-0.0004 task_sr=0.8000 subtask_sr=0.9761 (7.2s)
[scanB_stageB_balanced_seed42_20260215_014509][Static] [Baselines] ep=96 (96/120) policy=Static (1/1) ...
[scanB_stageB_balanced_seed42_20260215_014509][Static] [Baselines]   done reward=-0.0727 task_sr=0.4500 subtask_sr=0.8473 (10.7s)
[scanB_stageB_balanced_seed42_20260215_014509][Static] [Baselines] ep=97 (97/120) policy=Static (1/1) ...
[scanB_stageB_balanced_seed42_20260215_014509][Static] [Baselines]   done reward=-0.0240 task_sr=0.8500 subtask_sr=0.9787 (7.3s)
[scanB_stageB_balanced_seed42_20260215_014509][Static] [Baselines] ep=98 (98/120) policy=Static (1/1) ...
[scanB_stageB_balanced_seed42_20260215_014509][Static] [Baselines]   done reward=-0.1013 task_sr=0.3000 subtask_sr=0.5338 (9.3s)
[scanB_stageB_balanced_seed42_20260215_014509][Static] [Baselines] ep=99 (99/120) policy=Static (1/1) ...
[scanB_stageB_balanced_seed42_20260215_014509][Static] [Baselines]   done reward=-0.0189 task_sr=0.7000 subtask_sr=0.9431 (7.9s)
[scanB_stageB_balanced_seed42_20260215_014509][Static] [Baselines] ep=100 (100/120) policy=Static (1/1) ...
[scanB_stageB_balanced_seed42_20260215_014509][Static] [Baselines]   done reward=-0.1012 task_sr=1.0000 subtask_sr=1.0000 (5.9s)
[scanB_stageB_balanced_seed42_20260215_014509][Static] [Baselines] ep=101 (101/120) policy=Static (1/1) ...
[scanB_stageB_balanced_seed42_20260215_014509][Static] [Baselines]   done reward=-0.0922 task_sr=0.3500 subtask_sr=0.8047 (8.9s)
[scanB_stageB_balanced_seed42_20260215_014509][Static] [Baselines] ep=102 (102/120) policy=Static (1/1) ...
[scanB_stageB_balanced_seed42_20260215_014509][Static] [Baselines]   done reward=-0.0832 task_sr=0.1000 subtask_sr=0.5274 (11.7s)
[scanB_stageB_balanced_seed42_20260215_014509][Static] [Baselines] ep=103 (103/120) policy=Static (1/1) ...
[scanB_stageB_balanced_seed42_20260215_014509][Static] [Baselines]   done reward=-0.0926 task_sr=0.6000 subtask_sr=0.9474 (8.4s)
[scanB_stageB_balanced_seed42_20260215_014509][Static] [Baselines] ep=104 (104/120) policy=Static (1/1) ...
[scanB_stageB_balanced_seed42_20260215_014509][Static] [Baselines]   done reward=-0.0031 task_sr=0.6500 subtask_sr=0.9145 (8.5s)
[scanB_stageB_balanced_seed42_20260215_014509][Static] [Baselines] ep=105 (105/120) policy=Static (1/1) ...
[scanB_stageB_balanced_seed42_20260215_014509][Static] [Baselines]   done reward=-0.0442 task_sr=0.4500 subtask_sr=0.8582 (8.2s)
[scanB_stageB_balanced_seed42_20260215_014509][Static] [Baselines] ep=106 (106/120) policy=Static (1/1) ...
[scanB_stageB_balanced_seed42_20260215_014509][Static] [Baselines]   done reward=-0.1379 task_sr=0.3500 subtask_sr=0.5981 (9.5s)
[scanB_stageB_balanced_seed42_20260215_014509][Static] [Baselines] ep=107 (107/120) policy=Static (1/1) ...
[scanB_stageB_balanced_seed42_20260215_014509][Static] [Baselines]   done reward=-0.0181 task_sr=0.8000 subtask_sr=0.9649 (8.1s)
[scanB_stageB_balanced_seed42_20260215_014509][Static] [Baselines] ep=108 (108/120) policy=Static (1/1) ...
[scanB_stageB_balanced_seed42_20260215_014509][Static] [Baselines]   done reward=-0.0850 task_sr=0.6000 subtask_sr=0.9242 (8.2s)
[scanB_stageB_balanced_seed42_20260215_014509][Static] [Baselines] ep=109 (109/120) policy=Static (1/1) ...
[scanB_stageB_balanced_seed42_20260215_014509][Static] [Baselines]   done reward=-0.0175 task_sr=0.9000 subtask_sr=0.9854 (7.4s)
[scanB_stageB_balanced_seed42_20260215_014509][Static] [Baselines] ep=110 (110/120) policy=Static (1/1) ...
[scanB_stageB_balanced_seed42_20260215_014509][Static] [Baselines]   done reward=-0.0457 task_sr=0.4500 subtask_sr=0.8708 (9.2s)
[scanB_stageB_balanced_seed42_20260215_014509][Static] [Baselines] ep=111 (111/120) policy=Static (1/1) ...
[scanB_stageB_balanced_seed42_20260215_014509][Static] [Baselines]   done reward=-0.0383 task_sr=0.2000 subtask_sr=0.6795 (11.0s)
[scanB_stageB_balanced_seed42_20260215_014509][Static] [Baselines] ep=112 (112/120) policy=Static (1/1) ...
[scanB_stageB_balanced_seed42_20260215_014509][Static] [Baselines]   done reward=-0.0177 task_sr=0.7500 subtask_sr=0.9729 (6.9s)
[scanB_stageB_balanced_seed42_20260215_014509][Static] [Baselines] ep=113 (113/120) policy=Static (1/1) ...
[scanB_stageB_balanced_seed42_20260215_014509][Static] [Baselines]   done reward=-0.0251 task_sr=0.6000 subtask_sr=0.8811 (9.0s)
[scanB_stageB_balanced_seed42_20260215_014509][Static] [Baselines] ep=114 (114/120) policy=Static (1/1) ...
[scanB_stageB_balanced_seed42_20260215_014509][Static] [Baselines]   done reward=-0.0303 task_sr=0.0500 subtask_sr=0.4787 (9.5s)
[scanB_stageB_balanced_seed42_20260215_014509][Static] [Baselines] ep=115 (115/120) policy=Static (1/1) ...
[scanB_stageB_balanced_seed42_20260215_014509][Static] [Baselines]   done reward=-0.0563 task_sr=0.5000 subtask_sr=0.8329 (9.3s)
[scanB_stageB_balanced_seed42_20260215_014509][Static] [Baselines] ep=116 (116/120) policy=Static (1/1) ...
[scanB_stageB_balanced_seed42_20260215_014509][Static] [Baselines]   done reward=-0.0313 task_sr=0.6500 subtask_sr=0.9187 (7.3s)
[scanB_stageB_balanced_seed42_20260215_014509][Static] [Baselines] ep=117 (117/120) policy=Static (1/1) ...
[scanB_stageB_balanced_seed42_20260215_014509][Static] [Baselines]   done reward=-0.0453 task_sr=0.7000 subtask_sr=0.9516 (6.5s)
[scanB_stageB_balanced_seed42_20260215_014509][Static] [Baselines] ep=118 (118/120) policy=Static (1/1) ...
[scanB_stageB_balanced_seed42_20260215_014509][Static] [Baselines]   done reward=-0.0538 task_sr=0.5500 subtask_sr=0.8791 (8.9s)
[scanB_stageB_balanced_seed42_20260215_014509][Static] [Baselines] ep=119 (119/120) policy=Static (1/1) ...
[scanB_stageB_balanced_seed42_20260215_014509][Static] [Baselines]   done reward=-0.0131 task_sr=0.6000 subtask_sr=0.9214 (6.4s)
[scanB_stageB_balanced_seed42_20260215_014509][Static] [Baselines] ep=120 (120/120) policy=Static (1/1) ...
[scanB_stageB_balanced_seed42_20260215_014509][Static] [Baselines]   done reward=-0.0389 task_sr=0.9500 subtask_sr=1.0000 (5.1s)
[scanB_stageB_balanced_seed42_20260215_014509][Static] ✓ Baseline stats saved: /Users/qiutao/研/毕设/毕设/vecOffloadingSim/runs/scanB_stageB_balanced_seed42_20260215_014509/logs/baseline_parts/Static.csv
[scanB_stageB_balanced_seed42_20260215_014509][Static] 结果摘要 (均值):
[scanB_stageB_balanced_seed42_20260215_014509][Static]   Static     reward=-0.0446 task_sr=0.5687 subtask_sr=0.8752
