[Baselines] run_dir=/Users/qiutao/研/毕设/毕设/vecOffloadingSim/runs/formal_rerun_n20_all_seed42_latest_patch_paperfix_v1
[Baselines] num_episodes=120 seed=42 max_steps=200
[Baselines] policies=['Random', 'Local-Only', 'Greedy', 'EFT', 'CP-EFT', 'LB-Greedy', 'Static']
[Baselines] ep=1 (1/120) policy=Random (1/7) ...
[Baselines]   done reward=-9.7197 task_sr=0.0000 subtask_sr=0.1178 (10.3s)
[Baselines] ep=1 (1/120) policy=Local-Only (2/7) ...
[Baselines]   done reward=-0.1786 task_sr=0.6000 subtask_sr=0.8726 (5.5s)
[Baselines] ep=1 (1/120) policy=Greedy (3/7) ...
[Baselines]   done reward=-0.0009 task_sr=0.8000 subtask_sr=0.9856 (4.5s)
[Baselines] ep=1 (1/120) policy=EFT (4/7) ...
[Baselines]   done reward=-1.8191 task_sr=0.2000 subtask_sr=0.5072 (8.8s)
[Baselines] ep=1 (1/120) policy=CP-EFT (5/7) ...
[Baselines]   done reward=-2.3668 task_sr=0.3000 subtask_sr=0.6034 (8.6s)
[Baselines] ep=1 (1/120) policy=LB-Greedy (6/7) ...
[Baselines]   done reward=-2.3961 task_sr=0.3500 subtask_sr=0.5312 (8.8s)
[Baselines] ep=1 (1/120) policy=Static (7/7) ...
[Baselines]   done reward=-0.0825 task_sr=0.6000 subtask_sr=0.8870 (5.6s)
[Baselines] ep=2 (2/120) policy=Random (1/7) ...
[Baselines]   done reward=-7.4023 task_sr=0.0000 subtask_sr=0.1499 (10.1s)
[Baselines] ep=2 (2/120) policy=Local-Only (2/7) ...
[Baselines]   done reward=-0.3468 task_sr=0.6500 subtask_sr=0.9133 (4.9s)
[Baselines] ep=2 (2/120) policy=Greedy (3/7) ...
[Baselines]   done reward=-0.0112 task_sr=0.7000 subtask_sr=0.9789 (4.5s)
[Baselines] ep=2 (2/120) policy=EFT (4/7) ...
[Baselines]   done reward=-4.2647 task_sr=0.1500 subtask_sr=0.5621 (8.6s)
[Baselines] ep=2 (2/120) policy=CP-EFT (5/7) ...
[Baselines]   done reward=-3.9336 task_sr=0.1500 subtask_sr=0.4309 (8.7s)
[Baselines] ep=2 (2/120) policy=LB-Greedy (6/7) ...
[Baselines]   done reward=-4.7376 task_sr=0.1500 subtask_sr=0.3841 (9.1s)
[Baselines] ep=2 (2/120) policy=Static (7/7) ...
[Baselines]   done reward=-0.1489 task_sr=0.5000 subtask_sr=0.8244 (5.4s)
[Baselines] ep=3 (3/120) policy=Random (1/7) ...
[Baselines]   done reward=-5.1880 task_sr=0.0000 subtask_sr=0.1002 (10.1s)
[Baselines] ep=3 (3/120) policy=Local-Only (2/7) ...
[Baselines]   done reward=-0.3347 task_sr=0.8000 subtask_sr=0.9212 (4.5s)
[Baselines] ep=3 (3/120) policy=Greedy (3/7) ...
[Baselines]   done reward=0.0051 task_sr=0.9000 subtask_sr=0.9809 (3.9s)
[Baselines] ep=3 (3/120) policy=EFT (4/7) ...
[Baselines]   done reward=-4.7192 task_sr=0.0500 subtask_sr=0.4773 (9.3s)
[Baselines] ep=3 (3/120) policy=CP-EFT (5/7) ...
[Baselines]   done reward=-0.8292 task_sr=0.4000 subtask_sr=0.6730 (8.0s)
[Baselines] ep=3 (3/120) policy=LB-Greedy (6/7) ...
[Baselines]   done reward=-3.2124 task_sr=0.1000 subtask_sr=0.4797 (9.2s)
[Baselines] ep=3 (3/120) policy=Static (7/7) ...
[Baselines]   done reward=-0.1479 task_sr=1.0000 subtask_sr=1.0000 (4.1s)
[Baselines] ep=4 (4/120) policy=Random (1/7) ...
[Baselines]   done reward=-10.8158 task_sr=0.0000 subtask_sr=0.0623 (10.8s)
[Baselines] ep=4 (4/120) policy=Local-Only (2/7) ...
[Baselines]   done reward=-0.2768 task_sr=0.7500 subtask_sr=0.9227 (5.1s)
[Baselines] ep=4 (4/120) policy=Greedy (3/7) ...
[Baselines]   done reward=-0.0031 task_sr=0.8500 subtask_sr=0.9751 (4.6s)
[Baselines] ep=4 (4/120) policy=EFT (4/7) ...
[Baselines]   done reward=-4.9999 task_sr=0.3000 subtask_sr=0.6883 (9.0s)
[Baselines] ep=4 (4/120) policy=CP-EFT (5/7) ...
[Baselines]   done reward=-5.8720 task_sr=0.2000 subtask_sr=0.5362 (9.6s)
[Baselines] ep=4 (4/120) policy=LB-Greedy (6/7) ...
[Baselines]   done reward=-7.3191 task_sr=0.1000 subtask_sr=0.3741 (10.1s)
[Baselines] ep=4 (4/120) policy=Static (7/7) ...
[Baselines]   done reward=-0.0329 task_sr=0.8000 subtask_sr=0.9676 (4.9s)
[Baselines] ep=5 (5/120) policy=Random (1/7) ...
[Baselines]   done reward=-6.4229 task_sr=0.0000 subtask_sr=0.1659 (10.1s)
[Baselines] ep=5 (5/120) policy=Local-Only (2/7) ...
[Baselines]   done reward=-0.3576 task_sr=0.6000 subtask_sr=0.9052 (4.9s)
[Baselines] ep=5 (5/120) policy=Greedy (3/7) ...
[Baselines]   done reward=0.0091 task_sr=0.9500 subtask_sr=0.9976 (4.0s)
[Baselines] ep=5 (5/120) policy=EFT (4/7) ...
[Baselines]   done reward=-3.1194 task_sr=0.1000 subtask_sr=0.4597 (9.2s)
[Baselines] ep=5 (5/120) policy=CP-EFT (5/7) ...
[Baselines]   done reward=-5.4081 task_sr=0.3000 subtask_sr=0.5735 (8.9s)
[Baselines] ep=5 (5/120) policy=LB-Greedy (6/7) ...
[Baselines]   done reward=-3.8699 task_sr=0.1500 subtask_sr=0.4787 (9.1s)
[Baselines] ep=5 (5/120) policy=Static (7/7) ...
[Baselines]   done reward=-0.0531 task_sr=0.8000 subtask_sr=0.9621 (5.1s)
[Baselines] ep=6 (6/120) policy=Random (1/7) ...
[Baselines]   done reward=-4.5376 task_sr=0.0000 subtask_sr=0.1084 (10.4s)
[Baselines] ep=6 (6/120) policy=Local-Only (2/7) ...
[Baselines]   done reward=-0.3605 task_sr=0.8000 subtask_sr=0.9253 (4.9s)
[Baselines] ep=6 (6/120) policy=Greedy (3/7) ...
[Baselines]   done reward=0.0104 task_sr=1.0000 subtask_sr=1.0000 (3.9s)
[Baselines] ep=6 (6/120) policy=EFT (4/7) ...
[Baselines]   done reward=-4.4381 task_sr=0.2500 subtask_sr=0.5036 (9.0s)
[Baselines] ep=6 (6/120) policy=CP-EFT (5/7) ...
[Baselines]   done reward=-4.6804 task_sr=0.1000 subtask_sr=0.5060 (9.3s)
[Baselines] ep=6 (6/120) policy=LB-Greedy (6/7) ...
[Baselines]   done reward=-1.1203 task_sr=0.2000 subtask_sr=0.3880 (9.5s)
[Baselines] ep=6 (6/120) policy=Static (7/7) ...
[Baselines]   done reward=-0.0944 task_sr=0.8000 subtask_sr=0.9590 (4.5s)
[Baselines] ep=7 (7/120) policy=Random (1/7) ...
[Baselines]   done reward=-4.9877 task_sr=0.0000 subtask_sr=0.1485 (10.1s)
[Baselines] ep=7 (7/120) policy=Local-Only (2/7) ...
[Baselines]   done reward=-0.2534 task_sr=0.7000 subtask_sr=0.8933 (5.0s)
[Baselines] ep=7 (7/120) policy=Greedy (3/7) ...
[Baselines]   done reward=-0.0135 task_sr=0.7500 subtask_sr=0.9559 (4.7s)
[Baselines] ep=7 (7/120) policy=EFT (4/7) ...
[Baselines]   done reward=-0.7712 task_sr=0.2000 subtask_sr=0.5128 (8.7s)
[Baselines] ep=7 (7/120) policy=CP-EFT (5/7) ...
[Baselines]   done reward=-3.5935 task_sr=0.1500 subtask_sr=0.5081 (9.1s)
[Baselines] ep=7 (7/120) policy=LB-Greedy (6/7) ...
[Baselines]   done reward=-2.6066 task_sr=0.3000 subtask_sr=0.5870 (8.6s)
[Baselines] ep=7 (7/120) policy=Static (7/7) ...
[Baselines]   done reward=-0.0951 task_sr=0.7500 subtask_sr=0.9374 (4.8s)
[Baselines] ep=8 (8/120) policy=Random (1/7) ...
[Baselines]   done reward=-8.5475 task_sr=0.0000 subtask_sr=0.0339 (10.4s)
[Baselines] ep=8 (8/120) policy=Local-Only (2/7) ...
[Baselines]   done reward=-0.2422 task_sr=0.6000 subtask_sr=0.9201 (6.0s)
[Baselines] ep=8 (8/120) policy=Greedy (3/7) ...
[Baselines]   done reward=-0.0244 task_sr=0.4500 subtask_sr=0.9249 (5.7s)
[Baselines] ep=8 (8/120) policy=EFT (4/7) ...
[Baselines]   done reward=-0.7173 task_sr=0.3500 subtask_sr=0.5811 (8.6s)
[Baselines] ep=8 (8/120) policy=CP-EFT (5/7) ...
[Baselines]   done reward=-3.9588 task_sr=0.2000 subtask_sr=0.4649 (9.4s)
[Baselines] ep=8 (8/120) policy=LB-Greedy (6/7) ...
[Baselines]   done reward=-1.1212 task_sr=0.4500 subtask_sr=0.6029 (8.8s)
[Baselines] ep=8 (8/120) policy=Static (7/7) ...
[Baselines]   done reward=-0.0224 task_sr=0.8000 subtask_sr=0.9734 (6.2s)
[Baselines] ep=9 (9/120) policy=Random (1/7) ...
[Baselines]   done reward=-7.3914 task_sr=0.0000 subtask_sr=0.0796 (11.1s)
[Baselines] ep=9 (9/120) policy=Local-Only (2/7) ...
[Baselines]   done reward=-0.4193 task_sr=0.8000 subtask_sr=0.9415 (4.8s)
[Baselines] ep=9 (9/120) policy=Greedy (3/7) ...
[Baselines]   done reward=-0.0200 task_sr=0.5500 subtask_sr=0.8806 (5.6s)
[Baselines] ep=9 (9/120) policy=EFT (4/7) ...
[Baselines]   done reward=-1.3779 task_sr=0.4000 subtask_sr=0.6487 (8.7s)
[Baselines] ep=9 (9/120) policy=CP-EFT (5/7) ...
[Baselines]   done reward=-2.2340 task_sr=0.3500 subtask_sr=0.5667 (9.2s)
[Baselines] ep=9 (9/120) policy=LB-Greedy (6/7) ...
[Baselines]   done reward=-2.6716 task_sr=0.3000 subtask_sr=0.6183 (9.1s)
[Baselines] ep=9 (9/120) policy=Static (7/7) ...
[Baselines]   done reward=-0.0357 task_sr=0.8500 subtask_sr=0.9906 (4.6s)
[Baselines] ep=10 (10/120) policy=Random (1/7) ...
[Baselines]   done reward=-6.7526 task_sr=0.0000 subtask_sr=0.1496 (10.2s)