[2026-03-19 03:35:16] Abnormal termination
run_id=run_20260319_032045
run_dir=/root/vecOffloadingSim/runs/run_20260319_032045
episode=130
step=0
exception=KeyboardInterrupt: 
traceback:
Traceback (most recent call last):
  File "/root/vecOffloadingSim/train.py", line 4124, in <module>
    main()
  File "/root/vecOffloadingSim/train.py", line 2310, in main
    next_obs_list, rewards, terminated, truncated, info = env.step(actions)
  File "/root/vecOffloadingSim/envs/vec_offloading_env.py", line 4387, in step
    self._capture_rate_snapshot(commit_plans)
  File "/root/vecOffloadingSim/envs/vec_offloading_env.py", line 930, in _capture_rate_snapshot
    _add_pair(("VEH", v.id), ("VEH", cand_id), "V2V", tx_power_dbm)
  File "/root/vecOffloadingSim/envs/vec_offloading_env.py", line 843, in _add_pair
    rate = self._compute_pair_rate(
  File "/root/vecOffloadingSim/envs/vec_offloading_env.py", line 689, in _compute_pair_rate
    return self.channel.compute_one_rate(
  File "/root/vecOffloadingSim/envs/modules/channel.py", line 420, in compute_one_rate
    interference = self._compute_interference(
  File "/root/vecOffloadingSim/envs/modules/channel.py", line 499, in _compute_interference
    total_interference = np.sum(interference_powers)
  File "/root/miniconda3/lib/python3.10/site-packages/numpy/core/fromnumeric.py", line 2313, in sum
    return _wrapreduction(a, np.add, 'sum', axis, dtype, out, keepdims=keepdims,
  File "/root/miniconda3/lib/python3.10/site-packages/numpy/core/fromnumeric.py", line 88, in _wrapreduction
    return ufunc.reduce(obj, axis, dtype, out, **passkwargs)
KeyboardInterrupt

