[2026-02-23 22:27:51] Abnormal termination
run_id=exp_dynamic_paper_v2
run_dir=/root/vecOffloadingSim/runs/exp_dynamic_paper_v2
episode=147
step=1
exception=KeyboardInterrupt: 
traceback:
Traceback (most recent call last):
  File "/root/vecOffloadingSim/scripts/run_dynamic_eval_smoke.py", line 61, in <module>
    main()
  File "/root/vecOffloadingSim/scripts/run_dynamic_eval_smoke.py", line 57, in main
    train.main()
  File "/root/vecOffloadingSim/train.py", line 2102, in main
    next_obs_list, rewards, terminated, truncated, info = env.step(actions)
  File "/root/vecOffloadingSim/envs/vec_offloading_env.py", line 4242, in step
    return self._get_obs(), rewards, terminated, truncated, info
  File "/root/vecOffloadingSim/envs/vec_offloading_env.py", line 5110, in _get_obs
    resource_raw[:, col] = np.clip(resource_raw[:, col], -1.0, 1.0)
  File "/root/miniconda3/lib/python3.10/site-packages/numpy/core/fromnumeric.py", line 2169, in clip
    return _wrapfunc(a, 'clip', a_min, a_max, out=out, **kwargs)
  File "/root/miniconda3/lib/python3.10/site-packages/numpy/core/fromnumeric.py", line 59, in _wrapfunc
    return bound(*args, **kwds)
  File "/root/miniconda3/lib/python3.10/site-packages/numpy/core/_methods.py", line 99, in _clip
    return um.clip(a, min, max, out=out, **kwargs)
KeyboardInterrupt

