[2026-03-19 03:37:12] Abnormal termination
run_id=run_20260319_033531
run_dir=/root/vecOffloadingSim/runs/run_20260319_033531
episode=13
step=10
exception=KeyboardInterrupt: 
traceback:
Traceback (most recent call last):
  File "/root/vecOffloadingSim/train.py", line 4127, in <module>
    main()
  File "/root/vecOffloadingSim/train.py", line 2310, in main
    next_obs_list, rewards, terminated, truncated, info = env.step(actions)
  File "/root/vecOffloadingSim/envs/vec_offloading_env.py", line 4415, in step
    phi_prev = self._estimate_decision_phi(v)
  File "/root/vecOffloadingSim/envs/vec_offloading_env.py", line 2736, in _estimate_decision_phi
    est = self._estimate_snapshot_target_cost(
  File "/root/vecOffloadingSim/envs/vec_offloading_env.py", line 2653, in _estimate_snapshot_target_cost
    return self._estimate_latency_oracle(
  File "/root/vecOffloadingSim/envs/vec_offloading_env.py", line 2577, in _estimate_latency_oracle
    sojourn_terms = self._estimate_rsu_sojourn_proxy_terms(rsu_id, cycles, owner_vehicle_id=vehicle.id)
  File "/root/vecOffloadingSim/envs/vec_offloading_env.py", line 2430, in _estimate_rsu_sojourn_proxy_terms
    arrival_work = float(self._estimate_rsu_arrival_work_proxy(int(rsu_id), owner_vehicle_id=owner_vehicle_id))
  File "/root/vecOffloadingSim/envs/vec_offloading_env.py", line 2410, in _estimate_rsu_arrival_work_proxy
    if dag is None or getattr(dag, "is_finished", False) or getattr(dag, "is_failed", False):
  File "/root/vecOffloadingSim/envs/entities/task_dag.py", line 143, in is_finished
    return np.all(self.status == 3)
  File "/root/miniconda3/lib/python3.10/site-packages/numpy/core/fromnumeric.py", line 2504, in all
    return _wrapreduction(a, np.logical_and, 'all', axis, None, out,
  File "/root/miniconda3/lib/python3.10/site-packages/numpy/core/fromnumeric.py", line 72, in _wrapreduction
    passkwargs = {k: v for k, v in kwargs.items()
  File "/root/miniconda3/lib/python3.10/site-packages/numpy/core/fromnumeric.py", line 72, in <dictcomp>
    passkwargs = {k: v for k, v in kwargs.items()
KeyboardInterrupt

