[scanB_stageB_balanced_seed42_20260215_014509][CP-EFT] [Baselines] run_dir=/Users/qiutao/研/毕设/毕设/vecOffloadingSim/runs/scanB_stageB_balanced_seed42_20260215_014509
[scanB_stageB_balanced_seed42_20260215_014509][CP-EFT] [Baselines] num_episodes=120 seed=42 max_steps=200
[scanB_stageB_balanced_seed42_20260215_014509][CP-EFT] [Baselines] policies=['CP-EFT']
[scanB_stageB_balanced_seed42_20260215_014509][CP-EFT] [Baselines] ep=1 (1/120) policy=CP-EFT (1/1) ...
[scanB_stageB_balanced_seed42_20260215_014509][CP-EFT] [Baselines]   done reward=-1.7827 task_sr=0.2000 subtask_sr=0.5625 (13.4s)
[scanB_stageB_balanced_seed42_20260215_014509][CP-EFT] [Baselines] ep=2 (2/120) policy=CP-EFT (1/1) ...
[scanB_stageB_balanced_seed42_20260215_014509][CP-EFT] [Baselines]   done reward=-0.9433 task_sr=0.2000 subtask_sr=0.6417 (12.8s)
[scanB_stageB_balanced_seed42_20260215_014509][CP-EFT] [Baselines] ep=3 (3/120) policy=CP-EFT (1/1) ...
[scanB_stageB_balanced_seed42_20260215_014509][CP-EFT] [Baselines]   done reward=-1.6643 task_sr=0.2000 subtask_sr=0.5036 (14.0s)
[scanB_stageB_balanced_seed42_20260215_014509][CP-EFT] [Baselines] ep=4 (4/120) policy=CP-EFT (1/1) ...
[scanB_stageB_balanced_seed42_20260215_014509][CP-EFT] [Baselines]   done reward=-2.5168 task_sr=0.2000 subtask_sr=0.5985 (16.0s)
[scanB_stageB_balanced_seed42_20260215_014509][CP-EFT] [Baselines] ep=5 (5/120) policy=CP-EFT (1/1) ...
[scanB_stageB_balanced_seed42_20260215_014509][CP-EFT] [Baselines]   done reward=-0.9234 task_sr=0.3500 subtask_sr=0.6209 (12.8s)
[scanB_stageB_balanced_seed42_20260215_014509][CP-EFT] [Baselines] ep=6 (6/120) policy=CP-EFT (1/1) ...
[scanB_stageB_balanced_seed42_20260215_014509][CP-EFT] [Baselines]   done reward=-0.9393 task_sr=0.2000 subtask_sr=0.5928 (15.0s)
[scanB_stageB_balanced_seed42_20260215_014509][CP-EFT] [Baselines] ep=7 (7/120) policy=CP-EFT (1/1) ...
[scanB_stageB_balanced_seed42_20260215_014509][CP-EFT] [Baselines]   done reward=-0.9026 task_sr=0.3000 subtask_sr=0.6682 (13.3s)
[scanB_stageB_balanced_seed42_20260215_014509][CP-EFT] [Baselines] ep=8 (8/120) policy=CP-EFT (1/1) ...
[scanB_stageB_balanced_seed42_20260215_014509][CP-EFT] [Baselines]   done reward=-0.6404 task_sr=0.2500 subtask_sr=0.5860 (14.3s)
[scanB_stageB_balanced_seed42_20260215_014509][CP-EFT] [Baselines] ep=9 (9/120) policy=CP-EFT (1/1) ...
[scanB_stageB_balanced_seed42_20260215_014509][CP-EFT] [Baselines]   done reward=-0.7004 task_sr=0.1500 subtask_sr=0.5621 (15.5s)
[scanB_stageB_balanced_seed42_20260215_014509][CP-EFT] [Baselines] ep=10 (10/120) policy=CP-EFT (1/1) ...
[scanB_stageB_balanced_seed42_20260215_014509][CP-EFT] [Baselines]   done reward=-0.6340 task_sr=0.4500 subtask_sr=0.8219 (12.7s)
[scanB_stageB_balanced_seed42_20260215_014509][CP-EFT] [Baselines] ep=11 (11/120) policy=CP-EFT (1/1) ...
[scanB_stageB_balanced_seed42_20260215_014509][CP-EFT] [Baselines]   done reward=-0.8763 task_sr=0.1500 subtask_sr=0.4976 (13.3s)
[scanB_stageB_balanced_seed42_20260215_014509][CP-EFT] [Baselines] ep=12 (12/120) policy=CP-EFT (1/1) ...
[scanB_stageB_balanced_seed42_20260215_014509][CP-EFT] [Baselines]   done reward=-0.9974 task_sr=0.3000 subtask_sr=0.6235 (11.9s)
[scanB_stageB_balanced_seed42_20260215_014509][CP-EFT] [Baselines] ep=13 (13/120) policy=CP-EFT (1/1) ...
[scanB_stageB_balanced_seed42_20260215_014509][CP-EFT] [Baselines]   done reward=-0.6670 task_sr=0.3000 subtask_sr=0.6636 (10.0s)
[scanB_stageB_balanced_seed42_20260215_014509][CP-EFT] [Baselines] ep=14 (14/120) policy=CP-EFT (1/1) ...
[scanB_stageB_balanced_seed42_20260215_014509][CP-EFT] [Baselines]   done reward=-0.6857 task_sr=0.1500 subtask_sr=0.6150 (14.1s)
[scanB_stageB_balanced_seed42_20260215_014509][CP-EFT] [Baselines] ep=15 (15/120) policy=CP-EFT (1/1) ...
[scanB_stageB_balanced_seed42_20260215_014509][CP-EFT] [Baselines]   done reward=-1.9244 task_sr=0.4000 subtask_sr=0.6214 (13.5s)
[scanB_stageB_balanced_seed42_20260215_014509][CP-EFT] [Baselines] ep=16 (16/120) policy=CP-EFT (1/1) ...
[scanB_stageB_balanced_seed42_20260215_014509][CP-EFT] [Baselines]   done reward=-0.6627 task_sr=0.2000 subtask_sr=0.6313 (14.6s)
[scanB_stageB_balanced_seed42_20260215_014509][CP-EFT] [Baselines] ep=17 (17/120) policy=CP-EFT (1/1) ...
[scanB_stageB_balanced_seed42_20260215_014509][CP-EFT] [Baselines]   done reward=-1.4720 task_sr=0.3500 subtask_sr=0.6579 (13.4s)
[scanB_stageB_balanced_seed42_20260215_014509][CP-EFT] [Baselines] ep=18 (18/120) policy=CP-EFT (1/1) ...
[scanB_stageB_balanced_seed42_20260215_014509][CP-EFT] [Baselines]   done reward=-1.2340 task_sr=0.1000 subtask_sr=0.4550 (15.4s)
[scanB_stageB_balanced_seed42_20260215_014509][CP-EFT] [Baselines] ep=19 (19/120) policy=CP-EFT (1/1) ...
[scanB_stageB_balanced_seed42_20260215_014509][CP-EFT] [Baselines]   done reward=-0.9572 task_sr=0.3000 subtask_sr=0.6163 (13.5s)
[scanB_stageB_balanced_seed42_20260215_014509][CP-EFT] [Baselines] ep=20 (20/120) policy=CP-EFT (1/1) ...
[scanB_stageB_balanced_seed42_20260215_014509][CP-EFT] [Baselines]   done reward=-0.6405 task_sr=0.2500 subtask_sr=0.7146 (12.5s)
[scanB_stageB_balanced_seed42_20260215_014509][CP-EFT] [Baselines] ep=21 (21/120) policy=CP-EFT (1/1) ...
[scanB_stageB_balanced_seed42_20260215_014509][CP-EFT] [Baselines]   done reward=-0.9763 task_sr=0.3500 subtask_sr=0.6550 (13.4s)
[scanB_stageB_balanced_seed42_20260215_014509][CP-EFT] [Baselines] ep=22 (22/120) policy=CP-EFT (1/1) ...
[scanB_stageB_balanced_seed42_20260215_014509][CP-EFT] [Baselines]   done reward=-1.3930 task_sr=0.1500 subtask_sr=0.5244 (13.9s)
[scanB_stageB_balanced_seed42_20260215_014509][CP-EFT] [Baselines] ep=23 (23/120) policy=CP-EFT (1/1) ...
[scanB_stageB_balanced_seed42_20260215_014509][CP-EFT] [Baselines]   done reward=-0.7713 task_sr=0.1000 subtask_sr=0.5202 (14.3s)
[scanB_stageB_balanced_seed42_20260215_014509][CP-EFT] [Baselines] ep=24 (24/120) policy=CP-EFT (1/1) ...
[scanB_stageB_balanced_seed42_20260215_014509][CP-EFT] [Baselines]   done reward=-2.5201 task_sr=0.1000 subtask_sr=0.4490 (13.9s)
[scanB_stageB_balanced_seed42_20260215_014509][CP-EFT] [Baselines] ep=25 (25/120) policy=CP-EFT (1/1) ...
[scanB_stageB_balanced_seed42_20260215_014509][CP-EFT] [Baselines]   done reward=-0.7385 task_sr=0.5000 subtask_sr=0.6408 (12.7s)
[scanB_stageB_balanced_seed42_20260215_014509][CP-EFT] [Baselines] ep=26 (26/120) policy=CP-EFT (1/1) ...
[scanB_stageB_balanced_seed42_20260215_014509][CP-EFT] [Baselines]   done reward=-0.2783 task_sr=0.1000 subtask_sr=0.4136 (14.2s)
[scanB_stageB_balanced_seed42_20260215_014509][CP-EFT] [Baselines] ep=27 (27/120) policy=CP-EFT (1/1) ...
[scanB_stageB_balanced_seed42_20260215_014509][CP-EFT] [Baselines]   done reward=-0.3589 task_sr=0.1500 subtask_sr=0.4717 (14.0s)
[scanB_stageB_balanced_seed42_20260215_014509][CP-EFT] [Baselines] ep=28 (28/120) policy=CP-EFT (1/1) ...
[scanB_stageB_balanced_seed42_20260215_014509][CP-EFT] [Baselines]   done reward=-0.7129 task_sr=0.4500 subtask_sr=0.6783 (12.5s)
[scanB_stageB_balanced_seed42_20260215_014509][CP-EFT] [Baselines] ep=29 (29/120) policy=CP-EFT (1/1) ...
[scanB_stageB_balanced_seed42_20260215_014509][CP-EFT] [Baselines]   done reward=-1.0620 task_sr=0.2500 subtask_sr=0.6763 (12.6s)
[scanB_stageB_balanced_seed42_20260215_014509][CP-EFT] [Baselines] ep=30 (30/120) policy=CP-EFT (1/1) ...
[scanB_stageB_balanced_seed42_20260215_014509][CP-EFT] [Baselines]   done reward=-0.6590 task_sr=0.1500 subtask_sr=0.6300 (14.4s)
[scanB_stageB_balanced_seed42_20260215_014509][CP-EFT] [Baselines] ep=31 (31/120) policy=CP-EFT (1/1) ...
[scanB_stageB_balanced_seed42_20260215_014509][CP-EFT] [Baselines]   done reward=-0.6066 task_sr=0.2000 subtask_sr=0.6331 (13.8s)
[scanB_stageB_balanced_seed42_20260215_014509][CP-EFT] [Baselines] ep=32 (32/120) policy=CP-EFT (1/1) ...
[scanB_stageB_balanced_seed42_20260215_014509][CP-EFT] [Baselines]   done reward=-0.8225 task_sr=0.3500 subtask_sr=0.5889 (13.5s)
[scanB_stageB_balanced_seed42_20260215_014509][CP-EFT] [Baselines] ep=33 (33/120) policy=CP-EFT (1/1) ...
[scanB_stageB_balanced_seed42_20260215_014509][CP-EFT] [Baselines]   done reward=-0.6565 task_sr=0.1000 subtask_sr=0.3803 (15.7s)
[scanB_stageB_balanced_seed42_20260215_014509][CP-EFT] [Baselines] ep=34 (34/120) policy=CP-EFT (1/1) ...
[scanB_stageB_balanced_seed42_20260215_014509][CP-EFT] [Baselines]   done reward=-1.0225 task_sr=0.4000 subtask_sr=0.6359 (13.9s)
[scanB_stageB_balanced_seed42_20260215_014509][CP-EFT] [Baselines] ep=35 (35/120) policy=CP-EFT (1/1) ...
[scanB_stageB_balanced_seed42_20260215_014509][CP-EFT] [Baselines]   done reward=-0.8775 task_sr=0.1500 subtask_sr=0.6176 (13.6s)
[scanB_stageB_balanced_seed42_20260215_014509][CP-EFT] [Baselines] ep=36 (36/120) policy=CP-EFT (1/1) ...
[scanB_stageB_balanced_seed42_20260215_014509][CP-EFT] [Baselines]   done reward=-0.9963 task_sr=0.2500 subtask_sr=0.4786 (15.4s)
[scanB_stageB_balanced_seed42_20260215_014509][CP-EFT] [Baselines] ep=37 (37/120) policy=CP-EFT (1/1) ...
[scanB_stageB_balanced_seed42_20260215_014509][CP-EFT] [Baselines]   done reward=-1.4381 task_sr=0.1000 subtask_sr=0.5972 (13.7s)
[scanB_stageB_balanced_seed42_20260215_014509][CP-EFT] [Baselines] ep=38 (38/120) policy=CP-EFT (1/1) ...
[scanB_stageB_balanced_seed42_20260215_014509][CP-EFT] [Baselines]   done reward=-1.3099 task_sr=0.3000 subtask_sr=0.6859 (11.7s)
[scanB_stageB_balanced_seed42_20260215_014509][CP-EFT] [Baselines] ep=39 (39/120) policy=CP-EFT (1/1) ...
[scanB_stageB_balanced_seed42_20260215_014509][CP-EFT] [Baselines]   done reward=-1.6000 task_sr=0.2000 subtask_sr=0.5748 (13.9s)
[scanB_stageB_balanced_seed42_20260215_014509][CP-EFT] [Baselines] ep=40 (40/120) policy=CP-EFT (1/1) ...
[scanB_stageB_balanced_seed42_20260215_014509][CP-EFT] [Baselines]   done reward=-1.1034 task_sr=0.1500 subtask_sr=0.4835 (14.8s)
[scanB_stageB_balanced_seed42_20260215_014509][CP-EFT] [Baselines] ep=41 (41/120) policy=CP-EFT (1/1) ...
[scanB_stageB_balanced_seed42_20260215_014509][CP-EFT] [Baselines]   done reward=-2.7758 task_sr=0.0500 subtask_sr=0.4010 (15.8s)
[scanB_stageB_balanced_seed42_20260215_014509][CP-EFT] [Baselines] ep=42 (42/120) policy=CP-EFT (1/1) ...
[scanB_stageB_balanced_seed42_20260215_014509][CP-EFT] [Baselines]   done reward=-0.4739 task_sr=0.3500 subtask_sr=0.6338 (12.6s)
[scanB_stageB_balanced_seed42_20260215_014509][CP-EFT] [Baselines] ep=43 (43/120) policy=CP-EFT (1/1) ...
[scanB_stageB_balanced_seed42_20260215_014509][CP-EFT] [Baselines]   done reward=-1.3376 task_sr=0.2000 subtask_sr=0.5105 (13.9s)
[scanB_stageB_balanced_seed42_20260215_014509][CP-EFT] [Baselines] ep=44 (44/120) policy=CP-EFT (1/1) ...
[scanB_stageB_balanced_seed42_20260215_014509][CP-EFT] [Baselines]   done reward=-0.7194 task_sr=0.3000 subtask_sr=0.5841 (12.7s)
[scanB_stageB_balanced_seed42_20260215_014509][CP-EFT] [Baselines] ep=45 (45/120) policy=CP-EFT (1/1) ...
[scanB_stageB_balanced_seed42_20260215_014509][CP-EFT] [Baselines]   done reward=-0.7763 task_sr=0.2500 subtask_sr=0.7348 (10.4s)
[scanB_stageB_balanced_seed42_20260215_014509][CP-EFT] [Baselines] ep=46 (46/120) policy=CP-EFT (1/1) ...
[scanB_stageB_balanced_seed42_20260215_014509][CP-EFT] [Baselines]   done reward=-2.0129 task_sr=0.2500 subtask_sr=0.5545 (13.4s)
[scanB_stageB_balanced_seed42_20260215_014509][CP-EFT] [Baselines] ep=47 (47/120) policy=CP-EFT (1/1) ...
[scanB_stageB_balanced_seed42_20260215_014509][CP-EFT] [Baselines]   done reward=-0.3143 task_sr=0.2000 subtask_sr=0.5646 (14.8s)
[scanB_stageB_balanced_seed42_20260215_014509][CP-EFT] [Baselines] ep=48 (48/120) policy=CP-EFT (1/1) ...
[scanB_stageB_balanced_seed42_20260215_014509][CP-EFT] [Baselines]   done reward=-1.0854 task_sr=0.1500 subtask_sr=0.6098 (14.3s)
[scanB_stageB_balanced_seed42_20260215_014509][CP-EFT] [Baselines] ep=49 (49/120) policy=CP-EFT (1/1) ...
[scanB_stageB_balanced_seed42_20260215_014509][CP-EFT] [Baselines]   done reward=-0.6462 task_sr=0.3000 subtask_sr=0.6448 (12.3s)
[scanB_stageB_balanced_seed42_20260215_014509][CP-EFT] [Baselines] ep=50 (50/120) policy=CP-EFT (1/1) ...
[scanB_stageB_balanced_seed42_20260215_014509][CP-EFT] [Baselines]   done reward=-0.9071 task_sr=0.3500 subtask_sr=0.6667 (11.5s)
[scanB_stageB_balanced_seed42_20260215_014509][CP-EFT] [Baselines] ep=51 (51/120) policy=CP-EFT (1/1) ...
[scanB_stageB_balanced_seed42_20260215_014509][CP-EFT] [Baselines]   done reward=-1.5123 task_sr=0.0000 subtask_sr=0.3812 (14.6s)
[scanB_stageB_balanced_seed42_20260215_014509][CP-EFT] [Baselines] ep=52 (52/120) policy=CP-EFT (1/1) ...
[scanB_stageB_balanced_seed42_20260215_014509][CP-EFT] [Baselines]   done reward=-0.4968 task_sr=0.3000 subtask_sr=0.6418 (13.3s)
[scanB_stageB_balanced_seed42_20260215_014509][CP-EFT] [Baselines] ep=53 (53/120) policy=CP-EFT (1/1) ...
[scanB_stageB_balanced_seed42_20260215_014509][CP-EFT] [Baselines]   done reward=-1.1613 task_sr=0.4000 subtask_sr=0.5721 (14.5s)
[scanB_stageB_balanced_seed42_20260215_014509][CP-EFT] [Baselines] ep=54 (54/120) policy=CP-EFT (1/1) ...
[scanB_stageB_balanced_seed42_20260215_014509][CP-EFT] [Baselines]   done reward=-1.9186 task_sr=0.1500 subtask_sr=0.4610 (13.7s)
[scanB_stageB_balanced_seed42_20260215_014509][CP-EFT] [Baselines] ep=55 (55/120) policy=CP-EFT (1/1) ...
[scanB_stageB_balanced_seed42_20260215_014509][CP-EFT] [Baselines]   done reward=-1.0226 task_sr=0.2500 subtask_sr=0.5629 (13.3s)
[scanB_stageB_balanced_seed42_20260215_014509][CP-EFT] [Baselines] ep=56 (56/120) policy=CP-EFT (1/1) ...
[scanB_stageB_balanced_seed42_20260215_014509][CP-EFT] [Baselines]   done reward=-0.7697 task_sr=0.4500 subtask_sr=0.7911 (14.3s)
[scanB_stageB_balanced_seed42_20260215_014509][CP-EFT] [Baselines] ep=57 (57/120) policy=CP-EFT (1/1) ...
[scanB_stageB_balanced_seed42_20260215_014509][CP-EFT] [Baselines]   done reward=-1.8579 task_sr=0.2000 subtask_sr=0.5543 (13.7s)
[scanB_stageB_balanced_seed42_20260215_014509][CP-EFT] [Baselines] ep=58 (58/120) policy=CP-EFT (1/1) ...
[scanB_stageB_balanced_seed42_20260215_014509][CP-EFT] [Baselines]   done reward=-0.3425 task_sr=0.3000 subtask_sr=0.6471 (11.7s)
[scanB_stageB_balanced_seed42_20260215_014509][CP-EFT] [Baselines] ep=59 (59/120) policy=CP-EFT (1/1) ...
[scanB_stageB_balanced_seed42_20260215_014509][CP-EFT] [Baselines]   done reward=-0.6185 task_sr=0.1500 subtask_sr=0.5107 (14.8s)
[scanB_stageB_balanced_seed42_20260215_014509][CP-EFT] [Baselines] ep=60 (60/120) policy=CP-EFT (1/1) ...
[scanB_stageB_balanced_seed42_20260215_014509][CP-EFT] [Baselines]   done reward=-0.6900 task_sr=0.2500 subtask_sr=0.6683 (10.5s)
[scanB_stageB_balanced_seed42_20260215_014509][CP-EFT] [Baselines] ep=61 (61/120) policy=CP-EFT (1/1) ...
[scanB_stageB_balanced_seed42_20260215_014509][CP-EFT] [Baselines]   done reward=-0.4445 task_sr=0.5000 subtask_sr=0.7530 (11.8s)
[scanB_stageB_balanced_seed42_20260215_014509][CP-EFT] [Baselines] ep=62 (62/120) policy=CP-EFT (1/1) ...
[scanB_stageB_balanced_seed42_20260215_014509][CP-EFT] [Baselines]   done reward=-0.5846 task_sr=0.3000 subtask_sr=0.5889 (10.6s)
[scanB_stageB_balanced_seed42_20260215_014509][CP-EFT] [Baselines] ep=63 (63/120) policy=CP-EFT (1/1) ...
[scanB_stageB_balanced_seed42_20260215_014509][CP-EFT] [Baselines]   done reward=-1.9452 task_sr=0.0500 subtask_sr=0.3701 (14.7s)
[scanB_stageB_balanced_seed42_20260215_014509][CP-EFT] [Baselines] ep=64 (64/120) policy=CP-EFT (1/1) ...
[scanB_stageB_balanced_seed42_20260215_014509][CP-EFT] [Baselines]   done reward=-0.5401 task_sr=0.3500 subtask_sr=0.7518 (12.8s)
[scanB_stageB_balanced_seed42_20260215_014509][CP-EFT] [Baselines] ep=65 (65/120) policy=CP-EFT (1/1) ...
[scanB_stageB_balanced_seed42_20260215_014509][CP-EFT] [Baselines]   done reward=-0.6719 task_sr=0.1000 subtask_sr=0.4589 (14.3s)
[scanB_stageB_balanced_seed42_20260215_014509][CP-EFT] [Baselines] ep=66 (66/120) policy=CP-EFT (1/1) ...
[scanB_stageB_balanced_seed42_20260215_014509][CP-EFT] [Baselines]   done reward=-0.6347 task_sr=0.1500 subtask_sr=0.5375 (13.9s)
[scanB_stageB_balanced_seed42_20260215_014509][CP-EFT] [Baselines] ep=67 (67/120) policy=CP-EFT (1/1) ...
[scanB_stageB_balanced_seed42_20260215_014509][CP-EFT] [Baselines]   done reward=-2.3065 task_sr=0.2500 subtask_sr=0.6340 (14.4s)
[scanB_stageB_balanced_seed42_20260215_014509][CP-EFT] [Baselines] ep=68 (68/120) policy=CP-EFT (1/1) ...
[scanB_stageB_balanced_seed42_20260215_014509][CP-EFT] [Baselines]   done reward=-0.8545 task_sr=0.2500 subtask_sr=0.6619 (13.1s)
[scanB_stageB_balanced_seed42_20260215_014509][CP-EFT] [Baselines] ep=69 (69/120) policy=CP-EFT (1/1) ...
[scanB_stageB_balanced_seed42_20260215_014509][CP-EFT] [Baselines]   done reward=-0.3904 task_sr=0.3500 subtask_sr=0.7918 (13.2s)
[scanB_stageB_balanced_seed42_20260215_014509][CP-EFT] [Baselines] ep=70 (70/120) policy=CP-EFT (1/1) ...
[scanB_stageB_balanced_seed42_20260215_014509][CP-EFT] [Baselines]   done reward=-0.2701 task_sr=0.2000 subtask_sr=0.5048 (12.9s)
[scanB_stageB_balanced_seed42_20260215_014509][CP-EFT] [Baselines] ep=71 (71/120) policy=CP-EFT (1/1) ...
[scanB_stageB_balanced_seed42_20260215_014509][CP-EFT] [Baselines]   done reward=-0.4163 task_sr=0.0500 subtask_sr=0.4852 (14.0s)
[scanB_stageB_balanced_seed42_20260215_014509][CP-EFT] [Baselines] ep=72 (72/120) policy=CP-EFT (1/1) ...
[scanB_stageB_balanced_seed42_20260215_014509][CP-EFT] [Baselines]   done reward=-0.6612 task_sr=0.2500 subtask_sr=0.5106 (12.8s)
[scanB_stageB_balanced_seed42_20260215_014509][CP-EFT] [Baselines] ep=73 (73/120) policy=CP-EFT (1/1) ...
[scanB_stageB_balanced_seed42_20260215_014509][CP-EFT] [Baselines]   done reward=-1.0691 task_sr=0.2000 subtask_sr=0.5521 (12.8s)
[scanB_stageB_balanced_seed42_20260215_014509][CP-EFT] [Baselines] ep=74 (74/120) policy=CP-EFT (1/1) ...
[scanB_stageB_balanced_seed42_20260215_014509][CP-EFT] [Baselines]   done reward=-0.6842 task_sr=0.4000 subtask_sr=0.6090 (11.2s)
[scanB_stageB_balanced_seed42_20260215_014509][CP-EFT] [Baselines] ep=75 (75/120) policy=CP-EFT (1/1) ...
[scanB_stageB_balanced_seed42_20260215_014509][CP-EFT] [Baselines]   done reward=-1.6087 task_sr=0.2500 subtask_sr=0.5731 (10.6s)
[scanB_stageB_balanced_seed42_20260215_014509][CP-EFT] [Baselines] ep=76 (76/120) policy=CP-EFT (1/1) ...
[scanB_stageB_balanced_seed42_20260215_014509][CP-EFT] [Baselines]   done reward=-0.8918 task_sr=0.1500 subtask_sr=0.4231 (9.8s)
[scanB_stageB_balanced_seed42_20260215_014509][CP-EFT] [Baselines] ep=77 (77/120) policy=CP-EFT (1/1) ...
[scanB_stageB_balanced_seed42_20260215_014509][CP-EFT] [Baselines]   done reward=-2.9467 task_sr=0.1000 subtask_sr=0.5349 (9.9s)
[scanB_stageB_balanced_seed42_20260215_014509][CP-EFT] [Baselines] ep=78 (78/120) policy=CP-EFT (1/1) ...
[scanB_stageB_balanced_seed42_20260215_014509][CP-EFT] [Baselines]   done reward=-1.2514 task_sr=0.4500 subtask_sr=0.6963 (6.6s)
[scanB_stageB_balanced_seed42_20260215_014509][CP-EFT] [Baselines] ep=79 (79/120) policy=CP-EFT (1/1) ...
[scanB_stageB_balanced_seed42_20260215_014509][CP-EFT] [Baselines]   done reward=-1.2707 task_sr=0.2000 subtask_sr=0.4190 (10.5s)
[scanB_stageB_balanced_seed42_20260215_014509][CP-EFT] [Baselines] ep=80 (80/120) policy=CP-EFT (1/1) ...
[scanB_stageB_balanced_seed42_20260215_014509][CP-EFT] [Baselines]   done reward=-0.6744 task_sr=0.3500 subtask_sr=0.7488 (8.6s)
[scanB_stageB_balanced_seed42_20260215_014509][CP-EFT] [Baselines] ep=81 (81/120) policy=CP-EFT (1/1) ...
[scanB_stageB_balanced_seed42_20260215_014509][CP-EFT] [Baselines]   done reward=-0.3711 task_sr=0.1500 subtask_sr=0.5446 (9.7s)
[scanB_stageB_balanced_seed42_20260215_014509][CP-EFT] [Baselines] ep=82 (82/120) policy=CP-EFT (1/1) ...
[scanB_stageB_balanced_seed42_20260215_014509][CP-EFT] [Baselines]   done reward=-0.9970 task_sr=0.2000 subtask_sr=0.7290 (9.8s)
[scanB_stageB_balanced_seed42_20260215_014509][CP-EFT] [Baselines] ep=83 (83/120) policy=CP-EFT (1/1) ...
[scanB_stageB_balanced_seed42_20260215_014509][CP-EFT] [Baselines]   done reward=-1.1438 task_sr=0.1000 subtask_sr=0.4517 (10.0s)
[scanB_stageB_balanced_seed42_20260215_014509][CP-EFT] [Baselines] ep=84 (84/120) policy=CP-EFT (1/1) ...
[scanB_stageB_balanced_seed42_20260215_014509][CP-EFT] [Baselines]   done reward=-1.7487 task_sr=0.1000 subtask_sr=0.5117 (11.1s)
[scanB_stageB_balanced_seed42_20260215_014509][CP-EFT] [Baselines] ep=85 (85/120) policy=CP-EFT (1/1) ...
[scanB_stageB_balanced_seed42_20260215_014509][CP-EFT] [Baselines]   done reward=-1.4349 task_sr=0.3500 subtask_sr=0.6139 (9.1s)
[scanB_stageB_balanced_seed42_20260215_014509][CP-EFT] [Baselines] ep=86 (86/120) policy=CP-EFT (1/1) ...
[scanB_stageB_balanced_seed42_20260215_014509][CP-EFT] [Baselines]   done reward=-0.6346 task_sr=0.2000 subtask_sr=0.5616 (9.3s)
[scanB_stageB_balanced_seed42_20260215_014509][CP-EFT] [Baselines] ep=87 (87/120) policy=CP-EFT (1/1) ...
[scanB_stageB_balanced_seed42_20260215_014509][CP-EFT] [Baselines]   done reward=-0.9087 task_sr=0.2000 subtask_sr=0.6268 (9.7s)
[scanB_stageB_balanced_seed42_20260215_014509][CP-EFT] [Baselines] ep=88 (88/120) policy=CP-EFT (1/1) ...
[scanB_stageB_balanced_seed42_20260215_014509][CP-EFT] [Baselines]   done reward=-0.4779 task_sr=0.3000 subtask_sr=0.7661 (9.3s)
[scanB_stageB_balanced_seed42_20260215_014509][CP-EFT] [Baselines] ep=89 (89/120) policy=CP-EFT (1/1) ...
[scanB_stageB_balanced_seed42_20260215_014509][CP-EFT] [Baselines]   done reward=-0.7675 task_sr=0.1000 subtask_sr=0.4212 (10.2s)
[scanB_stageB_balanced_seed42_20260215_014509][CP-EFT] [Baselines] ep=90 (90/120) policy=CP-EFT (1/1) ...
[scanB_stageB_balanced_seed42_20260215_014509][CP-EFT] [Baselines]   done reward=-0.9595 task_sr=0.3000 subtask_sr=0.6498 (9.4s)
[scanB_stageB_balanced_seed42_20260215_014509][CP-EFT] [Baselines] ep=91 (91/120) policy=CP-EFT (1/1) ...
[scanB_stageB_balanced_seed42_20260215_014509][CP-EFT] [Baselines]   done reward=-0.9798 task_sr=0.2000 subtask_sr=0.5677 (9.5s)
[scanB_stageB_balanced_seed42_20260215_014509][CP-EFT] [Baselines] ep=92 (92/120) policy=CP-EFT (1/1) ...
[scanB_stageB_balanced_seed42_20260215_014509][CP-EFT] [Baselines]   done reward=-0.3724 task_sr=0.2000 subtask_sr=0.5574 (10.2s)
[scanB_stageB_balanced_seed42_20260215_014509][CP-EFT] [Baselines] ep=93 (93/120) policy=CP-EFT (1/1) ...
[scanB_stageB_balanced_seed42_20260215_014509][CP-EFT] [Baselines]   done reward=-0.4404 task_sr=0.1500 subtask_sr=0.5567 (9.3s)
[scanB_stageB_balanced_seed42_20260215_014509][CP-EFT] [Baselines] ep=94 (94/120) policy=CP-EFT (1/1) ...
[scanB_stageB_balanced_seed42_20260215_014509][CP-EFT] [Baselines]   done reward=-0.9375 task_sr=0.3500 subtask_sr=0.6651 (9.4s)
[scanB_stageB_balanced_seed42_20260215_014509][CP-EFT] [Baselines] ep=95 (95/120) policy=CP-EFT (1/1) ...
[scanB_stageB_balanced_seed42_20260215_014509][CP-EFT] [Baselines]   done reward=-0.4796 task_sr=0.1000 subtask_sr=0.6802 (9.1s)
[scanB_stageB_balanced_seed42_20260215_014509][CP-EFT] [Baselines] ep=96 (96/120) policy=CP-EFT (1/1) ...
[scanB_stageB_balanced_seed42_20260215_014509][CP-EFT] [Baselines]   done reward=-1.2176 task_sr=0.2500 subtask_sr=0.6181 (9.7s)
[scanB_stageB_balanced_seed42_20260215_014509][CP-EFT] [Baselines] ep=97 (97/120) policy=CP-EFT (1/1) ...
[scanB_stageB_balanced_seed42_20260215_014509][CP-EFT] [Baselines]   done reward=-2.1908 task_sr=0.0500 subtask_sr=0.3735 (10.3s)
[scanB_stageB_balanced_seed42_20260215_014509][CP-EFT] [Baselines] ep=98 (98/120) policy=CP-EFT (1/1) ...
[scanB_stageB_balanced_seed42_20260215_014509][CP-EFT] [Baselines]   done reward=-1.0449 task_sr=0.1500 subtask_sr=0.5048 (9.8s)
[scanB_stageB_balanced_seed42_20260215_014509][CP-EFT] [Baselines] ep=99 (99/120) policy=CP-EFT (1/1) ...
[scanB_stageB_balanced_seed42_20260215_014509][CP-EFT] [Baselines]   done reward=-1.2470 task_sr=0.2500 subtask_sr=0.6872 (9.3s)
[scanB_stageB_balanced_seed42_20260215_014509][CP-EFT] [Baselines] ep=100 (100/120) policy=CP-EFT (1/1) ...
[scanB_stageB_balanced_seed42_20260215_014509][CP-EFT] [Baselines]   done reward=-1.8090 task_sr=0.3500 subtask_sr=0.5758 (9.5s)
[scanB_stageB_balanced_seed42_20260215_014509][CP-EFT] [Baselines] ep=101 (101/120) policy=CP-EFT (1/1) ...
[scanB_stageB_balanced_seed42_20260215_014509][CP-EFT] [Baselines]   done reward=-0.7359 task_sr=0.1500 subtask_sr=0.4635 (10.1s)
[scanB_stageB_balanced_seed42_20260215_014509][CP-EFT] [Baselines] ep=102 (102/120) policy=CP-EFT (1/1) ...
[scanB_stageB_balanced_seed42_20260215_014509][CP-EFT] [Baselines]   done reward=-1.6469 task_sr=0.1500 subtask_sr=0.6062 (10.7s)
[scanB_stageB_balanced_seed42_20260215_014509][CP-EFT] [Baselines] ep=103 (103/120) policy=CP-EFT (1/1) ...
[scanB_stageB_balanced_seed42_20260215_014509][CP-EFT] [Baselines]   done reward=-1.3415 task_sr=0.2000 subtask_sr=0.5048 (10.5s)
[scanB_stageB_balanced_seed42_20260215_014509][CP-EFT] [Baselines] ep=104 (104/120) policy=CP-EFT (1/1) ...
[scanB_stageB_balanced_seed42_20260215_014509][CP-EFT] [Baselines]   done reward=-1.2730 task_sr=0.1000 subtask_sr=0.5606 (8.6s)
[scanB_stageB_balanced_seed42_20260215_014509][CP-EFT] [Baselines] ep=105 (105/120) policy=CP-EFT (1/1) ...
[scanB_stageB_balanced_seed42_20260215_014509][CP-EFT] [Baselines]   done reward=-0.7419 task_sr=0.2000 subtask_sr=0.6308 (9.7s)
[scanB_stageB_balanced_seed42_20260215_014509][CP-EFT] [Baselines] ep=106 (106/120) policy=CP-EFT (1/1) ...
[scanB_stageB_balanced_seed42_20260215_014509][CP-EFT] [Baselines]   done reward=-0.3416 task_sr=0.4500 subtask_sr=0.7608 (8.3s)
[scanB_stageB_balanced_seed42_20260215_014509][CP-EFT] [Baselines] ep=107 (107/120) policy=CP-EFT (1/1) ...
[scanB_stageB_balanced_seed42_20260215_014509][CP-EFT] [Baselines]   done reward=-1.2435 task_sr=0.3500 subtask_sr=0.7143 (8.8s)
[scanB_stageB_balanced_seed42_20260215_014509][CP-EFT] [Baselines] ep=108 (108/120) policy=CP-EFT (1/1) ...
[scanB_stageB_balanced_seed42_20260215_014509][CP-EFT] [Baselines]   done reward=-0.3996 task_sr=0.1000 subtask_sr=0.5332 (8.6s)
[scanB_stageB_balanced_seed42_20260215_014509][CP-EFT] [Baselines] ep=109 (109/120) policy=CP-EFT (1/1) ...
[scanB_stageB_balanced_seed42_20260215_014509][CP-EFT] [Baselines]   done reward=-1.3238 task_sr=0.3000 subtask_sr=0.7913 (8.6s)
[scanB_stageB_balanced_seed42_20260215_014509][CP-EFT] [Baselines] ep=110 (110/120) policy=CP-EFT (1/1) ...
[scanB_stageB_balanced_seed42_20260215_014509][CP-EFT] [Baselines]   done reward=-0.9453 task_sr=0.2000 subtask_sr=0.5311 (9.8s)
[scanB_stageB_balanced_seed42_20260215_014509][CP-EFT] [Baselines] ep=111 (111/120) policy=CP-EFT (1/1) ...
[scanB_stageB_balanced_seed42_20260215_014509][CP-EFT] [Baselines]   done reward=-0.2489 task_sr=0.2500 subtask_sr=0.5133 (9.8s)
[scanB_stageB_balanced_seed42_20260215_014509][CP-EFT] [Baselines] ep=112 (112/120) policy=CP-EFT (1/1) ...
[scanB_stageB_balanced_seed42_20260215_014509][CP-EFT] [Baselines]   done reward=-0.3335 task_sr=0.3500 subtask_sr=0.7044 (8.9s)
[scanB_stageB_balanced_seed42_20260215_014509][CP-EFT] [Baselines] ep=113 (113/120) policy=CP-EFT (1/1) ...
[scanB_stageB_balanced_seed42_20260215_014509][CP-EFT] [Baselines]   done reward=-1.1775 task_sr=0.4500 subtask_sr=0.7296 (7.1s)
[scanB_stageB_balanced_seed42_20260215_014509][CP-EFT] [Baselines] ep=114 (114/120) policy=CP-EFT (1/1) ...
[scanB_stageB_balanced_seed42_20260215_014509][CP-EFT] [Baselines]   done reward=-1.0001 task_sr=0.3000 subtask_sr=0.8009 (7.5s)
[scanB_stageB_balanced_seed42_20260215_014509][CP-EFT] [Baselines] ep=115 (115/120) policy=CP-EFT (1/1) ...
[scanB_stageB_balanced_seed42_20260215_014509][CP-EFT] [Baselines]   done reward=-0.6221 task_sr=0.2000 subtask_sr=0.6353 (9.3s)
[scanB_stageB_balanced_seed42_20260215_014509][CP-EFT] [Baselines] ep=116 (116/120) policy=CP-EFT (1/1) ...
[scanB_stageB_balanced_seed42_20260215_014509][CP-EFT] [Baselines]   done reward=-0.2301 task_sr=0.1500 subtask_sr=0.5526 (9.6s)
[scanB_stageB_balanced_seed42_20260215_014509][CP-EFT] [Baselines] ep=117 (117/120) policy=CP-EFT (1/1) ...
[scanB_stageB_balanced_seed42_20260215_014509][CP-EFT] [Baselines]   done reward=-0.5074 task_sr=0.3500 subtask_sr=0.7143 (8.5s)
[scanB_stageB_balanced_seed42_20260215_014509][CP-EFT] [Baselines] ep=118 (118/120) policy=CP-EFT (1/1) ...
[scanB_stageB_balanced_seed42_20260215_014509][CP-EFT] [Baselines]   done reward=-0.3800 task_sr=0.3000 subtask_sr=0.7233 (9.3s)
[scanB_stageB_balanced_seed42_20260215_014509][CP-EFT] [Baselines] ep=119 (119/120) policy=CP-EFT (1/1) ...
[scanB_stageB_balanced_seed42_20260215_014509][CP-EFT] [Baselines]   done reward=-1.5089 task_sr=0.3000 subtask_sr=0.5976 (9.4s)
[scanB_stageB_balanced_seed42_20260215_014509][CP-EFT] [Baselines] ep=120 (120/120) policy=CP-EFT (1/1) ...
[scanB_stageB_balanced_seed42_20260215_014509][CP-EFT] [Baselines]   done reward=-1.0725 task_sr=0.2500 subtask_sr=0.6229 (9.1s)
[scanB_stageB_balanced_seed42_20260215_014509][CP-EFT] ✓ Baseline stats saved: /Users/qiutao/研/毕设/毕设/vecOffloadingSim/runs/scanB_stageB_balanced_seed42_20260215_014509/logs/baseline_parts/CP-EFT.csv
[scanB_stageB_balanced_seed42_20260215_014509][CP-EFT] 结果摘要 (均值):
[scanB_stageB_balanced_seed42_20260215_014509][CP-EFT]   CP-EFT     reward=-1.0038 task_sr=0.2367 subtask_sr=0.5937
