[scanB_stageB_balanced_seed42_20260215_014509][EFT] [Baselines] run_dir=/Users/qiutao/研/毕设/毕设/vecOffloadingSim/runs/scanB_stageB_balanced_seed42_20260215_014509
[scanB_stageB_balanced_seed42_20260215_014509][EFT] [Baselines] num_episodes=120 seed=42 max_steps=200
[scanB_stageB_balanced_seed42_20260215_014509][EFT] [Baselines] policies=['EFT']
[scanB_stageB_balanced_seed42_20260215_014509][EFT] [Baselines] ep=1 (1/120) policy=EFT (1/1) ...
[scanB_stageB_balanced_seed42_20260215_014509][EFT] [Baselines]   done reward=-2.1786 task_sr=0.1500 subtask_sr=0.5337 (13.8s)
[scanB_stageB_balanced_seed42_20260215_014509][EFT] [Baselines] ep=2 (2/120) policy=EFT (1/1) ...
[scanB_stageB_balanced_seed42_20260215_014509][EFT] [Baselines]   done reward=-0.7160 task_sr=0.4000 subtask_sr=0.7260 (12.3s)
[scanB_stageB_balanced_seed42_20260215_014509][EFT] [Baselines] ep=3 (3/120) policy=EFT (1/1) ...
[scanB_stageB_balanced_seed42_20260215_014509][EFT] [Baselines]   done reward=-3.1015 task_sr=0.1000 subtask_sr=0.4535 (15.1s)
[scanB_stageB_balanced_seed42_20260215_014509][EFT] [Baselines] ep=4 (4/120) policy=EFT (1/1) ...
[scanB_stageB_balanced_seed42_20260215_014509][EFT] [Baselines]   done reward=-1.5223 task_sr=0.1500 subtask_sr=0.5087 (17.0s)
[scanB_stageB_balanced_seed42_20260215_014509][EFT] [Baselines] ep=5 (5/120) policy=EFT (1/1) ...
[scanB_stageB_balanced_seed42_20260215_014509][EFT] [Baselines]   done reward=-0.3730 task_sr=0.2500 subtask_sr=0.5758 (14.1s)
[scanB_stageB_balanced_seed42_20260215_014509][EFT] [Baselines] ep=6 (6/120) policy=EFT (1/1) ...
[scanB_stageB_balanced_seed42_20260215_014509][EFT] [Baselines]   done reward=-1.0939 task_sr=0.2000 subtask_sr=0.5614 (15.1s)
[scanB_stageB_balanced_seed42_20260215_014509][EFT] [Baselines] ep=7 (7/120) policy=EFT (1/1) ...
[scanB_stageB_balanced_seed42_20260215_014509][EFT] [Baselines]   done reward=-0.7281 task_sr=0.1500 subtask_sr=0.5081 (14.8s)
[scanB_stageB_balanced_seed42_20260215_014509][EFT] [Baselines] ep=8 (8/120) policy=EFT (1/1) ...
[scanB_stageB_balanced_seed42_20260215_014509][EFT] [Baselines]   done reward=-0.5636 task_sr=0.1500 subtask_sr=0.5375 (15.0s)
[scanB_stageB_balanced_seed42_20260215_014509][EFT] [Baselines] ep=9 (9/120) policy=EFT (1/1) ...
[scanB_stageB_balanced_seed42_20260215_014509][EFT] [Baselines]   done reward=-1.1722 task_sr=0.2500 subtask_sr=0.5855 (16.1s)
[scanB_stageB_balanced_seed42_20260215_014509][EFT] [Baselines] ep=10 (10/120) policy=EFT (1/1) ...
[scanB_stageB_balanced_seed42_20260215_014509][EFT] [Baselines]   done reward=-0.6889 task_sr=0.0500 subtask_sr=0.6960 (14.1s)
[scanB_stageB_balanced_seed42_20260215_014509][EFT] [Baselines] ep=11 (11/120) policy=EFT (1/1) ...
[scanB_stageB_balanced_seed42_20260215_014509][EFT] [Baselines]   done reward=-2.1747 task_sr=0.0500 subtask_sr=0.4078 (14.5s)
[scanB_stageB_balanced_seed42_20260215_014509][EFT] [Baselines] ep=12 (12/120) policy=EFT (1/1) ...
[scanB_stageB_balanced_seed42_20260215_014509][EFT] [Baselines]   done reward=-1.0033 task_sr=0.3500 subtask_sr=0.6773 (13.8s)
[scanB_stageB_balanced_seed42_20260215_014509][EFT] [Baselines] ep=13 (13/120) policy=EFT (1/1) ...
[scanB_stageB_balanced_seed42_20260215_014509][EFT] [Baselines]   done reward=-0.5893 task_sr=0.2500 subtask_sr=0.6051 (10.4s)
[scanB_stageB_balanced_seed42_20260215_014509][EFT] [Baselines] ep=14 (14/120) policy=EFT (1/1) ...
[scanB_stageB_balanced_seed42_20260215_014509][EFT] [Baselines]   done reward=-1.7638 task_sr=0.1500 subtask_sr=0.5329 (15.3s)
[scanB_stageB_balanced_seed42_20260215_014509][EFT] [Baselines] ep=15 (15/120) policy=EFT (1/1) ...
[scanB_stageB_balanced_seed42_20260215_014509][EFT] [Baselines]   done reward=-0.5832 task_sr=0.0500 subtask_sr=0.4000 (15.6s)
[scanB_stageB_balanced_seed42_20260215_014509][EFT] [Baselines] ep=16 (16/120) policy=EFT (1/1) ...
[scanB_stageB_balanced_seed42_20260215_014509][EFT] [Baselines]   done reward=-1.1687 task_sr=0.2500 subtask_sr=0.5181 (14.9s)
[scanB_stageB_balanced_seed42_20260215_014509][EFT] [Baselines] ep=17 (17/120) policy=EFT (1/1) ...
[scanB_stageB_balanced_seed42_20260215_014509][EFT] [Baselines]   done reward=-1.6426 task_sr=0.3000 subtask_sr=0.5718 (14.3s)
[scanB_stageB_balanced_seed42_20260215_014509][EFT] [Baselines] ep=18 (18/120) policy=EFT (1/1) ...
[scanB_stageB_balanced_seed42_20260215_014509][EFT] [Baselines]   done reward=-1.5513 task_sr=0.2000 subtask_sr=0.4696 (14.7s)
[scanB_stageB_balanced_seed42_20260215_014509][EFT] [Baselines] ep=19 (19/120) policy=EFT (1/1) ...
[scanB_stageB_balanced_seed42_20260215_014509][EFT] [Baselines]   done reward=-0.2856 task_sr=0.3500 subtask_sr=0.6312 (13.4s)
[scanB_stageB_balanced_seed42_20260215_014509][EFT] [Baselines] ep=20 (20/120) policy=EFT (1/1) ...
[scanB_stageB_balanced_seed42_20260215_014509][EFT] [Baselines]   done reward=-0.3093 task_sr=0.1000 subtask_sr=0.5635 (13.9s)
[scanB_stageB_balanced_seed42_20260215_014509][EFT] [Baselines] ep=21 (21/120) policy=EFT (1/1) ...
[scanB_stageB_balanced_seed42_20260215_014509][EFT] [Baselines]   done reward=-0.8383 task_sr=0.2500 subtask_sr=0.6200 (14.0s)
[scanB_stageB_balanced_seed42_20260215_014509][EFT] [Baselines] ep=22 (22/120) policy=EFT (1/1) ...
[scanB_stageB_balanced_seed42_20260215_014509][EFT] [Baselines]   done reward=-0.9595 task_sr=0.1000 subtask_sr=0.5732 (14.3s)
[scanB_stageB_balanced_seed42_20260215_014509][EFT] [Baselines] ep=23 (23/120) policy=EFT (1/1) ...
[scanB_stageB_balanced_seed42_20260215_014509][EFT] [Baselines]   done reward=-0.6449 task_sr=0.1500 subtask_sr=0.5914 (14.3s)
[scanB_stageB_balanced_seed42_20260215_014509][EFT] [Baselines] ep=24 (24/120) policy=EFT (1/1) ...
[scanB_stageB_balanced_seed42_20260215_014509][EFT] [Baselines]   done reward=-0.2906 task_sr=0.2000 subtask_sr=0.4903 (13.9s)
[scanB_stageB_balanced_seed42_20260215_014509][EFT] [Baselines] ep=25 (25/120) policy=EFT (1/1) ...
[scanB_stageB_balanced_seed42_20260215_014509][EFT] [Baselines]   done reward=-0.3889 task_sr=0.3000 subtask_sr=0.5728 (14.0s)
[scanB_stageB_balanced_seed42_20260215_014509][EFT] [Baselines] ep=26 (26/120) policy=EFT (1/1) ...
[scanB_stageB_balanced_seed42_20260215_014509][EFT] [Baselines]   done reward=-0.7419 task_sr=0.3500 subtask_sr=0.5364 (14.1s)
[scanB_stageB_balanced_seed42_20260215_014509][EFT] [Baselines] ep=27 (27/120) policy=EFT (1/1) ...
[scanB_stageB_balanced_seed42_20260215_014509][EFT] [Baselines]   done reward=-0.4162 task_sr=0.2500 subtask_sr=0.5920 (13.8s)
[scanB_stageB_balanced_seed42_20260215_014509][EFT] [Baselines] ep=28 (28/120) policy=EFT (1/1) ...
[scanB_stageB_balanced_seed42_20260215_014509][EFT] [Baselines]   done reward=-0.3702 task_sr=0.3000 subtask_sr=0.6060 (13.5s)
[scanB_stageB_balanced_seed42_20260215_014509][EFT] [Baselines] ep=29 (29/120) policy=EFT (1/1) ...
[scanB_stageB_balanced_seed42_20260215_014509][EFT] [Baselines]   done reward=-0.6028 task_sr=0.1000 subtask_sr=0.5773 (13.7s)
[scanB_stageB_balanced_seed42_20260215_014509][EFT] [Baselines] ep=30 (30/120) policy=EFT (1/1) ...
[scanB_stageB_balanced_seed42_20260215_014509][EFT] [Baselines]   done reward=-0.2981 task_sr=0.1000 subtask_sr=0.5035 (15.4s)
[scanB_stageB_balanced_seed42_20260215_014509][EFT] [Baselines] ep=31 (31/120) policy=EFT (1/1) ...
[scanB_stageB_balanced_seed42_20260215_014509][EFT] [Baselines]   done reward=-0.5188 task_sr=0.3500 subtask_sr=0.8345 (13.5s)
[scanB_stageB_balanced_seed42_20260215_014509][EFT] [Baselines] ep=32 (32/120) policy=EFT (1/1) ...
[scanB_stageB_balanced_seed42_20260215_014509][EFT] [Baselines]   done reward=-0.5740 task_sr=0.4500 subtask_sr=0.8245 (11.9s)
[scanB_stageB_balanced_seed42_20260215_014509][EFT] [Baselines] ep=33 (33/120) policy=EFT (1/1) ...
[scanB_stageB_balanced_seed42_20260215_014509][EFT] [Baselines]   done reward=-0.5151 task_sr=0.1000 subtask_sr=0.4178 (15.4s)
[scanB_stageB_balanced_seed42_20260215_014509][EFT] [Baselines] ep=34 (34/120) policy=EFT (1/1) ...
[scanB_stageB_balanced_seed42_20260215_014509][EFT] [Baselines]   done reward=-1.7558 task_sr=0.2500 subtask_sr=0.5752 (14.3s)
[scanB_stageB_balanced_seed42_20260215_014509][EFT] [Baselines] ep=35 (35/120) policy=EFT (1/1) ...
[scanB_stageB_balanced_seed42_20260215_014509][EFT] [Baselines]   done reward=-1.4815 task_sr=0.1000 subtask_sr=0.5297 (14.6s)
[scanB_stageB_balanced_seed42_20260215_014509][EFT] [Baselines] ep=36 (36/120) policy=EFT (1/1) ...
[scanB_stageB_balanced_seed42_20260215_014509][EFT] [Baselines]   done reward=-1.8810 task_sr=0.2000 subtask_sr=0.4452 (15.8s)
[scanB_stageB_balanced_seed42_20260215_014509][EFT] [Baselines] ep=37 (37/120) policy=EFT (1/1) ...
[scanB_stageB_balanced_seed42_20260215_014509][EFT] [Baselines]   done reward=-0.7854 task_sr=0.2000 subtask_sr=0.5199 (13.9s)
[scanB_stageB_balanced_seed42_20260215_014509][EFT] [Baselines] ep=38 (38/120) policy=EFT (1/1) ...
[scanB_stageB_balanced_seed42_20260215_014509][EFT] [Baselines]   done reward=-0.4118 task_sr=0.1500 subtask_sr=0.6451 (14.4s)
[scanB_stageB_balanced_seed42_20260215_014509][EFT] [Baselines] ep=39 (39/120) policy=EFT (1/1) ...
[scanB_stageB_balanced_seed42_20260215_014509][EFT] [Baselines]   done reward=-0.4185 task_sr=0.3000 subtask_sr=0.5867 (13.8s)
[scanB_stageB_balanced_seed42_20260215_014509][EFT] [Baselines] ep=40 (40/120) policy=EFT (1/1) ...
[scanB_stageB_balanced_seed42_20260215_014509][EFT] [Baselines]   done reward=-0.5982 task_sr=0.4500 subtask_sr=0.7500 (13.1s)
[scanB_stageB_balanced_seed42_20260215_014509][EFT] [Baselines] ep=41 (41/120) policy=EFT (1/1) ...
[scanB_stageB_balanced_seed42_20260215_014509][EFT] [Baselines]   done reward=-1.0866 task_sr=0.1000 subtask_sr=0.3865 (16.0s)
[scanB_stageB_balanced_seed42_20260215_014509][EFT] [Baselines] ep=42 (42/120) policy=EFT (1/1) ...
[scanB_stageB_balanced_seed42_20260215_014509][EFT] [Baselines]   done reward=-1.2778 task_sr=0.2500 subtask_sr=0.6268 (13.2s)
[scanB_stageB_balanced_seed42_20260215_014509][EFT] [Baselines] ep=43 (43/120) policy=EFT (1/1) ...
[scanB_stageB_balanced_seed42_20260215_014509][EFT] [Baselines]   done reward=-0.6070 task_sr=0.2500 subtask_sr=0.6253 (14.2s)
[scanB_stageB_balanced_seed42_20260215_014509][EFT] [Baselines] ep=44 (44/120) policy=EFT (1/1) ...
[scanB_stageB_balanced_seed42_20260215_014509][EFT] [Baselines]   done reward=-0.6713 task_sr=0.3000 subtask_sr=0.6034 (12.9s)
[scanB_stageB_balanced_seed42_20260215_014509][EFT] [Baselines] ep=45 (45/120) policy=EFT (1/1) ...
[scanB_stageB_balanced_seed42_20260215_014509][EFT] [Baselines]   done reward=-0.4764 task_sr=0.3000 subtask_sr=0.6448 (9.9s)
[scanB_stageB_balanced_seed42_20260215_014509][EFT] [Baselines] ep=46 (46/120) policy=EFT (1/1) ...
[scanB_stageB_balanced_seed42_20260215_014509][EFT] [Baselines]   done reward=-1.8160 task_sr=0.2000 subtask_sr=0.4218 (15.1s)
[scanB_stageB_balanced_seed42_20260215_014509][EFT] [Baselines] ep=47 (47/120) policy=EFT (1/1) ...
[scanB_stageB_balanced_seed42_20260215_014509][EFT] [Baselines]   done reward=-0.6188 task_sr=0.3500 subtask_sr=0.6651 (14.2s)
[scanB_stageB_balanced_seed42_20260215_014509][EFT] [Baselines] ep=48 (48/120) policy=EFT (1/1) ...
[scanB_stageB_balanced_seed42_20260215_014509][EFT] [Baselines]   done reward=-1.2128 task_sr=0.0500 subtask_sr=0.6195 (12.0s)
[scanB_stageB_balanced_seed42_20260215_014509][EFT] [Baselines] ep=49 (49/120) policy=EFT (1/1) ...
[scanB_stageB_balanced_seed42_20260215_014509][EFT] [Baselines]   done reward=-0.2800 task_sr=0.2000 subtask_sr=0.5377 (13.8s)
[scanB_stageB_balanced_seed42_20260215_014509][EFT] [Baselines] ep=50 (50/120) policy=EFT (1/1) ...
[scanB_stageB_balanced_seed42_20260215_014509][EFT] [Baselines]   done reward=-0.6507 task_sr=0.3000 subtask_sr=0.7057 (12.8s)
[scanB_stageB_balanced_seed42_20260215_014509][EFT] [Baselines] ep=51 (51/120) policy=EFT (1/1) ...
[scanB_stageB_balanced_seed42_20260215_014509][EFT] [Baselines]   done reward=-0.1107 task_sr=0.2500 subtask_sr=0.5553 (14.1s)
[scanB_stageB_balanced_seed42_20260215_014509][EFT] [Baselines] ep=52 (52/120) policy=EFT (1/1) ...
[scanB_stageB_balanced_seed42_20260215_014509][EFT] [Baselines]   done reward=-0.7177 task_sr=0.3000 subtask_sr=0.6659 (13.5s)
[scanB_stageB_balanced_seed42_20260215_014509][EFT] [Baselines] ep=53 (53/120) policy=EFT (1/1) ...
[scanB_stageB_balanced_seed42_20260215_014509][EFT] [Baselines]   done reward=-1.3423 task_sr=0.3000 subtask_sr=0.5442 (14.6s)
[scanB_stageB_balanced_seed42_20260215_014509][EFT] [Baselines] ep=54 (54/120) policy=EFT (1/1) ...
[scanB_stageB_balanced_seed42_20260215_014509][EFT] [Baselines]   done reward=-0.6347 task_sr=0.2500 subtask_sr=0.6317 (14.3s)
[scanB_stageB_balanced_seed42_20260215_014509][EFT] [Baselines] ep=55 (55/120) policy=EFT (1/1) ...
[scanB_stageB_balanced_seed42_20260215_014509][EFT] [Baselines]   done reward=-0.3304 task_sr=0.1000 subtask_sr=0.4632 (14.7s)
[scanB_stageB_balanced_seed42_20260215_014509][EFT] [Baselines] ep=56 (56/120) policy=EFT (1/1) ...
[scanB_stageB_balanced_seed42_20260215_014509][EFT] [Baselines]   done reward=-0.6955 task_sr=0.2500 subtask_sr=0.6197 (14.3s)
[scanB_stageB_balanced_seed42_20260215_014509][EFT] [Baselines] ep=57 (57/120) policy=EFT (1/1) ...
[scanB_stageB_balanced_seed42_20260215_014509][EFT] [Baselines]   done reward=-0.3802 task_sr=0.1000 subtask_sr=0.5158 (14.7s)
[scanB_stageB_balanced_seed42_20260215_014509][EFT] [Baselines] ep=58 (58/120) policy=EFT (1/1) ...
[scanB_stageB_balanced_seed42_20260215_014509][EFT] [Baselines]   done reward=-0.7001 task_sr=0.4500 subtask_sr=0.7525 (9.4s)
[scanB_stageB_balanced_seed42_20260215_014509][EFT] [Baselines] ep=59 (59/120) policy=EFT (1/1) ...
[scanB_stageB_balanced_seed42_20260215_014509][EFT] [Baselines]   done reward=-0.4444 task_sr=0.0500 subtask_sr=0.4702 (15.4s)
[scanB_stageB_balanced_seed42_20260215_014509][EFT] [Baselines] ep=60 (60/120) policy=EFT (1/1) ...
[scanB_stageB_balanced_seed42_20260215_014509][EFT] [Baselines]   done reward=-0.5055 task_sr=0.4000 subtask_sr=0.6931 (12.7s)
[scanB_stageB_balanced_seed42_20260215_014509][EFT] [Baselines] ep=61 (61/120) policy=EFT (1/1) ...
[scanB_stageB_balanced_seed42_20260215_014509][EFT] [Baselines]   done reward=-0.3848 task_sr=0.2500 subtask_sr=0.6780 (13.5s)
[scanB_stageB_balanced_seed42_20260215_014509][EFT] [Baselines] ep=62 (62/120) policy=EFT (1/1) ...
[scanB_stageB_balanced_seed42_20260215_014509][EFT] [Baselines]   done reward=-0.4861 task_sr=0.2500 subtask_sr=0.6298 (13.8s)
[scanB_stageB_balanced_seed42_20260215_014509][EFT] [Baselines] ep=63 (63/120) policy=EFT (1/1) ...
[scanB_stageB_balanced_seed42_20260215_014509][EFT] [Baselines]   done reward=-0.5317 task_sr=0.1500 subtask_sr=0.4902 (14.4s)
[scanB_stageB_balanced_seed42_20260215_014509][EFT] [Baselines] ep=64 (64/120) policy=EFT (1/1) ...
[scanB_stageB_balanced_seed42_20260215_014509][EFT] [Baselines]   done reward=-0.3098 task_sr=0.1000 subtask_sr=0.6099 (14.4s)
[scanB_stageB_balanced_seed42_20260215_014509][EFT] [Baselines] ep=65 (65/120) policy=EFT (1/1) ...
[scanB_stageB_balanced_seed42_20260215_014509][EFT] [Baselines]   done reward=-0.3344 task_sr=0.1500 subtask_sr=0.5193 (15.2s)
[scanB_stageB_balanced_seed42_20260215_014509][EFT] [Baselines] ep=66 (66/120) policy=EFT (1/1) ...
[scanB_stageB_balanced_seed42_20260215_014509][EFT] [Baselines]   done reward=-0.3504 task_sr=0.2500 subtask_sr=0.5860 (13.5s)
[scanB_stageB_balanced_seed42_20260215_014509][EFT] [Baselines] ep=67 (67/120) policy=EFT (1/1) ...
[scanB_stageB_balanced_seed42_20260215_014509][EFT] [Baselines]   done reward=-0.4023 task_sr=0.2000 subtask_sr=0.5268 (14.3s)
[scanB_stageB_balanced_seed42_20260215_014509][EFT] [Baselines] ep=68 (68/120) policy=EFT (1/1) ...
[scanB_stageB_balanced_seed42_20260215_014509][EFT] [Baselines]   done reward=-0.6140 task_sr=0.1500 subtask_sr=0.5201 (13.4s)
[scanB_stageB_balanced_seed42_20260215_014509][EFT] [Baselines] ep=69 (69/120) policy=EFT (1/1) ...
[scanB_stageB_balanced_seed42_20260215_014509][EFT] [Baselines]   done reward=-0.4485 task_sr=0.1500 subtask_sr=0.4988 (13.2s)
[scanB_stageB_balanced_seed42_20260215_014509][EFT] [Baselines] ep=70 (70/120) policy=EFT (1/1) ...
[scanB_stageB_balanced_seed42_20260215_014509][EFT] [Baselines]   done reward=-0.6511 task_sr=0.2500 subtask_sr=0.5952 (12.6s)
[scanB_stageB_balanced_seed42_20260215_014509][EFT] [Baselines] ep=71 (71/120) policy=EFT (1/1) ...
[scanB_stageB_balanced_seed42_20260215_014509][EFT] [Baselines]   done reward=-0.4800 task_sr=0.1500 subtask_sr=0.4803 (13.4s)
[scanB_stageB_balanced_seed42_20260215_014509][EFT] [Baselines] ep=72 (72/120) policy=EFT (1/1) ...
[scanB_stageB_balanced_seed42_20260215_014509][EFT] [Baselines]   done reward=-0.3938 task_sr=0.2500 subtask_sr=0.5626 (11.2s)
[scanB_stageB_balanced_seed42_20260215_014509][EFT] [Baselines] ep=73 (73/120) policy=EFT (1/1) ...
[scanB_stageB_balanced_seed42_20260215_014509][EFT] [Baselines]   done reward=-1.8436 task_sr=0.1000 subtask_sr=0.4289 (11.1s)
[scanB_stageB_balanced_seed42_20260215_014509][EFT] [Baselines] ep=74 (74/120) policy=EFT (1/1) ...
[scanB_stageB_balanced_seed42_20260215_014509][EFT] [Baselines]   done reward=-0.7162 task_sr=0.4000 subtask_sr=0.6825 (9.6s)
[scanB_stageB_balanced_seed42_20260215_014509][EFT] [Baselines] ep=75 (75/120) policy=EFT (1/1) ...
[scanB_stageB_balanced_seed42_20260215_014509][EFT] [Baselines]   done reward=-1.3274 task_sr=0.1000 subtask_sr=0.4127 (10.7s)
[scanB_stageB_balanced_seed42_20260215_014509][EFT] [Baselines] ep=76 (76/120) policy=EFT (1/1) ...
[scanB_stageB_balanced_seed42_20260215_014509][EFT] [Baselines]   done reward=-0.4574 task_sr=0.2000 subtask_sr=0.5168 (10.0s)
[scanB_stageB_balanced_seed42_20260215_014509][EFT] [Baselines] ep=77 (77/120) policy=EFT (1/1) ...
[scanB_stageB_balanced_seed42_20260215_014509][EFT] [Baselines]   done reward=-0.7092 task_sr=0.4000 subtask_sr=0.6907 (9.2s)
[scanB_stageB_balanced_seed42_20260215_014509][EFT] [Baselines] ep=78 (78/120) policy=EFT (1/1) ...
[scanB_stageB_balanced_seed42_20260215_014509][EFT] [Baselines]   done reward=-0.8114 task_sr=0.1500 subtask_sr=0.5701 (8.8s)
[scanB_stageB_balanced_seed42_20260215_014509][EFT] [Baselines] ep=79 (79/120) policy=EFT (1/1) ...
[scanB_stageB_balanced_seed42_20260215_014509][EFT] [Baselines]   done reward=-0.7703 task_sr=0.3000 subtask_sr=0.5333 (10.2s)
[scanB_stageB_balanced_seed42_20260215_014509][EFT] [Baselines] ep=80 (80/120) policy=EFT (1/1) ...
[scanB_stageB_balanced_seed42_20260215_014509][EFT] [Baselines]   done reward=-0.5429 task_sr=0.2500 subtask_sr=0.6594 (9.2s)
[scanB_stageB_balanced_seed42_20260215_014509][EFT] [Baselines] ep=81 (81/120) policy=EFT (1/1) ...
[scanB_stageB_balanced_seed42_20260215_014509][EFT] [Baselines]   done reward=-0.3421 task_sr=0.2000 subtask_sr=0.6120 (10.0s)
[scanB_stageB_balanced_seed42_20260215_014509][EFT] [Baselines] ep=82 (82/120) policy=EFT (1/1) ...
[scanB_stageB_balanced_seed42_20260215_014509][EFT] [Baselines]   done reward=-1.9313 task_sr=0.1000 subtask_sr=0.4112 (11.0s)
[scanB_stageB_balanced_seed42_20260215_014509][EFT] [Baselines] ep=83 (83/120) policy=EFT (1/1) ...
[scanB_stageB_balanced_seed42_20260215_014509][EFT] [Baselines]   done reward=-0.7246 task_sr=0.2500 subtask_sr=0.5966 (7.2s)
[scanB_stageB_balanced_seed42_20260215_014509][EFT] [Baselines] ep=84 (84/120) policy=EFT (1/1) ...
[scanB_stageB_balanced_seed42_20260215_014509][EFT] [Baselines]   done reward=-1.3655 task_sr=0.1500 subtask_sr=0.4296 (11.0s)
[scanB_stageB_balanced_seed42_20260215_014509][EFT] [Baselines] ep=85 (85/120) policy=EFT (1/1) ...
[scanB_stageB_balanced_seed42_20260215_014509][EFT] [Baselines]   done reward=-0.9701 task_sr=0.2000 subtask_sr=0.6043 (9.9s)
[scanB_stageB_balanced_seed42_20260215_014509][EFT] [Baselines] ep=86 (86/120) policy=EFT (1/1) ...
[scanB_stageB_balanced_seed42_20260215_014509][EFT] [Baselines]   done reward=-0.6541 task_sr=0.2000 subtask_sr=0.5320 (10.2s)
[scanB_stageB_balanced_seed42_20260215_014509][EFT] [Baselines] ep=87 (87/120) policy=EFT (1/1) ...
[scanB_stageB_balanced_seed42_20260215_014509][EFT] [Baselines]   done reward=-0.6584 task_sr=0.1500 subtask_sr=0.5751 (10.1s)
[scanB_stageB_balanced_seed42_20260215_014509][EFT] [Baselines] ep=88 (88/120) policy=EFT (1/1) ...
[scanB_stageB_balanced_seed42_20260215_014509][EFT] [Baselines]   done reward=-0.5264 task_sr=0.2500 subtask_sr=0.6516 (9.9s)
[scanB_stageB_balanced_seed42_20260215_014509][EFT] [Baselines] ep=89 (89/120) policy=EFT (1/1) ...
[scanB_stageB_balanced_seed42_20260215_014509][EFT] [Baselines]   done reward=-0.8835 task_sr=0.3000 subtask_sr=0.7200 (9.2s)
[scanB_stageB_balanced_seed42_20260215_014509][EFT] [Baselines] ep=90 (90/120) policy=EFT (1/1) ...
[scanB_stageB_balanced_seed42_20260215_014509][EFT] [Baselines]   done reward=-0.8769 task_sr=0.3000 subtask_sr=0.5876 (9.8s)
[scanB_stageB_balanced_seed42_20260215_014509][EFT] [Baselines] ep=91 (91/120) policy=EFT (1/1) ...
[scanB_stageB_balanced_seed42_20260215_014509][EFT] [Baselines]   done reward=-0.7491 task_sr=0.3500 subtask_sr=0.6295 (9.4s)
[scanB_stageB_balanced_seed42_20260215_014509][EFT] [Baselines] ep=92 (92/120) policy=EFT (1/1) ...
[scanB_stageB_balanced_seed42_20260215_014509][EFT] [Baselines]   done reward=-0.5323 task_sr=0.3000 subtask_sr=0.6722 (9.9s)
[scanB_stageB_balanced_seed42_20260215_014509][EFT] [Baselines] ep=93 (93/120) policy=EFT (1/1) ...
[scanB_stageB_balanced_seed42_20260215_014509][EFT] [Baselines]   done reward=-0.4133 task_sr=0.2500 subtask_sr=0.6281 (9.4s)
[scanB_stageB_balanced_seed42_20260215_014509][EFT] [Baselines] ep=94 (94/120) policy=EFT (1/1) ...
[scanB_stageB_balanced_seed42_20260215_014509][EFT] [Baselines]   done reward=-0.3721 task_sr=0.2500 subtask_sr=0.5635 (10.0s)
[scanB_stageB_balanced_seed42_20260215_014509][EFT] [Baselines] ep=95 (95/120) policy=EFT (1/1) ...
[scanB_stageB_balanced_seed42_20260215_014509][EFT] [Baselines]   done reward=-0.5329 task_sr=0.5500 subtask_sr=0.7685 (8.4s)
[scanB_stageB_balanced_seed42_20260215_014509][EFT] [Baselines] ep=96 (96/120) policy=EFT (1/1) ...
[scanB_stageB_balanced_seed42_20260215_014509][EFT] [Baselines]   done reward=-1.0297 task_sr=0.0000 subtask_sr=0.4081 (10.9s)
[scanB_stageB_balanced_seed42_20260215_014509][EFT] [Baselines] ep=97 (97/120) policy=EFT (1/1) ...
[scanB_stageB_balanced_seed42_20260215_014509][EFT] [Baselines]   done reward=-0.4969 task_sr=0.2500 subtask_sr=0.5461 (9.6s)
[scanB_stageB_balanced_seed42_20260215_014509][EFT] [Baselines] ep=98 (98/120) policy=EFT (1/1) ...
[scanB_stageB_balanced_seed42_20260215_014509][EFT] [Baselines]   done reward=-0.6937 task_sr=0.1500 subtask_sr=0.5242 (10.0s)
[scanB_stageB_balanced_seed42_20260215_014509][EFT] [Baselines] ep=99 (99/120) policy=EFT (1/1) ...
[scanB_stageB_balanced_seed42_20260215_014509][EFT] [Baselines]   done reward=-0.4632 task_sr=0.4500 subtask_sr=0.6019 (9.2s)
[scanB_stageB_balanced_seed42_20260215_014509][EFT] [Baselines] ep=100 (100/120) policy=EFT (1/1) ...
[scanB_stageB_balanced_seed42_20260215_014509][EFT] [Baselines]   done reward=-2.1318 task_sr=0.1000 subtask_sr=0.4597 (11.1s)
[scanB_stageB_balanced_seed42_20260215_014509][EFT] [Baselines] ep=101 (101/120) policy=EFT (1/1) ...
[scanB_stageB_balanced_seed42_20260215_014509][EFT] [Baselines]   done reward=-0.6985 task_sr=0.1000 subtask_sr=0.4612 (10.4s)
[scanB_stageB_balanced_seed42_20260215_014509][EFT] [Baselines] ep=102 (102/120) policy=EFT (1/1) ...
[scanB_stageB_balanced_seed42_20260215_014509][EFT] [Baselines]   done reward=-0.6383 task_sr=0.3000 subtask_sr=0.5537 (10.6s)
[scanB_stageB_balanced_seed42_20260215_014509][EFT] [Baselines] ep=103 (103/120) policy=EFT (1/1) ...
[scanB_stageB_balanced_seed42_20260215_014509][EFT] [Baselines]   done reward=-0.7458 task_sr=0.2000 subtask_sr=0.5957 (9.8s)
[scanB_stageB_balanced_seed42_20260215_014509][EFT] [Baselines] ep=104 (104/120) policy=EFT (1/1) ...
[scanB_stageB_balanced_seed42_20260215_014509][EFT] [Baselines]   done reward=-0.4315 task_sr=0.1000 subtask_sr=0.4941 (10.1s)
[scanB_stageB_balanced_seed42_20260215_014509][EFT] [Baselines] ep=105 (105/120) policy=EFT (1/1) ...
[scanB_stageB_balanced_seed42_20260215_014509][EFT] [Baselines]   done reward=-0.5901 task_sr=0.1000 subtask_sr=0.5257 (10.2s)
[scanB_stageB_balanced_seed42_20260215_014509][EFT] [Baselines] ep=106 (106/120) policy=EFT (1/1) ...
[scanB_stageB_balanced_seed42_20260215_014509][EFT] [Baselines]   done reward=-0.4722 task_sr=0.3000 subtask_sr=0.6364 (9.2s)
[scanB_stageB_balanced_seed42_20260215_014509][EFT] [Baselines] ep=107 (107/120) policy=EFT (1/1) ...
[scanB_stageB_balanced_seed42_20260215_014509][EFT] [Baselines]   done reward=-0.8659 task_sr=0.3000 subtask_sr=0.7400 (7.0s)
[scanB_stageB_balanced_seed42_20260215_014509][EFT] [Baselines] ep=108 (108/120) policy=EFT (1/1) ...
[scanB_stageB_balanced_seed42_20260215_014509][EFT] [Baselines]   done reward=-0.6022 task_sr=0.1500 subtask_sr=0.5261 (10.4s)
[scanB_stageB_balanced_seed42_20260215_014509][EFT] [Baselines] ep=109 (109/120) policy=EFT (1/1) ...
[scanB_stageB_balanced_seed42_20260215_014509][EFT] [Baselines]   done reward=-0.7324 task_sr=0.3500 subtask_sr=0.7451 (8.3s)
[scanB_stageB_balanced_seed42_20260215_014509][EFT] [Baselines] ep=110 (110/120) policy=EFT (1/1) ...
[scanB_stageB_balanced_seed42_20260215_014509][EFT] [Baselines]   done reward=-0.6128 task_sr=0.1000 subtask_sr=0.5263 (10.5s)
[scanB_stageB_balanced_seed42_20260215_014509][EFT] [Baselines] ep=111 (111/120) policy=EFT (1/1) ...
[scanB_stageB_balanced_seed42_20260215_014509][EFT] [Baselines]   done reward=-1.0129 task_sr=0.2500 subtask_sr=0.6072 (10.1s)
[scanB_stageB_balanced_seed42_20260215_014509][EFT] [Baselines] ep=112 (112/120) policy=EFT (1/1) ...
[scanB_stageB_balanced_seed42_20260215_014509][EFT] [Baselines]   done reward=-0.3257 task_sr=0.4500 subtask_sr=0.7069 (9.1s)
[scanB_stageB_balanced_seed42_20260215_014509][EFT] [Baselines] ep=113 (113/120) policy=EFT (1/1) ...
[scanB_stageB_balanced_seed42_20260215_014509][EFT] [Baselines]   done reward=-0.3878 task_sr=0.4000 subtask_sr=0.6620 (9.6s)
[scanB_stageB_balanced_seed42_20260215_014509][EFT] [Baselines] ep=114 (114/120) policy=EFT (1/1) ...
[scanB_stageB_balanced_seed42_20260215_014509][EFT] [Baselines]   done reward=-2.4318 task_sr=0.2500 subtask_sr=0.5308 (10.1s)
[scanB_stageB_balanced_seed42_20260215_014509][EFT] [Baselines] ep=115 (115/120) policy=EFT (1/1) ...
[scanB_stageB_balanced_seed42_20260215_014509][EFT] [Baselines]   done reward=-1.1560 task_sr=0.5000 subtask_sr=0.7294 (8.6s)
[scanB_stageB_balanced_seed42_20260215_014509][EFT] [Baselines] ep=116 (116/120) policy=EFT (1/1) ...
[scanB_stageB_balanced_seed42_20260215_014509][EFT] [Baselines]   done reward=-0.7201 task_sr=0.2000 subtask_sr=0.4904 (9.5s)
[scanB_stageB_balanced_seed42_20260215_014509][EFT] [Baselines] ep=117 (117/120) policy=EFT (1/1) ...
[scanB_stageB_balanced_seed42_20260215_014509][EFT] [Baselines]   done reward=-0.5455 task_sr=0.5500 subtask_sr=0.6683 (7.7s)
[scanB_stageB_balanced_seed42_20260215_014509][EFT] [Baselines] ep=118 (118/120) policy=EFT (1/1) ...
[scanB_stageB_balanced_seed42_20260215_014509][EFT] [Baselines]   done reward=-0.5485 task_sr=0.1500 subtask_sr=0.5279 (9.2s)
[scanB_stageB_balanced_seed42_20260215_014509][EFT] [Baselines] ep=119 (119/120) policy=EFT (1/1) ...
[scanB_stageB_balanced_seed42_20260215_014509][EFT] [Baselines]   done reward=-0.5118 task_sr=0.3500 subtask_sr=0.6381 (8.7s)
[scanB_stageB_balanced_seed42_20260215_014509][EFT] [Baselines] ep=120 (120/120) policy=EFT (1/1) ...
[scanB_stageB_balanced_seed42_20260215_014509][EFT] [Baselines]   done reward=-0.4530 task_sr=0.2000 subtask_sr=0.7208 (6.7s)
[scanB_stageB_balanced_seed42_20260215_014509][EFT] ✓ Baseline stats saved: /Users/qiutao/研/毕设/毕设/vecOffloadingSim/runs/scanB_stageB_balanced_seed42_20260215_014509/logs/baseline_parts/EFT.csv
[scanB_stageB_balanced_seed42_20260215_014509][EFT] 结果摘要 (均值):
[scanB_stageB_balanced_seed42_20260215_014509][EFT]   EFT        reward=-0.7971 task_sr=0.2296 subtask_sr=0.5784
