[scanB_stageB_balanced_seed42_20260215_014509][Local-Only] [Baselines] run_dir=/Users/qiutao/研/毕设/毕设/vecOffloadingSim/runs/scanB_stageB_balanced_seed42_20260215_014509
[scanB_stageB_balanced_seed42_20260215_014509][Local-Only] [Baselines] num_episodes=120 seed=42 max_steps=200
[scanB_stageB_balanced_seed42_20260215_014509][Local-Only] [Baselines] policies=['Local-Only']
[scanB_stageB_balanced_seed42_20260215_014509][Local-Only] [Baselines] ep=1 (1/120) policy=Local-Only (1/1) ...
[scanB_stageB_balanced_seed42_20260215_014509][Local-Only] [Baselines]   done reward=-0.1666 task_sr=0.6500 subtask_sr=0.8942 (8.4s)
[scanB_stageB_balanced_seed42_20260215_014509][Local-Only] [Baselines] ep=2 (2/120) policy=Local-Only (1/1) ...
[scanB_stageB_balanced_seed42_20260215_014509][Local-Only] [Baselines]   done reward=-0.3186 task_sr=0.6500 subtask_sr=0.9368 (8.0s)
[scanB_stageB_balanced_seed42_20260215_014509][Local-Only] [Baselines] ep=3 (3/120) policy=Local-Only (1/1) ...
[scanB_stageB_balanced_seed42_20260215_014509][Local-Only] [Baselines]   done reward=-0.3333 task_sr=0.8000 subtask_sr=0.9260 (6.7s)
[scanB_stageB_balanced_seed42_20260215_014509][Local-Only] [Baselines] ep=4 (4/120) policy=Local-Only (1/1) ...
[scanB_stageB_balanced_seed42_20260215_014509][Local-Only] [Baselines]   done reward=-0.2759 task_sr=0.7500 subtask_sr=0.9401 (7.4s)
[scanB_stageB_balanced_seed42_20260215_014509][Local-Only] [Baselines] ep=5 (5/120) policy=Local-Only (1/1) ...
[scanB_stageB_balanced_seed42_20260215_014509][Local-Only] [Baselines]   done reward=-0.3267 task_sr=0.7000 subtask_sr=0.9242 (8.3s)
[scanB_stageB_balanced_seed42_20260215_014509][Local-Only] [Baselines] ep=6 (6/120) policy=Local-Only (1/1) ...
[scanB_stageB_balanced_seed42_20260215_014509][Local-Only] [Baselines]   done reward=-0.3595 task_sr=0.8000 subtask_sr=0.9422 (7.6s)
[scanB_stageB_balanced_seed42_20260215_014509][Local-Only] [Baselines] ep=7 (7/120) policy=Local-Only (1/1) ...
[scanB_stageB_balanced_seed42_20260215_014509][Local-Only] [Baselines]   done reward=-0.2326 task_sr=0.7000 subtask_sr=0.9142 (9.6s)
[scanB_stageB_balanced_seed42_20260215_014509][Local-Only] [Baselines] ep=8 (8/120) policy=Local-Only (1/1) ...
[scanB_stageB_balanced_seed42_20260215_014509][Local-Only] [Baselines]   done reward=-0.2418 task_sr=0.7500 subtask_sr=0.9419 (8.8s)
[scanB_stageB_balanced_seed42_20260215_014509][Local-Only] [Baselines] ep=9 (9/120) policy=Local-Only (1/1) ...
[scanB_stageB_balanced_seed42_20260215_014509][Local-Only] [Baselines]   done reward=-0.3994 task_sr=0.8000 subtask_sr=0.9508 (7.1s)
[scanB_stageB_balanced_seed42_20260215_014509][Local-Only] [Baselines] ep=10 (10/120) policy=Local-Only (1/1) ...
[scanB_stageB_balanced_seed42_20260215_014509][Local-Only] [Baselines]   done reward=-0.2043 task_sr=0.6000 subtask_sr=0.8717 (9.1s)
[scanB_stageB_balanced_seed42_20260215_014509][Local-Only] [Baselines] ep=11 (11/120) policy=Local-Only (1/1) ...
[scanB_stageB_balanced_seed42_20260215_014509][Local-Only] [Baselines]   done reward=-0.2966 task_sr=0.9000 subtask_sr=0.9709 (6.9s)
[scanB_stageB_balanced_seed42_20260215_014509][Local-Only] [Baselines] ep=12 (12/120) policy=Local-Only (1/1) ...
[scanB_stageB_balanced_seed42_20260215_014509][Local-Only] [Baselines]   done reward=-0.4108 task_sr=0.8500 subtask_sr=0.9438 (7.5s)
[scanB_stageB_balanced_seed42_20260215_014509][Local-Only] [Baselines] ep=13 (13/120) policy=Local-Only (1/1) ...
[scanB_stageB_balanced_seed42_20260215_014509][Local-Only] [Baselines]   done reward=-0.3667 task_sr=0.7500 subtask_sr=0.9650 (7.5s)
[scanB_stageB_balanced_seed42_20260215_014509][Local-Only] [Baselines] ep=14 (14/120) policy=Local-Only (1/1) ...
[scanB_stageB_balanced_seed42_20260215_014509][Local-Only] [Baselines]   done reward=-0.3221 task_sr=0.6000 subtask_sr=0.8732 (7.9s)
[scanB_stageB_balanced_seed42_20260215_014509][Local-Only] [Baselines] ep=15 (15/120) policy=Local-Only (1/1) ...
[scanB_stageB_balanced_seed42_20260215_014509][Local-Only] [Baselines]   done reward=-0.3734 task_sr=0.9500 subtask_sr=0.9833 (6.0s)
[scanB_stageB_balanced_seed42_20260215_014509][Local-Only] [Baselines] ep=16 (16/120) policy=Local-Only (1/1) ...
[scanB_stageB_balanced_seed42_20260215_014509][Local-Only] [Baselines]   done reward=-0.3004 task_sr=0.8500 subtask_sr=0.9663 (8.9s)
[scanB_stageB_balanced_seed42_20260215_014509][Local-Only] [Baselines] ep=17 (17/120) policy=Local-Only (1/1) ...
[scanB_stageB_balanced_seed42_20260215_014509][Local-Only] [Baselines]   done reward=-0.4022 task_sr=0.8000 subtask_sr=0.9378 (7.6s)
[scanB_stageB_balanced_seed42_20260215_014509][Local-Only] [Baselines] ep=18 (18/120) policy=Local-Only (1/1) ...
[scanB_stageB_balanced_seed42_20260215_014509][Local-Only] [Baselines]   done reward=-0.2874 task_sr=0.7500 subtask_sr=0.9367 (8.2s)
[scanB_stageB_balanced_seed42_20260215_014509][Local-Only] [Baselines] ep=19 (19/120) policy=Local-Only (1/1) ...
[scanB_stageB_balanced_seed42_20260215_014509][Local-Only] [Baselines]   done reward=-0.3869 task_sr=0.9000 subtask_sr=0.9827 (6.1s)
[scanB_stageB_balanced_seed42_20260215_014509][Local-Only] [Baselines] ep=20 (20/120) policy=Local-Only (1/1) ...
[scanB_stageB_balanced_seed42_20260215_014509][Local-Only] [Baselines]   done reward=-0.3982 task_sr=0.9000 subtask_sr=0.9784 (6.8s)
[scanB_stageB_balanced_seed42_20260215_014509][Local-Only] [Baselines] ep=21 (21/120) policy=Local-Only (1/1) ...
[scanB_stageB_balanced_seed42_20260215_014509][Local-Only] [Baselines]   done reward=-0.4160 task_sr=0.8500 subtask_sr=0.9767 (7.1s)
[scanB_stageB_balanced_seed42_20260215_014509][Local-Only] [Baselines] ep=22 (22/120) policy=Local-Only (1/1) ...
[scanB_stageB_balanced_seed42_20260215_014509][Local-Only] [Baselines]   done reward=-0.3471 task_sr=0.8000 subtask_sr=0.9610 (6.9s)
[scanB_stageB_balanced_seed42_20260215_014509][Local-Only] [Baselines] ep=23 (23/120) policy=Local-Only (1/1) ...
[scanB_stageB_balanced_seed42_20260215_014509][Local-Only] [Baselines]   done reward=-0.2826 task_sr=0.8000 subtask_sr=0.9667 (7.1s)
[scanB_stageB_balanced_seed42_20260215_014509][Local-Only] [Baselines] ep=24 (24/120) policy=Local-Only (1/1) ...
[scanB_stageB_balanced_seed42_20260215_014509][Local-Only] [Baselines]   done reward=-0.3374 task_sr=0.7000 subtask_sr=0.9490 (7.0s)
[scanB_stageB_balanced_seed42_20260215_014509][Local-Only] [Baselines] ep=25 (25/120) policy=Local-Only (1/1) ...
[scanB_stageB_balanced_seed42_20260215_014509][Local-Only] [Baselines]   done reward=-0.3657 task_sr=0.8500 subtask_sr=0.9812 (8.0s)
[scanB_stageB_balanced_seed42_20260215_014509][Local-Only] [Baselines] ep=26 (26/120) policy=Local-Only (1/1) ...
[scanB_stageB_balanced_seed42_20260215_014509][Local-Only] [Baselines]   done reward=-0.3124 task_sr=0.6500 subtask_sr=0.9045 (8.1s)
[scanB_stageB_balanced_seed42_20260215_014509][Local-Only] [Baselines] ep=27 (27/120) policy=Local-Only (1/1) ...
[scanB_stageB_balanced_seed42_20260215_014509][Local-Only] [Baselines]   done reward=-0.2972 task_sr=0.6500 subtask_sr=0.9363 (8.6s)
[scanB_stageB_balanced_seed42_20260215_014509][Local-Only] [Baselines] ep=28 (28/120) policy=Local-Only (1/1) ...
[scanB_stageB_balanced_seed42_20260215_014509][Local-Only] [Baselines]   done reward=-0.2227 task_sr=0.7500 subtask_sr=0.9177 (8.1s)
[scanB_stageB_balanced_seed42_20260215_014509][Local-Only] [Baselines] ep=29 (29/120) policy=Local-Only (1/1) ...
[scanB_stageB_balanced_seed42_20260215_014509][Local-Only] [Baselines]   done reward=-0.2962 task_sr=0.7500 subtask_sr=0.9251 (7.3s)
[scanB_stageB_balanced_seed42_20260215_014509][Local-Only] [Baselines] ep=30 (30/120) policy=Local-Only (1/1) ...
[scanB_stageB_balanced_seed42_20260215_014509][Local-Only] [Baselines]   done reward=-0.2154 task_sr=0.6000 subtask_sr=0.9321 (8.9s)
[scanB_stageB_balanced_seed42_20260215_014509][Local-Only] [Baselines] ep=31 (31/120) policy=Local-Only (1/1) ...
[scanB_stageB_balanced_seed42_20260215_014509][Local-Only] [Baselines]   done reward=-0.2872 task_sr=0.7000 subtask_sr=0.9424 (8.9s)
[scanB_stageB_balanced_seed42_20260215_014509][Local-Only] [Baselines] ep=32 (32/120) policy=Local-Only (1/1) ...
[scanB_stageB_balanced_seed42_20260215_014509][Local-Only] [Baselines]   done reward=-0.1850 task_sr=0.6500 subtask_sr=0.8966 (8.8s)
[scanB_stageB_balanced_seed42_20260215_014509][Local-Only] [Baselines] ep=33 (33/120) policy=Local-Only (1/1) ...
[scanB_stageB_balanced_seed42_20260215_014509][Local-Only] [Baselines]   done reward=-0.3061 task_sr=0.7000 subtask_sr=0.9507 (8.2s)
[scanB_stageB_balanced_seed42_20260215_014509][Local-Only] [Baselines] ep=34 (34/120) policy=Local-Only (1/1) ...
[scanB_stageB_balanced_seed42_20260215_014509][Local-Only] [Baselines]   done reward=-0.2225 task_sr=0.8000 subtask_sr=0.9393 (7.6s)
[scanB_stageB_balanced_seed42_20260215_014509][Local-Only] [Baselines] ep=35 (35/120) policy=Local-Only (1/1) ...
[scanB_stageB_balanced_seed42_20260215_014509][Local-Only] [Baselines]   done reward=-0.2841 task_sr=0.7000 subtask_sr=0.9311 (8.2s)
[scanB_stageB_balanced_seed42_20260215_014509][Local-Only] [Baselines] ep=36 (36/120) policy=Local-Only (1/1) ...
[scanB_stageB_balanced_seed42_20260215_014509][Local-Only] [Baselines]   done reward=-0.2548 task_sr=0.9000 subtask_sr=0.9667 (8.1s)
[scanB_stageB_balanced_seed42_20260215_014509][Local-Only] [Baselines] ep=37 (37/120) policy=Local-Only (1/1) ...
[scanB_stageB_balanced_seed42_20260215_014509][Local-Only] [Baselines]   done reward=-0.2789 task_sr=0.6500 subtask_sr=0.9204 (8.4s)
[scanB_stageB_balanced_seed42_20260215_014509][Local-Only] [Baselines] ep=38 (38/120) policy=Local-Only (1/1) ...
[scanB_stageB_balanced_seed42_20260215_014509][Local-Only] [Baselines]   done reward=-0.3734 task_sr=0.8500 subtask_sr=0.9568 (7.5s)
[scanB_stageB_balanced_seed42_20260215_014509][Local-Only] [Baselines] ep=39 (39/120) policy=Local-Only (1/1) ...
[scanB_stageB_balanced_seed42_20260215_014509][Local-Only] [Baselines]   done reward=-0.2937 task_sr=0.7000 subtask_sr=0.9382 (7.4s)
[scanB_stageB_balanced_seed42_20260215_014509][Local-Only] [Baselines] ep=40 (40/120) policy=Local-Only (1/1) ...
[scanB_stageB_balanced_seed42_20260215_014509][Local-Only] [Baselines]   done reward=-0.2257 task_sr=0.5500 subtask_sr=0.8915 (8.3s)
[scanB_stageB_balanced_seed42_20260215_014509][Local-Only] [Baselines] ep=41 (41/120) policy=Local-Only (1/1) ...
[scanB_stageB_balanced_seed42_20260215_014509][Local-Only] [Baselines]   done reward=-0.3488 task_sr=0.8000 subtask_sr=0.9493 (8.0s)
[scanB_stageB_balanced_seed42_20260215_014509][Local-Only] [Baselines] ep=42 (42/120) policy=Local-Only (1/1) ...
[scanB_stageB_balanced_seed42_20260215_014509][Local-Only] [Baselines]   done reward=-0.2111 task_sr=0.7000 subtask_sr=0.9272 (7.7s)
[scanB_stageB_balanced_seed42_20260215_014509][Local-Only] [Baselines] ep=43 (43/120) policy=Local-Only (1/1) ...
[scanB_stageB_balanced_seed42_20260215_014509][Local-Only] [Baselines]   done reward=-0.2988 task_sr=0.7000 subtask_sr=0.9415 (7.2s)
[scanB_stageB_balanced_seed42_20260215_014509][Local-Only] [Baselines] ep=44 (44/120) policy=Local-Only (1/1) ...
[scanB_stageB_balanced_seed42_20260215_014509][Local-Only] [Baselines]   done reward=-0.3723 task_sr=0.7000 subtask_sr=0.9062 (7.3s)
[scanB_stageB_balanced_seed42_20260215_014509][Local-Only] [Baselines] ep=45 (45/120) policy=Local-Only (1/1) ...
[scanB_stageB_balanced_seed42_20260215_014509][Local-Only] [Baselines]   done reward=-0.3876 task_sr=0.9500 subtask_sr=0.9805 (6.5s)
[scanB_stageB_balanced_seed42_20260215_014509][Local-Only] [Baselines] ep=46 (46/120) policy=Local-Only (1/1) ...
[scanB_stageB_balanced_seed42_20260215_014509][Local-Only] [Baselines]   done reward=-0.5011 task_sr=0.9500 subtask_sr=0.9953 (6.5s)
[scanB_stageB_balanced_seed42_20260215_014509][Local-Only] [Baselines] ep=47 (47/120) policy=Local-Only (1/1) ...
[scanB_stageB_balanced_seed42_20260215_014509][Local-Only] [Baselines]   done reward=-0.1610 task_sr=0.5500 subtask_sr=0.9187 (9.3s)
[scanB_stageB_balanced_seed42_20260215_014509][Local-Only] [Baselines] ep=48 (48/120) policy=Local-Only (1/1) ...
[scanB_stageB_balanced_seed42_20260215_014509][Local-Only] [Baselines]   done reward=-0.3528 task_sr=0.7500 subtask_sr=0.9317 (7.4s)
[scanB_stageB_balanced_seed42_20260215_014509][Local-Only] [Baselines] ep=49 (49/120) policy=Local-Only (1/1) ...
[scanB_stageB_balanced_seed42_20260215_014509][Local-Only] [Baselines]   done reward=-0.3186 task_sr=0.8000 subtask_sr=0.9465 (7.3s)
[scanB_stageB_balanced_seed42_20260215_014509][Local-Only] [Baselines] ep=50 (50/120) policy=Local-Only (1/1) ...
[scanB_stageB_balanced_seed42_20260215_014509][Local-Only] [Baselines]   done reward=-0.3681 task_sr=0.8000 subtask_sr=0.9540 (8.0s)
[scanB_stageB_balanced_seed42_20260215_014509][Local-Only] [Baselines] ep=51 (51/120) policy=Local-Only (1/1) ...
[scanB_stageB_balanced_seed42_20260215_014509][Local-Only] [Baselines]   done reward=-0.2215 task_sr=0.7000 subtask_sr=0.9247 (7.3s)
[scanB_stageB_balanced_seed42_20260215_014509][Local-Only] [Baselines] ep=52 (52/120) policy=Local-Only (1/1) ...
[scanB_stageB_balanced_seed42_20260215_014509][Local-Only] [Baselines]   done reward=-0.2415 task_sr=0.5500 subtask_sr=0.8870 (8.8s)
[scanB_stageB_balanced_seed42_20260215_014509][Local-Only] [Baselines] ep=53 (53/120) policy=Local-Only (1/1) ...
[scanB_stageB_balanced_seed42_20260215_014509][Local-Only] [Baselines]   done reward=-0.2285 task_sr=0.7500 subtask_sr=0.9326 (7.8s)
[scanB_stageB_balanced_seed42_20260215_014509][Local-Only] [Baselines] ep=54 (54/120) policy=Local-Only (1/1) ...
[scanB_stageB_balanced_seed42_20260215_014509][Local-Only] [Baselines]   done reward=-0.4480 task_sr=0.9500 subtask_sr=0.9878 (6.0s)
[scanB_stageB_balanced_seed42_20260215_014509][Local-Only] [Baselines] ep=55 (55/120) policy=Local-Only (1/1) ...
[scanB_stageB_balanced_seed42_20260215_014509][Local-Only] [Baselines]   done reward=-0.3100 task_sr=0.6500 subtask_sr=0.9454 (7.9s)
[scanB_stageB_balanced_seed42_20260215_014509][Local-Only] [Baselines] ep=56 (56/120) policy=Local-Only (1/1) ...
[scanB_stageB_balanced_seed42_20260215_014509][Local-Only] [Baselines]   done reward=-0.3353 task_sr=0.8000 subtask_sr=0.9554 (7.5s)
[scanB_stageB_balanced_seed42_20260215_014509][Local-Only] [Baselines] ep=57 (57/120) policy=Local-Only (1/1) ...
[scanB_stageB_balanced_seed42_20260215_014509][Local-Only] [Baselines]   done reward=-0.3431 task_sr=0.7500 subtask_sr=0.9570 (7.6s)
[scanB_stageB_balanced_seed42_20260215_014509][Local-Only] [Baselines] ep=58 (58/120) policy=Local-Only (1/1) ...
[scanB_stageB_balanced_seed42_20260215_014509][Local-Only] [Baselines]   done reward=-0.1972 task_sr=0.6500 subtask_sr=0.9142 (8.4s)
[scanB_stageB_balanced_seed42_20260215_014509][Local-Only] [Baselines] ep=59 (59/120) policy=Local-Only (1/1) ...
[scanB_stageB_balanced_seed42_20260215_014509][Local-Only] [Baselines]   done reward=-0.2996 task_sr=0.6500 subtask_sr=0.9141 (9.0s)
[scanB_stageB_balanced_seed42_20260215_014509][Local-Only] [Baselines] ep=60 (60/120) policy=Local-Only (1/1) ...
[scanB_stageB_balanced_seed42_20260215_014509][Local-Only] [Baselines]   done reward=-0.3292 task_sr=0.7500 subtask_sr=0.9431 (7.0s)
[scanB_stageB_balanced_seed42_20260215_014509][Local-Only] [Baselines] ep=61 (61/120) policy=Local-Only (1/1) ...
[scanB_stageB_balanced_seed42_20260215_014509][Local-Only] [Baselines]   done reward=-0.2439 task_sr=0.8000 subtask_sr=0.9370 (7.3s)
[scanB_stageB_balanced_seed42_20260215_014509][Local-Only] [Baselines] ep=62 (62/120) policy=Local-Only (1/1) ...
[scanB_stageB_balanced_seed42_20260215_014509][Local-Only] [Baselines]   done reward=-0.3491 task_sr=0.8000 subtask_sr=0.9399 (6.9s)
[scanB_stageB_balanced_seed42_20260215_014509][Local-Only] [Baselines] ep=63 (63/120) policy=Local-Only (1/1) ...
[scanB_stageB_balanced_seed42_20260215_014509][Local-Only] [Baselines]   done reward=-0.3666 task_sr=0.7000 subtask_sr=0.9608 (7.0s)
[scanB_stageB_balanced_seed42_20260215_014509][Local-Only] [Baselines] ep=64 (64/120) policy=Local-Only (1/1) ...
[scanB_stageB_balanced_seed42_20260215_014509][Local-Only] [Baselines]   done reward=-0.1891 task_sr=0.6500 subtask_sr=0.9102 (8.4s)
[scanB_stageB_balanced_seed42_20260215_014509][Local-Only] [Baselines] ep=65 (65/120) policy=Local-Only (1/1) ...
[scanB_stageB_balanced_seed42_20260215_014509][Local-Only] [Baselines]   done reward=-0.2688 task_sr=0.7000 subtask_sr=0.9300 (6.9s)
[scanB_stageB_balanced_seed42_20260215_014509][Local-Only] [Baselines] ep=66 (66/120) policy=Local-Only (1/1) ...
[scanB_stageB_balanced_seed42_20260215_014509][Local-Only] [Baselines]   done reward=-0.2180 task_sr=0.6000 subtask_sr=0.8789 (7.7s)
[scanB_stageB_balanced_seed42_20260215_014509][Local-Only] [Baselines] ep=67 (67/120) policy=Local-Only (1/1) ...
[scanB_stageB_balanced_seed42_20260215_014509][Local-Only] [Baselines]   done reward=-0.3139 task_sr=0.7000 subtask_sr=0.9277 (7.3s)
[scanB_stageB_balanced_seed42_20260215_014509][Local-Only] [Baselines] ep=68 (68/120) policy=Local-Only (1/1) ...
[scanB_stageB_balanced_seed42_20260215_014509][Local-Only] [Baselines]   done reward=-0.3539 task_sr=0.6000 subtask_sr=0.9220 (8.0s)
[scanB_stageB_balanced_seed42_20260215_014509][Local-Only] [Baselines] ep=69 (69/120) policy=Local-Only (1/1) ...
[scanB_stageB_balanced_seed42_20260215_014509][Local-Only] [Baselines]   done reward=-0.2075 task_sr=0.7500 subtask_sr=0.9080 (8.7s)
[scanB_stageB_balanced_seed42_20260215_014509][Local-Only] [Baselines] ep=70 (70/120) policy=Local-Only (1/1) ...
[scanB_stageB_balanced_seed42_20260215_014509][Local-Only] [Baselines]   done reward=-0.3322 task_sr=0.8000 subtask_sr=0.9500 (6.4s)
[scanB_stageB_balanced_seed42_20260215_014509][Local-Only] [Baselines] ep=71 (71/120) policy=Local-Only (1/1) ...
[scanB_stageB_balanced_seed42_20260215_014509][Local-Only] [Baselines]   done reward=-0.2094 task_sr=0.6500 subtask_sr=0.8892 (8.9s)
[scanB_stageB_balanced_seed42_20260215_014509][Local-Only] [Baselines] ep=72 (72/120) policy=Local-Only (1/1) ...
[scanB_stageB_balanced_seed42_20260215_014509][Local-Only] [Baselines]   done reward=-0.5075 task_sr=0.9000 subtask_sr=0.9716 (6.7s)
[scanB_stageB_balanced_seed42_20260215_014509][Local-Only] [Baselines] ep=73 (73/120) policy=Local-Only (1/1) ...
[scanB_stageB_balanced_seed42_20260215_014509][Local-Only] [Baselines]   done reward=-0.2119 task_sr=0.6500 subtask_sr=0.9052 (7.9s)
[scanB_stageB_balanced_seed42_20260215_014509][Local-Only] [Baselines] ep=74 (74/120) policy=Local-Only (1/1) ...
[scanB_stageB_balanced_seed42_20260215_014509][Local-Only] [Baselines]   done reward=-0.2777 task_sr=0.6500 subtask_sr=0.8981 (8.5s)
[scanB_stageB_balanced_seed42_20260215_014509][Local-Only] [Baselines] ep=75 (75/120) policy=Local-Only (1/1) ...
[scanB_stageB_balanced_seed42_20260215_014509][Local-Only] [Baselines]   done reward=-0.3535 task_sr=0.7500 subtask_sr=0.9363 (7.3s)
[scanB_stageB_balanced_seed42_20260215_014509][Local-Only] [Baselines] ep=76 (76/120) policy=Local-Only (1/1) ...
[scanB_stageB_balanced_seed42_20260215_014509][Local-Only] [Baselines]   done reward=-0.3943 task_sr=0.7500 subtask_sr=0.9351 (7.1s)
[scanB_stageB_balanced_seed42_20260215_014509][Local-Only] [Baselines] ep=77 (77/120) policy=Local-Only (1/1) ...
[scanB_stageB_balanced_seed42_20260215_014509][Local-Only] [Baselines]   done reward=-0.4356 task_sr=0.8000 subtask_sr=0.9558 (7.0s)
[scanB_stageB_balanced_seed42_20260215_014509][Local-Only] [Baselines] ep=78 (78/120) policy=Local-Only (1/1) ...
[scanB_stageB_balanced_seed42_20260215_014509][Local-Only] [Baselines]   done reward=-0.3457 task_sr=0.7500 subtask_sr=0.9299 (8.0s)
[scanB_stageB_balanced_seed42_20260215_014509][Local-Only] [Baselines] ep=79 (79/120) policy=Local-Only (1/1) ...
[scanB_stageB_balanced_seed42_20260215_014509][Local-Only] [Baselines]   done reward=-0.3266 task_sr=0.7000 subtask_sr=0.9548 (8.4s)
[scanB_stageB_balanced_seed42_20260215_014509][Local-Only] [Baselines] ep=80 (80/120) policy=Local-Only (1/1) ...
[scanB_stageB_balanced_seed42_20260215_014509][Local-Only] [Baselines]   done reward=-0.2348 task_sr=0.7500 subtask_sr=0.9372 (8.8s)
[scanB_stageB_balanced_seed42_20260215_014509][Local-Only] [Baselines] ep=81 (81/120) policy=Local-Only (1/1) ...
[scanB_stageB_balanced_seed42_20260215_014509][Local-Only] [Baselines]   done reward=-0.2724 task_sr=0.7500 subtask_sr=0.9614 (6.8s)
[scanB_stageB_balanced_seed42_20260215_014509][Local-Only] [Baselines] ep=82 (82/120) policy=Local-Only (1/1) ...
[scanB_stageB_balanced_seed42_20260215_014509][Local-Only] [Baselines]   done reward=-0.3516 task_sr=0.7000 subtask_sr=0.9463 (8.2s)
[scanB_stageB_balanced_seed42_20260215_014509][Local-Only] [Baselines] ep=83 (83/120) policy=Local-Only (1/1) ...
[scanB_stageB_balanced_seed42_20260215_014509][Local-Only] [Baselines]   done reward=-0.4116 task_sr=0.7000 subtask_sr=0.9638 (6.9s)
[scanB_stageB_balanced_seed42_20260215_014509][Local-Only] [Baselines] ep=84 (84/120) policy=Local-Only (1/1) ...
[scanB_stageB_balanced_seed42_20260215_014509][Local-Only] [Baselines]   done reward=-0.3851 task_sr=0.8500 subtask_sr=0.9742 (7.7s)
[scanB_stageB_balanced_seed42_20260215_014509][Local-Only] [Baselines] ep=85 (85/120) policy=Local-Only (1/1) ...
[scanB_stageB_balanced_seed42_20260215_014509][Local-Only] [Baselines]   done reward=-0.2617 task_sr=0.6000 subtask_sr=0.8681 (8.4s)
[scanB_stageB_balanced_seed42_20260215_014509][Local-Only] [Baselines] ep=86 (86/120) policy=Local-Only (1/1) ...
[scanB_stageB_balanced_seed42_20260215_014509][Local-Only] [Baselines]   done reward=-0.2593 task_sr=0.6000 subtask_sr=0.9064 (8.3s)
[scanB_stageB_balanced_seed42_20260215_014509][Local-Only] [Baselines] ep=87 (87/120) policy=Local-Only (1/1) ...
[scanB_stageB_balanced_seed42_20260215_014509][Local-Only] [Baselines]   done reward=-0.2896 task_sr=0.7500 subtask_sr=0.9296 (7.3s)
[scanB_stageB_balanced_seed42_20260215_014509][Local-Only] [Baselines] ep=88 (88/120) policy=Local-Only (1/1) ...
[scanB_stageB_balanced_seed42_20260215_014509][Local-Only] [Baselines]   done reward=-0.2528 task_sr=0.7500 subtask_sr=0.9117 (8.3s)
[scanB_stageB_balanced_seed42_20260215_014509][Local-Only] [Baselines] ep=89 (89/120) policy=Local-Only (1/1) ...
[scanB_stageB_balanced_seed42_20260215_014509][Local-Only] [Baselines]   done reward=-0.2683 task_sr=0.6500 subtask_sr=0.9318 (7.9s)
[scanB_stageB_balanced_seed42_20260215_014509][Local-Only] [Baselines] ep=90 (90/120) policy=Local-Only (1/1) ...
[scanB_stageB_balanced_seed42_20260215_014509][Local-Only] [Baselines]   done reward=-0.3304 task_sr=0.8500 subtask_sr=0.9747 (7.9s)
[scanB_stageB_balanced_seed42_20260215_014509][Local-Only] [Baselines] ep=91 (91/120) policy=Local-Only (1/1) ...
[scanB_stageB_balanced_seed42_20260215_014509][Local-Only] [Baselines]   done reward=-0.2852 task_sr=0.7500 subtask_sr=0.9501 (7.5s)
[scanB_stageB_balanced_seed42_20260215_014509][Local-Only] [Baselines] ep=92 (92/120) policy=Local-Only (1/1) ...
[scanB_stageB_balanced_seed42_20260215_014509][Local-Only] [Baselines]   done reward=-0.2709 task_sr=0.7000 subtask_sr=0.9330 (8.1s)
[scanB_stageB_balanced_seed42_20260215_014509][Local-Only] [Baselines] ep=93 (93/120) policy=Local-Only (1/1) ...
[scanB_stageB_balanced_seed42_20260215_014509][Local-Only] [Baselines]   done reward=-0.2527 task_sr=0.6500 subtask_sr=0.8842 (8.1s)
[scanB_stageB_balanced_seed42_20260215_014509][Local-Only] [Baselines] ep=94 (94/120) policy=Local-Only (1/1) ...
[scanB_stageB_balanced_seed42_20260215_014509][Local-Only] [Baselines]   done reward=-0.4358 task_sr=0.9000 subtask_sr=0.9515 (7.3s)
[scanB_stageB_balanced_seed42_20260215_014509][Local-Only] [Baselines] ep=95 (95/120) policy=Local-Only (1/1) ...
[scanB_stageB_balanced_seed42_20260215_014509][Local-Only] [Baselines]   done reward=-0.3461 task_sr=0.6000 subtask_sr=0.9451 (7.7s)
[scanB_stageB_balanced_seed42_20260215_014509][Local-Only] [Baselines] ep=96 (96/120) policy=Local-Only (1/1) ...
[scanB_stageB_balanced_seed42_20260215_014509][Local-Only] [Baselines]   done reward=-0.2321 task_sr=0.7000 subtask_sr=0.9379 (9.3s)
[scanB_stageB_balanced_seed42_20260215_014509][Local-Only] [Baselines] ep=97 (97/120) policy=Local-Only (1/1) ...
[scanB_stageB_balanced_seed42_20260215_014509][Local-Only] [Baselines]   done reward=-0.3027 task_sr=0.8000 subtask_sr=0.9574 (7.8s)
[scanB_stageB_balanced_seed42_20260215_014509][Local-Only] [Baselines] ep=98 (98/120) policy=Local-Only (1/1) ...
[scanB_stageB_balanced_seed42_20260215_014509][Local-Only] [Baselines]   done reward=-0.2646 task_sr=0.7500 subtask_sr=0.9324 (8.9s)
[scanB_stageB_balanced_seed42_20260215_014509][Local-Only] [Baselines] ep=99 (99/120) policy=Local-Only (1/1) ...
[scanB_stageB_balanced_seed42_20260215_014509][Local-Only] [Baselines]   done reward=-0.3685 task_sr=0.8000 subtask_sr=0.9716 (7.2s)
[scanB_stageB_balanced_seed42_20260215_014509][Local-Only] [Baselines] ep=100 (100/120) policy=Local-Only (1/1) ...
[scanB_stageB_balanced_seed42_20260215_014509][Local-Only] [Baselines]   done reward=-0.3779 task_sr=0.8500 subtask_sr=0.9621 (6.8s)
[scanB_stageB_balanced_seed42_20260215_014509][Local-Only] [Baselines] ep=101 (101/120) policy=Local-Only (1/1) ...
[scanB_stageB_balanced_seed42_20260215_014509][Local-Only] [Baselines]   done reward=-0.3510 task_sr=0.9500 subtask_sr=0.9976 (6.7s)
[scanB_stageB_balanced_seed42_20260215_014509][Local-Only] [Baselines] ep=102 (102/120) policy=Local-Only (1/1) ...
[scanB_stageB_balanced_seed42_20260215_014509][Local-Only] [Baselines]   done reward=-0.3562 task_sr=0.8500 subtask_sr=0.9523 (7.6s)
[scanB_stageB_balanced_seed42_20260215_014509][Local-Only] [Baselines] ep=103 (103/120) policy=Local-Only (1/1) ...
[scanB_stageB_balanced_seed42_20260215_014509][Local-Only] [Baselines]   done reward=-0.2983 task_sr=0.6500 subtask_sr=0.9258 (7.8s)
[scanB_stageB_balanced_seed42_20260215_014509][Local-Only] [Baselines] ep=104 (104/120) policy=Local-Only (1/1) ...
[scanB_stageB_balanced_seed42_20260215_014509][Local-Only] [Baselines]   done reward=-0.2645 task_sr=0.7000 subtask_sr=0.9311 (8.1s)
[scanB_stageB_balanced_seed42_20260215_014509][Local-Only] [Baselines] ep=105 (105/120) policy=Local-Only (1/1) ...
[scanB_stageB_balanced_seed42_20260215_014509][Local-Only] [Baselines]   done reward=-0.2834 task_sr=0.7000 subtask_sr=0.9364 (7.2s)
[scanB_stageB_balanced_seed42_20260215_014509][Local-Only] [Baselines] ep=106 (106/120) policy=Local-Only (1/1) ...
[scanB_stageB_balanced_seed42_20260215_014509][Local-Only] [Baselines]   done reward=-0.3925 task_sr=0.8500 subtask_sr=0.9833 (7.8s)
[scanB_stageB_balanced_seed42_20260215_014509][Local-Only] [Baselines] ep=107 (107/120) policy=Local-Only (1/1) ...
[scanB_stageB_balanced_seed42_20260215_014509][Local-Only] [Baselines]   done reward=-0.3502 task_sr=0.7000 subtask_sr=0.9415 (7.4s)
[scanB_stageB_balanced_seed42_20260215_014509][Local-Only] [Baselines] ep=108 (108/120) policy=Local-Only (1/1) ...
[scanB_stageB_balanced_seed42_20260215_014509][Local-Only] [Baselines]   done reward=-0.3492 task_sr=0.8000 subtask_sr=0.9360 (7.7s)
[scanB_stageB_balanced_seed42_20260215_014509][Local-Only] [Baselines] ep=109 (109/120) policy=Local-Only (1/1) ...
[scanB_stageB_balanced_seed42_20260215_014509][Local-Only] [Baselines]   done reward=-0.2982 task_sr=0.7000 subtask_sr=0.9393 (8.1s)
[scanB_stageB_balanced_seed42_20260215_014509][Local-Only] [Baselines] ep=110 (110/120) policy=Local-Only (1/1) ...
[scanB_stageB_balanced_seed42_20260215_014509][Local-Only] [Baselines]   done reward=-0.2516 task_sr=0.7500 subtask_sr=0.9234 (8.5s)
[scanB_stageB_balanced_seed42_20260215_014509][Local-Only] [Baselines] ep=111 (111/120) policy=Local-Only (1/1) ...
[scanB_stageB_balanced_seed42_20260215_014509][Local-Only] [Baselines]   done reward=-0.2696 task_sr=0.8000 subtask_sr=0.9590 (7.2s)
[scanB_stageB_balanced_seed42_20260215_014509][Local-Only] [Baselines] ep=112 (112/120) policy=Local-Only (1/1) ...
[scanB_stageB_balanced_seed42_20260215_014509][Local-Only] [Baselines]   done reward=-0.3216 task_sr=0.8000 subtask_sr=0.9557 (7.4s)
[scanB_stageB_balanced_seed42_20260215_014509][Local-Only] [Baselines] ep=113 (113/120) policy=Local-Only (1/1) ...
[scanB_stageB_balanced_seed42_20260215_014509][Local-Only] [Baselines]   done reward=-0.2375 task_sr=0.8500 subtask_sr=0.9604 (8.2s)
[scanB_stageB_balanced_seed42_20260215_014509][Local-Only] [Baselines] ep=114 (114/120) policy=Local-Only (1/1) ...
[scanB_stageB_balanced_seed42_20260215_014509][Local-Only] [Baselines]   done reward=-0.2106 task_sr=0.6000 subtask_sr=0.8910 (8.5s)
[scanB_stageB_balanced_seed42_20260215_014509][Local-Only] [Baselines] ep=115 (115/120) policy=Local-Only (1/1) ...
[scanB_stageB_balanced_seed42_20260215_014509][Local-Only] [Baselines]   done reward=-0.3420 task_sr=0.8500 subtask_sr=0.9600 (7.9s)
[scanB_stageB_balanced_seed42_20260215_014509][Local-Only] [Baselines] ep=116 (116/120) policy=Local-Only (1/1) ...
[scanB_stageB_balanced_seed42_20260215_014509][Local-Only] [Baselines]   done reward=-0.2147 task_sr=0.7000 subtask_sr=0.9330 (8.6s)
[scanB_stageB_balanced_seed42_20260215_014509][Local-Only] [Baselines] ep=117 (117/120) policy=Local-Only (1/1) ...
[scanB_stageB_balanced_seed42_20260215_014509][Local-Only] [Baselines]   done reward=-0.3186 task_sr=0.8500 subtask_sr=0.9419 (7.7s)
[scanB_stageB_balanced_seed42_20260215_014509][Local-Only] [Baselines] ep=118 (118/120) policy=Local-Only (1/1) ...
[scanB_stageB_balanced_seed42_20260215_014509][Local-Only] [Baselines]   done reward=-0.2888 task_sr=0.7000 subtask_sr=0.9256 (8.5s)
[scanB_stageB_balanced_seed42_20260215_014509][Local-Only] [Baselines] ep=119 (119/120) policy=Local-Only (1/1) ...
[scanB_stageB_balanced_seed42_20260215_014509][Local-Only] [Baselines]   done reward=-0.2189 task_sr=0.7500 subtask_sr=0.9548 (7.7s)
[scanB_stageB_balanced_seed42_20260215_014509][Local-Only] [Baselines] ep=120 (120/120) policy=Local-Only (1/1) ...
[scanB_stageB_balanced_seed42_20260215_014509][Local-Only] [Baselines]   done reward=-0.3277 task_sr=0.7500 subtask_sr=0.9451 (7.6s)
[scanB_stageB_balanced_seed42_20260215_014509][Local-Only] ✓ Baseline stats saved: /Users/qiutao/研/毕设/毕设/vecOffloadingSim/runs/scanB_stageB_balanced_seed42_20260215_014509/logs/baseline_parts/Local-Only.csv
[scanB_stageB_balanced_seed42_20260215_014509][Local-Only] 结果摘要 (均值):
[scanB_stageB_balanced_seed42_20260215_014509][Local-Only]   Local-Only reward=-0.3065 task_sr=0.7450 subtask_sr=0.9387
