[scanB_stageB_balanced_seed42_20260215_014509][Random] [Baselines] run_dir=/Users/qiutao/研/毕设/毕设/vecOffloadingSim/runs/scanB_stageB_balanced_seed42_20260215_014509
[scanB_stageB_balanced_seed42_20260215_014509][Random] [Baselines] num_episodes=120 seed=42 max_steps=200
[scanB_stageB_balanced_seed42_20260215_014509][Random] [Baselines] policies=['Random']
[scanB_stageB_balanced_seed42_20260215_014509][Random] [Baselines] ep=1 (1/120) policy=Random (1/1) ...
[scanB_stageB_balanced_seed42_20260215_014509][Random] [Baselines]   done reward=-1.6783 task_sr=0.0000 subtask_sr=0.1178 (15.1s)
[scanB_stageB_balanced_seed42_20260215_014509][Random] [Baselines] ep=2 (2/120) policy=Random (1/1) ...
[scanB_stageB_balanced_seed42_20260215_014509][Random] [Baselines]   done reward=-2.5441 task_sr=0.0000 subtask_sr=0.1358 (15.1s)
[scanB_stageB_balanced_seed42_20260215_014509][Random] [Baselines] ep=3 (3/120) policy=Random (1/1) ...
[scanB_stageB_balanced_seed42_20260215_014509][Random] [Baselines]   done reward=-2.5565 task_sr=0.0000 subtask_sr=0.1146 (16.3s)
[scanB_stageB_balanced_seed42_20260215_014509][Random] [Baselines] ep=4 (4/120) policy=Random (1/1) ...
[scanB_stageB_balanced_seed42_20260215_014509][Random] [Baselines]   done reward=-1.5334 task_sr=0.0000 subtask_sr=0.1122 (18.1s)
[scanB_stageB_balanced_seed42_20260215_014509][Random] [Baselines] ep=5 (5/120) policy=Random (1/1) ...
[scanB_stageB_balanced_seed42_20260215_014509][Random] [Baselines]   done reward=-1.5923 task_sr=0.0000 subtask_sr=0.1256 (16.3s)
[scanB_stageB_balanced_seed42_20260215_014509][Random] [Baselines] ep=6 (6/120) policy=Random (1/1) ...
[scanB_stageB_balanced_seed42_20260215_014509][Random] [Baselines]   done reward=-2.6116 task_sr=0.0000 subtask_sr=0.1205 (16.6s)
[scanB_stageB_balanced_seed42_20260215_014509][Random] [Baselines] ep=7 (7/120) policy=Random (1/1) ...
[scanB_stageB_balanced_seed42_20260215_014509][Random] [Baselines]   done reward=-1.1130 task_sr=0.0000 subtask_sr=0.1531 (16.0s)
[scanB_stageB_balanced_seed42_20260215_014509][Random] [Baselines] ep=8 (8/120) policy=Random (1/1) ...
[scanB_stageB_balanced_seed42_20260215_014509][Random] [Baselines]   done reward=-2.8946 task_sr=0.0000 subtask_sr=0.1211 (17.4s)
[scanB_stageB_balanced_seed42_20260215_014509][Random] [Baselines] ep=9 (9/120) policy=Random (1/1) ...
[scanB_stageB_balanced_seed42_20260215_014509][Random] [Baselines]   done reward=-3.4888 task_sr=0.0000 subtask_sr=0.0890 (16.5s)
[scanB_stageB_balanced_seed42_20260215_014509][Random] [Baselines] ep=10 (10/120) policy=Random (1/1) ...
[scanB_stageB_balanced_seed42_20260215_014509][Random] [Baselines]   done reward=-1.9580 task_sr=0.0000 subtask_sr=0.1306 (15.6s)
[scanB_stageB_balanced_seed42_20260215_014509][Random] [Baselines] ep=11 (11/120) policy=Random (1/1) ...
[scanB_stageB_balanced_seed42_20260215_014509][Random] [Baselines]   done reward=-0.9891 task_sr=0.0000 subtask_sr=0.0898 (15.3s)
[scanB_stageB_balanced_seed42_20260215_014509][Random] [Baselines] ep=12 (12/120) policy=Random (1/1) ...
[scanB_stageB_balanced_seed42_20260215_014509][Random] [Baselines]   done reward=-1.4836 task_sr=0.0000 subtask_sr=0.1076 (17.0s)
[scanB_stageB_balanced_seed42_20260215_014509][Random] [Baselines] ep=13 (13/120) policy=Random (1/1) ...
[scanB_stageB_balanced_seed42_20260215_014509][Random] [Baselines]   done reward=-1.5699 task_sr=0.0000 subtask_sr=0.1893 (16.5s)
[scanB_stageB_balanced_seed42_20260215_014509][Random] [Baselines] ep=14 (14/120) policy=Random (1/1) ...
[scanB_stageB_balanced_seed42_20260215_014509][Random] [Baselines]   done reward=-1.1377 task_sr=0.0000 subtask_sr=0.1127 (16.6s)
[scanB_stageB_balanced_seed42_20260215_014509][Random] [Baselines] ep=15 (15/120) policy=Random (1/1) ...
[scanB_stageB_balanced_seed42_20260215_014509][Random] [Baselines]   done reward=-2.1918 task_sr=0.0000 subtask_sr=0.1119 (16.9s)
[scanB_stageB_balanced_seed42_20260215_014509][Random] [Baselines] ep=16 (16/120) policy=Random (1/1) ...
[scanB_stageB_balanced_seed42_20260215_014509][Random] [Baselines]   done reward=-1.0638 task_sr=0.0000 subtask_sr=0.1711 (16.0s)
[scanB_stageB_balanced_seed42_20260215_014509][Random] [Baselines] ep=17 (17/120) policy=Random (1/1) ...
[scanB_stageB_balanced_seed42_20260215_014509][Random] [Baselines]   done reward=-1.9539 task_sr=0.0000 subtask_sr=0.1029 (15.4s)
[scanB_stageB_balanced_seed42_20260215_014509][Random] [Baselines] ep=18 (18/120) policy=Random (1/1) ...
[scanB_stageB_balanced_seed42_20260215_014509][Random] [Baselines]   done reward=-1.2615 task_sr=0.0000 subtask_sr=0.1411 (16.2s)
[scanB_stageB_balanced_seed42_20260215_014509][Random] [Baselines] ep=19 (19/120) policy=Random (1/1) ...
[scanB_stageB_balanced_seed42_20260215_014509][Random] [Baselines]   done reward=-1.4054 task_sr=0.0000 subtask_sr=0.1089 (15.7s)
[scanB_stageB_balanced_seed42_20260215_014509][Random] [Baselines] ep=20 (20/120) policy=Random (1/1) ...
[scanB_stageB_balanced_seed42_20260215_014509][Random] [Baselines]   done reward=-0.9409 task_sr=0.0000 subtask_sr=0.1367 (15.1s)
[scanB_stageB_balanced_seed42_20260215_014509][Random] [Baselines] ep=21 (21/120) policy=Random (1/1) ...
[scanB_stageB_balanced_seed42_20260215_014509][Random] [Baselines]   done reward=-0.9549 task_sr=0.0000 subtask_sr=0.1515 (16.0s)
[scanB_stageB_balanced_seed42_20260215_014509][Random] [Baselines] ep=22 (22/120) policy=Random (1/1) ...
[scanB_stageB_balanced_seed42_20260215_014509][Random] [Baselines]   done reward=-1.6533 task_sr=0.0000 subtask_sr=0.1805 (15.7s)
[scanB_stageB_balanced_seed42_20260215_014509][Random] [Baselines] ep=23 (23/120) policy=Random (1/1) ...
[scanB_stageB_balanced_seed42_20260215_014509][Random] [Baselines]   done reward=-0.9454 task_sr=0.0000 subtask_sr=0.2043 (16.4s)
[scanB_stageB_balanced_seed42_20260215_014509][Random] [Baselines] ep=24 (24/120) policy=Random (1/1) ...
[scanB_stageB_balanced_seed42_20260215_014509][Random] [Baselines]   done reward=-1.7867 task_sr=0.0000 subtask_sr=0.0825 (15.6s)
[scanB_stageB_balanced_seed42_20260215_014509][Random] [Baselines] ep=25 (25/120) policy=Random (1/1) ...
[scanB_stageB_balanced_seed42_20260215_014509][Random] [Baselines]   done reward=-0.5369 task_sr=0.0000 subtask_sr=0.1103 (16.2s)
[scanB_stageB_balanced_seed42_20260215_014509][Random] [Baselines] ep=26 (26/120) policy=Random (1/1) ...
[scanB_stageB_balanced_seed42_20260215_014509][Random] [Baselines]   done reward=-1.5083 task_sr=0.0000 subtask_sr=0.1659 (15.7s)
[scanB_stageB_balanced_seed42_20260215_014509][Random] [Baselines] ep=27 (27/120) policy=Random (1/1) ...
[scanB_stageB_balanced_seed42_20260215_014509][Random] [Baselines]   done reward=-3.0437 task_sr=0.0000 subtask_sr=0.0778 (16.8s)
[scanB_stageB_balanced_seed42_20260215_014509][Random] [Baselines] ep=28 (28/120) policy=Random (1/1) ...
[scanB_stageB_balanced_seed42_20260215_014509][Random] [Baselines]   done reward=-2.3804 task_sr=0.0000 subtask_sr=0.1895 (16.4s)
[scanB_stageB_balanced_seed42_20260215_014509][Random] [Baselines] ep=29 (29/120) policy=Random (1/1) ...
[scanB_stageB_balanced_seed42_20260215_014509][Random] [Baselines]   done reward=-1.6116 task_sr=0.0000 subtask_sr=0.1522 (15.8s)
[scanB_stageB_balanced_seed42_20260215_014509][Random] [Baselines] ep=30 (30/120) policy=Random (1/1) ...
[scanB_stageB_balanced_seed42_20260215_014509][Random] [Baselines]   done reward=-1.3253 task_sr=0.0000 subtask_sr=0.1311 (16.7s)
[scanB_stageB_balanced_seed42_20260215_014509][Random] [Baselines] ep=31 (31/120) policy=Random (1/1) ...
[scanB_stageB_balanced_seed42_20260215_014509][Random] [Baselines]   done reward=-0.6370 task_sr=0.0000 subtask_sr=0.1079 (16.3s)
[scanB_stageB_balanced_seed42_20260215_014509][Random] [Baselines] ep=32 (32/120) policy=Random (1/1) ...
[scanB_stageB_balanced_seed42_20260215_014509][Random] [Baselines]   done reward=-1.7706 task_sr=0.0000 subtask_sr=0.1418 (15.3s)
[scanB_stageB_balanced_seed42_20260215_014509][Random] [Baselines] ep=33 (33/120) policy=Random (1/1) ...
[scanB_stageB_balanced_seed42_20260215_014509][Random] [Baselines]   done reward=-1.5326 task_sr=0.0000 subtask_sr=0.1197 (16.5s)
[scanB_stageB_balanced_seed42_20260215_014509][Random] [Baselines] ep=34 (34/120) policy=Random (1/1) ...
[scanB_stageB_balanced_seed42_20260215_014509][Random] [Baselines]   done reward=-0.9687 task_sr=0.0000 subtask_sr=0.1505 (16.3s)
[scanB_stageB_balanced_seed42_20260215_014509][Random] [Baselines] ep=35 (35/120) policy=Random (1/1) ...
[scanB_stageB_balanced_seed42_20260215_014509][Random] [Baselines]   done reward=-0.3681 task_sr=0.0000 subtask_sr=0.1211 (15.6s)
[scanB_stageB_balanced_seed42_20260215_014509][Random] [Baselines] ep=36 (36/120) policy=Random (1/1) ...
[scanB_stageB_balanced_seed42_20260215_014509][Random] [Baselines]   done reward=-1.9436 task_sr=0.0500 subtask_sr=0.1190 (16.9s)
[scanB_stageB_balanced_seed42_20260215_014509][Random] [Baselines] ep=37 (37/120) policy=Random (1/1) ...
[scanB_stageB_balanced_seed42_20260215_014509][Random] [Baselines]   done reward=-1.5489 task_sr=0.0000 subtask_sr=0.1616 (15.5s)
[scanB_stageB_balanced_seed42_20260215_014509][Random] [Baselines] ep=38 (38/120) policy=Random (1/1) ...
[scanB_stageB_balanced_seed42_20260215_014509][Random] [Baselines]   done reward=-1.6685 task_sr=0.0000 subtask_sr=0.1007 (16.6s)
[scanB_stageB_balanced_seed42_20260215_014509][Random] [Baselines] ep=39 (39/120) policy=Random (1/1) ...
[scanB_stageB_balanced_seed42_20260215_014509][Random] [Baselines]   done reward=-1.4031 task_sr=0.0000 subtask_sr=0.1378 (16.4s)
[scanB_stageB_balanced_seed42_20260215_014509][Random] [Baselines] ep=40 (40/120) policy=Random (1/1) ...
[scanB_stageB_balanced_seed42_20260215_014509][Random] [Baselines]   done reward=-2.7441 task_sr=0.0000 subtask_sr=0.1132 (16.9s)
[scanB_stageB_balanced_seed42_20260215_014509][Random] [Baselines] ep=41 (41/120) policy=Random (1/1) ...
[scanB_stageB_balanced_seed42_20260215_014509][Random] [Baselines]   done reward=-1.0626 task_sr=0.0000 subtask_sr=0.1135 (17.3s)
[scanB_stageB_balanced_seed42_20260215_014509][Random] [Baselines] ep=42 (42/120) policy=Random (1/1) ...
[scanB_stageB_balanced_seed42_20260215_014509][Random] [Baselines]   done reward=-2.1426 task_sr=0.0000 subtask_sr=0.1831 (15.6s)
[scanB_stageB_balanced_seed42_20260215_014509][Random] [Baselines] ep=43 (43/120) policy=Random (1/1) ...
[scanB_stageB_balanced_seed42_20260215_014509][Random] [Baselines]   done reward=-3.0130 task_sr=0.0000 subtask_sr=0.1429 (16.3s)
[scanB_stageB_balanced_seed42_20260215_014509][Random] [Baselines] ep=44 (44/120) policy=Random (1/1) ...
[scanB_stageB_balanced_seed42_20260215_014509][Random] [Baselines]   done reward=-3.1676 task_sr=0.0000 subtask_sr=0.1514 (15.4s)
[scanB_stageB_balanced_seed42_20260215_014509][Random] [Baselines] ep=45 (45/120) policy=Random (1/1) ...
[scanB_stageB_balanced_seed42_20260215_014509][Random] [Baselines]   done reward=-1.3430 task_sr=0.0000 subtask_sr=0.0852 (16.3s)
[scanB_stageB_balanced_seed42_20260215_014509][Random] [Baselines] ep=46 (46/120) policy=Random (1/1) ...
[scanB_stageB_balanced_seed42_20260215_014509][Random] [Baselines]   done reward=-1.6386 task_sr=0.0000 subtask_sr=0.1919 (15.7s)
[scanB_stageB_balanced_seed42_20260215_014509][Random] [Baselines] ep=47 (47/120) policy=Random (1/1) ...
[scanB_stageB_balanced_seed42_20260215_014509][Random] [Baselines]   done reward=-1.9918 task_sr=0.0000 subtask_sr=0.1435 (18.5s)
[scanB_stageB_balanced_seed42_20260215_014509][Random] [Baselines] ep=48 (48/120) policy=Random (1/1) ...
[scanB_stageB_balanced_seed42_20260215_014509][Random] [Baselines]   done reward=-1.9757 task_sr=0.0000 subtask_sr=0.1878 (16.0s)
[scanB_stageB_balanced_seed42_20260215_014509][Random] [Baselines] ep=49 (49/120) policy=Random (1/1) ...
[scanB_stageB_balanced_seed42_20260215_014509][Random] [Baselines]   done reward=-1.5119 task_sr=0.0000 subtask_sr=0.1119 (15.7s)
[scanB_stageB_balanced_seed42_20260215_014509][Random] [Baselines] ep=50 (50/120) policy=Random (1/1) ...
[scanB_stageB_balanced_seed42_20260215_014509][Random] [Baselines]   done reward=-1.9823 task_sr=0.0500 subtask_sr=0.1701 (15.9s)
[scanB_stageB_balanced_seed42_20260215_014509][Random] [Baselines] ep=51 (51/120) policy=Random (1/1) ...
[scanB_stageB_balanced_seed42_20260215_014509][Random] [Baselines]   done reward=-2.2076 task_sr=0.0000 subtask_sr=0.1365 (16.0s)
[scanB_stageB_balanced_seed42_20260215_014509][Random] [Baselines] ep=52 (52/120) policy=Random (1/1) ...
[scanB_stageB_balanced_seed42_20260215_014509][Random] [Baselines]   done reward=-1.0492 task_sr=0.0000 subtask_sr=0.1346 (16.0s)
[scanB_stageB_balanced_seed42_20260215_014509][Random] [Baselines] ep=53 (53/120) policy=Random (1/1) ...
[scanB_stageB_balanced_seed42_20260215_014509][Random] [Baselines]   done reward=-2.3369 task_sr=0.0000 subtask_sr=0.1349 (16.5s)
[scanB_stageB_balanced_seed42_20260215_014509][Random] [Baselines] ep=54 (54/120) policy=Random (1/1) ...
[scanB_stageB_balanced_seed42_20260215_014509][Random] [Baselines]   done reward=-1.0295 task_sr=0.0000 subtask_sr=0.1439 (15.4s)
[scanB_stageB_balanced_seed42_20260215_014509][Random] [Baselines] ep=55 (55/120) policy=Random (1/1) ...
[scanB_stageB_balanced_seed42_20260215_014509][Random] [Baselines]   done reward=-1.7512 task_sr=0.0000 subtask_sr=0.1211 (15.5s)
[scanB_stageB_balanced_seed42_20260215_014509][Random] [Baselines] ep=56 (56/120) policy=Random (1/1) ...
[scanB_stageB_balanced_seed42_20260215_014509][Random] [Baselines]   done reward=-0.9771 task_sr=0.0000 subtask_sr=0.1056 (17.8s)
[scanB_stageB_balanced_seed42_20260215_014509][Random] [Baselines] ep=57 (57/120) policy=Random (1/1) ...
[scanB_stageB_balanced_seed42_20260215_014509][Random] [Baselines]   done reward=-1.5704 task_sr=0.0000 subtask_sr=0.1131 (16.1s)
[scanB_stageB_balanced_seed42_20260215_014509][Random] [Baselines] ep=58 (58/120) policy=Random (1/1) ...
[scanB_stageB_balanced_seed42_20260215_014509][Random] [Baselines]   done reward=-2.7651 task_sr=0.0000 subtask_sr=0.1225 (15.6s)
[scanB_stageB_balanced_seed42_20260215_014509][Random] [Baselines] ep=59 (59/120) policy=Random (1/1) ...
[scanB_stageB_balanced_seed42_20260215_014509][Random] [Baselines]   done reward=-2.0715 task_sr=0.0000 subtask_sr=0.0430 (15.1s)
[scanB_stageB_balanced_seed42_20260215_014509][Random] [Baselines] ep=60 (60/120) policy=Random (1/1) ...
[scanB_stageB_balanced_seed42_20260215_014509][Random] [Baselines]   done reward=-1.5725 task_sr=0.0000 subtask_sr=0.1733 (14.0s)
[scanB_stageB_balanced_seed42_20260215_014509][Random] [Baselines] ep=61 (61/120) policy=Random (1/1) ...
[scanB_stageB_balanced_seed42_20260215_014509][Random] [Baselines]   done reward=-0.5631 task_sr=0.0000 subtask_sr=0.1646 (14.1s)
[scanB_stageB_balanced_seed42_20260215_014509][Random] [Baselines] ep=62 (62/120) policy=Random (1/1) ...
[scanB_stageB_balanced_seed42_20260215_014509][Random] [Baselines]   done reward=-2.4436 task_sr=0.0000 subtask_sr=0.1514 (13.8s)
[scanB_stageB_balanced_seed42_20260215_014509][Random] [Baselines] ep=63 (63/120) policy=Random (1/1) ...
[scanB_stageB_balanced_seed42_20260215_014509][Random] [Baselines]   done reward=-1.8447 task_sr=0.0000 subtask_sr=0.0956 (12.0s)
[scanB_stageB_balanced_seed42_20260215_014509][Random] [Baselines] ep=64 (64/120) policy=Random (1/1) ...
[scanB_stageB_balanced_seed42_20260215_014509][Random] [Baselines]   done reward=-0.1508 task_sr=0.0000 subtask_sr=0.1442 (11.2s)
[scanB_stageB_balanced_seed42_20260215_014509][Random] [Baselines] ep=65 (65/120) policy=Random (1/1) ...
[scanB_stageB_balanced_seed42_20260215_014509][Random] [Baselines]   done reward=-0.9836 task_sr=0.0000 subtask_sr=0.0942 (11.3s)
[scanB_stageB_balanced_seed42_20260215_014509][Random] [Baselines] ep=66 (66/120) policy=Random (1/1) ...
[scanB_stageB_balanced_seed42_20260215_014509][Random] [Baselines]   done reward=-1.7334 task_sr=0.0000 subtask_sr=0.1332 (11.0s)
[scanB_stageB_balanced_seed42_20260215_014509][Random] [Baselines] ep=67 (67/120) policy=Random (1/1) ...
[scanB_stageB_balanced_seed42_20260215_014509][Random] [Baselines]   done reward=-1.4615 task_sr=0.0000 subtask_sr=0.1399 (11.1s)
[scanB_stageB_balanced_seed42_20260215_014509][Random] [Baselines] ep=68 (68/120) policy=Random (1/1) ...
[scanB_stageB_balanced_seed42_20260215_014509][Random] [Baselines]   done reward=-2.0778 task_sr=0.0000 subtask_sr=0.1584 (11.3s)
[scanB_stageB_balanced_seed42_20260215_014509][Random] [Baselines] ep=69 (69/120) policy=Random (1/1) ...
[scanB_stageB_balanced_seed42_20260215_014509][Random] [Baselines]   done reward=-1.5922 task_sr=0.0000 subtask_sr=0.2324 (11.3s)
[scanB_stageB_balanced_seed42_20260215_014509][Random] [Baselines] ep=70 (70/120) policy=Random (1/1) ...
[scanB_stageB_balanced_seed42_20260215_014509][Random] [Baselines]   done reward=-3.1799 task_sr=0.0000 subtask_sr=0.1262 (11.2s)
[scanB_stageB_balanced_seed42_20260215_014509][Random] [Baselines] ep=71 (71/120) policy=Random (1/1) ...
[scanB_stageB_balanced_seed42_20260215_014509][Random] [Baselines]   done reward=-1.0826 task_sr=0.0000 subtask_sr=0.0764 (12.1s)
[scanB_stageB_balanced_seed42_20260215_014509][Random] [Baselines] ep=72 (72/120) policy=Random (1/1) ...
[scanB_stageB_balanced_seed42_20260215_014509][Random] [Baselines]   done reward=-2.6020 task_sr=0.0000 subtask_sr=0.0969 (11.7s)
[scanB_stageB_balanced_seed42_20260215_014509][Random] [Baselines] ep=73 (73/120) policy=Random (1/1) ...
[scanB_stageB_balanced_seed42_20260215_014509][Random] [Baselines]   done reward=-0.9564 task_sr=0.0000 subtask_sr=0.1090 (11.5s)
[scanB_stageB_balanced_seed42_20260215_014509][Random] [Baselines] ep=74 (74/120) policy=Random (1/1) ...
[scanB_stageB_balanced_seed42_20260215_014509][Random] [Baselines]   done reward=-3.1495 task_sr=0.0000 subtask_sr=0.0498 (11.5s)
[scanB_stageB_balanced_seed42_20260215_014509][Random] [Baselines] ep=75 (75/120) policy=Random (1/1) ...
[scanB_stageB_balanced_seed42_20260215_014509][Random] [Baselines]   done reward=-1.7377 task_sr=0.0000 subtask_sr=0.1274 (11.3s)
[scanB_stageB_balanced_seed42_20260215_014509][Random] [Baselines] ep=76 (76/120) policy=Random (1/1) ...
[scanB_stageB_balanced_seed42_20260215_014509][Random] [Baselines]   done reward=-3.3896 task_sr=0.0000 subtask_sr=0.1154 (11.3s)
[scanB_stageB_balanced_seed42_20260215_014509][Random] [Baselines] ep=77 (77/120) policy=Random (1/1) ...
[scanB_stageB_balanced_seed42_20260215_014509][Random] [Baselines]   done reward=-2.4684 task_sr=0.0000 subtask_sr=0.1070 (11.1s)
[scanB_stageB_balanced_seed42_20260215_014509][Random] [Baselines] ep=78 (78/120) policy=Random (1/1) ...
[scanB_stageB_balanced_seed42_20260215_014509][Random] [Baselines]   done reward=-2.3337 task_sr=0.0000 subtask_sr=0.1379 (11.4s)
[scanB_stageB_balanced_seed42_20260215_014509][Random] [Baselines] ep=79 (79/120) policy=Random (1/1) ...
[scanB_stageB_balanced_seed42_20260215_014509][Random] [Baselines]   done reward=-2.4738 task_sr=0.0000 subtask_sr=0.0952 (11.7s)
[scanB_stageB_balanced_seed42_20260215_014509][Random] [Baselines] ep=80 (80/120) policy=Random (1/1) ...
[scanB_stageB_balanced_seed42_20260215_014509][Random] [Baselines]   done reward=-1.3441 task_sr=0.0000 subtask_sr=0.1353 (10.7s)
[scanB_stageB_balanced_seed42_20260215_014509][Random] [Baselines] ep=81 (81/120) policy=Random (1/1) ...
[scanB_stageB_balanced_seed42_20260215_014509][Random] [Baselines]   done reward=-1.3691 task_sr=0.0000 subtask_sr=0.1181 (10.9s)
[scanB_stageB_balanced_seed42_20260215_014509][Random] [Baselines] ep=82 (82/120) policy=Random (1/1) ...
[scanB_stageB_balanced_seed42_20260215_014509][Random] [Baselines]   done reward=-1.5683 task_sr=0.0000 subtask_sr=0.0748 (11.6s)
[scanB_stageB_balanced_seed42_20260215_014509][Random] [Baselines] ep=83 (83/120) policy=Random (1/1) ...
[scanB_stageB_balanced_seed42_20260215_014509][Random] [Baselines]   done reward=-1.0315 task_sr=0.0000 subtask_sr=0.0845 (11.2s)
[scanB_stageB_balanced_seed42_20260215_014509][Random] [Baselines] ep=84 (84/120) policy=Random (1/1) ...
[scanB_stageB_balanced_seed42_20260215_014509][Random] [Baselines]   done reward=-1.7227 task_sr=0.0500 subtask_sr=0.1690 (11.4s)
[scanB_stageB_balanced_seed42_20260215_014509][Random] [Baselines] ep=85 (85/120) policy=Random (1/1) ...
[scanB_stageB_balanced_seed42_20260215_014509][Random] [Baselines]   done reward=-2.1233 task_sr=0.0000 subtask_sr=0.1343 (11.2s)
[scanB_stageB_balanced_seed42_20260215_014509][Random] [Baselines] ep=86 (86/120) policy=Random (1/1) ...
[scanB_stageB_balanced_seed42_20260215_014509][Random] [Baselines]   done reward=-2.2360 task_sr=0.0500 subtask_sr=0.1626 (11.4s)
[scanB_stageB_balanced_seed42_20260215_014509][Random] [Baselines] ep=87 (87/120) policy=Random (1/1) ...
[scanB_stageB_balanced_seed42_20260215_014509][Random] [Baselines]   done reward=-2.4201 task_sr=0.0000 subtask_sr=0.1174 (11.9s)
[scanB_stageB_balanced_seed42_20260215_014509][Random] [Baselines] ep=88 (88/120) policy=Random (1/1) ...
[scanB_stageB_balanced_seed42_20260215_014509][Random] [Baselines]   done reward=-0.9213 task_sr=0.0000 subtask_sr=0.1265 (11.5s)
[scanB_stageB_balanced_seed42_20260215_014509][Random] [Baselines] ep=89 (89/120) policy=Random (1/1) ...
[scanB_stageB_balanced_seed42_20260215_014509][Random] [Baselines]   done reward=-0.5362 task_sr=0.0000 subtask_sr=0.1647 (11.2s)
[scanB_stageB_balanced_seed42_20260215_014509][Random] [Baselines] ep=90 (90/120) policy=Random (1/1) ...
[scanB_stageB_balanced_seed42_20260215_014509][Random] [Baselines]   done reward=-2.5662 task_sr=0.0000 subtask_sr=0.1198 (11.5s)
[scanB_stageB_balanced_seed42_20260215_014509][Random] [Baselines] ep=91 (91/120) policy=Random (1/1) ...
[scanB_stageB_balanced_seed42_20260215_014509][Random] [Baselines]   done reward=-1.1515 task_sr=0.0500 subtask_sr=0.2328 (10.8s)
[scanB_stageB_balanced_seed42_20260215_014509][Random] [Baselines] ep=92 (92/120) policy=Random (1/1) ...
[scanB_stageB_balanced_seed42_20260215_014509][Random] [Baselines]   done reward=-1.0570 task_sr=0.0000 subtask_sr=0.0789 (11.7s)
[scanB_stageB_balanced_seed42_20260215_014509][Random] [Baselines] ep=93 (93/120) policy=Random (1/1) ...
[scanB_stageB_balanced_seed42_20260215_014509][Random] [Baselines]   done reward=-3.0145 task_sr=0.0000 subtask_sr=0.1576 (11.0s)
[scanB_stageB_balanced_seed42_20260215_014509][Random] [Baselines] ep=94 (94/120) policy=Random (1/1) ...
[scanB_stageB_balanced_seed42_20260215_014509][Random] [Baselines]   done reward=-1.2973 task_sr=0.0500 subtask_sr=0.1316 (11.4s)
[scanB_stageB_balanced_seed42_20260215_014509][Random] [Baselines] ep=95 (95/120) policy=Random (1/1) ...
[scanB_stageB_balanced_seed42_20260215_014509][Random] [Baselines]   done reward=-0.6807 task_sr=0.0000 subtask_sr=0.2291 (10.7s)
[scanB_stageB_balanced_seed42_20260215_014509][Random] [Baselines] ep=96 (96/120) policy=Random (1/1) ...
[scanB_stageB_balanced_seed42_20260215_014509][Random] [Baselines]   done reward=-1.0985 task_sr=0.0000 subtask_sr=0.1002 (11.5s)
[scanB_stageB_balanced_seed42_20260215_014509][Random] [Baselines] ep=97 (97/120) policy=Random (1/1) ...
[scanB_stageB_balanced_seed42_20260215_014509][Random] [Baselines]   done reward=-1.9699 task_sr=0.0000 subtask_sr=0.0898 (11.2s)
[scanB_stageB_balanced_seed42_20260215_014509][Random] [Baselines] ep=98 (98/120) policy=Random (1/1) ...
[scanB_stageB_balanced_seed42_20260215_014509][Random] [Baselines]   done reward=-0.4848 task_sr=0.0000 subtask_sr=0.1159 (11.2s)
[scanB_stageB_balanced_seed42_20260215_014509][Random] [Baselines] ep=99 (99/120) policy=Random (1/1) ...
[scanB_stageB_balanced_seed42_20260215_014509][Random] [Baselines]   done reward=-1.0008 task_sr=0.0000 subtask_sr=0.1161 (11.2s)
[scanB_stageB_balanced_seed42_20260215_014509][Random] [Baselines] ep=100 (100/120) policy=Random (1/1) ...
[scanB_stageB_balanced_seed42_20260215_014509][Random] [Baselines]   done reward=-1.5259 task_sr=0.0000 subtask_sr=0.1588 (11.2s)
[scanB_stageB_balanced_seed42_20260215_014509][Random] [Baselines] ep=101 (101/120) policy=Random (1/1) ...
[scanB_stageB_balanced_seed42_20260215_014509][Random] [Baselines]   done reward=-1.5202 task_sr=0.0000 subtask_sr=0.0871 (10.8s)
[scanB_stageB_balanced_seed42_20260215_014509][Random] [Baselines] ep=102 (102/120) policy=Random (1/1) ...
[scanB_stageB_balanced_seed42_20260215_014509][Random] [Baselines]   done reward=-2.3042 task_sr=0.0000 subtask_sr=0.1122 (11.0s)
[scanB_stageB_balanced_seed42_20260215_014509][Random] [Baselines] ep=103 (103/120) policy=Random (1/1) ...
[scanB_stageB_balanced_seed42_20260215_014509][Random] [Baselines]   done reward=-1.5617 task_sr=0.0000 subtask_sr=0.1340 (10.4s)
[scanB_stageB_balanced_seed42_20260215_014509][Random] [Baselines] ep=104 (104/120) policy=Random (1/1) ...
[scanB_stageB_balanced_seed42_20260215_014509][Random] [Baselines]   done reward=-2.4465 task_sr=0.0000 subtask_sr=0.1211 (10.0s)
[scanB_stageB_balanced_seed42_20260215_014509][Random] [Baselines] ep=105 (105/120) policy=Random (1/1) ...
[scanB_stageB_balanced_seed42_20260215_014509][Random] [Baselines]   done reward=-0.7925 task_sr=0.0000 subtask_sr=0.1149 (9.6s)
[scanB_stageB_balanced_seed42_20260215_014509][Random] [Baselines] ep=106 (106/120) policy=Random (1/1) ...
[scanB_stageB_balanced_seed42_20260215_014509][Random] [Baselines]   done reward=-1.7349 task_sr=0.0000 subtask_sr=0.1507 (9.3s)
[scanB_stageB_balanced_seed42_20260215_014509][Random] [Baselines] ep=107 (107/120) policy=Random (1/1) ...
[scanB_stageB_balanced_seed42_20260215_014509][Random] [Baselines]   done reward=-1.5718 task_sr=0.0000 subtask_sr=0.1499 (9.3s)
[scanB_stageB_balanced_seed42_20260215_014509][Random] [Baselines] ep=108 (108/120) policy=Random (1/1) ...
[scanB_stageB_balanced_seed42_20260215_014509][Random] [Baselines]   done reward=-1.5905 task_sr=0.0000 subtask_sr=0.1374 (9.5s)
[scanB_stageB_balanced_seed42_20260215_014509][Random] [Baselines] ep=109 (109/120) policy=Random (1/1) ...
[scanB_stageB_balanced_seed42_20260215_014509][Random] [Baselines]   done reward=-0.9791 task_sr=0.0000 subtask_sr=0.1286 (9.1s)
[scanB_stageB_balanced_seed42_20260215_014509][Random] [Baselines] ep=110 (110/120) policy=Random (1/1) ...
[scanB_stageB_balanced_seed42_20260215_014509][Random] [Baselines]   done reward=-1.9419 task_sr=0.0000 subtask_sr=0.1579 (9.2s)
[scanB_stageB_balanced_seed42_20260215_014509][Random] [Baselines] ep=111 (111/120) policy=Random (1/1) ...
[scanB_stageB_balanced_seed42_20260215_014509][Random] [Baselines]   done reward=-2.2429 task_sr=0.0000 subtask_sr=0.0940 (9.5s)
[scanB_stageB_balanced_seed42_20260215_014509][Random] [Baselines] ep=112 (112/120) policy=Random (1/1) ...
[scanB_stageB_balanced_seed42_20260215_014509][Random] [Baselines]   done reward=-1.9731 task_sr=0.0000 subtask_sr=0.1478 (8.9s)
[scanB_stageB_balanced_seed42_20260215_014509][Random] [Baselines] ep=113 (113/120) policy=Random (1/1) ...
[scanB_stageB_balanced_seed42_20260215_014509][Random] [Baselines]   done reward=-1.1952 task_sr=0.0000 subtask_sr=0.1235 (9.3s)
[scanB_stageB_balanced_seed42_20260215_014509][Random] [Baselines] ep=114 (114/120) policy=Random (1/1) ...
[scanB_stageB_balanced_seed42_20260215_014509][Random] [Baselines]   done reward=-1.4208 task_sr=0.0000 subtask_sr=0.1682 (9.4s)
[scanB_stageB_balanced_seed42_20260215_014509][Random] [Baselines] ep=115 (115/120) policy=Random (1/1) ...
[scanB_stageB_balanced_seed42_20260215_014509][Random] [Baselines]   done reward=-2.1041 task_sr=0.0000 subtask_sr=0.2565 (8.7s)
[scanB_stageB_balanced_seed42_20260215_014509][Random] [Baselines] ep=116 (116/120) policy=Random (1/1) ...
[scanB_stageB_balanced_seed42_20260215_014509][Random] [Baselines]   done reward=-0.7346 task_sr=0.0000 subtask_sr=0.1722 (8.9s)
[scanB_stageB_balanced_seed42_20260215_014509][Random] [Baselines] ep=117 (117/120) policy=Random (1/1) ...
[scanB_stageB_balanced_seed42_20260215_014509][Random] [Baselines]   done reward=-0.3556 task_sr=0.0000 subtask_sr=0.1768 (8.6s)
[scanB_stageB_balanced_seed42_20260215_014509][Random] [Baselines] ep=118 (118/120) policy=Random (1/1) ...
[scanB_stageB_balanced_seed42_20260215_014509][Random] [Baselines]   done reward=-0.9233 task_sr=0.0000 subtask_sr=0.1302 (9.3s)
[scanB_stageB_balanced_seed42_20260215_014509][Random] [Baselines] ep=119 (119/120) policy=Random (1/1) ...
[scanB_stageB_balanced_seed42_20260215_014509][Random] [Baselines]   done reward=-1.5071 task_sr=0.0000 subtask_sr=0.1333 (9.1s)
[scanB_stageB_balanced_seed42_20260215_014509][Random] [Baselines] ep=120 (120/120) policy=Random (1/1) ...
[scanB_stageB_balanced_seed42_20260215_014509][Random] [Baselines]   done reward=-3.5854 task_sr=0.0000 subtask_sr=0.1909 (9.1s)
[scanB_stageB_balanced_seed42_20260215_014509][Random] ✓ Baseline stats saved: /Users/qiutao/研/毕设/毕设/vecOffloadingSim/runs/scanB_stageB_balanced_seed42_20260215_014509/logs/baseline_parts/Random.csv
[scanB_stageB_balanced_seed42_20260215_014509][Random] 结果摘要 (均值):
[scanB_stageB_balanced_seed42_20260215_014509][Random]   Random     reward=-1.6941 task_sr=0.0025 subtask_sr=0.1332
