[scanA_stageB_main_seed42_20260215_014509][EFT] [Baselines] run_dir=/Users/qiutao/研/毕设/毕设/vecOffloadingSim/runs/scanA_stageB_main_seed42_20260215_014509
[scanA_stageB_main_seed42_20260215_014509][EFT] [Baselines] num_episodes=120 seed=42 max_steps=200
[scanA_stageB_main_seed42_20260215_014509][EFT] [Baselines] policies=['EFT']
[scanA_stageB_main_seed42_20260215_014509][EFT] [Baselines] ep=1 (1/120) policy=EFT (1/1) ...
[scanA_stageB_main_seed42_20260215_014509][EFT] [Baselines]   done reward=-0.3284 task_sr=0.1500 subtask_sr=0.4303 (13.5s)
[scanA_stageB_main_seed42_20260215_014509][EFT] [Baselines] ep=2 (2/120) policy=EFT (1/1) ...
[scanA_stageB_main_seed42_20260215_014509][EFT] [Baselines]   done reward=-0.5816 task_sr=0.2000 subtask_sr=0.5480 (12.4s)
[scanA_stageB_main_seed42_20260215_014509][EFT] [Baselines] ep=3 (3/120) policy=EFT (1/1) ...
[scanA_stageB_main_seed42_20260215_014509][EFT] [Baselines]   done reward=-0.4535 task_sr=0.1500 subtask_sr=0.5537 (12.1s)
[scanA_stageB_main_seed42_20260215_014509][EFT] [Baselines] ep=4 (4/120) policy=EFT (1/1) ...
[scanA_stageB_main_seed42_20260215_014509][EFT] [Baselines]   done reward=-0.6599 task_sr=0.2000 subtask_sr=0.5162 (12.9s)
[scanA_stageB_main_seed42_20260215_014509][EFT] [Baselines] ep=5 (5/120) policy=EFT (1/1) ...
[scanA_stageB_main_seed42_20260215_014509][EFT] [Baselines]   done reward=-0.3133 task_sr=0.1500 subtask_sr=0.4502 (12.5s)
[scanA_stageB_main_seed42_20260215_014509][EFT] [Baselines] ep=6 (6/120) policy=EFT (1/1) ...
[scanA_stageB_main_seed42_20260215_014509][EFT] [Baselines]   done reward=-1.1796 task_sr=0.1000 subtask_sr=0.4458 (12.9s)
[scanA_stageB_main_seed42_20260215_014509][EFT] [Baselines] ep=7 (7/120) policy=EFT (1/1) ...
[scanA_stageB_main_seed42_20260215_014509][EFT] [Baselines]   done reward=-0.3554 task_sr=0.1500 subtask_sr=0.5800 (12.1s)
[scanA_stageB_main_seed42_20260215_014509][EFT] [Baselines] ep=8 (8/120) policy=EFT (1/1) ...
[scanA_stageB_main_seed42_20260215_014509][EFT] [Baselines]   done reward=-0.4041 task_sr=0.4000 subtask_sr=0.6368 (11.9s)
[scanA_stageB_main_seed42_20260215_014509][EFT] [Baselines] ep=9 (9/120) policy=EFT (1/1) ...
[scanA_stageB_main_seed42_20260215_014509][EFT] [Baselines]   done reward=-1.0789 task_sr=0.5000 subtask_sr=0.7869 (11.8s)
[scanA_stageB_main_seed42_20260215_014509][EFT] [Baselines] ep=10 (10/120) policy=EFT (1/1) ...
[scanA_stageB_main_seed42_20260215_014509][EFT] [Baselines]   done reward=-1.2127 task_sr=0.2500 subtask_sr=0.6556 (12.0s)
[scanA_stageB_main_seed42_20260215_014509][EFT] [Baselines] ep=11 (11/120) policy=EFT (1/1) ...
[scanA_stageB_main_seed42_20260215_014509][EFT] [Baselines]   done reward=-1.2575 task_sr=0.2000 subtask_sr=0.5874 (13.2s)
[scanA_stageB_main_seed42_20260215_014509][EFT] [Baselines] ep=12 (12/120) policy=EFT (1/1) ...
[scanA_stageB_main_seed42_20260215_014509][EFT] [Baselines]   done reward=-1.0214 task_sr=0.2000 subtask_sr=0.5795 (13.4s)
[scanA_stageB_main_seed42_20260215_014509][EFT] [Baselines] ep=13 (13/120) policy=EFT (1/1) ...
[scanA_stageB_main_seed42_20260215_014509][EFT] [Baselines]   done reward=-0.6358 task_sr=0.2500 subtask_sr=0.6706 (11.2s)
[scanA_stageB_main_seed42_20260215_014509][EFT] [Baselines] ep=14 (14/120) policy=EFT (1/1) ...
[scanA_stageB_main_seed42_20260215_014509][EFT] [Baselines]   done reward=-0.6415 task_sr=0.2000 subtask_sr=0.5164 (12.5s)
[scanA_stageB_main_seed42_20260215_014509][EFT] [Baselines] ep=15 (15/120) policy=EFT (1/1) ...
[scanA_stageB_main_seed42_20260215_014509][EFT] [Baselines]   done reward=-0.7451 task_sr=0.2500 subtask_sr=0.6262 (9.4s)
[scanA_stageB_main_seed42_20260215_014509][EFT] [Baselines] ep=16 (16/120) policy=EFT (1/1) ...
[scanA_stageB_main_seed42_20260215_014509][EFT] [Baselines]   done reward=-0.2743 task_sr=0.2000 subtask_sr=0.4651 (13.5s)
[scanA_stageB_main_seed42_20260215_014509][EFT] [Baselines] ep=17 (17/120) policy=EFT (1/1) ...
[scanA_stageB_main_seed42_20260215_014509][EFT] [Baselines]   done reward=-0.6347 task_sr=0.1000 subtask_sr=0.5287 (12.8s)
[scanA_stageB_main_seed42_20260215_014509][EFT] [Baselines] ep=18 (18/120) policy=EFT (1/1) ...
[scanA_stageB_main_seed42_20260215_014509][EFT] [Baselines]   done reward=-2.4041 task_sr=0.1000 subtask_sr=0.4550 (13.8s)
[scanA_stageB_main_seed42_20260215_014509][EFT] [Baselines] ep=19 (19/120) policy=EFT (1/1) ...
[scanA_stageB_main_seed42_20260215_014509][EFT] [Baselines]   done reward=-1.1880 task_sr=0.2000 subtask_sr=0.5817 (12.1s)
[scanA_stageB_main_seed42_20260215_014509][EFT] [Baselines] ep=20 (20/120) policy=EFT (1/1) ...
[scanA_stageB_main_seed42_20260215_014509][EFT] [Baselines]   done reward=-0.5528 task_sr=0.2500 subtask_sr=0.6355 (12.1s)
[scanA_stageB_main_seed42_20260215_014509][EFT] [Baselines] ep=21 (21/120) policy=EFT (1/1) ...
[scanA_stageB_main_seed42_20260215_014509][EFT] [Baselines]   done reward=-0.5088 task_sr=0.3500 subtask_sr=0.6573 (12.5s)
[scanA_stageB_main_seed42_20260215_014509][EFT] [Baselines] ep=22 (22/120) policy=EFT (1/1) ...
[scanA_stageB_main_seed42_20260215_014509][EFT] [Baselines]   done reward=-0.3239 task_sr=0.2500 subtask_sr=0.5390 (12.7s)
[scanA_stageB_main_seed42_20260215_014509][EFT] [Baselines] ep=23 (23/120) policy=EFT (1/1) ...
[scanA_stageB_main_seed42_20260215_014509][EFT] [Baselines]   done reward=-0.9597 task_sr=0.2500 subtask_sr=0.5012 (13.2s)
[scanA_stageB_main_seed42_20260215_014509][EFT] [Baselines] ep=24 (24/120) policy=EFT (1/1) ...
[scanA_stageB_main_seed42_20260215_014509][EFT] [Baselines]   done reward=-0.8660 task_sr=0.1000 subtask_sr=0.5194 (12.9s)
[scanA_stageB_main_seed42_20260215_014509][EFT] [Baselines] ep=25 (25/120) policy=EFT (1/1) ...
[scanA_stageB_main_seed42_20260215_014509][EFT] [Baselines]   done reward=-1.9567 task_sr=0.3000 subtask_sr=0.6197 (12.9s)
[scanA_stageB_main_seed42_20260215_014509][EFT] [Baselines] ep=26 (26/120) policy=EFT (1/1) ...
[scanA_stageB_main_seed42_20260215_014509][EFT] [Baselines]   done reward=-0.4816 task_sr=0.4000 subtask_sr=0.7682 (10.1s)
[scanA_stageB_main_seed42_20260215_014509][EFT] [Baselines] ep=27 (27/120) policy=EFT (1/1) ...
[scanA_stageB_main_seed42_20260215_014509][EFT] [Baselines]   done reward=-0.5963 task_sr=0.1500 subtask_sr=0.5071 (10.2s)
[scanA_stageB_main_seed42_20260215_014509][EFT] [Baselines] ep=28 (28/120) policy=EFT (1/1) ...
[scanA_stageB_main_seed42_20260215_014509][EFT] [Baselines]   done reward=-1.0064 task_sr=0.2000 subtask_sr=0.4988 (13.0s)
[scanA_stageB_main_seed42_20260215_014509][EFT] [Baselines] ep=29 (29/120) policy=EFT (1/1) ...
[scanA_stageB_main_seed42_20260215_014509][EFT] [Baselines]   done reward=-0.4606 task_sr=0.1500 subtask_sr=0.6184 (12.5s)
[scanA_stageB_main_seed42_20260215_014509][EFT] [Baselines] ep=30 (30/120) policy=EFT (1/1) ...
[scanA_stageB_main_seed42_20260215_014509][EFT] [Baselines]   done reward=-1.0056 task_sr=0.1500 subtask_sr=0.4520 (14.2s)
[scanA_stageB_main_seed42_20260215_014509][EFT] [Baselines] ep=31 (31/120) policy=EFT (1/1) ...
[scanA_stageB_main_seed42_20260215_014509][EFT] [Baselines]   done reward=-0.5385 task_sr=0.1500 subtask_sr=0.7122 (13.0s)
[scanA_stageB_main_seed42_20260215_014509][EFT] [Baselines] ep=32 (32/120) policy=EFT (1/1) ...
[scanA_stageB_main_seed42_20260215_014509][EFT] [Baselines]   done reward=-0.4515 task_sr=0.2500 subtask_sr=0.6490 (10.7s)
[scanA_stageB_main_seed42_20260215_014509][EFT] [Baselines] ep=33 (33/120) policy=EFT (1/1) ...
[scanA_stageB_main_seed42_20260215_014509][EFT] [Baselines]   done reward=-0.7458 task_sr=0.2000 subtask_sr=0.5329 (13.8s)
[scanA_stageB_main_seed42_20260215_014509][EFT] [Baselines] ep=34 (34/120) policy=EFT (1/1) ...
[scanA_stageB_main_seed42_20260215_014509][EFT] [Baselines]   done reward=-0.6667 task_sr=0.2000 subtask_sr=0.5728 (13.6s)
[scanA_stageB_main_seed42_20260215_014509][EFT] [Baselines] ep=35 (35/120) policy=EFT (1/1) ...
[scanA_stageB_main_seed42_20260215_014509][EFT] [Baselines]   done reward=-0.4977 task_sr=0.2500 subtask_sr=0.5653 (13.0s)
[scanA_stageB_main_seed42_20260215_014509][EFT] [Baselines] ep=36 (36/120) policy=EFT (1/1) ...
[scanA_stageB_main_seed42_20260215_014509][EFT] [Baselines]   done reward=-1.0165 task_sr=0.2000 subtask_sr=0.4690 (14.8s)
[scanA_stageB_main_seed42_20260215_014509][EFT] [Baselines] ep=37 (37/120) policy=EFT (1/1) ...
[scanA_stageB_main_seed42_20260215_014509][EFT] [Baselines]   done reward=-0.7529 task_sr=0.2500 subtask_sr=0.5972 (13.4s)
[scanA_stageB_main_seed42_20260215_014509][EFT] [Baselines] ep=38 (38/120) policy=EFT (1/1) ...
[scanA_stageB_main_seed42_20260215_014509][EFT] [Baselines]   done reward=-1.0076 task_sr=0.1500 subtask_sr=0.4293 (14.4s)
[scanA_stageB_main_seed42_20260215_014509][EFT] [Baselines] ep=39 (39/120) policy=EFT (1/1) ...
[scanA_stageB_main_seed42_20260215_014509][EFT] [Baselines]   done reward=-0.6119 task_sr=0.1500 subtask_sr=0.4584 (14.1s)
[scanA_stageB_main_seed42_20260215_014509][EFT] [Baselines] ep=40 (40/120) policy=EFT (1/1) ...
[scanA_stageB_main_seed42_20260215_014509][EFT] [Baselines]   done reward=-0.5201 task_sr=0.3500 subtask_sr=0.8349 (12.7s)
[scanA_stageB_main_seed42_20260215_014509][EFT] [Baselines] ep=41 (41/120) policy=EFT (1/1) ...
[scanA_stageB_main_seed42_20260215_014509][EFT] [Baselines]   done reward=-1.2758 task_sr=0.2000 subtask_sr=0.4469 (14.7s)
[scanA_stageB_main_seed42_20260215_014509][EFT] [Baselines] ep=42 (42/120) policy=EFT (1/1) ...
[scanA_stageB_main_seed42_20260215_014509][EFT] [Baselines]   done reward=-2.0771 task_sr=0.2500 subtask_sr=0.5704 (12.6s)
[scanA_stageB_main_seed42_20260215_014509][EFT] [Baselines] ep=43 (43/120) policy=EFT (1/1) ...
[scanA_stageB_main_seed42_20260215_014509][EFT] [Baselines]   done reward=-0.3824 task_sr=0.2000 subtask_sr=0.5644 (13.5s)
[scanA_stageB_main_seed42_20260215_014509][EFT] [Baselines] ep=44 (44/120) policy=EFT (1/1) ...
[scanA_stageB_main_seed42_20260215_014509][EFT] [Baselines]   done reward=-0.6442 task_sr=0.2000 subtask_sr=0.4255 (12.9s)
[scanA_stageB_main_seed42_20260215_014509][EFT] [Baselines] ep=45 (45/120) policy=EFT (1/1) ...
[scanA_stageB_main_seed42_20260215_014509][EFT] [Baselines]   done reward=-0.4938 task_sr=0.2000 subtask_sr=0.5085 (13.1s)
[scanA_stageB_main_seed42_20260215_014509][EFT] [Baselines] ep=46 (46/120) policy=EFT (1/1) ...
[scanA_stageB_main_seed42_20260215_014509][EFT] [Baselines]   done reward=-1.7442 task_sr=0.1000 subtask_sr=0.4479 (13.9s)
[scanA_stageB_main_seed42_20260215_014509][EFT] [Baselines] ep=47 (47/120) policy=EFT (1/1) ...
[scanA_stageB_main_seed42_20260215_014509][EFT] [Baselines]   done reward=-0.1596 task_sr=0.2000 subtask_sr=0.5096 (14.1s)
[scanA_stageB_main_seed42_20260215_014509][EFT] [Baselines] ep=48 (48/120) policy=EFT (1/1) ...
[scanA_stageB_main_seed42_20260215_014509][EFT] [Baselines]   done reward=-0.8229 task_sr=0.1000 subtask_sr=0.7073 (11.9s)
[scanA_stageB_main_seed42_20260215_014509][EFT] [Baselines] ep=49 (49/120) policy=EFT (1/1) ...
[scanA_stageB_main_seed42_20260215_014509][EFT] [Baselines]   done reward=-0.5134 task_sr=0.3500 subtask_sr=0.7591 (11.0s)
[scanA_stageB_main_seed42_20260215_014509][EFT] [Baselines] ep=50 (50/120) policy=EFT (1/1) ...
[scanA_stageB_main_seed42_20260215_014509][EFT] [Baselines]   done reward=-0.8396 task_sr=0.2000 subtask_sr=0.5793 (13.5s)
[scanA_stageB_main_seed42_20260215_014509][EFT] [Baselines] ep=51 (51/120) policy=EFT (1/1) ...
[scanA_stageB_main_seed42_20260215_014509][EFT] [Baselines]   done reward=-1.0370 task_sr=0.2000 subtask_sr=0.5365 (13.0s)
[scanA_stageB_main_seed42_20260215_014509][EFT] [Baselines] ep=52 (52/120) policy=EFT (1/1) ...
[scanA_stageB_main_seed42_20260215_014509][EFT] [Baselines]   done reward=-1.6508 task_sr=0.2000 subtask_sr=0.5721 (13.3s)
[scanA_stageB_main_seed42_20260215_014509][EFT] [Baselines] ep=53 (53/120) policy=EFT (1/1) ...
[scanA_stageB_main_seed42_20260215_014509][EFT] [Baselines]   done reward=-0.2251 task_sr=0.4000 subtask_sr=0.6000 (13.0s)
[scanA_stageB_main_seed42_20260215_014509][EFT] [Baselines] ep=54 (54/120) policy=EFT (1/1) ...
[scanA_stageB_main_seed42_20260215_014509][EFT] [Baselines]   done reward=-0.7507 task_sr=0.0500 subtask_sr=0.3927 (13.8s)
[scanA_stageB_main_seed42_20260215_014509][EFT] [Baselines] ep=55 (55/120) policy=EFT (1/1) ...
[scanA_stageB_main_seed42_20260215_014509][EFT] [Baselines]   done reward=-0.3938 task_sr=0.1000 subtask_sr=0.5724 (13.2s)
[scanA_stageB_main_seed42_20260215_014509][EFT] [Baselines] ep=56 (56/120) policy=EFT (1/1) ...
[scanA_stageB_main_seed42_20260215_014509][EFT] [Baselines]   done reward=-0.7805 task_sr=0.1500 subtask_sr=0.5704 (13.9s)
[scanA_stageB_main_seed42_20260215_014509][EFT] [Baselines] ep=57 (57/120) policy=EFT (1/1) ...
[scanA_stageB_main_seed42_20260215_014509][EFT] [Baselines]   done reward=-1.5234 task_sr=0.2000 subtask_sr=0.5271 (13.6s)
[scanA_stageB_main_seed42_20260215_014509][EFT] [Baselines] ep=58 (58/120) policy=EFT (1/1) ...
[scanA_stageB_main_seed42_20260215_014509][EFT] [Baselines]   done reward=-0.6250 task_sr=0.3000 subtask_sr=0.7525 (9.1s)
[scanA_stageB_main_seed42_20260215_014509][EFT] [Baselines] ep=59 (59/120) policy=EFT (1/1) ...
[scanA_stageB_main_seed42_20260215_014509][EFT] [Baselines]   done reward=-0.6280 task_sr=0.0500 subtask_sr=0.5346 (14.3s)
[scanA_stageB_main_seed42_20260215_014509][EFT] [Baselines] ep=60 (60/120) policy=EFT (1/1) ...
[scanA_stageB_main_seed42_20260215_014509][EFT] [Baselines]   done reward=-0.6478 task_sr=0.3500 subtask_sr=0.7030 (9.2s)
[scanA_stageB_main_seed42_20260215_014509][EFT] [Baselines] ep=61 (61/120) policy=EFT (1/1) ...
[scanA_stageB_main_seed42_20260215_014509][EFT] [Baselines]   done reward=-0.6735 task_sr=0.3000 subtask_sr=0.6150 (12.3s)
[scanA_stageB_main_seed42_20260215_014509][EFT] [Baselines] ep=62 (62/120) policy=EFT (1/1) ...
[scanA_stageB_main_seed42_20260215_014509][EFT] [Baselines]   done reward=-0.8753 task_sr=0.5000 subtask_sr=0.7596 (8.5s)
[scanA_stageB_main_seed42_20260215_014509][EFT] [Baselines] ep=63 (63/120) policy=EFT (1/1) ...
[scanA_stageB_main_seed42_20260215_014509][EFT] [Baselines]   done reward=-0.3830 task_sr=0.2500 subtask_sr=0.5441 (12.8s)
[scanA_stageB_main_seed42_20260215_014509][EFT] [Baselines] ep=64 (64/120) policy=EFT (1/1) ...
[scanA_stageB_main_seed42_20260215_014509][EFT] [Baselines]   done reward=-0.8241 task_sr=0.2500 subtask_sr=0.6548 (12.7s)
[scanA_stageB_main_seed42_20260215_014509][EFT] [Baselines] ep=65 (65/120) policy=EFT (1/1) ...
[scanA_stageB_main_seed42_20260215_014509][EFT] [Baselines]   done reward=-0.4129 task_sr=0.3500 subtask_sr=0.6763 (12.6s)
[scanA_stageB_main_seed42_20260215_014509][EFT] [Baselines] ep=66 (66/120) policy=EFT (1/1) ...
[scanA_stageB_main_seed42_20260215_014509][EFT] [Baselines]   done reward=-0.3452 task_sr=0.3000 subtask_sr=0.6755 (12.5s)
[scanA_stageB_main_seed42_20260215_014509][EFT] [Baselines] ep=67 (67/120) policy=EFT (1/1) ...
[scanA_stageB_main_seed42_20260215_014509][EFT] [Baselines]   done reward=-0.6269 task_sr=0.2500 subtask_sr=0.5594 (13.1s)
[scanA_stageB_main_seed42_20260215_014509][EFT] [Baselines] ep=68 (68/120) policy=EFT (1/1) ...
[scanA_stageB_main_seed42_20260215_014509][EFT] [Baselines]   done reward=-0.4550 task_sr=0.3000 subtask_sr=0.5626 (13.4s)
[scanA_stageB_main_seed42_20260215_014509][EFT] [Baselines] ep=69 (69/120) policy=EFT (1/1) ...
[scanA_stageB_main_seed42_20260215_014509][EFT] [Baselines]   done reward=-1.2144 task_sr=0.0000 subtask_sr=0.5593 (13.2s)
[scanA_stageB_main_seed42_20260215_014509][EFT] [Baselines] ep=70 (70/120) policy=EFT (1/1) ...
[scanA_stageB_main_seed42_20260215_014509][EFT] [Baselines]   done reward=-0.3078 task_sr=0.3000 subtask_sr=0.6667 (11.6s)
[scanA_stageB_main_seed42_20260215_014509][EFT] [Baselines] ep=71 (71/120) policy=EFT (1/1) ...
[scanA_stageB_main_seed42_20260215_014509][EFT] [Baselines]   done reward=-0.2500 task_sr=0.1500 subtask_sr=0.5148 (13.0s)
[scanA_stageB_main_seed42_20260215_014509][EFT] [Baselines] ep=72 (72/120) policy=EFT (1/1) ...
[scanA_stageB_main_seed42_20260215_014509][EFT] [Baselines]   done reward=-1.6900 task_sr=0.2500 subtask_sr=0.5887 (12.4s)
[scanA_stageB_main_seed42_20260215_014509][EFT] [Baselines] ep=73 (73/120) policy=EFT (1/1) ...
[scanA_stageB_main_seed42_20260215_014509][EFT] [Baselines]   done reward=-0.5218 task_sr=0.2500 subtask_sr=0.5071 (12.7s)
[scanA_stageB_main_seed42_20260215_014509][EFT] [Baselines] ep=74 (74/120) policy=EFT (1/1) ...
[scanA_stageB_main_seed42_20260215_014509][EFT] [Baselines]   done reward=-1.0981 task_sr=0.5000 subtask_sr=0.7346 (10.3s)
[scanA_stageB_main_seed42_20260215_014509][EFT] [Baselines] ep=75 (75/120) policy=EFT (1/1) ...
[scanA_stageB_main_seed42_20260215_014509][EFT] [Baselines]   done reward=-0.8585 task_sr=0.3000 subtask_sr=0.5778 (11.3s)
[scanA_stageB_main_seed42_20260215_014509][EFT] [Baselines] ep=76 (76/120) policy=EFT (1/1) ...
[scanA_stageB_main_seed42_20260215_014509][EFT] [Baselines]   done reward=-0.6107 task_sr=0.2500 subtask_sr=0.4688 (10.1s)
[scanA_stageB_main_seed42_20260215_014509][EFT] [Baselines] ep=77 (77/120) policy=EFT (1/1) ...
[scanA_stageB_main_seed42_20260215_014509][EFT] [Baselines]   done reward=-0.8000 task_sr=0.3000 subtask_sr=0.5163 (9.5s)
[scanA_stageB_main_seed42_20260215_014509][EFT] [Baselines] ep=78 (78/120) policy=EFT (1/1) ...
[scanA_stageB_main_seed42_20260215_014509][EFT] [Baselines]   done reward=-0.3287 task_sr=0.3500 subtask_sr=0.6565 (9.3s)
[scanA_stageB_main_seed42_20260215_014509][EFT] [Baselines] ep=79 (79/120) policy=EFT (1/1) ...
[scanA_stageB_main_seed42_20260215_014509][EFT] [Baselines]   done reward=-0.5569 task_sr=0.1500 subtask_sr=0.5119 (9.1s)
[scanA_stageB_main_seed42_20260215_014509][EFT] [Baselines] ep=80 (80/120) policy=EFT (1/1) ...
[scanA_stageB_main_seed42_20260215_014509][EFT] [Baselines]   done reward=-0.7764 task_sr=0.4000 subtask_sr=0.8019 (7.2s)
[scanA_stageB_main_seed42_20260215_014509][EFT] [Baselines] ep=81 (81/120) policy=EFT (1/1) ...
[scanA_stageB_main_seed42_20260215_014509][EFT] [Baselines]   done reward=-1.7042 task_sr=0.4500 subtask_sr=0.6386 (8.7s)
[scanA_stageB_main_seed42_20260215_014509][EFT] [Baselines] ep=82 (82/120) policy=EFT (1/1) ...
[scanA_stageB_main_seed42_20260215_014509][EFT] [Baselines]   done reward=-0.7859 task_sr=0.2500 subtask_sr=0.6939 (9.7s)
[scanA_stageB_main_seed42_20260215_014509][EFT] [Baselines] ep=83 (83/120) policy=EFT (1/1) ...
[scanA_stageB_main_seed42_20260215_014509][EFT] [Baselines]   done reward=-1.0118 task_sr=0.2500 subtask_sr=0.5435 (9.4s)
[scanA_stageB_main_seed42_20260215_014509][EFT] [Baselines] ep=84 (84/120) policy=EFT (1/1) ...
[scanA_stageB_main_seed42_20260215_014509][EFT] [Baselines]   done reward=-1.1442 task_sr=0.3000 subtask_sr=0.6056 (9.7s)
[scanA_stageB_main_seed42_20260215_014509][EFT] [Baselines] ep=85 (85/120) policy=EFT (1/1) ...
[scanA_stageB_main_seed42_20260215_014509][EFT] [Baselines]   done reward=-0.6401 task_sr=0.4500 subtask_sr=0.7170 (8.8s)
[scanA_stageB_main_seed42_20260215_014509][EFT] [Baselines] ep=86 (86/120) policy=EFT (1/1) ...
[scanA_stageB_main_seed42_20260215_014509][EFT] [Baselines]   done reward=-0.7959 task_sr=0.3000 subtask_sr=0.5468 (9.8s)
[scanA_stageB_main_seed42_20260215_014509][EFT] [Baselines] ep=87 (87/120) policy=EFT (1/1) ...
[scanA_stageB_main_seed42_20260215_014509][EFT] [Baselines]   done reward=-0.9059 task_sr=0.3000 subtask_sr=0.6573 (9.4s)
[scanA_stageB_main_seed42_20260215_014509][EFT] [Baselines] ep=88 (88/120) policy=EFT (1/1) ...
[scanA_stageB_main_seed42_20260215_014509][EFT] [Baselines]   done reward=-0.5813 task_sr=0.3000 subtask_sr=0.6850 (9.5s)
[scanA_stageB_main_seed42_20260215_014509][EFT] [Baselines] ep=89 (89/120) policy=EFT (1/1) ...
[scanA_stageB_main_seed42_20260215_014509][EFT] [Baselines]   done reward=-1.9560 task_sr=0.2000 subtask_sr=0.4941 (9.8s)
[scanA_stageB_main_seed42_20260215_014509][EFT] [Baselines] ep=90 (90/120) policy=EFT (1/1) ...
[scanA_stageB_main_seed42_20260215_014509][EFT] [Baselines]   done reward=-0.4942 task_sr=0.1500 subtask_sr=0.4608 (10.0s)
[scanA_stageB_main_seed42_20260215_014509][EFT] [Baselines] ep=91 (91/120) policy=EFT (1/1) ...
[scanA_stageB_main_seed42_20260215_014509][EFT] [Baselines]   done reward=-0.7256 task_sr=0.2000 subtask_sr=0.5392 (9.6s)
[scanA_stageB_main_seed42_20260215_014509][EFT] [Baselines] ep=92 (92/120) policy=EFT (1/1) ...
[scanA_stageB_main_seed42_20260215_014509][EFT] [Baselines]   done reward=-0.8620 task_sr=0.1000 subtask_sr=0.4617 (10.3s)
[scanA_stageB_main_seed42_20260215_014509][EFT] [Baselines] ep=93 (93/120) policy=EFT (1/1) ...
[scanA_stageB_main_seed42_20260215_014509][EFT] [Baselines]   done reward=-0.2996 task_sr=0.2500 subtask_sr=0.6675 (9.0s)
[scanA_stageB_main_seed42_20260215_014509][EFT] [Baselines] ep=94 (94/120) policy=EFT (1/1) ...
[scanA_stageB_main_seed42_20260215_014509][EFT] [Baselines]   done reward=-0.9689 task_sr=0.2500 subtask_sr=0.6374 (9.7s)
[scanA_stageB_main_seed42_20260215_014509][EFT] [Baselines] ep=95 (95/120) policy=EFT (1/1) ...
[scanA_stageB_main_seed42_20260215_014509][EFT] [Baselines]   done reward=-0.4736 task_sr=0.3500 subtask_sr=0.7924 (8.4s)
[scanA_stageB_main_seed42_20260215_014509][EFT] [Baselines] ep=96 (96/120) policy=EFT (1/1) ...
[scanA_stageB_main_seed42_20260215_014509][EFT] [Baselines]   done reward=-1.0356 task_sr=0.1000 subtask_sr=0.4487 (10.1s)
[scanA_stageB_main_seed42_20260215_014509][EFT] [Baselines] ep=97 (97/120) policy=EFT (1/1) ...
[scanA_stageB_main_seed42_20260215_014509][EFT] [Baselines]   done reward=-0.5915 task_sr=0.1000 subtask_sr=0.4965 (9.7s)
[scanA_stageB_main_seed42_20260215_014509][EFT] [Baselines] ep=98 (98/120) policy=EFT (1/1) ...
[scanA_stageB_main_seed42_20260215_014509][EFT] [Baselines]   done reward=-1.6095 task_sr=0.1500 subtask_sr=0.4903 (9.7s)
[scanA_stageB_main_seed42_20260215_014509][EFT] [Baselines] ep=99 (99/120) policy=EFT (1/1) ...
[scanA_stageB_main_seed42_20260215_014509][EFT] [Baselines]   done reward=-0.6119 task_sr=0.2000 subtask_sr=0.5071 (9.4s)
[scanA_stageB_main_seed42_20260215_014509][EFT] [Baselines] ep=100 (100/120) policy=EFT (1/1) ...
[scanA_stageB_main_seed42_20260215_014509][EFT] [Baselines]   done reward=-1.5027 task_sr=0.1000 subtask_sr=0.3910 (10.2s)
[scanA_stageB_main_seed42_20260215_014509][EFT] [Baselines] ep=101 (101/120) policy=EFT (1/1) ...
[scanA_stageB_main_seed42_20260215_014509][EFT] [Baselines]   done reward=-1.1430 task_sr=0.2500 subtask_sr=0.5059 (9.7s)
[scanA_stageB_main_seed42_20260215_014509][EFT] [Baselines] ep=102 (102/120) policy=EFT (1/1) ...
[scanA_stageB_main_seed42_20260215_014509][EFT] [Baselines]   done reward=-0.9938 task_sr=0.2000 subtask_sr=0.5585 (10.5s)
[scanA_stageB_main_seed42_20260215_014509][EFT] [Baselines] ep=103 (103/120) policy=EFT (1/1) ...
[scanA_stageB_main_seed42_20260215_014509][EFT] [Baselines]   done reward=-0.3635 task_sr=0.3500 subtask_sr=0.6340 (9.1s)
[scanA_stageB_main_seed42_20260215_014509][EFT] [Baselines] ep=104 (104/120) policy=EFT (1/1) ...
[scanA_stageB_main_seed42_20260215_014509][EFT] [Baselines]   done reward=-1.3471 task_sr=0.1500 subtask_sr=0.4418 (9.8s)
[scanA_stageB_main_seed42_20260215_014509][EFT] [Baselines] ep=105 (105/120) policy=EFT (1/1) ...
[scanA_stageB_main_seed42_20260215_014509][EFT] [Baselines]   done reward=-0.4571 task_sr=0.4500 subtask_sr=0.6724 (9.1s)
[scanA_stageB_main_seed42_20260215_014509][EFT] [Baselines] ep=106 (106/120) policy=EFT (1/1) ...
[scanA_stageB_main_seed42_20260215_014509][EFT] [Baselines]   done reward=-0.4975 task_sr=0.4500 subtask_sr=0.8445 (8.4s)
[scanA_stageB_main_seed42_20260215_014509][EFT] [Baselines] ep=107 (107/120) policy=EFT (1/1) ...
[scanA_stageB_main_seed42_20260215_014509][EFT] [Baselines]   done reward=-0.8385 task_sr=0.3500 subtask_sr=0.6206 (7.8s)
[scanA_stageB_main_seed42_20260215_014509][EFT] [Baselines] ep=108 (108/120) policy=EFT (1/1) ...
[scanA_stageB_main_seed42_20260215_014509][EFT] [Baselines]   done reward=-0.6460 task_sr=0.1500 subtask_sr=0.5024 (10.1s)
[scanA_stageB_main_seed42_20260215_014509][EFT] [Baselines] ep=109 (109/120) policy=EFT (1/1) ...
[scanA_stageB_main_seed42_20260215_014509][EFT] [Baselines]   done reward=-0.9719 task_sr=0.6000 subtask_sr=0.9126 (7.0s)
[scanA_stageB_main_seed42_20260215_014509][EFT] [Baselines] ep=110 (110/120) policy=EFT (1/1) ...
[scanA_stageB_main_seed42_20260215_014509][EFT] [Baselines]   done reward=-0.7381 task_sr=0.2500 subtask_sr=0.5311 (9.8s)
[scanA_stageB_main_seed42_20260215_014509][EFT] [Baselines] ep=111 (111/120) policy=EFT (1/1) ...
[scanA_stageB_main_seed42_20260215_014509][EFT] [Baselines]   done reward=-0.9469 task_sr=0.1000 subtask_sr=0.5880 (10.0s)
[scanA_stageB_main_seed42_20260215_014509][EFT] [Baselines] ep=112 (112/120) policy=EFT (1/1) ...
[scanA_stageB_main_seed42_20260215_014509][EFT] [Baselines]   done reward=-0.3293 task_sr=0.1500 subtask_sr=0.6084 (9.4s)
[scanA_stageB_main_seed42_20260215_014509][EFT] [Baselines] ep=113 (113/120) policy=EFT (1/1) ...
[scanA_stageB_main_seed42_20260215_014509][EFT] [Baselines]   done reward=-1.1316 task_sr=0.3000 subtask_sr=0.6107 (9.7s)
[scanA_stageB_main_seed42_20260215_014509][EFT] [Baselines] ep=114 (114/120) policy=EFT (1/1) ...
[scanA_stageB_main_seed42_20260215_014509][EFT] [Baselines]   done reward=-0.8487 task_sr=0.5000 subtask_sr=0.7749 (8.8s)
[scanA_stageB_main_seed42_20260215_014509][EFT] [Baselines] ep=115 (115/120) policy=EFT (1/1) ...
[scanA_stageB_main_seed42_20260215_014509][EFT] [Baselines]   done reward=-0.6450 task_sr=0.2000 subtask_sr=0.6659 (9.2s)
[scanA_stageB_main_seed42_20260215_014509][EFT] [Baselines] ep=116 (116/120) policy=EFT (1/1) ...
[scanA_stageB_main_seed42_20260215_014509][EFT] [Baselines]   done reward=-0.8055 task_sr=0.3000 subtask_sr=0.6603 (8.9s)
[scanA_stageB_main_seed42_20260215_014509][EFT] [Baselines] ep=117 (117/120) policy=EFT (1/1) ...
[scanA_stageB_main_seed42_20260215_014509][EFT] [Baselines]   done reward=-0.5187 task_sr=0.6000 subtask_sr=0.8862 (5.8s)
[scanA_stageB_main_seed42_20260215_014509][EFT] [Baselines] ep=118 (118/120) policy=EFT (1/1) ...
[scanA_stageB_main_seed42_20260215_014509][EFT] [Baselines]   done reward=-2.0859 task_sr=0.1000 subtask_sr=0.5093 (10.0s)
[scanA_stageB_main_seed42_20260215_014509][EFT] [Baselines] ep=119 (119/120) policy=EFT (1/1) ...
[scanA_stageB_main_seed42_20260215_014509][EFT] [Baselines]   done reward=-0.5653 task_sr=0.3000 subtask_sr=0.5929 (9.4s)
[scanA_stageB_main_seed42_20260215_014509][EFT] [Baselines] ep=120 (120/120) policy=EFT (1/1) ...
[scanA_stageB_main_seed42_20260215_014509][EFT] [Baselines]   done reward=-0.5477 task_sr=0.3000 subtask_sr=0.5704 (9.2s)
[scanA_stageB_main_seed42_20260215_014509][EFT] ✓ Baseline stats saved: /Users/qiutao/研/毕设/毕设/vecOffloadingSim/runs/scanA_stageB_main_seed42_20260215_014509/logs/baseline_parts/EFT.csv
[scanA_stageB_main_seed42_20260215_014509][EFT] 结果摘要 (均值):
[scanA_stageB_main_seed42_20260215_014509][EFT]   EFT        reward=-0.8070 task_sr=0.2429 subtask_sr=0.5862
