[scanA_stageB_main_seed42_20260215_014509][Greedy] [Baselines] run_dir=/Users/qiutao/研/毕设/毕设/vecOffloadingSim/runs/scanA_stageB_main_seed42_20260215_014509
[scanA_stageB_main_seed42_20260215_014509][Greedy] [Baselines] num_episodes=120 seed=42 max_steps=200
[scanA_stageB_main_seed42_20260215_014509][Greedy] [Baselines] policies=['Greedy']
[scanA_stageB_main_seed42_20260215_014509][Greedy] [Baselines] ep=1 (1/120) policy=Greedy (1/1) ...
[scanA_stageB_main_seed42_20260215_014509][Greedy] [Baselines]   done reward=-0.0017 task_sr=0.6500 subtask_sr=0.8750 (8.0s)
[scanA_stageB_main_seed42_20260215_014509][Greedy] [Baselines] ep=2 (2/120) policy=Greedy (1/1) ...
[scanA_stageB_main_seed42_20260215_014509][Greedy] [Baselines]   done reward=-0.0115 task_sr=0.7000 subtask_sr=0.9508 (7.5s)
[scanA_stageB_main_seed42_20260215_014509][Greedy] [Baselines] ep=3 (3/120) policy=Greedy (1/1) ...
[scanA_stageB_main_seed42_20260215_014509][Greedy] [Baselines]   done reward=0.0065 task_sr=1.0000 subtask_sr=1.0000 (5.7s)
[scanA_stageB_main_seed42_20260215_014509][Greedy] [Baselines] ep=4 (4/120) policy=Greedy (1/1) ...
[scanA_stageB_main_seed42_20260215_014509][Greedy] [Baselines]   done reward=-0.0261 task_sr=0.4000 subtask_sr=0.8778 (8.7s)
[scanA_stageB_main_seed42_20260215_014509][Greedy] [Baselines] ep=5 (5/120) policy=Greedy (1/1) ...
[scanA_stageB_main_seed42_20260215_014509][Greedy] [Baselines]   done reward=0.0011 task_sr=0.9500 subtask_sr=0.9976 (6.2s)
[scanA_stageB_main_seed42_20260215_014509][Greedy] [Baselines] ep=6 (6/120) policy=Greedy (1/1) ...
[scanA_stageB_main_seed42_20260215_014509][Greedy] [Baselines]   done reward=0.0022 task_sr=0.9500 subtask_sr=0.9928 (6.2s)
[scanA_stageB_main_seed42_20260215_014509][Greedy] [Baselines] ep=7 (7/120) policy=Greedy (1/1) ...
[scanA_stageB_main_seed42_20260215_014509][Greedy] [Baselines]   done reward=-0.0186 task_sr=0.4500 subtask_sr=0.7007 (8.5s)
[scanA_stageB_main_seed42_20260215_014509][Greedy] [Baselines] ep=8 (8/120) policy=Greedy (1/1) ...
[scanA_stageB_main_seed42_20260215_014509][Greedy] [Baselines]   done reward=-0.0015 task_sr=0.5500 subtask_sr=0.8523 (7.3s)
[scanA_stageB_main_seed42_20260215_014509][Greedy] [Baselines] ep=9 (9/120) policy=Greedy (1/1) ...
[scanA_stageB_main_seed42_20260215_014509][Greedy] [Baselines]   done reward=-0.0012 task_sr=0.6500 subtask_sr=0.9157 (7.3s)
[scanA_stageB_main_seed42_20260215_014509][Greedy] [Baselines] ep=10 (10/120) policy=Greedy (1/1) ...
[scanA_stageB_main_seed42_20260215_014509][Greedy] [Baselines]   done reward=-0.0084 task_sr=0.5000 subtask_sr=0.9169 (7.1s)
[scanA_stageB_main_seed42_20260215_014509][Greedy] [Baselines] ep=11 (11/120) policy=Greedy (1/1) ...
[scanA_stageB_main_seed42_20260215_014509][Greedy] [Baselines]   done reward=0.0104 task_sr=0.9000 subtask_sr=0.9733 (5.7s)
[scanA_stageB_main_seed42_20260215_014509][Greedy] [Baselines] ep=12 (12/120) policy=Greedy (1/1) ...
[scanA_stageB_main_seed42_20260215_014509][Greedy] [Baselines]   done reward=-0.0018 task_sr=0.6500 subtask_sr=0.9095 (7.4s)
[scanA_stageB_main_seed42_20260215_014509][Greedy] [Baselines] ep=13 (13/120) policy=Greedy (1/1) ...
[scanA_stageB_main_seed42_20260215_014509][Greedy] [Baselines]   done reward=0.0073 task_sr=0.7500 subtask_sr=0.9579 (6.5s)
[scanA_stageB_main_seed42_20260215_014509][Greedy] [Baselines] ep=14 (14/120) policy=Greedy (1/1) ...
[scanA_stageB_main_seed42_20260215_014509][Greedy] [Baselines]   done reward=-0.0046 task_sr=0.8500 subtask_sr=0.9859 (6.9s)
[scanA_stageB_main_seed42_20260215_014509][Greedy] [Baselines] ep=15 (15/120) policy=Greedy (1/1) ...
[scanA_stageB_main_seed42_20260215_014509][Greedy] [Baselines]   done reward=-0.0031 task_sr=0.6000 subtask_sr=0.8881 (6.9s)
[scanA_stageB_main_seed42_20260215_014509][Greedy] [Baselines] ep=16 (16/120) policy=Greedy (1/1) ...
[scanA_stageB_main_seed42_20260215_014509][Greedy] [Baselines]   done reward=-0.0111 task_sr=0.4000 subtask_sr=0.7928 (8.8s)
[scanA_stageB_main_seed42_20260215_014509][Greedy] [Baselines] ep=17 (17/120) policy=Greedy (1/1) ...
[scanA_stageB_main_seed42_20260215_014509][Greedy] [Baselines]   done reward=-0.0087 task_sr=0.6000 subtask_sr=0.8995 (7.5s)
[scanA_stageB_main_seed42_20260215_014509][Greedy] [Baselines] ep=18 (18/120) policy=Greedy (1/1) ...
[scanA_stageB_main_seed42_20260215_014509][Greedy] [Baselines]   done reward=0.0013 task_sr=0.5500 subtask_sr=0.8759 (7.9s)
[scanA_stageB_main_seed42_20260215_014509][Greedy] [Baselines] ep=19 (19/120) policy=Greedy (1/1) ...
[scanA_stageB_main_seed42_20260215_014509][Greedy] [Baselines]   done reward=-0.0239 task_sr=0.4500 subtask_sr=0.8193 (8.6s)
[scanA_stageB_main_seed42_20260215_014509][Greedy] [Baselines] ep=20 (20/120) policy=Greedy (1/1) ...
[scanA_stageB_main_seed42_20260215_014509][Greedy] [Baselines]   done reward=0.0020 task_sr=0.6500 subtask_sr=0.9520 (7.4s)
[scanA_stageB_main_seed42_20260215_014509][Greedy] [Baselines] ep=21 (21/120) policy=Greedy (1/1) ...
[scanA_stageB_main_seed42_20260215_014509][Greedy] [Baselines]   done reward=-0.0046 task_sr=0.8500 subtask_sr=0.9744 (7.4s)
[scanA_stageB_main_seed42_20260215_014509][Greedy] [Baselines] ep=22 (22/120) policy=Greedy (1/1) ...
[scanA_stageB_main_seed42_20260215_014509][Greedy] [Baselines]   done reward=-0.0023 task_sr=0.5000 subtask_sr=0.9268 (7.7s)
[scanA_stageB_main_seed42_20260215_014509][Greedy] [Baselines] ep=23 (23/120) policy=Greedy (1/1) ...
[scanA_stageB_main_seed42_20260215_014509][Greedy] [Baselines]   done reward=-0.0050 task_sr=0.8500 subtask_sr=0.9762 (6.9s)
[scanA_stageB_main_seed42_20260215_014509][Greedy] [Baselines] ep=24 (24/120) policy=Greedy (1/1) ...
[scanA_stageB_main_seed42_20260215_014509][Greedy] [Baselines]   done reward=-0.0258 task_sr=0.5000 subtask_sr=0.8544 (7.3s)
[scanA_stageB_main_seed42_20260215_014509][Greedy] [Baselines] ep=25 (25/120) policy=Greedy (1/1) ...
[scanA_stageB_main_seed42_20260215_014509][Greedy] [Baselines]   done reward=-0.0060 task_sr=0.4000 subtask_sr=0.8568 (7.6s)
[scanA_stageB_main_seed42_20260215_014509][Greedy] [Baselines] ep=26 (26/120) policy=Greedy (1/1) ...
[scanA_stageB_main_seed42_20260215_014509][Greedy] [Baselines]   done reward=0.0002 task_sr=0.7000 subtask_sr=0.9477 (7.3s)
[scanA_stageB_main_seed42_20260215_014509][Greedy] [Baselines] ep=27 (27/120) policy=Greedy (1/1) ...
[scanA_stageB_main_seed42_20260215_014509][Greedy] [Baselines]   done reward=-0.0116 task_sr=0.3000 subtask_sr=0.7476 (8.6s)
[scanA_stageB_main_seed42_20260215_014509][Greedy] [Baselines] ep=28 (28/120) policy=Greedy (1/1) ...
[scanA_stageB_main_seed42_20260215_014509][Greedy] [Baselines]   done reward=-0.0306 task_sr=0.4000 subtask_sr=0.6983 (8.2s)
[scanA_stageB_main_seed42_20260215_014509][Greedy] [Baselines] ep=29 (29/120) policy=Greedy (1/1) ...
[scanA_stageB_main_seed42_20260215_014509][Greedy] [Baselines]   done reward=0.0125 task_sr=1.0000 subtask_sr=1.0000 (5.5s)
[scanA_stageB_main_seed42_20260215_014509][Greedy] [Baselines] ep=30 (30/120) policy=Greedy (1/1) ...
[scanA_stageB_main_seed42_20260215_014509][Greedy] [Baselines]   done reward=-0.0215 task_sr=0.1500 subtask_sr=0.4098 (10.4s)
[scanA_stageB_main_seed42_20260215_014509][Greedy] [Baselines] ep=31 (31/120) policy=Greedy (1/1) ...
[scanA_stageB_main_seed42_20260215_014509][Greedy] [Baselines]   done reward=-0.0101 task_sr=0.4000 subtask_sr=0.8873 (7.9s)
[scanA_stageB_main_seed42_20260215_014509][Greedy] [Baselines] ep=32 (32/120) policy=Greedy (1/1) ...
[scanA_stageB_main_seed42_20260215_014509][Greedy] [Baselines]   done reward=0.0068 task_sr=0.9000 subtask_sr=0.9928 (6.2s)
[scanA_stageB_main_seed42_20260215_014509][Greedy] [Baselines] ep=33 (33/120) policy=Greedy (1/1) ...
[scanA_stageB_main_seed42_20260215_014509][Greedy] [Baselines]   done reward=-0.0082 task_sr=0.4000 subtask_sr=0.7723 (9.0s)
[scanA_stageB_main_seed42_20260215_014509][Greedy] [Baselines] ep=34 (34/120) policy=Greedy (1/1) ...
[scanA_stageB_main_seed42_20260215_014509][Greedy] [Baselines]   done reward=-0.0006 task_sr=0.7500 subtask_sr=0.9684 (7.4s)
[scanA_stageB_main_seed42_20260215_014509][Greedy] [Baselines] ep=35 (35/120) policy=Greedy (1/1) ...
[scanA_stageB_main_seed42_20260215_014509][Greedy] [Baselines]   done reward=0.0093 task_sr=0.9500 subtask_sr=0.9952 (6.3s)
[scanA_stageB_main_seed42_20260215_014509][Greedy] [Baselines] ep=36 (36/120) policy=Greedy (1/1) ...
[scanA_stageB_main_seed42_20260215_014509][Greedy] [Baselines]   done reward=-0.0023 task_sr=0.2500 subtask_sr=0.7690 (9.3s)
[scanA_stageB_main_seed42_20260215_014509][Greedy] [Baselines] ep=37 (37/120) policy=Greedy (1/1) ...
[scanA_stageB_main_seed42_20260215_014509][Greedy] [Baselines]   done reward=-0.0291 task_sr=0.3000 subtask_sr=0.5808 (9.1s)
[scanA_stageB_main_seed42_20260215_014509][Greedy] [Baselines] ep=38 (38/120) policy=Greedy (1/1) ...
[scanA_stageB_main_seed42_20260215_014509][Greedy] [Baselines]   done reward=0.0066 task_sr=1.0000 subtask_sr=1.0000 (6.5s)
[scanA_stageB_main_seed42_20260215_014509][Greedy] [Baselines] ep=39 (39/120) policy=Greedy (1/1) ...
[scanA_stageB_main_seed42_20260215_014509][Greedy] [Baselines]   done reward=-0.0013 task_sr=0.4500 subtask_sr=0.8147 (8.1s)
[scanA_stageB_main_seed42_20260215_014509][Greedy] [Baselines] ep=40 (40/120) policy=Greedy (1/1) ...
[scanA_stageB_main_seed42_20260215_014509][Greedy] [Baselines]   done reward=0.0038 task_sr=0.5000 subtask_sr=0.9009 (7.8s)
[scanA_stageB_main_seed42_20260215_014509][Greedy] [Baselines] ep=41 (41/120) policy=Greedy (1/1) ...
[scanA_stageB_main_seed42_20260215_014509][Greedy] [Baselines]   done reward=-0.0232 task_sr=0.3500 subtask_sr=0.7778 (9.5s)
[scanA_stageB_main_seed42_20260215_014509][Greedy] [Baselines] ep=42 (42/120) policy=Greedy (1/1) ...
[scanA_stageB_main_seed42_20260215_014509][Greedy] [Baselines]   done reward=-0.0242 task_sr=0.3000 subtask_sr=0.6338 (8.9s)
[scanA_stageB_main_seed42_20260215_014509][Greedy] [Baselines] ep=43 (43/120) policy=Greedy (1/1) ...
[scanA_stageB_main_seed42_20260215_014509][Greedy] [Baselines]   done reward=0.0028 task_sr=0.6000 subtask_sr=0.9438 (7.5s)
[scanA_stageB_main_seed42_20260215_014509][Greedy] [Baselines] ep=44 (44/120) policy=Greedy (1/1) ...
[scanA_stageB_main_seed42_20260215_014509][Greedy] [Baselines]   done reward=-0.0015 task_sr=0.6500 subtask_sr=0.9471 (7.0s)
[scanA_stageB_main_seed42_20260215_014509][Greedy] [Baselines] ep=45 (45/120) policy=Greedy (1/1) ...
[scanA_stageB_main_seed42_20260215_014509][Greedy] [Baselines]   done reward=0.0012 task_sr=0.4500 subtask_sr=0.8516 (7.7s)
[scanA_stageB_main_seed42_20260215_014509][Greedy] [Baselines] ep=46 (46/120) policy=Greedy (1/1) ...
[scanA_stageB_main_seed42_20260215_014509][Greedy] [Baselines]   done reward=-0.0052 task_sr=0.5000 subtask_sr=0.8412 (8.1s)
[scanA_stageB_main_seed42_20260215_014509][Greedy] [Baselines] ep=47 (47/120) policy=Greedy (1/1) ...
[scanA_stageB_main_seed42_20260215_014509][Greedy] [Baselines]   done reward=0.0052 task_sr=0.9500 subtask_sr=0.9976 (6.6s)
[scanA_stageB_main_seed42_20260215_014509][Greedy] [Baselines] ep=48 (48/120) policy=Greedy (1/1) ...
[scanA_stageB_main_seed42_20260215_014509][Greedy] [Baselines]   done reward=0.0045 task_sr=0.8000 subtask_sr=0.9732 (6.9s)
[scanA_stageB_main_seed42_20260215_014509][Greedy] [Baselines] ep=49 (49/120) policy=Greedy (1/1) ...
[scanA_stageB_main_seed42_20260215_014509][Greedy] [Baselines]   done reward=-0.0196 task_sr=0.3500 subtask_sr=0.6375 (9.1s)
[scanA_stageB_main_seed42_20260215_014509][Greedy] [Baselines] ep=50 (50/120) policy=Greedy (1/1) ...
[scanA_stageB_main_seed42_20260215_014509][Greedy] [Baselines]   done reward=-0.0021 task_sr=0.4000 subtask_sr=0.8322 (8.5s)
[scanA_stageB_main_seed42_20260215_014509][Greedy] [Baselines] ep=51 (51/120) policy=Greedy (1/1) ...
[scanA_stageB_main_seed42_20260215_014509][Greedy] [Baselines]   done reward=-0.0337 task_sr=0.4500 subtask_sr=0.6541 (8.8s)
[scanA_stageB_main_seed42_20260215_014509][Greedy] [Baselines] ep=52 (52/120) policy=Greedy (1/1) ...
[scanA_stageB_main_seed42_20260215_014509][Greedy] [Baselines]   done reward=-0.0125 task_sr=0.4500 subtask_sr=0.7812 (8.1s)
[scanA_stageB_main_seed42_20260215_014509][Greedy] [Baselines] ep=53 (53/120) policy=Greedy (1/1) ...
[scanA_stageB_main_seed42_20260215_014509][Greedy] [Baselines]   done reward=-0.0018 task_sr=0.5000 subtask_sr=0.8674 (8.8s)
[scanA_stageB_main_seed42_20260215_014509][Greedy] [Baselines] ep=54 (54/120) policy=Greedy (1/1) ...
[scanA_stageB_main_seed42_20260215_014509][Greedy] [Baselines]   done reward=0.0016 task_sr=0.6500 subtask_sr=0.9098 (6.9s)
[scanA_stageB_main_seed42_20260215_014509][Greedy] [Baselines] ep=55 (55/120) policy=Greedy (1/1) ...
[scanA_stageB_main_seed42_20260215_014509][Greedy] [Baselines]   done reward=-0.0023 task_sr=0.8000 subtask_sr=0.9667 (7.2s)
[scanA_stageB_main_seed42_20260215_014509][Greedy] [Baselines] ep=56 (56/120) policy=Greedy (1/1) ...
[scanA_stageB_main_seed42_20260215_014509][Greedy] [Baselines]   done reward=-0.0008 task_sr=0.9000 subtask_sr=0.9836 (7.3s)
[scanA_stageB_main_seed42_20260215_014509][Greedy] [Baselines] ep=57 (57/120) policy=Greedy (1/1) ...
[scanA_stageB_main_seed42_20260215_014509][Greedy] [Baselines]   done reward=-0.0000 task_sr=0.7500 subtask_sr=0.9706 (7.0s)
[scanA_stageB_main_seed42_20260215_014509][Greedy] [Baselines] ep=58 (58/120) policy=Greedy (1/1) ...
[scanA_stageB_main_seed42_20260215_014509][Greedy] [Baselines]   done reward=-0.0098 task_sr=0.6500 subtask_sr=0.9020 (7.3s)
[scanA_stageB_main_seed42_20260215_014509][Greedy] [Baselines] ep=59 (59/120) policy=Greedy (1/1) ...
[scanA_stageB_main_seed42_20260215_014509][Greedy] [Baselines]   done reward=-0.0086 task_sr=0.6500 subtask_sr=0.9093 (9.0s)
[scanA_stageB_main_seed42_20260215_014509][Greedy] [Baselines] ep=60 (60/120) policy=Greedy (1/1) ...
[scanA_stageB_main_seed42_20260215_014509][Greedy] [Baselines]   done reward=-0.0262 task_sr=0.6000 subtask_sr=0.8416 (8.9s)
[scanA_stageB_main_seed42_20260215_014509][Greedy] [Baselines] ep=61 (61/120) policy=Greedy (1/1) ...
[scanA_stageB_main_seed42_20260215_014509][Greedy] [Baselines]   done reward=0.0004 task_sr=0.6500 subtask_sr=0.9322 (7.0s)
[scanA_stageB_main_seed42_20260215_014509][Greedy] [Baselines] ep=62 (62/120) policy=Greedy (1/1) ...
[scanA_stageB_main_seed42_20260215_014509][Greedy] [Baselines]   done reward=-0.0143 task_sr=0.3000 subtask_sr=0.8534 (8.2s)
[scanA_stageB_main_seed42_20260215_014509][Greedy] [Baselines] ep=63 (63/120) policy=Greedy (1/1) ...
[scanA_stageB_main_seed42_20260215_014509][Greedy] [Baselines]   done reward=-0.0259 task_sr=0.3000 subtask_sr=0.8186 (8.3s)
[scanA_stageB_main_seed42_20260215_014509][Greedy] [Baselines] ep=64 (64/120) policy=Greedy (1/1) ...
[scanA_stageB_main_seed42_20260215_014509][Greedy] [Baselines]   done reward=-0.0199 task_sr=0.4500 subtask_sr=0.8463 (8.3s)
[scanA_stageB_main_seed42_20260215_014509][Greedy] [Baselines] ep=65 (65/120) policy=Greedy (1/1) ...
[scanA_stageB_main_seed42_20260215_014509][Greedy] [Baselines]   done reward=0.0005 task_sr=0.6500 subtask_sr=0.9227 (6.9s)
[scanA_stageB_main_seed42_20260215_014509][Greedy] [Baselines] ep=66 (66/120) policy=Greedy (1/1) ...
[scanA_stageB_main_seed42_20260215_014509][Greedy] [Baselines]   done reward=0.0006 task_sr=0.5500 subtask_sr=0.9346 (7.5s)
[scanA_stageB_main_seed42_20260215_014509][Greedy] [Baselines] ep=67 (67/120) policy=Greedy (1/1) ...
[scanA_stageB_main_seed42_20260215_014509][Greedy] [Baselines]   done reward=0.0083 task_sr=0.8500 subtask_sr=0.9860 (6.7s)
[scanA_stageB_main_seed42_20260215_014509][Greedy] [Baselines] ep=68 (68/120) policy=Greedy (1/1) ...
[scanA_stageB_main_seed42_20260215_014509][Greedy] [Baselines]   done reward=-0.0257 task_sr=0.2500 subtask_sr=0.5035 (9.6s)
[scanA_stageB_main_seed42_20260215_014509][Greedy] [Baselines] ep=69 (69/120) policy=Greedy (1/1) ...
[scanA_stageB_main_seed42_20260215_014509][Greedy] [Baselines]   done reward=0.0024 task_sr=0.6000 subtask_sr=0.9370 (7.7s)
[scanA_stageB_main_seed42_20260215_014509][Greedy] [Baselines] ep=70 (70/120) policy=Greedy (1/1) ...
[scanA_stageB_main_seed42_20260215_014509][Greedy] [Baselines]   done reward=-0.0037 task_sr=0.6500 subtask_sr=0.9310 (7.8s)
[scanA_stageB_main_seed42_20260215_014509][Greedy] [Baselines] ep=71 (71/120) policy=Greedy (1/1) ...
[scanA_stageB_main_seed42_20260215_014509][Greedy] [Baselines]   done reward=-0.0043 task_sr=0.3500 subtask_sr=0.8103 (8.3s)
[scanA_stageB_main_seed42_20260215_014509][Greedy] [Baselines] ep=72 (72/120) policy=Greedy (1/1) ...
[scanA_stageB_main_seed42_20260215_014509][Greedy] [Baselines]   done reward=0.0029 task_sr=0.6500 subtask_sr=0.9362 (7.6s)
[scanA_stageB_main_seed42_20260215_014509][Greedy] [Baselines] ep=73 (73/120) policy=Greedy (1/1) ...
[scanA_stageB_main_seed42_20260215_014509][Greedy] [Baselines]   done reward=-0.0166 task_sr=0.6000 subtask_sr=0.9455 (8.0s)
[scanA_stageB_main_seed42_20260215_014509][Greedy] [Baselines] ep=74 (74/120) policy=Greedy (1/1) ...
[scanA_stageB_main_seed42_20260215_014509][Greedy] [Baselines]   done reward=-0.0027 task_sr=0.4000 subtask_sr=0.7678 (8.4s)
[scanA_stageB_main_seed42_20260215_014509][Greedy] [Baselines] ep=75 (75/120) policy=Greedy (1/1) ...
[scanA_stageB_main_seed42_20260215_014509][Greedy] [Baselines]   done reward=-0.0048 task_sr=0.6500 subtask_sr=0.9292 (8.0s)
[scanA_stageB_main_seed42_20260215_014509][Greedy] [Baselines] ep=76 (76/120) policy=Greedy (1/1) ...
[scanA_stageB_main_seed42_20260215_014509][Greedy] [Baselines]   done reward=0.0046 task_sr=0.8000 subtask_sr=0.9567 (6.6s)
[scanA_stageB_main_seed42_20260215_014509][Greedy] [Baselines] ep=77 (77/120) policy=Greedy (1/1) ...
[scanA_stageB_main_seed42_20260215_014509][Greedy] [Baselines]   done reward=-0.0110 task_sr=0.3000 subtask_sr=0.7279 (8.5s)
[scanA_stageB_main_seed42_20260215_014509][Greedy] [Baselines] ep=78 (78/120) policy=Greedy (1/1) ...
[scanA_stageB_main_seed42_20260215_014509][Greedy] [Baselines]   done reward=0.0041 task_sr=0.9000 subtask_sr=0.9953 (6.6s)
[scanA_stageB_main_seed42_20260215_014509][Greedy] [Baselines] ep=79 (79/120) policy=Greedy (1/1) ...
[scanA_stageB_main_seed42_20260215_014509][Greedy] [Baselines]   done reward=-0.0026 task_sr=0.3000 subtask_sr=0.7548 (9.3s)
[scanA_stageB_main_seed42_20260215_014509][Greedy] [Baselines] ep=80 (80/120) policy=Greedy (1/1) ...
[scanA_stageB_main_seed42_20260215_014509][Greedy] [Baselines]   done reward=-0.0011 task_sr=0.6500 subtask_sr=0.9203 (7.6s)
[scanA_stageB_main_seed42_20260215_014509][Greedy] [Baselines] ep=81 (81/120) policy=Greedy (1/1) ...
[scanA_stageB_main_seed42_20260215_014509][Greedy] [Baselines]   done reward=0.0001 task_sr=0.7500 subtask_sr=0.9759 (6.8s)
[scanA_stageB_main_seed42_20260215_014509][Greedy] [Baselines] ep=82 (82/120) policy=Greedy (1/1) ...
[scanA_stageB_main_seed42_20260215_014509][Greedy] [Baselines]   done reward=0.0123 task_sr=1.0000 subtask_sr=1.0000 (6.2s)
[scanA_stageB_main_seed42_20260215_014509][Greedy] [Baselines] ep=83 (83/120) policy=Greedy (1/1) ...
[scanA_stageB_main_seed42_20260215_014509][Greedy] [Baselines]   done reward=-0.0189 task_sr=0.1500 subtask_sr=0.8430 (8.4s)
[scanA_stageB_main_seed42_20260215_014509][Greedy] [Baselines] ep=84 (84/120) policy=Greedy (1/1) ...
[scanA_stageB_main_seed42_20260215_014509][Greedy] [Baselines]   done reward=-0.0145 task_sr=0.2500 subtask_sr=0.7770 (9.6s)
[scanA_stageB_main_seed42_20260215_014509][Greedy] [Baselines] ep=85 (85/120) policy=Greedy (1/1) ...
[scanA_stageB_main_seed42_20260215_014509][Greedy] [Baselines]   done reward=-0.0019 task_sr=0.6500 subtask_sr=0.9424 (7.7s)
[scanA_stageB_main_seed42_20260215_014509][Greedy] [Baselines] ep=86 (86/120) policy=Greedy (1/1) ...
[scanA_stageB_main_seed42_20260215_014509][Greedy] [Baselines]   done reward=0.0005 task_sr=0.4500 subtask_sr=0.8374 (7.8s)
[scanA_stageB_main_seed42_20260215_014509][Greedy] [Baselines] ep=87 (87/120) policy=Greedy (1/1) ...
[scanA_stageB_main_seed42_20260215_014509][Greedy] [Baselines]   done reward=0.0093 task_sr=0.9000 subtask_sr=0.9883 (6.3s)
[scanA_stageB_main_seed42_20260215_014509][Greedy] [Baselines] ep=88 (88/120) policy=Greedy (1/1) ...
[scanA_stageB_main_seed42_20260215_014509][Greedy] [Baselines]   done reward=-0.0082 task_sr=0.3500 subtask_sr=0.8282 (9.0s)
[scanA_stageB_main_seed42_20260215_014509][Greedy] [Baselines] ep=89 (89/120) policy=Greedy (1/1) ...
[scanA_stageB_main_seed42_20260215_014509][Greedy] [Baselines]   done reward=0.0030 task_sr=0.8000 subtask_sr=0.9694 (6.9s)
[scanA_stageB_main_seed42_20260215_014509][Greedy] [Baselines] ep=90 (90/120) policy=Greedy (1/1) ...
[scanA_stageB_main_seed42_20260215_014509][Greedy] [Baselines]   done reward=-0.0007 task_sr=0.9000 subtask_sr=0.9977 (7.2s)
[scanA_stageB_main_seed42_20260215_014509][Greedy] [Baselines] ep=91 (91/120) policy=Greedy (1/1) ...
[scanA_stageB_main_seed42_20260215_014509][Greedy] [Baselines]   done reward=0.0003 task_sr=0.7500 subtask_sr=0.9620 (7.2s)
[scanA_stageB_main_seed42_20260215_014509][Greedy] [Baselines] ep=92 (92/120) policy=Greedy (1/1) ...
[scanA_stageB_main_seed42_20260215_014509][Greedy] [Baselines]   done reward=0.0021 task_sr=0.6000 subtask_sr=0.9474 (7.9s)
[scanA_stageB_main_seed42_20260215_014509][Greedy] [Baselines] ep=93 (93/120) policy=Greedy (1/1) ...
[scanA_stageB_main_seed42_20260215_014509][Greedy] [Baselines]   done reward=-0.0189 task_sr=0.4000 subtask_sr=0.8768 (7.7s)
[scanA_stageB_main_seed42_20260215_014509][Greedy] [Baselines] ep=94 (94/120) policy=Greedy (1/1) ...
[scanA_stageB_main_seed42_20260215_014509][Greedy] [Baselines]   done reward=-0.0100 task_sr=0.3000 subtask_sr=0.7021 (8.9s)
[scanA_stageB_main_seed42_20260215_014509][Greedy] [Baselines] ep=95 (95/120) policy=Greedy (1/1) ...
[scanA_stageB_main_seed42_20260215_014509][Greedy] [Baselines]   done reward=-0.0043 task_sr=0.7500 subtask_sr=0.9332 (7.1s)
[scanA_stageB_main_seed42_20260215_014509][Greedy] [Baselines] ep=96 (96/120) policy=Greedy (1/1) ...
[scanA_stageB_main_seed42_20260215_014509][Greedy] [Baselines]   done reward=-0.0161 task_sr=0.4000 subtask_sr=0.7995 (8.6s)
[scanA_stageB_main_seed42_20260215_014509][Greedy] [Baselines] ep=97 (97/120) policy=Greedy (1/1) ...
[scanA_stageB_main_seed42_20260215_014509][Greedy] [Baselines]   done reward=-0.0223 task_sr=0.5000 subtask_sr=0.8960 (7.8s)
[scanA_stageB_main_seed42_20260215_014509][Greedy] [Baselines] ep=98 (98/120) policy=Greedy (1/1) ...
[scanA_stageB_main_seed42_20260215_014509][Greedy] [Baselines]   done reward=-0.0199 task_sr=0.3500 subtask_sr=0.8043 (8.7s)
[scanA_stageB_main_seed42_20260215_014509][Greedy] [Baselines] ep=99 (99/120) policy=Greedy (1/1) ...
[scanA_stageB_main_seed42_20260215_014509][Greedy] [Baselines]   done reward=-0.0007 task_sr=0.7500 subtask_sr=0.9479 (7.1s)
[scanA_stageB_main_seed42_20260215_014509][Greedy] [Baselines] ep=100 (100/120) policy=Greedy (1/1) ...
[scanA_stageB_main_seed42_20260215_014509][Greedy] [Baselines]   done reward=-0.0024 task_sr=0.7000 subtask_sr=0.9100 (7.5s)
[scanA_stageB_main_seed42_20260215_014509][Greedy] [Baselines] ep=101 (101/120) policy=Greedy (1/1) ...
[scanA_stageB_main_seed42_20260215_014509][Greedy] [Baselines]   done reward=-0.0078 task_sr=0.8500 subtask_sr=0.9694 (7.4s)
[scanA_stageB_main_seed42_20260215_014509][Greedy] [Baselines] ep=102 (102/120) policy=Greedy (1/1) ...
[scanA_stageB_main_seed42_20260215_014509][Greedy] [Baselines]   done reward=-0.0047 task_sr=0.2500 subtask_sr=0.7852 (8.9s)
[scanA_stageB_main_seed42_20260215_014509][Greedy] [Baselines] ep=103 (103/120) policy=Greedy (1/1) ...
[scanA_stageB_main_seed42_20260215_014509][Greedy] [Baselines]   done reward=-0.0085 task_sr=0.6500 subtask_sr=0.9545 (7.9s)
[scanA_stageB_main_seed42_20260215_014509][Greedy] [Baselines] ep=104 (104/120) policy=Greedy (1/1) ...
[scanA_stageB_main_seed42_20260215_014509][Greedy] [Baselines]   done reward=-0.0047 task_sr=0.7500 subtask_sr=0.9430 (7.4s)
[scanA_stageB_main_seed42_20260215_014509][Greedy] [Baselines] ep=105 (105/120) policy=Greedy (1/1) ...
[scanA_stageB_main_seed42_20260215_014509][Greedy] [Baselines]   done reward=-0.0010 task_sr=0.4500 subtask_sr=0.8802 (7.4s)
[scanA_stageB_main_seed42_20260215_014509][Greedy] [Baselines] ep=106 (106/120) policy=Greedy (1/1) ...
[scanA_stageB_main_seed42_20260215_014509][Greedy] [Baselines]   done reward=-0.0072 task_sr=0.5500 subtask_sr=0.9330 (7.6s)
[scanA_stageB_main_seed42_20260215_014509][Greedy] [Baselines] ep=107 (107/120) policy=Greedy (1/1) ...
[scanA_stageB_main_seed42_20260215_014509][Greedy] [Baselines]   done reward=-0.0007 task_sr=0.9000 subtask_sr=0.9836 (6.7s)
[scanA_stageB_main_seed42_20260215_014509][Greedy] [Baselines] ep=108 (108/120) policy=Greedy (1/1) ...
[scanA_stageB_main_seed42_20260215_014509][Greedy] [Baselines]   done reward=-0.0040 task_sr=0.6500 subtask_sr=0.9360 (7.3s)
[scanA_stageB_main_seed42_20260215_014509][Greedy] [Baselines] ep=109 (109/120) policy=Greedy (1/1) ...
[scanA_stageB_main_seed42_20260215_014509][Greedy] [Baselines]   done reward=-0.0061 task_sr=0.8500 subtask_sr=0.9757 (6.9s)
[scanA_stageB_main_seed42_20260215_014509][Greedy] [Baselines] ep=110 (110/120) policy=Greedy (1/1) ...
[scanA_stageB_main_seed42_20260215_014509][Greedy] [Baselines]   done reward=0.0035 task_sr=0.9500 subtask_sr=0.9904 (6.4s)
[scanA_stageB_main_seed42_20260215_014509][Greedy] [Baselines] ep=111 (111/120) policy=Greedy (1/1) ...
[scanA_stageB_main_seed42_20260215_014509][Greedy] [Baselines]   done reward=-0.0020 task_sr=0.3500 subtask_sr=0.8024 (8.8s)
[scanA_stageB_main_seed42_20260215_014509][Greedy] [Baselines] ep=112 (112/120) policy=Greedy (1/1) ...
[scanA_stageB_main_seed42_20260215_014509][Greedy] [Baselines]   done reward=0.0028 task_sr=0.7500 subtask_sr=0.9557 (6.9s)
[scanA_stageB_main_seed42_20260215_014509][Greedy] [Baselines] ep=113 (113/120) policy=Greedy (1/1) ...
[scanA_stageB_main_seed42_20260215_014509][Greedy] [Baselines]   done reward=0.0011 task_sr=0.9000 subtask_sr=0.9907 (6.8s)
[scanA_stageB_main_seed42_20260215_014509][Greedy] [Baselines] ep=114 (114/120) policy=Greedy (1/1) ...
[scanA_stageB_main_seed42_20260215_014509][Greedy] [Baselines]   done reward=-0.0227 task_sr=0.1500 subtask_sr=0.4882 (9.2s)
[scanA_stageB_main_seed42_20260215_014509][Greedy] [Baselines] ep=115 (115/120) policy=Greedy (1/1) ...
[scanA_stageB_main_seed42_20260215_014509][Greedy] [Baselines]   done reward=-0.0098 task_sr=0.7000 subtask_sr=0.9129 (7.1s)
[scanA_stageB_main_seed42_20260215_014509][Greedy] [Baselines] ep=116 (116/120) policy=Greedy (1/1) ...
[scanA_stageB_main_seed42_20260215_014509][Greedy] [Baselines]   done reward=-0.0263 task_sr=0.4000 subtask_sr=0.7488 (8.1s)
[scanA_stageB_main_seed42_20260215_014509][Greedy] [Baselines] ep=117 (117/120) policy=Greedy (1/1) ...
[scanA_stageB_main_seed42_20260215_014509][Greedy] [Baselines]   done reward=-0.0115 task_sr=0.4500 subtask_sr=0.8136 (6.9s)
[scanA_stageB_main_seed42_20260215_014509][Greedy] [Baselines] ep=118 (118/120) policy=Greedy (1/1) ...
[scanA_stageB_main_seed42_20260215_014509][Greedy] [Baselines]   done reward=-0.0251 task_sr=0.4500 subtask_sr=0.6884 (8.2s)
[scanA_stageB_main_seed42_20260215_014509][Greedy] [Baselines] ep=119 (119/120) policy=Greedy (1/1) ...
[scanA_stageB_main_seed42_20260215_014509][Greedy] [Baselines]   done reward=-0.0260 task_sr=0.4000 subtask_sr=0.8429 (8.4s)
[scanA_stageB_main_seed42_20260215_014509][Greedy] [Baselines] ep=120 (120/120) policy=Greedy (1/1) ...
[scanA_stageB_main_seed42_20260215_014509][Greedy] [Baselines]   done reward=-0.0030 task_sr=0.7000 subtask_sr=0.9737 (6.8s)
[scanA_stageB_main_seed42_20260215_014509][Greedy] ✓ Baseline stats saved: /Users/qiutao/研/毕设/毕设/vecOffloadingSim/runs/scanA_stageB_main_seed42_20260215_014509/logs/baseline_parts/Greedy.csv
[scanA_stageB_main_seed42_20260215_014509][Greedy] 结果摘要 (均值):
[scanA_stageB_main_seed42_20260215_014509][Greedy]   Greedy     reward=-0.0063 task_sr=0.5929 subtask_sr=0.8779
