[scanA_stageB_main_seed42_20260215_014509][CP-EFT] [Baselines] run_dir=/Users/qiutao/研/毕设/毕设/vecOffloadingSim/runs/scanA_stageB_main_seed42_20260215_014509
[scanA_stageB_main_seed42_20260215_014509][CP-EFT] [Baselines] num_episodes=120 seed=42 max_steps=200
[scanA_stageB_main_seed42_20260215_014509][CP-EFT] [Baselines] policies=['CP-EFT']
[scanA_stageB_main_seed42_20260215_014509][CP-EFT] [Baselines] ep=1 (1/120) policy=CP-EFT (1/1) ...
[scanA_stageB_main_seed42_20260215_014509][CP-EFT] [Baselines]   done reward=-1.2098 task_sr=0.3500 subtask_sr=0.6659 (12.7s)
[scanA_stageB_main_seed42_20260215_014509][CP-EFT] [Baselines] ep=2 (2/120) policy=CP-EFT (1/1) ...
[scanA_stageB_main_seed42_20260215_014509][CP-EFT] [Baselines]   done reward=-1.0018 task_sr=0.1500 subtask_sr=0.5621 (12.8s)
[scanA_stageB_main_seed42_20260215_014509][CP-EFT] [Baselines] ep=3 (3/120) policy=CP-EFT (1/1) ...
[scanA_stageB_main_seed42_20260215_014509][CP-EFT] [Baselines]   done reward=-1.2698 task_sr=0.3000 subtask_sr=0.5776 (11.5s)
[scanA_stageB_main_seed42_20260215_014509][CP-EFT] [Baselines] ep=4 (4/120) policy=CP-EFT (1/1) ...
[scanA_stageB_main_seed42_20260215_014509][CP-EFT] [Baselines]   done reward=-1.1465 task_sr=0.1000 subtask_sr=0.4888 (12.3s)
[scanA_stageB_main_seed42_20260215_014509][CP-EFT] [Baselines] ep=5 (5/120) policy=CP-EFT (1/1) ...
[scanA_stageB_main_seed42_20260215_014509][CP-EFT] [Baselines]   done reward=-0.7766 task_sr=0.4000 subtask_sr=0.6280 (11.4s)
[scanA_stageB_main_seed42_20260215_014509][CP-EFT] [Baselines] ep=6 (6/120) policy=CP-EFT (1/1) ...
[scanA_stageB_main_seed42_20260215_014509][CP-EFT] [Baselines]   done reward=-0.5473 task_sr=0.1500 subtask_sr=0.6120 (12.2s)
[scanA_stageB_main_seed42_20260215_014509][CP-EFT] [Baselines] ep=7 (7/120) policy=CP-EFT (1/1) ...
[scanA_stageB_main_seed42_20260215_014509][CP-EFT] [Baselines]   done reward=-0.7920 task_sr=0.2000 subtask_sr=0.6357 (11.8s)
[scanA_stageB_main_seed42_20260215_014509][CP-EFT] [Baselines] ep=8 (8/120) policy=CP-EFT (1/1) ...
[scanA_stageB_main_seed42_20260215_014509][CP-EFT] [Baselines]   done reward=-1.6266 task_sr=0.1000 subtask_sr=0.4818 (13.1s)
[scanA_stageB_main_seed42_20260215_014509][CP-EFT] [Baselines] ep=9 (9/120) policy=CP-EFT (1/1) ...
[scanA_stageB_main_seed42_20260215_014509][CP-EFT] [Baselines]   done reward=-0.6893 task_sr=0.1000 subtask_sr=0.3817 (14.2s)
[scanA_stageB_main_seed42_20260215_014509][CP-EFT] [Baselines] ep=10 (10/120) policy=CP-EFT (1/1) ...
[scanA_stageB_main_seed42_20260215_014509][CP-EFT] [Baselines]   done reward=-0.3786 task_sr=0.1000 subtask_sr=0.4822 (12.8s)
[scanA_stageB_main_seed42_20260215_014509][CP-EFT] [Baselines] ep=11 (11/120) policy=CP-EFT (1/1) ...
[scanA_stageB_main_seed42_20260215_014509][CP-EFT] [Baselines]   done reward=-1.2108 task_sr=0.0500 subtask_sr=0.5170 (13.4s)
[scanA_stageB_main_seed42_20260215_014509][CP-EFT] [Baselines] ep=12 (12/120) policy=CP-EFT (1/1) ...
[scanA_stageB_main_seed42_20260215_014509][CP-EFT] [Baselines]   done reward=-0.7189 task_sr=0.4000 subtask_sr=0.7042 (13.0s)
[scanA_stageB_main_seed42_20260215_014509][CP-EFT] [Baselines] ep=13 (13/120) policy=CP-EFT (1/1) ...
[scanA_stageB_main_seed42_20260215_014509][CP-EFT] [Baselines]   done reward=-0.7084 task_sr=0.2000 subtask_sr=0.5164 (12.3s)
[scanA_stageB_main_seed42_20260215_014509][CP-EFT] [Baselines] ep=14 (14/120) policy=CP-EFT (1/1) ...
[scanA_stageB_main_seed42_20260215_014509][CP-EFT] [Baselines]   done reward=-1.0382 task_sr=0.1500 subtask_sr=0.5493 (12.7s)
[scanA_stageB_main_seed42_20260215_014509][CP-EFT] [Baselines] ep=15 (15/120) policy=CP-EFT (1/1) ...
[scanA_stageB_main_seed42_20260215_014509][CP-EFT] [Baselines]   done reward=-1.9600 task_sr=0.3000 subtask_sr=0.6357 (11.7s)
[scanA_stageB_main_seed42_20260215_014509][CP-EFT] [Baselines] ep=16 (16/120) policy=CP-EFT (1/1) ...
[scanA_stageB_main_seed42_20260215_014509][CP-EFT] [Baselines]   done reward=-0.5122 task_sr=0.3000 subtask_sr=0.6458 (12.7s)
[scanA_stageB_main_seed42_20260215_014509][CP-EFT] [Baselines] ep=17 (17/120) policy=CP-EFT (1/1) ...
[scanA_stageB_main_seed42_20260215_014509][CP-EFT] [Baselines]   done reward=-0.6050 task_sr=0.2500 subtask_sr=0.6914 (12.1s)
[scanA_stageB_main_seed42_20260215_014509][CP-EFT] [Baselines] ep=18 (18/120) policy=CP-EFT (1/1) ...
[scanA_stageB_main_seed42_20260215_014509][CP-EFT] [Baselines]   done reward=-1.1954 task_sr=0.3500 subtask_sr=0.5669 (12.9s)
[scanA_stageB_main_seed42_20260215_014509][CP-EFT] [Baselines] ep=19 (19/120) policy=CP-EFT (1/1) ...
[scanA_stageB_main_seed42_20260215_014509][CP-EFT] [Baselines]   done reward=-1.3813 task_sr=0.3000 subtask_sr=0.6906 (9.9s)
[scanA_stageB_main_seed42_20260215_014509][CP-EFT] [Baselines] ep=20 (20/120) policy=CP-EFT (1/1) ...
[scanA_stageB_main_seed42_20260215_014509][CP-EFT] [Baselines]   done reward=-1.3028 task_sr=0.3500 subtask_sr=0.7410 (11.4s)
[scanA_stageB_main_seed42_20260215_014509][CP-EFT] [Baselines] ep=21 (21/120) policy=CP-EFT (1/1) ...
[scanA_stageB_main_seed42_20260215_014509][CP-EFT] [Baselines]   done reward=-0.6745 task_sr=0.2000 subtask_sr=0.6783 (12.9s)
[scanA_stageB_main_seed42_20260215_014509][CP-EFT] [Baselines] ep=22 (22/120) policy=CP-EFT (1/1) ...
[scanA_stageB_main_seed42_20260215_014509][CP-EFT] [Baselines]   done reward=-1.1917 task_sr=0.2500 subtask_sr=0.5902 (12.8s)
[scanA_stageB_main_seed42_20260215_014509][CP-EFT] [Baselines] ep=23 (23/120) policy=CP-EFT (1/1) ...
[scanA_stageB_main_seed42_20260215_014509][CP-EFT] [Baselines]   done reward=-0.7772 task_sr=0.2000 subtask_sr=0.5962 (13.0s)
[scanA_stageB_main_seed42_20260215_014509][CP-EFT] [Baselines] ep=24 (24/120) policy=CP-EFT (1/1) ...
[scanA_stageB_main_seed42_20260215_014509][CP-EFT] [Baselines]   done reward=-2.4669 task_sr=0.1500 subtask_sr=0.5097 (12.8s)
[scanA_stageB_main_seed42_20260215_014509][CP-EFT] [Baselines] ep=25 (25/120) policy=CP-EFT (1/1) ...
[scanA_stageB_main_seed42_20260215_014509][CP-EFT] [Baselines]   done reward=-0.7766 task_sr=0.1000 subtask_sr=0.4953 (13.4s)
[scanA_stageB_main_seed42_20260215_014509][CP-EFT] [Baselines] ep=26 (26/120) policy=CP-EFT (1/1) ...
[scanA_stageB_main_seed42_20260215_014509][CP-EFT] [Baselines]   done reward=-0.3398 task_sr=0.2500 subtask_sr=0.5795 (12.6s)
[scanA_stageB_main_seed42_20260215_014509][CP-EFT] [Baselines] ep=27 (27/120) policy=CP-EFT (1/1) ...
[scanA_stageB_main_seed42_20260215_014509][CP-EFT] [Baselines]   done reward=-0.6003 task_sr=0.0500 subtask_sr=0.5354 (13.7s)
[scanA_stageB_main_seed42_20260215_014509][CP-EFT] [Baselines] ep=28 (28/120) policy=CP-EFT (1/1) ...
[scanA_stageB_main_seed42_20260215_014509][CP-EFT] [Baselines]   done reward=-0.5021 task_sr=0.2000 subtask_sr=0.5112 (12.8s)
[scanA_stageB_main_seed42_20260215_014509][CP-EFT] [Baselines] ep=29 (29/120) policy=CP-EFT (1/1) ...
[scanA_stageB_main_seed42_20260215_014509][CP-EFT] [Baselines]   done reward=-0.5078 task_sr=0.2500 subtask_sr=0.5507 (12.4s)
[scanA_stageB_main_seed42_20260215_014509][CP-EFT] [Baselines] ep=30 (30/120) policy=CP-EFT (1/1) ...
[scanA_stageB_main_seed42_20260215_014509][CP-EFT] [Baselines]   done reward=-1.0159 task_sr=0.1000 subtask_sr=0.4895 (13.8s)
[scanA_stageB_main_seed42_20260215_014509][CP-EFT] [Baselines] ep=31 (31/120) policy=CP-EFT (1/1) ...
[scanA_stageB_main_seed42_20260215_014509][CP-EFT] [Baselines]   done reward=-1.0245 task_sr=0.3500 subtask_sr=0.7434 (12.5s)
[scanA_stageB_main_seed42_20260215_014509][CP-EFT] [Baselines] ep=32 (32/120) policy=CP-EFT (1/1) ...
[scanA_stageB_main_seed42_20260215_014509][CP-EFT] [Baselines]   done reward=-0.7804 task_sr=0.4500 subtask_sr=0.7716 (11.7s)
[scanA_stageB_main_seed42_20260215_014509][CP-EFT] [Baselines] ep=33 (33/120) policy=CP-EFT (1/1) ...
[scanA_stageB_main_seed42_20260215_014509][CP-EFT] [Baselines]   done reward=-0.7599 task_sr=0.0500 subtask_sr=0.3498 (14.7s)
[scanA_stageB_main_seed42_20260215_014509][CP-EFT] [Baselines] ep=34 (34/120) policy=CP-EFT (1/1) ...
[scanA_stageB_main_seed42_20260215_014509][CP-EFT] [Baselines]   done reward=-1.5332 task_sr=0.1000 subtask_sr=0.5583 (13.7s)
[scanA_stageB_main_seed42_20260215_014509][CP-EFT] [Baselines] ep=35 (35/120) policy=CP-EFT (1/1) ...
[scanA_stageB_main_seed42_20260215_014509][CP-EFT] [Baselines]   done reward=-0.3936 task_sr=0.2500 subtask_sr=0.6485 (12.4s)
[scanA_stageB_main_seed42_20260215_014509][CP-EFT] [Baselines] ep=36 (36/120) policy=CP-EFT (1/1) ...
[scanA_stageB_main_seed42_20260215_014509][CP-EFT] [Baselines]   done reward=-1.9394 task_sr=0.1500 subtask_sr=0.5214 (15.2s)
[scanA_stageB_main_seed42_20260215_014509][CP-EFT] [Baselines] ep=37 (37/120) policy=CP-EFT (1/1) ...
[scanA_stageB_main_seed42_20260215_014509][CP-EFT] [Baselines]   done reward=-0.7653 task_sr=0.1500 subtask_sr=0.6979 (13.3s)
[scanA_stageB_main_seed42_20260215_014509][CP-EFT] [Baselines] ep=38 (38/120) policy=CP-EFT (1/1) ...
[scanA_stageB_main_seed42_20260215_014509][CP-EFT] [Baselines]   done reward=-1.2119 task_sr=0.2500 subtask_sr=0.7746 (12.8s)
[scanA_stageB_main_seed42_20260215_014509][CP-EFT] [Baselines] ep=39 (39/120) policy=CP-EFT (1/1) ...
[scanA_stageB_main_seed42_20260215_014509][CP-EFT] [Baselines]   done reward=-2.2471 task_sr=0.3000 subtask_sr=0.5582 (13.4s)
[scanA_stageB_main_seed42_20260215_014509][CP-EFT] [Baselines] ep=40 (40/120) policy=CP-EFT (1/1) ...
[scanA_stageB_main_seed42_20260215_014509][CP-EFT] [Baselines]   done reward=-0.6028 task_sr=0.2500 subtask_sr=0.6580 (13.2s)
[scanA_stageB_main_seed42_20260215_014509][CP-EFT] [Baselines] ep=41 (41/120) policy=CP-EFT (1/1) ...
[scanA_stageB_main_seed42_20260215_014509][CP-EFT] [Baselines]   done reward=-2.1963 task_sr=0.1000 subtask_sr=0.4614 (14.8s)
[scanA_stageB_main_seed42_20260215_014509][CP-EFT] [Baselines] ep=42 (42/120) policy=CP-EFT (1/1) ...
[scanA_stageB_main_seed42_20260215_014509][CP-EFT] [Baselines]   done reward=-1.3098 task_sr=0.1500 subtask_sr=0.5117 (13.0s)
[scanA_stageB_main_seed42_20260215_014509][CP-EFT] [Baselines] ep=43 (43/120) policy=CP-EFT (1/1) ...
[scanA_stageB_main_seed42_20260215_014509][CP-EFT] [Baselines]   done reward=-0.2657 task_sr=0.3500 subtask_sr=0.6159 (12.5s)
[scanA_stageB_main_seed42_20260215_014509][CP-EFT] [Baselines] ep=44 (44/120) policy=CP-EFT (1/1) ...
[scanA_stageB_main_seed42_20260215_014509][CP-EFT] [Baselines]   done reward=-0.8957 task_sr=0.1000 subtask_sr=0.5000 (13.1s)
[scanA_stageB_main_seed42_20260215_014509][CP-EFT] [Baselines] ep=45 (45/120) policy=CP-EFT (1/1) ...
[scanA_stageB_main_seed42_20260215_014509][CP-EFT] [Baselines]   done reward=-0.7635 task_sr=0.1500 subtask_sr=0.5937 (12.7s)
[scanA_stageB_main_seed42_20260215_014509][CP-EFT] [Baselines] ep=46 (46/120) policy=CP-EFT (1/1) ...
[scanA_stageB_main_seed42_20260215_014509][CP-EFT] [Baselines]   done reward=-1.1354 task_sr=0.2000 subtask_sr=0.4953 (13.3s)
[scanA_stageB_main_seed42_20260215_014509][CP-EFT] [Baselines] ep=47 (47/120) policy=CP-EFT (1/1) ...
[scanA_stageB_main_seed42_20260215_014509][CP-EFT] [Baselines]   done reward=-1.2047 task_sr=0.2000 subtask_sr=0.5311 (13.9s)
[scanA_stageB_main_seed42_20260215_014509][CP-EFT] [Baselines] ep=48 (48/120) policy=CP-EFT (1/1) ...
[scanA_stageB_main_seed42_20260215_014509][CP-EFT] [Baselines]   done reward=-0.7860 task_sr=0.3000 subtask_sr=0.8171 (10.5s)
[scanA_stageB_main_seed42_20260215_014509][CP-EFT] [Baselines] ep=49 (49/120) policy=CP-EFT (1/1) ...
[scanA_stageB_main_seed42_20260215_014509][CP-EFT] [Baselines]   done reward=-0.9563 task_sr=0.0500 subtask_sr=0.3747 (14.1s)
[scanA_stageB_main_seed42_20260215_014509][CP-EFT] [Baselines] ep=50 (50/120) policy=CP-EFT (1/1) ...
[scanA_stageB_main_seed42_20260215_014509][CP-EFT] [Baselines]   done reward=-0.4890 task_sr=0.3500 subtask_sr=0.7494 (12.6s)
[scanA_stageB_main_seed42_20260215_014509][CP-EFT] [Baselines] ep=51 (51/120) policy=CP-EFT (1/1) ...
[scanA_stageB_main_seed42_20260215_014509][CP-EFT] [Baselines]   done reward=-0.3445 task_sr=0.1000 subtask_sr=0.4800 (13.5s)
[scanA_stageB_main_seed42_20260215_014509][CP-EFT] [Baselines] ep=52 (52/120) policy=CP-EFT (1/1) ...
[scanA_stageB_main_seed42_20260215_014509][CP-EFT] [Baselines]   done reward=-2.3942 task_sr=0.1500 subtask_sr=0.5865 (13.4s)
[scanA_stageB_main_seed42_20260215_014509][CP-EFT] [Baselines] ep=53 (53/120) policy=CP-EFT (1/1) ...
[scanA_stageB_main_seed42_20260215_014509][CP-EFT] [Baselines]   done reward=-1.2947 task_sr=0.2000 subtask_sr=0.4419 (14.1s)
[scanA_stageB_main_seed42_20260215_014509][CP-EFT] [Baselines] ep=54 (54/120) policy=CP-EFT (1/1) ...
[scanA_stageB_main_seed42_20260215_014509][CP-EFT] [Baselines]   done reward=-1.5690 task_sr=0.0000 subtask_sr=0.3878 (13.7s)
[scanA_stageB_main_seed42_20260215_014509][CP-EFT] [Baselines] ep=55 (55/120) policy=CP-EFT (1/1) ...
[scanA_stageB_main_seed42_20260215_014509][CP-EFT] [Baselines]   done reward=-1.3790 task_sr=0.1000 subtask_sr=0.5487 (13.2s)
[scanA_stageB_main_seed42_20260215_014509][CP-EFT] [Baselines] ep=56 (56/120) policy=CP-EFT (1/1) ...
[scanA_stageB_main_seed42_20260215_014509][CP-EFT] [Baselines]   done reward=-0.8719 task_sr=0.3500 subtask_sr=0.6526 (13.0s)
[scanA_stageB_main_seed42_20260215_014509][CP-EFT] [Baselines] ep=57 (57/120) policy=CP-EFT (1/1) ...
[scanA_stageB_main_seed42_20260215_014509][CP-EFT] [Baselines]   done reward=-1.1853 task_sr=0.2500 subtask_sr=0.6425 (13.0s)
[scanA_stageB_main_seed42_20260215_014509][CP-EFT] [Baselines] ep=58 (58/120) policy=CP-EFT (1/1) ...
[scanA_stageB_main_seed42_20260215_014509][CP-EFT] [Baselines]   done reward=-1.0851 task_sr=0.3000 subtask_sr=0.6569 (12.1s)
[scanA_stageB_main_seed42_20260215_014509][CP-EFT] [Baselines] ep=59 (59/120) policy=CP-EFT (1/1) ...
[scanA_stageB_main_seed42_20260215_014509][CP-EFT] [Baselines]   done reward=-0.2871 task_sr=0.0500 subtask_sr=0.3795 (14.6s)
[scanA_stageB_main_seed42_20260215_014509][CP-EFT] [Baselines] ep=60 (60/120) policy=CP-EFT (1/1) ...
[scanA_stageB_main_seed42_20260215_014509][CP-EFT] [Baselines]   done reward=-0.6186 task_sr=0.3000 subtask_sr=0.6757 (10.2s)
[scanA_stageB_main_seed42_20260215_014509][CP-EFT] [Baselines] ep=61 (61/120) policy=CP-EFT (1/1) ...
[scanA_stageB_main_seed42_20260215_014509][CP-EFT] [Baselines]   done reward=-0.6976 task_sr=0.1500 subtask_sr=0.5593 (13.0s)
[scanA_stageB_main_seed42_20260215_014509][CP-EFT] [Baselines] ep=62 (62/120) policy=CP-EFT (1/1) ...
[scanA_stageB_main_seed42_20260215_014509][CP-EFT] [Baselines]   done reward=-0.5872 task_sr=0.4000 subtask_sr=0.6587 (12.1s)
[scanA_stageB_main_seed42_20260215_014509][CP-EFT] [Baselines] ep=63 (63/120) policy=CP-EFT (1/1) ...
[scanA_stageB_main_seed42_20260215_014509][CP-EFT] [Baselines]   done reward=-0.4507 task_sr=0.3000 subtask_sr=0.6103 (12.9s)
[scanA_stageB_main_seed42_20260215_014509][CP-EFT] [Baselines] ep=64 (64/120) policy=CP-EFT (1/1) ...
[scanA_stageB_main_seed42_20260215_014509][CP-EFT] [Baselines]   done reward=-0.4617 task_sr=0.3500 subtask_sr=0.7612 (12.0s)
[scanA_stageB_main_seed42_20260215_014509][CP-EFT] [Baselines] ep=65 (65/120) policy=CP-EFT (1/1) ...
[scanA_stageB_main_seed42_20260215_014509][CP-EFT] [Baselines]   done reward=-0.2753 task_sr=0.1500 subtask_sr=0.4589 (13.4s)
[scanA_stageB_main_seed42_20260215_014509][CP-EFT] [Baselines] ep=66 (66/120) policy=CP-EFT (1/1) ...
[scanA_stageB_main_seed42_20260215_014509][CP-EFT] [Baselines]   done reward=-0.3374 task_sr=0.3000 subtask_sr=0.6392 (12.5s)
[scanA_stageB_main_seed42_20260215_014509][CP-EFT] [Baselines] ep=67 (67/120) policy=CP-EFT (1/1) ...
[scanA_stageB_main_seed42_20260215_014509][CP-EFT] [Baselines]   done reward=-2.1117 task_sr=0.2500 subtask_sr=0.5828 (13.1s)
[scanA_stageB_main_seed42_20260215_014509][CP-EFT] [Baselines] ep=68 (68/120) policy=CP-EFT (1/1) ...
[scanA_stageB_main_seed42_20260215_014509][CP-EFT] [Baselines]   done reward=-1.0857 task_sr=0.3500 subtask_sr=0.6572 (12.3s)
[scanA_stageB_main_seed42_20260215_014509][CP-EFT] [Baselines] ep=69 (69/120) policy=CP-EFT (1/1) ...
[scanA_stageB_main_seed42_20260215_014509][CP-EFT] [Baselines]   done reward=-0.4721 task_sr=0.3000 subtask_sr=0.7240 (11.8s)
[scanA_stageB_main_seed42_20260215_014509][CP-EFT] [Baselines] ep=70 (70/120) policy=CP-EFT (1/1) ...
[scanA_stageB_main_seed42_20260215_014509][CP-EFT] [Baselines]   done reward=-0.9835 task_sr=0.2500 subtask_sr=0.5500 (12.1s)
[scanA_stageB_main_seed42_20260215_014509][CP-EFT] [Baselines] ep=71 (71/120) policy=CP-EFT (1/1) ...
[scanA_stageB_main_seed42_20260215_014509][CP-EFT] [Baselines]   done reward=-1.0936 task_sr=0.2000 subtask_sr=0.5714 (12.9s)
[scanA_stageB_main_seed42_20260215_014509][CP-EFT] [Baselines] ep=72 (72/120) policy=CP-EFT (1/1) ...
[scanA_stageB_main_seed42_20260215_014509][CP-EFT] [Baselines]   done reward=-0.9977 task_sr=0.1500 subtask_sr=0.4610 (12.9s)
[scanA_stageB_main_seed42_20260215_014509][CP-EFT] [Baselines] ep=73 (73/120) policy=CP-EFT (1/1) ...
[scanA_stageB_main_seed42_20260215_014509][CP-EFT] [Baselines]   done reward=-1.2628 task_sr=0.1500 subtask_sr=0.4502 (12.1s)
[scanA_stageB_main_seed42_20260215_014509][CP-EFT] [Baselines] ep=74 (74/120) policy=CP-EFT (1/1) ...
[scanA_stageB_main_seed42_20260215_014509][CP-EFT] [Baselines]   done reward=-1.6739 task_sr=0.3000 subtask_sr=0.5450 (11.2s)
[scanA_stageB_main_seed42_20260215_014509][CP-EFT] [Baselines] ep=75 (75/120) policy=CP-EFT (1/1) ...
[scanA_stageB_main_seed42_20260215_014509][CP-EFT] [Baselines]   done reward=-1.1727 task_sr=0.2500 subtask_sr=0.6226 (10.2s)
[scanA_stageB_main_seed42_20260215_014509][CP-EFT] [Baselines] ep=76 (76/120) policy=CP-EFT (1/1) ...
[scanA_stageB_main_seed42_20260215_014509][CP-EFT] [Baselines]   done reward=-0.8014 task_sr=0.1500 subtask_sr=0.4639 (9.6s)
[scanA_stageB_main_seed42_20260215_014509][CP-EFT] [Baselines] ep=77 (77/120) policy=CP-EFT (1/1) ...
[scanA_stageB_main_seed42_20260215_014509][CP-EFT] [Baselines]   done reward=-0.7579 task_sr=0.4000 subtask_sr=0.6326 (9.1s)
[scanA_stageB_main_seed42_20260215_014509][CP-EFT] [Baselines] ep=78 (78/120) policy=CP-EFT (1/1) ...
[scanA_stageB_main_seed42_20260215_014509][CP-EFT] [Baselines]   done reward=-1.1728 task_sr=0.2500 subtask_sr=0.6425 (8.2s)
[scanA_stageB_main_seed42_20260215_014509][CP-EFT] [Baselines] ep=79 (79/120) policy=CP-EFT (1/1) ...
[scanA_stageB_main_seed42_20260215_014509][CP-EFT] [Baselines]   done reward=-0.9012 task_sr=0.1500 subtask_sr=0.5119 (10.3s)
[scanA_stageB_main_seed42_20260215_014509][CP-EFT] [Baselines] ep=80 (80/120) policy=CP-EFT (1/1) ...
[scanA_stageB_main_seed42_20260215_014509][CP-EFT] [Baselines]   done reward=-0.6320 task_sr=0.4000 subtask_sr=0.8285 (8.4s)
[scanA_stageB_main_seed42_20260215_014509][CP-EFT] [Baselines] ep=81 (81/120) policy=CP-EFT (1/1) ...
[scanA_stageB_main_seed42_20260215_014509][CP-EFT] [Baselines]   done reward=-0.7140 task_sr=0.3500 subtask_sr=0.6048 (9.0s)
[scanA_stageB_main_seed42_20260215_014509][CP-EFT] [Baselines] ep=82 (82/120) policy=CP-EFT (1/1) ...
[scanA_stageB_main_seed42_20260215_014509][CP-EFT] [Baselines]   done reward=-1.4072 task_sr=0.1000 subtask_sr=0.6121 (10.3s)
[scanA_stageB_main_seed42_20260215_014509][CP-EFT] [Baselines] ep=83 (83/120) policy=CP-EFT (1/1) ...
[scanA_stageB_main_seed42_20260215_014509][CP-EFT] [Baselines]   done reward=-0.5255 task_sr=0.3000 subtask_sr=0.6498 (9.1s)
[scanA_stageB_main_seed42_20260215_014509][CP-EFT] [Baselines] ep=84 (84/120) policy=CP-EFT (1/1) ...
[scanA_stageB_main_seed42_20260215_014509][CP-EFT] [Baselines]   done reward=-0.6807 task_sr=0.2000 subtask_sr=0.5493 (10.2s)
[scanA_stageB_main_seed42_20260215_014509][CP-EFT] [Baselines] ep=85 (85/120) policy=CP-EFT (1/1) ...
[scanA_stageB_main_seed42_20260215_014509][CP-EFT] [Baselines]   done reward=-1.2209 task_sr=0.2000 subtask_sr=0.5803 (9.6s)
[scanA_stageB_main_seed42_20260215_014509][CP-EFT] [Baselines] ep=86 (86/120) policy=CP-EFT (1/1) ...
[scanA_stageB_main_seed42_20260215_014509][CP-EFT] [Baselines]   done reward=-1.6217 task_sr=0.2000 subtask_sr=0.5148 (9.0s)
[scanA_stageB_main_seed42_20260215_014509][CP-EFT] [Baselines] ep=87 (87/120) policy=CP-EFT (1/1) ...
[scanA_stageB_main_seed42_20260215_014509][CP-EFT] [Baselines]   done reward=-1.2324 task_sr=0.2500 subtask_sr=0.5164 (9.6s)
[scanA_stageB_main_seed42_20260215_014509][CP-EFT] [Baselines] ep=88 (88/120) policy=CP-EFT (1/1) ...
[scanA_stageB_main_seed42_20260215_014509][CP-EFT] [Baselines]   done reward=-0.9284 task_sr=0.3500 subtask_sr=0.7709 (8.8s)
[scanA_stageB_main_seed42_20260215_014509][CP-EFT] [Baselines] ep=89 (89/120) policy=CP-EFT (1/1) ...
[scanA_stageB_main_seed42_20260215_014509][CP-EFT] [Baselines]   done reward=-1.4657 task_sr=0.0500 subtask_sr=0.4941 (10.1s)
[scanA_stageB_main_seed42_20260215_014509][CP-EFT] [Baselines] ep=90 (90/120) policy=CP-EFT (1/1) ...
[scanA_stageB_main_seed42_20260215_014509][CP-EFT] [Baselines]   done reward=-0.8649 task_sr=0.1500 subtask_sr=0.4977 (10.0s)
[scanA_stageB_main_seed42_20260215_014509][CP-EFT] [Baselines] ep=91 (91/120) policy=CP-EFT (1/1) ...
[scanA_stageB_main_seed42_20260215_014509][CP-EFT] [Baselines]   done reward=-1.6422 task_sr=0.3500 subtask_sr=0.6722 (9.0s)
[scanA_stageB_main_seed42_20260215_014509][CP-EFT] [Baselines] ep=92 (92/120) policy=CP-EFT (1/1) ...
[scanA_stageB_main_seed42_20260215_014509][CP-EFT] [Baselines]   done reward=-1.0770 task_sr=0.0000 subtask_sr=0.4498 (10.8s)
[scanA_stageB_main_seed42_20260215_014509][CP-EFT] [Baselines] ep=93 (93/120) policy=CP-EFT (1/1) ...
[scanA_stageB_main_seed42_20260215_014509][CP-EFT] [Baselines]   done reward=-1.4710 task_sr=0.1500 subtask_sr=0.5542 (9.4s)
[scanA_stageB_main_seed42_20260215_014509][CP-EFT] [Baselines] ep=94 (94/120) policy=CP-EFT (1/1) ...
[scanA_stageB_main_seed42_20260215_014509][CP-EFT] [Baselines]   done reward=-0.5801 task_sr=0.3000 subtask_sr=0.6028 (9.6s)
[scanA_stageB_main_seed42_20260215_014509][CP-EFT] [Baselines] ep=95 (95/120) policy=CP-EFT (1/1) ...
[scanA_stageB_main_seed42_20260215_014509][CP-EFT] [Baselines]   done reward=-0.8382 task_sr=0.1500 subtask_sr=0.5465 (9.3s)
[scanA_stageB_main_seed42_20260215_014509][CP-EFT] [Baselines] ep=96 (96/120) policy=CP-EFT (1/1) ...
[scanA_stageB_main_seed42_20260215_014509][CP-EFT] [Baselines]   done reward=-0.9583 task_sr=0.3500 subtask_sr=0.6921 (9.4s)
[scanA_stageB_main_seed42_20260215_014509][CP-EFT] [Baselines] ep=97 (97/120) policy=CP-EFT (1/1) ...
[scanA_stageB_main_seed42_20260215_014509][CP-EFT] [Baselines]   done reward=-1.2881 task_sr=0.1000 subtask_sr=0.5461 (9.8s)
[scanA_stageB_main_seed42_20260215_014509][CP-EFT] [Baselines] ep=98 (98/120) policy=CP-EFT (1/1) ...
[scanA_stageB_main_seed42_20260215_014509][CP-EFT] [Baselines]   done reward=-1.9284 task_sr=0.1500 subtask_sr=0.5314 (9.7s)
[scanA_stageB_main_seed42_20260215_014509][CP-EFT] [Baselines] ep=99 (99/120) policy=CP-EFT (1/1) ...
[scanA_stageB_main_seed42_20260215_014509][CP-EFT] [Baselines]   done reward=-0.5782 task_sr=0.1000 subtask_sr=0.5569 (9.6s)
[scanA_stageB_main_seed42_20260215_014509][CP-EFT] [Baselines] ep=100 (100/120) policy=CP-EFT (1/1) ...
[scanA_stageB_main_seed42_20260215_014509][CP-EFT] [Baselines]   done reward=-1.5816 task_sr=0.2000 subtask_sr=0.5521 (9.8s)
[scanA_stageB_main_seed42_20260215_014509][CP-EFT] [Baselines] ep=101 (101/120) policy=CP-EFT (1/1) ...
[scanA_stageB_main_seed42_20260215_014509][CP-EFT] [Baselines]   done reward=-1.3481 task_sr=0.1500 subtask_sr=0.5129 (9.8s)
[scanA_stageB_main_seed42_20260215_014509][CP-EFT] [Baselines] ep=102 (102/120) policy=CP-EFT (1/1) ...
[scanA_stageB_main_seed42_20260215_014509][CP-EFT] [Baselines]   done reward=-0.9537 task_sr=0.3000 subtask_sr=0.5274 (10.7s)
[scanA_stageB_main_seed42_20260215_014509][CP-EFT] [Baselines] ep=103 (103/120) policy=CP-EFT (1/1) ...
[scanA_stageB_main_seed42_20260215_014509][CP-EFT] [Baselines]   done reward=-1.3575 task_sr=0.1500 subtask_sr=0.4761 (10.0s)
[scanA_stageB_main_seed42_20260215_014509][CP-EFT] [Baselines] ep=104 (104/120) policy=CP-EFT (1/1) ...
[scanA_stageB_main_seed42_20260215_014509][CP-EFT] [Baselines]   done reward=-1.1340 task_sr=0.2000 subtask_sr=0.4822 (9.9s)
[scanA_stageB_main_seed42_20260215_014509][CP-EFT] [Baselines] ep=105 (105/120) policy=CP-EFT (1/1) ...
[scanA_stageB_main_seed42_20260215_014509][CP-EFT] [Baselines]   done reward=-1.6145 task_sr=0.4000 subtask_sr=0.6479 (9.1s)
[scanA_stageB_main_seed42_20260215_014509][CP-EFT] [Baselines] ep=106 (106/120) policy=CP-EFT (1/1) ...
[scanA_stageB_main_seed42_20260215_014509][CP-EFT] [Baselines]   done reward=-0.4545 task_sr=0.2000 subtask_sr=0.7368 (8.7s)
[scanA_stageB_main_seed42_20260215_014509][CP-EFT] [Baselines] ep=107 (107/120) policy=CP-EFT (1/1) ...
[scanA_stageB_main_seed42_20260215_014509][CP-EFT] [Baselines]   done reward=-0.6358 task_sr=0.2500 subtask_sr=0.6300 (7.2s)
[scanA_stageB_main_seed42_20260215_014509][CP-EFT] [Baselines] ep=108 (108/120) policy=CP-EFT (1/1) ...
[scanA_stageB_main_seed42_20260215_014509][CP-EFT] [Baselines]   done reward=-1.3935 task_sr=0.1000 subtask_sr=0.5284 (8.8s)
[scanA_stageB_main_seed42_20260215_014509][CP-EFT] [Baselines] ep=109 (109/120) policy=CP-EFT (1/1) ...
[scanA_stageB_main_seed42_20260215_014509][CP-EFT] [Baselines]   done reward=-0.3444 task_sr=0.4500 subtask_sr=0.7427 (8.6s)
[scanA_stageB_main_seed42_20260215_014509][CP-EFT] [Baselines] ep=110 (110/120) policy=CP-EFT (1/1) ...
[scanA_stageB_main_seed42_20260215_014509][CP-EFT] [Baselines]   done reward=-0.5192 task_sr=0.3000 subtask_sr=0.6579 (9.3s)
[scanA_stageB_main_seed42_20260215_014509][CP-EFT] [Baselines] ep=111 (111/120) policy=CP-EFT (1/1) ...
[scanA_stageB_main_seed42_20260215_014509][CP-EFT] [Baselines]   done reward=-0.4424 task_sr=0.1500 subtask_sr=0.4241 (10.2s)
[scanA_stageB_main_seed42_20260215_014509][CP-EFT] [Baselines] ep=112 (112/120) policy=CP-EFT (1/1) ...
[scanA_stageB_main_seed42_20260215_014509][CP-EFT] [Baselines]   done reward=-0.3358 task_sr=0.1500 subtask_sr=0.6675 (9.3s)
[scanA_stageB_main_seed42_20260215_014509][CP-EFT] [Baselines] ep=113 (113/120) policy=CP-EFT (1/1) ...
[scanA_stageB_main_seed42_20260215_014509][CP-EFT] [Baselines]   done reward=-1.1128 task_sr=0.2000 subtask_sr=0.7366 (8.3s)
[scanA_stageB_main_seed42_20260215_014509][CP-EFT] [Baselines] ep=114 (114/120) policy=CP-EFT (1/1) ...
[scanA_stageB_main_seed42_20260215_014509][CP-EFT] [Baselines]   done reward=-1.1331 task_sr=0.2500 subtask_sr=0.6374 (9.8s)
[scanA_stageB_main_seed42_20260215_014509][CP-EFT] [Baselines] ep=115 (115/120) policy=CP-EFT (1/1) ...
[scanA_stageB_main_seed42_20260215_014509][CP-EFT] [Baselines]   done reward=-1.1700 task_sr=0.3000 subtask_sr=0.7247 (8.8s)
[scanA_stageB_main_seed42_20260215_014509][CP-EFT] [Baselines] ep=116 (116/120) policy=CP-EFT (1/1) ...
[scanA_stageB_main_seed42_20260215_014509][CP-EFT] [Baselines]   done reward=-0.5662 task_sr=0.0500 subtask_sr=0.3971 (10.1s)
[scanA_stageB_main_seed42_20260215_014509][CP-EFT] [Baselines] ep=117 (117/120) policy=CP-EFT (1/1) ...
[scanA_stageB_main_seed42_20260215_014509][CP-EFT] [Baselines]   done reward=-1.1038 task_sr=0.2500 subtask_sr=0.6513 (7.0s)
[scanA_stageB_main_seed42_20260215_014509][CP-EFT] [Baselines] ep=118 (118/120) policy=CP-EFT (1/1) ...
[scanA_stageB_main_seed42_20260215_014509][CP-EFT] [Baselines]   done reward=-1.6012 task_sr=0.1000 subtask_sr=0.5395 (10.0s)
[scanA_stageB_main_seed42_20260215_014509][CP-EFT] [Baselines] ep=119 (119/120) policy=CP-EFT (1/1) ...
[scanA_stageB_main_seed42_20260215_014509][CP-EFT] [Baselines]   done reward=-0.3472 task_sr=0.1500 subtask_sr=0.5048 (9.0s)
[scanA_stageB_main_seed42_20260215_014509][CP-EFT] [Baselines] ep=120 (120/120) policy=CP-EFT (1/1) ...
[scanA_stageB_main_seed42_20260215_014509][CP-EFT] [Baselines]   done reward=-0.9477 task_sr=0.2000 subtask_sr=0.6420 (8.2s)
[scanA_stageB_main_seed42_20260215_014509][CP-EFT] ✓ Baseline stats saved: /Users/qiutao/研/毕设/毕设/vecOffloadingSim/runs/scanA_stageB_main_seed42_20260215_014509/logs/baseline_parts/CP-EFT.csv
[scanA_stageB_main_seed42_20260215_014509][CP-EFT] 结果摘要 (均值):
[scanA_stageB_main_seed42_20260215_014509][CP-EFT]   CP-EFT     reward=-1.0022 task_sr=0.2158 subtask_sr=0.5832
