[scanA_stageB_main_seed42_20260215_014509][LB-Greedy] [Baselines] run_dir=/Users/qiutao/研/毕设/毕设/vecOffloadingSim/runs/scanA_stageB_main_seed42_20260215_014509
[scanA_stageB_main_seed42_20260215_014509][LB-Greedy] [Baselines] num_episodes=120 seed=42 max_steps=200
[scanA_stageB_main_seed42_20260215_014509][LB-Greedy] [Baselines] policies=['LB-Greedy']
[scanA_stageB_main_seed42_20260215_014509][LB-Greedy] [Baselines] ep=1 (1/120) policy=LB-Greedy (1/1) ...
[scanA_stageB_main_seed42_20260215_014509][LB-Greedy] [Baselines]   done reward=-0.4297 task_sr=0.2500 subtask_sr=0.5793 (13.2s)
[scanA_stageB_main_seed42_20260215_014509][LB-Greedy] [Baselines] ep=2 (2/120) policy=LB-Greedy (1/1) ...
[scanA_stageB_main_seed42_20260215_014509][LB-Greedy] [Baselines]   done reward=-1.6973 task_sr=0.2000 subtask_sr=0.6042 (12.5s)
[scanA_stageB_main_seed42_20260215_014509][LB-Greedy] [Baselines] ep=3 (3/120) policy=LB-Greedy (1/1) ...
[scanA_stageB_main_seed42_20260215_014509][LB-Greedy] [Baselines]   done reward=-0.6787 task_sr=0.2500 subtask_sr=0.5036 (12.0s)
[scanA_stageB_main_seed42_20260215_014509][LB-Greedy] [Baselines] ep=4 (4/120) policy=LB-Greedy (1/1) ...
[scanA_stageB_main_seed42_20260215_014509][LB-Greedy] [Baselines]   done reward=-1.5540 task_sr=0.2000 subtask_sr=0.4190 (13.1s)
[scanA_stageB_main_seed42_20260215_014509][LB-Greedy] [Baselines] ep=5 (5/120) policy=LB-Greedy (1/1) ...
[scanA_stageB_main_seed42_20260215_014509][LB-Greedy] [Baselines]   done reward=-0.3521 task_sr=0.1000 subtask_sr=0.4431 (12.6s)
[scanA_stageB_main_seed42_20260215_014509][LB-Greedy] [Baselines] ep=6 (6/120) policy=LB-Greedy (1/1) ...
[scanA_stageB_main_seed42_20260215_014509][LB-Greedy] [Baselines]   done reward=-1.2629 task_sr=0.2000 subtask_sr=0.6096 (12.3s)
[scanA_stageB_main_seed42_20260215_014509][LB-Greedy] [Baselines] ep=7 (7/120) policy=LB-Greedy (1/1) ...
[scanA_stageB_main_seed42_20260215_014509][LB-Greedy] [Baselines]   done reward=-0.6542 task_sr=0.0000 subtask_sr=0.3596 (13.3s)
[scanA_stageB_main_seed42_20260215_014509][LB-Greedy] [Baselines] ep=8 (8/120) policy=LB-Greedy (1/1) ...
[scanA_stageB_main_seed42_20260215_014509][LB-Greedy] [Baselines]   done reward=-0.6407 task_sr=0.4500 subtask_sr=0.6973 (10.8s)
[scanA_stageB_main_seed42_20260215_014509][LB-Greedy] [Baselines] ep=9 (9/120) policy=LB-Greedy (1/1) ...
[scanA_stageB_main_seed42_20260215_014509][LB-Greedy] [Baselines]   done reward=-0.7258 task_sr=0.3000 subtask_sr=0.5855 (13.0s)
[scanA_stageB_main_seed42_20260215_014509][LB-Greedy] [Baselines] ep=10 (10/120) policy=LB-Greedy (1/1) ...
[scanA_stageB_main_seed42_20260215_014509][LB-Greedy] [Baselines]   done reward=-0.6331 task_sr=0.3500 subtask_sr=0.7102 (11.8s)
[scanA_stageB_main_seed42_20260215_014509][LB-Greedy] [Baselines] ep=11 (11/120) policy=LB-Greedy (1/1) ...
[scanA_stageB_main_seed42_20260215_014509][LB-Greedy] [Baselines]   done reward=-0.2026 task_sr=0.1500 subtask_sr=0.3617 (13.9s)
[scanA_stageB_main_seed42_20260215_014509][LB-Greedy] [Baselines] ep=12 (12/120) policy=LB-Greedy (1/1) ...
[scanA_stageB_main_seed42_20260215_014509][LB-Greedy] [Baselines]   done reward=-0.5204 task_sr=0.2500 subtask_sr=0.5037 (13.8s)
[scanA_stageB_main_seed42_20260215_014509][LB-Greedy] [Baselines] ep=13 (13/120) policy=LB-Greedy (1/1) ...
[scanA_stageB_main_seed42_20260215_014509][LB-Greedy] [Baselines]   done reward=-1.2793 task_sr=0.0500 subtask_sr=0.5467 (9.9s)
[scanA_stageB_main_seed42_20260215_014509][LB-Greedy] [Baselines] ep=14 (14/120) policy=LB-Greedy (1/1) ...
[scanA_stageB_main_seed42_20260215_014509][LB-Greedy] [Baselines]   done reward=-0.6953 task_sr=0.1000 subtask_sr=0.3920 (13.3s)
[scanA_stageB_main_seed42_20260215_014509][LB-Greedy] [Baselines] ep=15 (15/120) policy=LB-Greedy (1/1) ...
[scanA_stageB_main_seed42_20260215_014509][LB-Greedy] [Baselines]   done reward=-1.0711 task_sr=0.1000 subtask_sr=0.3262 (13.6s)
[scanA_stageB_main_seed42_20260215_014509][LB-Greedy] [Baselines] ep=16 (16/120) policy=LB-Greedy (1/1) ...
[scanA_stageB_main_seed42_20260215_014509][LB-Greedy] [Baselines]   done reward=-0.3235 task_sr=0.1000 subtask_sr=0.4361 (13.5s)
[scanA_stageB_main_seed42_20260215_014509][LB-Greedy] [Baselines] ep=17 (17/120) policy=LB-Greedy (1/1) ...
[scanA_stageB_main_seed42_20260215_014509][LB-Greedy] [Baselines]   done reward=-0.8400 task_sr=0.1500 subtask_sr=0.4115 (13.4s)
[scanA_stageB_main_seed42_20260215_014509][LB-Greedy] [Baselines] ep=18 (18/120) policy=LB-Greedy (1/1) ...
[scanA_stageB_main_seed42_20260215_014509][LB-Greedy] [Baselines]   done reward=-2.3825 task_sr=0.1500 subtask_sr=0.4185 (14.0s)
[scanA_stageB_main_seed42_20260215_014509][LB-Greedy] [Baselines] ep=19 (19/120) policy=LB-Greedy (1/1) ...
[scanA_stageB_main_seed42_20260215_014509][LB-Greedy] [Baselines]   done reward=-1.4191 task_sr=0.0500 subtask_sr=0.5025 (13.6s)
[scanA_stageB_main_seed42_20260215_014509][LB-Greedy] [Baselines] ep=20 (20/120) policy=LB-Greedy (1/1) ...
[scanA_stageB_main_seed42_20260215_014509][LB-Greedy] [Baselines]   done reward=-1.4451 task_sr=0.0500 subtask_sr=0.4436 (13.3s)
[scanA_stageB_main_seed42_20260215_014509][LB-Greedy] [Baselines] ep=21 (21/120) policy=LB-Greedy (1/1) ...
[scanA_stageB_main_seed42_20260215_014509][LB-Greedy] [Baselines]   done reward=-0.4465 task_sr=0.4000 subtask_sr=0.6923 (12.4s)
[scanA_stageB_main_seed42_20260215_014509][LB-Greedy] [Baselines] ep=22 (22/120) policy=LB-Greedy (1/1) ...
[scanA_stageB_main_seed42_20260215_014509][LB-Greedy] [Baselines]   done reward=-1.3132 task_sr=0.1500 subtask_sr=0.4293 (13.7s)
[scanA_stageB_main_seed42_20260215_014509][LB-Greedy] [Baselines] ep=23 (23/120) policy=LB-Greedy (1/1) ...
[scanA_stageB_main_seed42_20260215_014509][LB-Greedy] [Baselines]   done reward=-2.1909 task_sr=0.1000 subtask_sr=0.3729 (14.0s)
[scanA_stageB_main_seed42_20260215_014509][LB-Greedy] [Baselines] ep=24 (24/120) policy=LB-Greedy (1/1) ...
[scanA_stageB_main_seed42_20260215_014509][LB-Greedy] [Baselines]   done reward=-0.4665 task_sr=0.0000 subtask_sr=0.3956 (13.7s)
[scanA_stageB_main_seed42_20260215_014509][LB-Greedy] [Baselines] ep=25 (25/120) policy=LB-Greedy (1/1) ...
[scanA_stageB_main_seed42_20260215_014509][LB-Greedy] [Baselines]   done reward=-2.1554 task_sr=0.0500 subtask_sr=0.4366 (14.2s)
[scanA_stageB_main_seed42_20260215_014509][LB-Greedy] [Baselines] ep=26 (26/120) policy=LB-Greedy (1/1) ...
[scanA_stageB_main_seed42_20260215_014509][LB-Greedy] [Baselines]   done reward=-0.5728 task_sr=0.3000 subtask_sr=0.7750 (12.3s)
[scanA_stageB_main_seed42_20260215_014509][LB-Greedy] [Baselines] ep=27 (27/120) policy=LB-Greedy (1/1) ...
[scanA_stageB_main_seed42_20260215_014509][LB-Greedy] [Baselines]   done reward=-0.4503 task_sr=0.1000 subtask_sr=0.5000 (13.8s)
[scanA_stageB_main_seed42_20260215_014509][LB-Greedy] [Baselines] ep=28 (28/120) policy=LB-Greedy (1/1) ...
[scanA_stageB_main_seed42_20260215_014509][LB-Greedy] [Baselines]   done reward=-0.7986 task_sr=0.3000 subtask_sr=0.5835 (12.6s)
[scanA_stageB_main_seed42_20260215_014509][LB-Greedy] [Baselines] ep=29 (29/120) policy=LB-Greedy (1/1) ...
[scanA_stageB_main_seed42_20260215_014509][LB-Greedy] [Baselines]   done reward=-1.0551 task_sr=0.0500 subtask_sr=0.3382 (13.8s)
[scanA_stageB_main_seed42_20260215_014509][LB-Greedy] [Baselines] ep=30 (30/120) policy=LB-Greedy (1/1) ...
[scanA_stageB_main_seed42_20260215_014509][LB-Greedy] [Baselines]   done reward=-0.7699 task_sr=0.1000 subtask_sr=0.4098 (14.4s)
[scanA_stageB_main_seed42_20260215_014509][LB-Greedy] [Baselines] ep=31 (31/120) policy=LB-Greedy (1/1) ...
[scanA_stageB_main_seed42_20260215_014509][LB-Greedy] [Baselines]   done reward=-1.2214 task_sr=0.1500 subtask_sr=0.5036 (13.9s)
[scanA_stageB_main_seed42_20260215_014509][LB-Greedy] [Baselines] ep=32 (32/120) policy=LB-Greedy (1/1) ...
[scanA_stageB_main_seed42_20260215_014509][LB-Greedy] [Baselines]   done reward=-0.5824 task_sr=0.2500 subtask_sr=0.7067 (11.0s)
[scanA_stageB_main_seed42_20260215_014509][LB-Greedy] [Baselines] ep=33 (33/120) policy=LB-Greedy (1/1) ...
[scanA_stageB_main_seed42_20260215_014509][LB-Greedy] [Baselines]   done reward=-1.7027 task_sr=0.0500 subtask_sr=0.2770 (15.3s)
[scanA_stageB_main_seed42_20260215_014509][LB-Greedy] [Baselines] ep=34 (34/120) policy=LB-Greedy (1/1) ...
[scanA_stageB_main_seed42_20260215_014509][LB-Greedy] [Baselines]   done reward=-0.6792 task_sr=0.1500 subtask_sr=0.4102 (14.2s)
[scanA_stageB_main_seed42_20260215_014509][LB-Greedy] [Baselines] ep=35 (35/120) policy=LB-Greedy (1/1) ...
[scanA_stageB_main_seed42_20260215_014509][LB-Greedy] [Baselines]   done reward=-0.8315 task_sr=0.0500 subtask_sr=0.5701 (14.1s)
[scanA_stageB_main_seed42_20260215_014509][LB-Greedy] [Baselines] ep=36 (36/120) policy=LB-Greedy (1/1) ...
[scanA_stageB_main_seed42_20260215_014509][LB-Greedy] [Baselines]   done reward=-0.8150 task_sr=0.2500 subtask_sr=0.4286 (15.2s)
[scanA_stageB_main_seed42_20260215_014509][LB-Greedy] [Baselines] ep=37 (37/120) policy=LB-Greedy (1/1) ...
[scanA_stageB_main_seed42_20260215_014509][LB-Greedy] [Baselines]   done reward=-0.7439 task_sr=0.1000 subtask_sr=0.5597 (13.6s)
[scanA_stageB_main_seed42_20260215_014509][LB-Greedy] [Baselines] ep=38 (38/120) policy=LB-Greedy (1/1) ...
[scanA_stageB_main_seed42_20260215_014509][LB-Greedy] [Baselines]   done reward=-0.7282 task_sr=0.3000 subtask_sr=0.4772 (13.7s)
[scanA_stageB_main_seed42_20260215_014509][LB-Greedy] [Baselines] ep=39 (39/120) policy=LB-Greedy (1/1) ...
[scanA_stageB_main_seed42_20260215_014509][LB-Greedy] [Baselines]   done reward=-0.9162 task_sr=0.1500 subtask_sr=0.3634 (14.2s)
[scanA_stageB_main_seed42_20260215_014509][LB-Greedy] [Baselines] ep=40 (40/120) policy=LB-Greedy (1/1) ...
[scanA_stageB_main_seed42_20260215_014509][LB-Greedy] [Baselines]   done reward=-0.4108 task_sr=0.2500 subtask_sr=0.5165 (13.8s)
[scanA_stageB_main_seed42_20260215_014509][LB-Greedy] [Baselines] ep=41 (41/120) policy=LB-Greedy (1/1) ...
[scanA_stageB_main_seed42_20260215_014509][LB-Greedy] [Baselines]   done reward=-0.8129 task_sr=0.2000 subtask_sr=0.4324 (14.7s)
[scanA_stageB_main_seed42_20260215_014509][LB-Greedy] [Baselines] ep=42 (42/120) policy=LB-Greedy (1/1) ...
[scanA_stageB_main_seed42_20260215_014509][LB-Greedy] [Baselines]   done reward=-2.5950 task_sr=0.2500 subtask_sr=0.4014 (13.3s)
[scanA_stageB_main_seed42_20260215_014509][LB-Greedy] [Baselines] ep=43 (43/120) policy=LB-Greedy (1/1) ...
[scanA_stageB_main_seed42_20260215_014509][LB-Greedy] [Baselines]   done reward=-0.2605 task_sr=0.3500 subtask_sr=0.5902 (12.8s)
[scanA_stageB_main_seed42_20260215_014509][LB-Greedy] [Baselines] ep=44 (44/120) policy=LB-Greedy (1/1) ...
[scanA_stageB_main_seed42_20260215_014509][LB-Greedy] [Baselines]   done reward=-0.6726 task_sr=0.1500 subtask_sr=0.3918 (13.6s)
[scanA_stageB_main_seed42_20260215_014509][LB-Greedy] [Baselines] ep=45 (45/120) policy=LB-Greedy (1/1) ...
[scanA_stageB_main_seed42_20260215_014509][LB-Greedy] [Baselines]   done reward=-0.8270 task_sr=0.2500 subtask_sr=0.5912 (12.9s)
[scanA_stageB_main_seed42_20260215_014509][LB-Greedy] [Baselines] ep=46 (46/120) policy=LB-Greedy (1/1) ...
[scanA_stageB_main_seed42_20260215_014509][LB-Greedy] [Baselines]   done reward=-4.3335 task_sr=0.0000 subtask_sr=0.2393 (15.4s)
[scanA_stageB_main_seed42_20260215_014509][LB-Greedy] [Baselines] ep=47 (47/120) policy=LB-Greedy (1/1) ...
[scanA_stageB_main_seed42_20260215_014509][LB-Greedy] [Baselines]   done reward=-0.3938 task_sr=0.2000 subtask_sr=0.4641 (14.3s)
[scanA_stageB_main_seed42_20260215_014509][LB-Greedy] [Baselines] ep=48 (48/120) policy=LB-Greedy (1/1) ...
[scanA_stageB_main_seed42_20260215_014509][LB-Greedy] [Baselines]   done reward=-0.7656 task_sr=0.2500 subtask_sr=0.7927 (10.0s)
[scanA_stageB_main_seed42_20260215_014509][LB-Greedy] [Baselines] ep=49 (49/120) policy=LB-Greedy (1/1) ...
[scanA_stageB_main_seed42_20260215_014509][LB-Greedy] [Baselines]   done reward=-0.7300 task_sr=0.3500 subtask_sr=0.5791 (12.7s)
[scanA_stageB_main_seed42_20260215_014509][LB-Greedy] [Baselines] ep=50 (50/120) policy=LB-Greedy (1/1) ...
[scanA_stageB_main_seed42_20260215_014509][LB-Greedy] [Baselines]   done reward=-0.5558 task_sr=0.3500 subtask_sr=0.6322 (13.3s)
[scanA_stageB_main_seed42_20260215_014509][LB-Greedy] [Baselines] ep=51 (51/120) policy=LB-Greedy (1/1) ...
[scanA_stageB_main_seed42_20260215_014509][LB-Greedy] [Baselines]   done reward=-0.5110 task_sr=0.0000 subtask_sr=0.4235 (14.2s)
[scanA_stageB_main_seed42_20260215_014509][LB-Greedy] [Baselines] ep=52 (52/120) policy=LB-Greedy (1/1) ...
[scanA_stageB_main_seed42_20260215_014509][LB-Greedy] [Baselines]   done reward=-1.8210 task_sr=0.1500 subtask_sr=0.5745 (13.7s)
[scanA_stageB_main_seed42_20260215_014509][LB-Greedy] [Baselines] ep=53 (53/120) policy=LB-Greedy (1/1) ...
[scanA_stageB_main_seed42_20260215_014509][LB-Greedy] [Baselines]   done reward=-1.4734 task_sr=0.1000 subtask_sr=0.4326 (14.7s)
[scanA_stageB_main_seed42_20260215_014509][LB-Greedy] [Baselines] ep=54 (54/120) policy=LB-Greedy (1/1) ...
[scanA_stageB_main_seed42_20260215_014509][LB-Greedy] [Baselines]   done reward=-1.7710 task_sr=0.1000 subtask_sr=0.3659 (13.7s)
[scanA_stageB_main_seed42_20260215_014509][LB-Greedy] [Baselines] ep=55 (55/120) policy=LB-Greedy (1/1) ...
[scanA_stageB_main_seed42_20260215_014509][LB-Greedy] [Baselines]   done reward=-1.3909 task_sr=0.0500 subtask_sr=0.4181 (13.9s)
[scanA_stageB_main_seed42_20260215_014509][LB-Greedy] [Baselines] ep=56 (56/120) policy=LB-Greedy (1/1) ...
[scanA_stageB_main_seed42_20260215_014509][LB-Greedy] [Baselines]   done reward=-0.4345 task_sr=0.5000 subtask_sr=0.6737 (12.6s)
[scanA_stageB_main_seed42_20260215_014509][LB-Greedy] [Baselines] ep=57 (57/120) policy=LB-Greedy (1/1) ...
[scanA_stageB_main_seed42_20260215_014509][LB-Greedy] [Baselines]   done reward=-0.5592 task_sr=0.1000 subtask_sr=0.4955 (13.8s)
[scanA_stageB_main_seed42_20260215_014509][LB-Greedy] [Baselines] ep=58 (58/120) policy=LB-Greedy (1/1) ...
[scanA_stageB_main_seed42_20260215_014509][LB-Greedy] [Baselines]   done reward=-0.6508 task_sr=0.2000 subtask_sr=0.6446 (9.5s)
[scanA_stageB_main_seed42_20260215_014509][LB-Greedy] [Baselines] ep=59 (59/120) policy=LB-Greedy (1/1) ...
[scanA_stageB_main_seed42_20260215_014509][LB-Greedy] [Baselines]   done reward=-1.1952 task_sr=0.0500 subtask_sr=0.3222 (14.9s)
[scanA_stageB_main_seed42_20260215_014509][LB-Greedy] [Baselines] ep=60 (60/120) policy=LB-Greedy (1/1) ...
[scanA_stageB_main_seed42_20260215_014509][LB-Greedy] [Baselines]   done reward=-1.2200 task_sr=0.1500 subtask_sr=0.5371 (13.1s)
[scanA_stageB_main_seed42_20260215_014509][LB-Greedy] [Baselines] ep=61 (61/120) policy=LB-Greedy (1/1) ...
[scanA_stageB_main_seed42_20260215_014509][LB-Greedy] [Baselines]   done reward=-0.4888 task_sr=0.2000 subtask_sr=0.4746 (13.2s)
[scanA_stageB_main_seed42_20260215_014509][LB-Greedy] [Baselines] ep=62 (62/120) policy=LB-Greedy (1/1) ...
[scanA_stageB_main_seed42_20260215_014509][LB-Greedy] [Baselines]   done reward=-0.3036 task_sr=0.2000 subtask_sr=0.4062 (13.8s)
[scanA_stageB_main_seed42_20260215_014509][LB-Greedy] [Baselines] ep=63 (63/120) policy=LB-Greedy (1/1) ...
[scanA_stageB_main_seed42_20260215_014509][LB-Greedy] [Baselines]   done reward=-1.7791 task_sr=0.1000 subtask_sr=0.3971 (14.1s)
[scanA_stageB_main_seed42_20260215_014509][LB-Greedy] [Baselines] ep=64 (64/120) policy=LB-Greedy (1/1) ...
[scanA_stageB_main_seed42_20260215_014509][LB-Greedy] [Baselines]   done reward=-0.3839 task_sr=0.2500 subtask_sr=0.6217 (12.9s)
[scanA_stageB_main_seed42_20260215_014509][LB-Greedy] [Baselines] ep=65 (65/120) policy=LB-Greedy (1/1) ...
[scanA_stageB_main_seed42_20260215_014509][LB-Greedy] [Baselines]   done reward=-0.5762 task_sr=0.2500 subtask_sr=0.5725 (13.2s)
[scanA_stageB_main_seed42_20260215_014509][LB-Greedy] [Baselines] ep=66 (66/120) policy=LB-Greedy (1/1) ...
[scanA_stageB_main_seed42_20260215_014509][LB-Greedy] [Baselines]   done reward=-0.8562 task_sr=0.2000 subtask_sr=0.5133 (12.5s)
[scanA_stageB_main_seed42_20260215_014509][LB-Greedy] [Baselines] ep=67 (67/120) policy=LB-Greedy (1/1) ...
[scanA_stageB_main_seed42_20260215_014509][LB-Greedy] [Baselines]   done reward=-0.4749 task_sr=0.0500 subtask_sr=0.5315 (12.8s)
[scanA_stageB_main_seed42_20260215_014509][LB-Greedy] [Baselines] ep=68 (68/120) policy=LB-Greedy (1/1) ...
[scanA_stageB_main_seed42_20260215_014509][LB-Greedy] [Baselines]   done reward=-0.8595 task_sr=0.2500 subtask_sr=0.5461 (10.7s)
[scanA_stageB_main_seed42_20260215_014509][LB-Greedy] [Baselines] ep=69 (69/120) policy=LB-Greedy (1/1) ...
[scanA_stageB_main_seed42_20260215_014509][LB-Greedy] [Baselines]   done reward=-0.7285 task_sr=0.2000 subtask_sr=0.5351 (12.7s)
[scanA_stageB_main_seed42_20260215_014509][LB-Greedy] [Baselines] ep=70 (70/120) policy=LB-Greedy (1/1) ...
[scanA_stageB_main_seed42_20260215_014509][LB-Greedy] [Baselines]   done reward=-0.5658 task_sr=0.3000 subtask_sr=0.6857 (11.5s)
[scanA_stageB_main_seed42_20260215_014509][LB-Greedy] [Baselines] ep=71 (71/120) policy=LB-Greedy (1/1) ...
[scanA_stageB_main_seed42_20260215_014509][LB-Greedy] [Baselines]   done reward=-1.4277 task_sr=0.0500 subtask_sr=0.3374 (12.9s)
[scanA_stageB_main_seed42_20260215_014509][LB-Greedy] [Baselines] ep=72 (72/120) policy=LB-Greedy (1/1) ...
[scanA_stageB_main_seed42_20260215_014509][LB-Greedy] [Baselines]   done reward=-0.5258 task_sr=0.1000 subtask_sr=0.3924 (12.0s)
[scanA_stageB_main_seed42_20260215_014509][LB-Greedy] [Baselines] ep=73 (73/120) policy=LB-Greedy (1/1) ...
[scanA_stageB_main_seed42_20260215_014509][LB-Greedy] [Baselines]   done reward=-1.2856 task_sr=0.1500 subtask_sr=0.4645 (10.5s)
[scanA_stageB_main_seed42_20260215_014509][LB-Greedy] [Baselines] ep=74 (74/120) policy=LB-Greedy (1/1) ...
[scanA_stageB_main_seed42_20260215_014509][LB-Greedy] [Baselines]   done reward=-1.0292 task_sr=0.1500 subtask_sr=0.5142 (10.0s)
[scanA_stageB_main_seed42_20260215_014509][LB-Greedy] [Baselines] ep=75 (75/120) policy=LB-Greedy (1/1) ...
[scanA_stageB_main_seed42_20260215_014509][LB-Greedy] [Baselines]   done reward=-0.4082 task_sr=0.1000 subtask_sr=0.4316 (10.4s)
[scanA_stageB_main_seed42_20260215_014509][LB-Greedy] [Baselines] ep=76 (76/120) policy=LB-Greedy (1/1) ...
[scanA_stageB_main_seed42_20260215_014509][LB-Greedy] [Baselines]   done reward=-0.9990 task_sr=0.1500 subtask_sr=0.4880 (9.9s)
[scanA_stageB_main_seed42_20260215_014509][LB-Greedy] [Baselines] ep=77 (77/120) policy=LB-Greedy (1/1) ...
[scanA_stageB_main_seed42_20260215_014509][LB-Greedy] [Baselines]   done reward=-2.8131 task_sr=0.0500 subtask_sr=0.4140 (10.4s)
[scanA_stageB_main_seed42_20260215_014509][LB-Greedy] [Baselines] ep=78 (78/120) policy=LB-Greedy (1/1) ...
[scanA_stageB_main_seed42_20260215_014509][LB-Greedy] [Baselines]   done reward=-0.9740 task_sr=0.4500 subtask_sr=0.7173 (7.9s)
[scanA_stageB_main_seed42_20260215_014509][LB-Greedy] [Baselines] ep=79 (79/120) policy=LB-Greedy (1/1) ...
[scanA_stageB_main_seed42_20260215_014509][LB-Greedy] [Baselines]   done reward=-0.7446 task_sr=0.1500 subtask_sr=0.4619 (10.6s)
[scanA_stageB_main_seed42_20260215_014509][LB-Greedy] [Baselines] ep=80 (80/120) policy=LB-Greedy (1/1) ...
[scanA_stageB_main_seed42_20260215_014509][LB-Greedy] [Baselines]   done reward=-0.8208 task_sr=0.4500 subtask_sr=0.8164 (8.3s)
[scanA_stageB_main_seed42_20260215_014509][LB-Greedy] [Baselines] ep=81 (81/120) policy=LB-Greedy (1/1) ...
[scanA_stageB_main_seed42_20260215_014509][LB-Greedy] [Baselines]   done reward=-0.9703 task_sr=0.2500 subtask_sr=0.4843 (9.6s)
[scanA_stageB_main_seed42_20260215_014509][LB-Greedy] [Baselines] ep=82 (82/120) policy=LB-Greedy (1/1) ...
[scanA_stageB_main_seed42_20260215_014509][LB-Greedy] [Baselines]   done reward=-1.1229 task_sr=0.1000 subtask_sr=0.3925 (10.6s)
[scanA_stageB_main_seed42_20260215_014509][LB-Greedy] [Baselines] ep=83 (83/120) policy=LB-Greedy (1/1) ...
[scanA_stageB_main_seed42_20260215_014509][LB-Greedy] [Baselines]   done reward=-1.2541 task_sr=0.3000 subtask_sr=0.5725 (9.5s)
[scanA_stageB_main_seed42_20260215_014509][LB-Greedy] [Baselines] ep=84 (84/120) policy=LB-Greedy (1/1) ...
[scanA_stageB_main_seed42_20260215_014509][LB-Greedy] [Baselines]   done reward=-0.9748 task_sr=0.2500 subtask_sr=0.4953 (10.2s)
[scanA_stageB_main_seed42_20260215_014509][LB-Greedy] [Baselines] ep=85 (85/120) policy=LB-Greedy (1/1) ...
[scanA_stageB_main_seed42_20260215_014509][LB-Greedy] [Baselines]   done reward=-0.7810 task_sr=0.2500 subtask_sr=0.5731 (9.6s)
[scanA_stageB_main_seed42_20260215_014509][LB-Greedy] [Baselines] ep=86 (86/120) policy=LB-Greedy (1/1) ...
[scanA_stageB_main_seed42_20260215_014509][LB-Greedy] [Baselines]   done reward=-0.7946 task_sr=0.2000 subtask_sr=0.4951 (10.1s)
[scanA_stageB_main_seed42_20260215_014509][LB-Greedy] [Baselines] ep=87 (87/120) policy=LB-Greedy (1/1) ...
[scanA_stageB_main_seed42_20260215_014509][LB-Greedy] [Baselines]   done reward=-0.8698 task_sr=0.2000 subtask_sr=0.4343 (10.0s)
[scanA_stageB_main_seed42_20260215_014509][LB-Greedy] [Baselines] ep=88 (88/120) policy=LB-Greedy (1/1) ...
[scanA_stageB_main_seed42_20260215_014509][LB-Greedy] [Baselines]   done reward=-0.8779 task_sr=0.3000 subtask_sr=0.6993 (8.7s)
[scanA_stageB_main_seed42_20260215_014509][LB-Greedy] [Baselines] ep=89 (89/120) policy=LB-Greedy (1/1) ...
[scanA_stageB_main_seed42_20260215_014509][LB-Greedy] [Baselines]   done reward=-0.2813 task_sr=0.1500 subtask_sr=0.5035 (9.8s)
[scanA_stageB_main_seed42_20260215_014509][LB-Greedy] [Baselines] ep=90 (90/120) policy=LB-Greedy (1/1) ...
[scanA_stageB_main_seed42_20260215_014509][LB-Greedy] [Baselines]   done reward=-1.2229 task_sr=0.2000 subtask_sr=0.5115 (10.0s)
[scanA_stageB_main_seed42_20260215_014509][LB-Greedy] [Baselines] ep=91 (91/120) policy=LB-Greedy (1/1) ...
[scanA_stageB_main_seed42_20260215_014509][LB-Greedy] [Baselines]   done reward=-0.7424 task_sr=0.1000 subtask_sr=0.4228 (10.1s)
[scanA_stageB_main_seed42_20260215_014509][LB-Greedy] [Baselines] ep=92 (92/120) policy=LB-Greedy (1/1) ...
[scanA_stageB_main_seed42_20260215_014509][LB-Greedy] [Baselines]   done reward=-1.2581 task_sr=0.1000 subtask_sr=0.3828 (10.8s)
[scanA_stageB_main_seed42_20260215_014509][LB-Greedy] [Baselines] ep=93 (93/120) policy=LB-Greedy (1/1) ...
[scanA_stageB_main_seed42_20260215_014509][LB-Greedy] [Baselines]   done reward=-1.3501 task_sr=0.1500 subtask_sr=0.4187 (10.0s)
[scanA_stageB_main_seed42_20260215_014509][LB-Greedy] [Baselines] ep=94 (94/120) policy=LB-Greedy (1/1) ...
[scanA_stageB_main_seed42_20260215_014509][LB-Greedy] [Baselines]   done reward=-0.7085 task_sr=0.3000 subtask_sr=0.6282 (9.7s)
[scanA_stageB_main_seed42_20260215_014509][LB-Greedy] [Baselines] ep=95 (95/120) policy=LB-Greedy (1/1) ...
[scanA_stageB_main_seed42_20260215_014509][LB-Greedy] [Baselines]   done reward=-0.4264 task_sr=0.2000 subtask_sr=0.5585 (9.2s)
[scanA_stageB_main_seed42_20260215_014509][LB-Greedy] [Baselines] ep=96 (96/120) policy=LB-Greedy (1/1) ...
[scanA_stageB_main_seed42_20260215_014509][LB-Greedy] [Baselines]   done reward=-0.6042 task_sr=0.1000 subtask_sr=0.4702 (10.2s)
[scanA_stageB_main_seed42_20260215_014509][LB-Greedy] [Baselines] ep=97 (97/120) policy=LB-Greedy (1/1) ...
[scanA_stageB_main_seed42_20260215_014509][LB-Greedy] [Baselines]   done reward=-0.9229 task_sr=0.0000 subtask_sr=0.3948 (10.4s)
[scanA_stageB_main_seed42_20260215_014509][LB-Greedy] [Baselines] ep=98 (98/120) policy=LB-Greedy (1/1) ...
[scanA_stageB_main_seed42_20260215_014509][LB-Greedy] [Baselines]   done reward=-1.0485 task_sr=0.1500 subtask_sr=0.4203 (10.1s)
[scanA_stageB_main_seed42_20260215_014509][LB-Greedy] [Baselines] ep=99 (99/120) policy=LB-Greedy (1/1) ...
[scanA_stageB_main_seed42_20260215_014509][LB-Greedy] [Baselines]   done reward=-1.2454 task_sr=0.2000 subtask_sr=0.5711 (9.4s)
[scanA_stageB_main_seed42_20260215_014509][LB-Greedy] [Baselines] ep=100 (100/120) policy=LB-Greedy (1/1) ...
[scanA_stageB_main_seed42_20260215_014509][LB-Greedy] [Baselines]   done reward=-2.4747 task_sr=0.1500 subtask_sr=0.4076 (10.5s)
[scanA_stageB_main_seed42_20260215_014509][LB-Greedy] [Baselines] ep=101 (101/120) policy=LB-Greedy (1/1) ...
[scanA_stageB_main_seed42_20260215_014509][LB-Greedy] [Baselines]   done reward=-1.8169 task_sr=0.1000 subtask_sr=0.3647 (10.5s)
[scanA_stageB_main_seed42_20260215_014509][LB-Greedy] [Baselines] ep=102 (102/120) policy=LB-Greedy (1/1) ...
[scanA_stageB_main_seed42_20260215_014509][LB-Greedy] [Baselines]   done reward=-2.4667 task_sr=0.0500 subtask_sr=0.3270 (11.4s)
[scanA_stageB_main_seed42_20260215_014509][LB-Greedy] [Baselines] ep=103 (103/120) policy=LB-Greedy (1/1) ...
[scanA_stageB_main_seed42_20260215_014509][LB-Greedy] [Baselines]   done reward=-1.3146 task_sr=0.1000 subtask_sr=0.4187 (10.2s)
[scanA_stageB_main_seed42_20260215_014509][LB-Greedy] [Baselines] ep=104 (104/120) policy=LB-Greedy (1/1) ...
[scanA_stageB_main_seed42_20260215_014509][LB-Greedy] [Baselines]   done reward=-0.5157 task_sr=0.3000 subtask_sr=0.6057 (9.3s)
[scanA_stageB_main_seed42_20260215_014509][LB-Greedy] [Baselines] ep=105 (105/120) policy=LB-Greedy (1/1) ...
[scanA_stageB_main_seed42_20260215_014509][LB-Greedy] [Baselines]   done reward=-0.6543 task_sr=0.0500 subtask_sr=0.3985 (10.4s)
[scanA_stageB_main_seed42_20260215_014509][LB-Greedy] [Baselines] ep=106 (106/120) policy=LB-Greedy (1/1) ...
[scanA_stageB_main_seed42_20260215_014509][LB-Greedy] [Baselines]   done reward=-0.5307 task_sr=0.4000 subtask_sr=0.7632 (8.5s)
[scanA_stageB_main_seed42_20260215_014509][LB-Greedy] [Baselines] ep=107 (107/120) policy=LB-Greedy (1/1) ...
[scanA_stageB_main_seed42_20260215_014509][LB-Greedy] [Baselines]   done reward=-0.5106 task_sr=0.4000 subtask_sr=0.6417 (9.1s)
[scanA_stageB_main_seed42_20260215_014509][LB-Greedy] [Baselines] ep=108 (108/120) policy=LB-Greedy (1/1) ...
[scanA_stageB_main_seed42_20260215_014509][LB-Greedy] [Baselines]   done reward=-1.7748 task_sr=0.0000 subtask_sr=0.4645 (9.1s)
[scanA_stageB_main_seed42_20260215_014509][LB-Greedy] [Baselines] ep=109 (109/120) policy=LB-Greedy (1/1) ...
[scanA_stageB_main_seed42_20260215_014509][LB-Greedy] [Baselines]   done reward=-0.9921 task_sr=0.2000 subtask_sr=0.6456 (9.6s)
[scanA_stageB_main_seed42_20260215_014509][LB-Greedy] [Baselines] ep=110 (110/120) policy=LB-Greedy (1/1) ...
[scanA_stageB_main_seed42_20260215_014509][LB-Greedy] [Baselines]   done reward=-0.9806 task_sr=0.2000 subtask_sr=0.5144 (9.9s)
[scanA_stageB_main_seed42_20260215_014509][LB-Greedy] [Baselines] ep=111 (111/120) policy=LB-Greedy (1/1) ...
[scanA_stageB_main_seed42_20260215_014509][LB-Greedy] [Baselines]   done reward=-0.6088 task_sr=0.1500 subtask_sr=0.5036 (10.3s)
[scanA_stageB_main_seed42_20260215_014509][LB-Greedy] [Baselines] ep=112 (112/120) policy=LB-Greedy (1/1) ...
[scanA_stageB_main_seed42_20260215_014509][LB-Greedy] [Baselines]   done reward=-0.3228 task_sr=0.2000 subtask_sr=0.5123 (9.8s)
[scanA_stageB_main_seed42_20260215_014509][LB-Greedy] [Baselines] ep=113 (113/120) policy=LB-Greedy (1/1) ...
[scanA_stageB_main_seed42_20260215_014509][LB-Greedy] [Baselines]   done reward=-1.4236 task_sr=0.2000 subtask_sr=0.6364 (10.0s)
[scanA_stageB_main_seed42_20260215_014509][LB-Greedy] [Baselines] ep=114 (114/120) policy=LB-Greedy (1/1) ...
[scanA_stageB_main_seed42_20260215_014509][LB-Greedy] [Baselines]   done reward=-1.2975 task_sr=0.2500 subtask_sr=0.4929 (10.1s)
[scanA_stageB_main_seed42_20260215_014509][LB-Greedy] [Baselines] ep=115 (115/120) policy=LB-Greedy (1/1) ...
[scanA_stageB_main_seed42_20260215_014509][LB-Greedy] [Baselines]   done reward=-0.6921 task_sr=0.3000 subtask_sr=0.5224 (8.6s)
[scanA_stageB_main_seed42_20260215_014509][LB-Greedy] [Baselines] ep=116 (116/120) policy=LB-Greedy (1/1) ...
[scanA_stageB_main_seed42_20260215_014509][LB-Greedy] [Baselines]   done reward=-1.2530 task_sr=0.1000 subtask_sr=0.4785 (8.7s)
[scanA_stageB_main_seed42_20260215_014509][LB-Greedy] [Baselines] ep=117 (117/120) policy=LB-Greedy (1/1) ...
[scanA_stageB_main_seed42_20260215_014509][LB-Greedy] [Baselines]   done reward=-1.0617 task_sr=0.2500 subtask_sr=0.6174 (7.7s)
[scanA_stageB_main_seed42_20260215_014509][LB-Greedy] [Baselines] ep=118 (118/120) policy=LB-Greedy (1/1) ...
[scanA_stageB_main_seed42_20260215_014509][LB-Greedy] [Baselines]   done reward=-1.0782 task_sr=0.1500 subtask_sr=0.5070 (8.6s)
[scanA_stageB_main_seed42_20260215_014509][LB-Greedy] [Baselines] ep=119 (119/120) policy=LB-Greedy (1/1) ...
[scanA_stageB_main_seed42_20260215_014509][LB-Greedy] [Baselines]   done reward=-2.1259 task_sr=0.1500 subtask_sr=0.4214 (8.8s)
[scanA_stageB_main_seed42_20260215_014509][LB-Greedy] [Baselines] ep=120 (120/120) policy=LB-Greedy (1/1) ...
[scanA_stageB_main_seed42_20260215_014509][LB-Greedy] [Baselines]   done reward=-0.5002 task_sr=0.1500 subtask_sr=0.6086 (9.3s)
[scanA_stageB_main_seed42_20260215_014509][LB-Greedy] ✓ Baseline stats saved: /Users/qiutao/研/毕设/毕设/vecOffloadingSim/runs/scanA_stageB_main_seed42_20260215_014509/logs/baseline_parts/LB-Greedy.csv
[scanA_stageB_main_seed42_20260215_014509][LB-Greedy] 结果摘要 (均值):
[scanA_stageB_main_seed42_20260215_014509][LB-Greedy]   LB-Greedy  reward=-1.0044 task_sr=0.1800 subtask_sr=0.5017
