[scanA_stageB_main_seed42_20260215_014509][Random] [Baselines] run_dir=/Users/qiutao/研/毕设/毕设/vecOffloadingSim/runs/scanA_stageB_main_seed42_20260215_014509
[scanA_stageB_main_seed42_20260215_014509][Random] [Baselines] num_episodes=120 seed=42 max_steps=200
[scanA_stageB_main_seed42_20260215_014509][Random] [Baselines] policies=['Random']
[scanA_stageB_main_seed42_20260215_014509][Random] [Baselines] ep=1 (1/120) policy=Random (1/1) ...
[scanA_stageB_main_seed42_20260215_014509][Random] [Baselines]   done reward=-1.3787 task_sr=0.0000 subtask_sr=0.1274 (14.8s)
[scanA_stageB_main_seed42_20260215_014509][Random] [Baselines] ep=2 (2/120) policy=Random (1/1) ...
[scanA_stageB_main_seed42_20260215_014509][Random] [Baselines]   done reward=-2.8739 task_sr=0.0000 subtask_sr=0.1124 (14.0s)
[scanA_stageB_main_seed42_20260215_014509][Random] [Baselines] ep=3 (3/120) policy=Random (1/1) ...
[scanA_stageB_main_seed42_20260215_014509][Random] [Baselines]   done reward=-2.2897 task_sr=0.0000 subtask_sr=0.1623 (13.7s)
[scanA_stageB_main_seed42_20260215_014509][Random] [Baselines] ep=4 (4/120) policy=Random (1/1) ...
[scanA_stageB_main_seed42_20260215_014509][Random] [Baselines]   done reward=-1.4494 task_sr=0.0000 subtask_sr=0.0873 (14.7s)
[scanA_stageB_main_seed42_20260215_014509][Random] [Baselines] ep=5 (5/120) policy=Random (1/1) ...
[scanA_stageB_main_seed42_20260215_014509][Random] [Baselines]   done reward=-0.6979 task_sr=0.0000 subtask_sr=0.1659 (13.7s)
[scanA_stageB_main_seed42_20260215_014509][Random] [Baselines] ep=6 (6/120) policy=Random (1/1) ...
[scanA_stageB_main_seed42_20260215_014509][Random] [Baselines]   done reward=-1.9800 task_sr=0.0000 subtask_sr=0.1518 (14.2s)
[scanA_stageB_main_seed42_20260215_014509][Random] [Baselines] ep=7 (7/120) policy=Random (1/1) ...
[scanA_stageB_main_seed42_20260215_014509][Random] [Baselines]   done reward=-1.7825 task_sr=0.0000 subtask_sr=0.2297 (14.0s)
[scanA_stageB_main_seed42_20260215_014509][Random] [Baselines] ep=8 (8/120) policy=Random (1/1) ...
[scanA_stageB_main_seed42_20260215_014509][Random] [Baselines]   done reward=-2.2496 task_sr=0.0000 subtask_sr=0.1501 (14.9s)
[scanA_stageB_main_seed42_20260215_014509][Random] [Baselines] ep=9 (9/120) policy=Random (1/1) ...
[scanA_stageB_main_seed42_20260215_014509][Random] [Baselines]   done reward=-1.8407 task_sr=0.0000 subtask_sr=0.0843 (15.0s)
[scanA_stageB_main_seed42_20260215_014509][Random] [Baselines] ep=10 (10/120) policy=Random (1/1) ...
[scanA_stageB_main_seed42_20260215_014509][Random] [Baselines]   done reward=-0.9903 task_sr=0.0000 subtask_sr=0.1496 (15.3s)
[scanA_stageB_main_seed42_20260215_014509][Random] [Baselines] ep=11 (11/120) policy=Random (1/1) ...
[scanA_stageB_main_seed42_20260215_014509][Random] [Baselines]   done reward=-1.2425 task_sr=0.0000 subtask_sr=0.0995 (14.4s)
[scanA_stageB_main_seed42_20260215_014509][Random] [Baselines] ep=12 (12/120) policy=Random (1/1) ...
[scanA_stageB_main_seed42_20260215_014509][Random] [Baselines]   done reward=-1.9450 task_sr=0.0000 subtask_sr=0.1222 (15.0s)
[scanA_stageB_main_seed42_20260215_014509][Random] [Baselines] ep=13 (13/120) policy=Random (1/1) ...
[scanA_stageB_main_seed42_20260215_014509][Random] [Baselines]   done reward=-2.2686 task_sr=0.0000 subtask_sr=0.1916 (14.3s)
[scanA_stageB_main_seed42_20260215_014509][Random] [Baselines] ep=14 (14/120) policy=Random (1/1) ...
[scanA_stageB_main_seed42_20260215_014509][Random] [Baselines]   done reward=-1.1739 task_sr=0.0000 subtask_sr=0.1620 (14.6s)
[scanA_stageB_main_seed42_20260215_014509][Random] [Baselines] ep=15 (15/120) policy=Random (1/1) ...
[scanA_stageB_main_seed42_20260215_014509][Random] [Baselines]   done reward=-1.5853 task_sr=0.0000 subtask_sr=0.1643 (14.3s)
[scanA_stageB_main_seed42_20260215_014509][Random] [Baselines] ep=16 (16/120) policy=Random (1/1) ...
[scanA_stageB_main_seed42_20260215_014509][Random] [Baselines]   done reward=-0.6011 task_sr=0.0000 subtask_sr=0.1566 (15.1s)
[scanA_stageB_main_seed42_20260215_014509][Random] [Baselines] ep=17 (17/120) policy=Random (1/1) ...
[scanA_stageB_main_seed42_20260215_014509][Random] [Baselines]   done reward=-1.4959 task_sr=0.0000 subtask_sr=0.0789 (14.4s)
[scanA_stageB_main_seed42_20260215_014509][Random] [Baselines] ep=18 (18/120) policy=Random (1/1) ...
[scanA_stageB_main_seed42_20260215_014509][Random] [Baselines]   done reward=-2.6783 task_sr=0.0000 subtask_sr=0.1095 (15.2s)
[scanA_stageB_main_seed42_20260215_014509][Random] [Baselines] ep=19 (19/120) policy=Random (1/1) ...
[scanA_stageB_main_seed42_20260215_014509][Random] [Baselines]   done reward=-2.0118 task_sr=0.0000 subtask_sr=0.1262 (15.2s)
[scanA_stageB_main_seed42_20260215_014509][Random] [Baselines] ep=20 (20/120) policy=Random (1/1) ...
[scanA_stageB_main_seed42_20260215_014509][Random] [Baselines]   done reward=-2.0195 task_sr=0.0000 subtask_sr=0.1247 (14.7s)
[scanA_stageB_main_seed42_20260215_014509][Random] [Baselines] ep=21 (21/120) policy=Random (1/1) ...
[scanA_stageB_main_seed42_20260215_014509][Random] [Baselines]   done reward=-1.1639 task_sr=0.0000 subtask_sr=0.1142 (15.1s)
[scanA_stageB_main_seed42_20260215_014509][Random] [Baselines] ep=22 (22/120) policy=Random (1/1) ...
[scanA_stageB_main_seed42_20260215_014509][Random] [Baselines]   done reward=-1.6082 task_sr=0.0000 subtask_sr=0.1463 (14.9s)
[scanA_stageB_main_seed42_20260215_014509][Random] [Baselines] ep=23 (23/120) policy=Random (1/1) ...
[scanA_stageB_main_seed42_20260215_014509][Random] [Baselines]   done reward=-1.3470 task_sr=0.0000 subtask_sr=0.1401 (15.3s)
[scanA_stageB_main_seed42_20260215_014509][Random] [Baselines] ep=24 (24/120) policy=Random (1/1) ...
[scanA_stageB_main_seed42_20260215_014509][Random] [Baselines]   done reward=-1.9977 task_sr=0.0000 subtask_sr=0.0825 (14.9s)
[scanA_stageB_main_seed42_20260215_014509][Random] [Baselines] ep=25 (25/120) policy=Random (1/1) ...
[scanA_stageB_main_seed42_20260215_014509][Random] [Baselines]   done reward=-2.8872 task_sr=0.0000 subtask_sr=0.1385 (15.4s)
[scanA_stageB_main_seed42_20260215_014509][Random] [Baselines] ep=26 (26/120) policy=Random (1/1) ...
[scanA_stageB_main_seed42_20260215_014509][Random] [Baselines]   done reward=-1.6681 task_sr=0.0000 subtask_sr=0.1545 (15.1s)
[scanA_stageB_main_seed42_20260215_014509][Random] [Baselines] ep=27 (27/120) policy=Random (1/1) ...
[scanA_stageB_main_seed42_20260215_014509][Random] [Baselines]   done reward=-1.2416 task_sr=0.0000 subtask_sr=0.0684 (15.2s)
[scanA_stageB_main_seed42_20260215_014509][Random] [Baselines] ep=28 (28/120) policy=Random (1/1) ...
[scanA_stageB_main_seed42_20260215_014509][Random] [Baselines]   done reward=-1.6795 task_sr=0.0000 subtask_sr=0.1895 (14.7s)
[scanA_stageB_main_seed42_20260215_014509][Random] [Baselines] ep=29 (29/120) policy=Random (1/1) ...
[scanA_stageB_main_seed42_20260215_014509][Random] [Baselines]   done reward=-1.5626 task_sr=0.0000 subtask_sr=0.1135 (14.9s)
[scanA_stageB_main_seed42_20260215_014509][Random] [Baselines] ep=30 (30/120) policy=Random (1/1) ...
[scanA_stageB_main_seed42_20260215_014509][Random] [Baselines]   done reward=-0.9353 task_sr=0.0000 subtask_sr=0.0703 (16.0s)
[scanA_stageB_main_seed42_20260215_014509][Random] [Baselines] ep=31 (31/120) policy=Random (1/1) ...
[scanA_stageB_main_seed42_20260215_014509][Random] [Baselines]   done reward=-1.1543 task_sr=0.0000 subtask_sr=0.0839 (15.8s)
[scanA_stageB_main_seed42_20260215_014509][Random] [Baselines] ep=32 (32/120) policy=Random (1/1) ...
[scanA_stageB_main_seed42_20260215_014509][Random] [Baselines]   done reward=-0.9533 task_sr=0.0000 subtask_sr=0.0986 (15.4s)
[scanA_stageB_main_seed42_20260215_014509][Random] [Baselines] ep=33 (33/120) policy=Random (1/1) ...
[scanA_stageB_main_seed42_20260215_014509][Random] [Baselines]   done reward=-1.9708 task_sr=0.0000 subtask_sr=0.1221 (15.9s)
[scanA_stageB_main_seed42_20260215_014509][Random] [Baselines] ep=34 (34/120) policy=Random (1/1) ...
[scanA_stageB_main_seed42_20260215_014509][Random] [Baselines]   done reward=-2.0884 task_sr=0.0000 subtask_sr=0.1068 (15.8s)
[scanA_stageB_main_seed42_20260215_014509][Random] [Baselines] ep=35 (35/120) policy=Random (1/1) ...
[scanA_stageB_main_seed42_20260215_014509][Random] [Baselines]   done reward=-1.3746 task_sr=0.0000 subtask_sr=0.1069 (15.2s)
[scanA_stageB_main_seed42_20260215_014509][Random] [Baselines] ep=36 (36/120) policy=Random (1/1) ...
[scanA_stageB_main_seed42_20260215_014509][Random] [Baselines]   done reward=-2.1410 task_sr=0.0500 subtask_sr=0.1095 (16.1s)
[scanA_stageB_main_seed42_20260215_014509][Random] [Baselines] ep=37 (37/120) policy=Random (1/1) ...
[scanA_stageB_main_seed42_20260215_014509][Random] [Baselines]   done reward=-1.3504 task_sr=0.0000 subtask_sr=0.1358 (15.0s)
[scanA_stageB_main_seed42_20260215_014509][Random] [Baselines] ep=38 (38/120) policy=Random (1/1) ...
[scanA_stageB_main_seed42_20260215_014509][Random] [Baselines]   done reward=-2.0748 task_sr=0.0000 subtask_sr=0.0456 (15.5s)
[scanA_stageB_main_seed42_20260215_014509][Random] [Baselines] ep=39 (39/120) policy=Random (1/1) ...
[scanA_stageB_main_seed42_20260215_014509][Random] [Baselines]   done reward=-2.7333 task_sr=0.0000 subtask_sr=0.1544 (15.6s)
[scanA_stageB_main_seed42_20260215_014509][Random] [Baselines] ep=40 (40/120) policy=Random (1/1) ...
[scanA_stageB_main_seed42_20260215_014509][Random] [Baselines]   done reward=-0.9874 task_sr=0.0000 subtask_sr=0.1274 (15.8s)
[scanA_stageB_main_seed42_20260215_014509][Random] [Baselines] ep=41 (41/120) policy=Random (1/1) ...
[scanA_stageB_main_seed42_20260215_014509][Random] [Baselines]   done reward=-1.3273 task_sr=0.0000 subtask_sr=0.1377 (16.6s)
[scanA_stageB_main_seed42_20260215_014509][Random] [Baselines] ep=42 (42/120) policy=Random (1/1) ...
[scanA_stageB_main_seed42_20260215_014509][Random] [Baselines]   done reward=-1.1219 task_sr=0.0500 subtask_sr=0.2324 (14.9s)
[scanA_stageB_main_seed42_20260215_014509][Random] [Baselines] ep=43 (43/120) policy=Random (1/1) ...
[scanA_stageB_main_seed42_20260215_014509][Random] [Baselines]   done reward=-2.2131 task_sr=0.0000 subtask_sr=0.1311 (15.6s)
[scanA_stageB_main_seed42_20260215_014509][Random] [Baselines] ep=44 (44/120) policy=Random (1/1) ...
[scanA_stageB_main_seed42_20260215_014509][Random] [Baselines]   done reward=-1.2812 task_sr=0.0000 subtask_sr=0.1514 (15.0s)
[scanA_stageB_main_seed42_20260215_014509][Random] [Baselines] ep=45 (45/120) policy=Random (1/1) ...
[scanA_stageB_main_seed42_20260215_014509][Random] [Baselines]   done reward=-1.3667 task_sr=0.0000 subtask_sr=0.0852 (14.8s)
[scanA_stageB_main_seed42_20260215_014509][Random] [Baselines] ep=46 (46/120) policy=Random (1/1) ...
[scanA_stageB_main_seed42_20260215_014509][Random] [Baselines]   done reward=-0.4816 task_sr=0.0000 subtask_sr=0.1422 (15.5s)
[scanA_stageB_main_seed42_20260215_014509][Random] [Baselines] ep=47 (47/120) policy=Random (1/1) ...
[scanA_stageB_main_seed42_20260215_014509][Random] [Baselines]   done reward=-1.8729 task_sr=0.0000 subtask_sr=0.1292 (16.2s)
[scanA_stageB_main_seed42_20260215_014509][Random] [Baselines] ep=48 (48/120) policy=Random (1/1) ...
[scanA_stageB_main_seed42_20260215_014509][Random] [Baselines]   done reward=-2.5765 task_sr=0.0000 subtask_sr=0.1512 (15.4s)
[scanA_stageB_main_seed42_20260215_014509][Random] [Baselines] ep=49 (49/120) policy=Random (1/1) ...
[scanA_stageB_main_seed42_20260215_014509][Random] [Baselines]   done reward=-1.2410 task_sr=0.0000 subtask_sr=0.1192 (15.1s)
[scanA_stageB_main_seed42_20260215_014509][Random] [Baselines] ep=50 (50/120) policy=Random (1/1) ...
[scanA_stageB_main_seed42_20260215_014509][Random] [Baselines]   done reward=-1.3503 task_sr=0.0000 subtask_sr=0.1816 (15.3s)
[scanA_stageB_main_seed42_20260215_014509][Random] [Baselines] ep=51 (51/120) policy=Random (1/1) ...
[scanA_stageB_main_seed42_20260215_014509][Random] [Baselines]   done reward=-0.7366 task_sr=0.0000 subtask_sr=0.1247 (15.3s)
[scanA_stageB_main_seed42_20260215_014509][Random] [Baselines] ep=52 (52/120) policy=Random (1/1) ...
[scanA_stageB_main_seed42_20260215_014509][Random] [Baselines]   done reward=-1.7123 task_sr=0.0000 subtask_sr=0.1106 (15.3s)
[scanA_stageB_main_seed42_20260215_014509][Random] [Baselines] ep=53 (53/120) policy=Random (1/1) ...
[scanA_stageB_main_seed42_20260215_014509][Random] [Baselines]   done reward=-0.9261 task_sr=0.0000 subtask_sr=0.1558 (15.6s)
[scanA_stageB_main_seed42_20260215_014509][Random] [Baselines] ep=54 (54/120) policy=Random (1/1) ...
[scanA_stageB_main_seed42_20260215_014509][Random] [Baselines]   done reward=-2.9467 task_sr=0.0000 subtask_sr=0.1707 (14.8s)
[scanA_stageB_main_seed42_20260215_014509][Random] [Baselines] ep=55 (55/120) policy=Random (1/1) ...
[scanA_stageB_main_seed42_20260215_014509][Random] [Baselines]   done reward=-3.3630 task_sr=0.0000 subtask_sr=0.1045 (14.9s)
[scanA_stageB_main_seed42_20260215_014509][Random] [Baselines] ep=56 (56/120) policy=Random (1/1) ...
[scanA_stageB_main_seed42_20260215_014509][Random] [Baselines]   done reward=-0.8294 task_sr=0.0000 subtask_sr=0.1596 (15.4s)
[scanA_stageB_main_seed42_20260215_014509][Random] [Baselines] ep=57 (57/120) policy=Random (1/1) ...
[scanA_stageB_main_seed42_20260215_014509][Random] [Baselines]   done reward=-2.2184 task_sr=0.0000 subtask_sr=0.1267 (15.4s)
[scanA_stageB_main_seed42_20260215_014509][Random] [Baselines] ep=58 (58/120) policy=Random (1/1) ...
[scanA_stageB_main_seed42_20260215_014509][Random] [Baselines]   done reward=-1.0322 task_sr=0.0000 subtask_sr=0.1152 (13.7s)
[scanA_stageB_main_seed42_20260215_014509][Random] [Baselines] ep=59 (59/120) policy=Random (1/1) ...
[scanA_stageB_main_seed42_20260215_014509][Random] [Baselines]   done reward=-1.3255 task_sr=0.0000 subtask_sr=0.0644 (14.6s)
[scanA_stageB_main_seed42_20260215_014509][Random] [Baselines] ep=60 (60/120) policy=Random (1/1) ...
[scanA_stageB_main_seed42_20260215_014509][Random] [Baselines]   done reward=-1.4247 task_sr=0.0000 subtask_sr=0.1733 (13.6s)
[scanA_stageB_main_seed42_20260215_014509][Random] [Baselines] ep=61 (61/120) policy=Random (1/1) ...
[scanA_stageB_main_seed42_20260215_014509][Random] [Baselines]   done reward=-0.6878 task_sr=0.0000 subtask_sr=0.2663 (13.4s)
[scanA_stageB_main_seed42_20260215_014509][Random] [Baselines] ep=62 (62/120) policy=Random (1/1) ...
[scanA_stageB_main_seed42_20260215_014509][Random] [Baselines]   done reward=-2.7488 task_sr=0.0000 subtask_sr=0.1274 (13.5s)
[scanA_stageB_main_seed42_20260215_014509][Random] [Baselines] ep=63 (63/120) policy=Random (1/1) ...
[scanA_stageB_main_seed42_20260215_014509][Random] [Baselines]   done reward=-1.7372 task_sr=0.0000 subtask_sr=0.1593 (13.0s)
[scanA_stageB_main_seed42_20260215_014509][Random] [Baselines] ep=64 (64/120) policy=Random (1/1) ...
[scanA_stageB_main_seed42_20260215_014509][Random] [Baselines]   done reward=-1.2374 task_sr=0.0000 subtask_sr=0.1418 (12.0s)
[scanA_stageB_main_seed42_20260215_014509][Random] [Baselines] ep=65 (65/120) policy=Random (1/1) ...
[scanA_stageB_main_seed42_20260215_014509][Random] [Baselines]   done reward=-0.6086 task_sr=0.0000 subtask_sr=0.1401 (11.0s)
[scanA_stageB_main_seed42_20260215_014509][Random] [Baselines] ep=66 (66/120) policy=Random (1/1) ...
[scanA_stageB_main_seed42_20260215_014509][Random] [Baselines]   done reward=-1.0291 task_sr=0.0000 subtask_sr=0.2131 (10.7s)
[scanA_stageB_main_seed42_20260215_014509][Random] [Baselines] ep=67 (67/120) policy=Random (1/1) ...
[scanA_stageB_main_seed42_20260215_014509][Random] [Baselines]   done reward=-2.2025 task_sr=0.0000 subtask_sr=0.1469 (11.1s)
[scanA_stageB_main_seed42_20260215_014509][Random] [Baselines] ep=68 (68/120) policy=Random (1/1) ...
[scanA_stageB_main_seed42_20260215_014509][Random] [Baselines]   done reward=-2.7010 task_sr=0.0000 subtask_sr=0.1229 (11.3s)
[scanA_stageB_main_seed42_20260215_014509][Random] [Baselines] ep=69 (69/120) policy=Random (1/1) ...
[scanA_stageB_main_seed42_20260215_014509][Random] [Baselines]   done reward=-1.3170 task_sr=0.0000 subtask_sr=0.1308 (11.3s)
[scanA_stageB_main_seed42_20260215_014509][Random] [Baselines] ep=70 (70/120) policy=Random (1/1) ...
[scanA_stageB_main_seed42_20260215_014509][Random] [Baselines]   done reward=-1.9695 task_sr=0.0000 subtask_sr=0.1905 (10.8s)
[scanA_stageB_main_seed42_20260215_014509][Random] [Baselines] ep=71 (71/120) policy=Random (1/1) ...
[scanA_stageB_main_seed42_20260215_014509][Random] [Baselines]   done reward=-2.9543 task_sr=0.0000 subtask_sr=0.1256 (11.6s)
[scanA_stageB_main_seed42_20260215_014509][Random] [Baselines] ep=72 (72/120) policy=Random (1/1) ...
[scanA_stageB_main_seed42_20260215_014509][Random] [Baselines]   done reward=-1.5359 task_sr=0.0000 subtask_sr=0.1158 (11.3s)
[scanA_stageB_main_seed42_20260215_014509][Random] [Baselines] ep=73 (73/120) policy=Random (1/1) ...
[scanA_stageB_main_seed42_20260215_014509][Random] [Baselines]   done reward=-2.4985 task_sr=0.0000 subtask_sr=0.0782 (11.6s)
[scanA_stageB_main_seed42_20260215_014509][Random] [Baselines] ep=74 (74/120) policy=Random (1/1) ...
[scanA_stageB_main_seed42_20260215_014509][Random] [Baselines]   done reward=-3.0144 task_sr=0.0000 subtask_sr=0.0498 (11.4s)
[scanA_stageB_main_seed42_20260215_014509][Random] [Baselines] ep=75 (75/120) policy=Random (1/1) ...
[scanA_stageB_main_seed42_20260215_014509][Random] [Baselines]   done reward=-2.1547 task_sr=0.0000 subtask_sr=0.1226 (11.3s)
[scanA_stageB_main_seed42_20260215_014509][Random] [Baselines] ep=76 (76/120) policy=Random (1/1) ...
[scanA_stageB_main_seed42_20260215_014509][Random] [Baselines]   done reward=-3.8233 task_sr=0.0000 subtask_sr=0.1154 (11.1s)
[scanA_stageB_main_seed42_20260215_014509][Random] [Baselines] ep=77 (77/120) policy=Random (1/1) ...
[scanA_stageB_main_seed42_20260215_014509][Random] [Baselines]   done reward=-4.8673 task_sr=0.0000 subtask_sr=0.1047 (11.0s)
[scanA_stageB_main_seed42_20260215_014509][Random] [Baselines] ep=78 (78/120) policy=Random (1/1) ...
[scanA_stageB_main_seed42_20260215_014509][Random] [Baselines]   done reward=-1.4482 task_sr=0.0000 subtask_sr=0.1168 (11.3s)
[scanA_stageB_main_seed42_20260215_014509][Random] [Baselines] ep=79 (79/120) policy=Random (1/1) ...
[scanA_stageB_main_seed42_20260215_014509][Random] [Baselines]   done reward=-3.8907 task_sr=0.0000 subtask_sr=0.0881 (11.7s)
[scanA_stageB_main_seed42_20260215_014509][Random] [Baselines] ep=80 (80/120) policy=Random (1/1) ...
[scanA_stageB_main_seed42_20260215_014509][Random] [Baselines]   done reward=-2.5366 task_sr=0.0000 subtask_sr=0.1256 (10.7s)
[scanA_stageB_main_seed42_20260215_014509][Random] [Baselines] ep=81 (81/120) policy=Random (1/1) ...
[scanA_stageB_main_seed42_20260215_014509][Random] [Baselines]   done reward=-4.4499 task_sr=0.0000 subtask_sr=0.1614 (10.8s)
[scanA_stageB_main_seed42_20260215_014509][Random] [Baselines] ep=82 (82/120) policy=Random (1/1) ...
[scanA_stageB_main_seed42_20260215_014509][Random] [Baselines]   done reward=-1.5735 task_sr=0.0000 subtask_sr=0.1005 (11.5s)
[scanA_stageB_main_seed42_20260215_014509][Random] [Baselines] ep=83 (83/120) policy=Random (1/1) ...
[scanA_stageB_main_seed42_20260215_014509][Random] [Baselines]   done reward=-0.9760 task_sr=0.0000 subtask_sr=0.1280 (10.8s)
[scanA_stageB_main_seed42_20260215_014509][Random] [Baselines] ep=84 (84/120) policy=Random (1/1) ...
[scanA_stageB_main_seed42_20260215_014509][Random] [Baselines]   done reward=-2.0614 task_sr=0.0500 subtask_sr=0.2160 (11.3s)
[scanA_stageB_main_seed42_20260215_014509][Random] [Baselines] ep=85 (85/120) policy=Random (1/1) ...
[scanA_stageB_main_seed42_20260215_014509][Random] [Baselines]   done reward=-2.1291 task_sr=0.0000 subtask_sr=0.1751 (11.0s)
[scanA_stageB_main_seed42_20260215_014509][Random] [Baselines] ep=86 (86/120) policy=Random (1/1) ...
[scanA_stageB_main_seed42_20260215_014509][Random] [Baselines]   done reward=-2.2414 task_sr=0.0500 subtask_sr=0.1724 (11.1s)
[scanA_stageB_main_seed42_20260215_014509][Random] [Baselines] ep=87 (87/120) policy=Random (1/1) ...
[scanA_stageB_main_seed42_20260215_014509][Random] [Baselines]   done reward=-3.6240 task_sr=0.0000 subtask_sr=0.1103 (11.2s)
[scanA_stageB_main_seed42_20260215_014509][Random] [Baselines] ep=88 (88/120) policy=Random (1/1) ...
[scanA_stageB_main_seed42_20260215_014509][Random] [Baselines]   done reward=-1.9505 task_sr=0.0000 subtask_sr=0.1957 (11.2s)
[scanA_stageB_main_seed42_20260215_014509][Random] [Baselines] ep=89 (89/120) policy=Random (1/1) ...
[scanA_stageB_main_seed42_20260215_014509][Random] [Baselines]   done reward=-1.9576 task_sr=0.0000 subtask_sr=0.1271 (11.5s)
[scanA_stageB_main_seed42_20260215_014509][Random] [Baselines] ep=90 (90/120) policy=Random (1/1) ...
[scanA_stageB_main_seed42_20260215_014509][Random] [Baselines]   done reward=-1.9190 task_sr=0.0000 subtask_sr=0.1359 (11.4s)
[scanA_stageB_main_seed42_20260215_014509][Random] [Baselines] ep=91 (91/120) policy=Random (1/1) ...
[scanA_stageB_main_seed42_20260215_014509][Random] [Baselines]   done reward=-2.1585 task_sr=0.0000 subtask_sr=0.2589 (10.8s)
[scanA_stageB_main_seed42_20260215_014509][Random] [Baselines] ep=92 (92/120) policy=Random (1/1) ...
[scanA_stageB_main_seed42_20260215_014509][Random] [Baselines]   done reward=-2.0014 task_sr=0.0000 subtask_sr=0.1029 (11.5s)
[scanA_stageB_main_seed42_20260215_014509][Random] [Baselines] ep=93 (93/120) policy=Random (1/1) ...
[scanA_stageB_main_seed42_20260215_014509][Random] [Baselines]   done reward=-0.8945 task_sr=0.0000 subtask_sr=0.1872 (10.6s)
[scanA_stageB_main_seed42_20260215_014509][Random] [Baselines] ep=94 (94/120) policy=Random (1/1) ...
[scanA_stageB_main_seed42_20260215_014509][Random] [Baselines]   done reward=-1.5842 task_sr=0.0000 subtask_sr=0.1594 (11.5s)
[scanA_stageB_main_seed42_20260215_014509][Random] [Baselines] ep=95 (95/120) policy=Random (1/1) ...
[scanA_stageB_main_seed42_20260215_014509][Random] [Baselines]   done reward=-1.6388 task_sr=0.0000 subtask_sr=0.2434 (10.6s)
[scanA_stageB_main_seed42_20260215_014509][Random] [Baselines] ep=96 (96/120) policy=Random (1/1) ...
[scanA_stageB_main_seed42_20260215_014509][Random] [Baselines]   done reward=-1.5777 task_sr=0.0000 subtask_sr=0.1313 (11.3s)
[scanA_stageB_main_seed42_20260215_014509][Random] [Baselines] ep=97 (97/120) policy=Random (1/1) ...
[scanA_stageB_main_seed42_20260215_014509][Random] [Baselines]   done reward=-2.1128 task_sr=0.0000 subtask_sr=0.0615 (11.0s)
[scanA_stageB_main_seed42_20260215_014509][Random] [Baselines] ep=98 (98/120) policy=Random (1/1) ...
[scanA_stageB_main_seed42_20260215_014509][Random] [Baselines]   done reward=-2.1840 task_sr=0.0000 subtask_sr=0.1184 (11.1s)
[scanA_stageB_main_seed42_20260215_014509][Random] [Baselines] ep=99 (99/120) policy=Random (1/1) ...
[scanA_stageB_main_seed42_20260215_014509][Random] [Baselines]   done reward=-1.1469 task_sr=0.0000 subtask_sr=0.1256 (10.9s)
[scanA_stageB_main_seed42_20260215_014509][Random] [Baselines] ep=100 (100/120) policy=Random (1/1) ...
[scanA_stageB_main_seed42_20260215_014509][Random] [Baselines]   done reward=-1.2118 task_sr=0.0000 subtask_sr=0.1659 (11.0s)
[scanA_stageB_main_seed42_20260215_014509][Random] [Baselines] ep=101 (101/120) policy=Random (1/1) ...
[scanA_stageB_main_seed42_20260215_014509][Random] [Baselines]   done reward=-1.9418 task_sr=0.0000 subtask_sr=0.0706 (11.1s)
[scanA_stageB_main_seed42_20260215_014509][Random] [Baselines] ep=102 (102/120) policy=Random (1/1) ...
[scanA_stageB_main_seed42_20260215_014509][Random] [Baselines]   done reward=-1.4540 task_sr=0.0000 subtask_sr=0.0931 (11.1s)
[scanA_stageB_main_seed42_20260215_014509][Random] [Baselines] ep=103 (103/120) policy=Random (1/1) ...
[scanA_stageB_main_seed42_20260215_014509][Random] [Baselines]   done reward=-0.8721 task_sr=0.0000 subtask_sr=0.1316 (9.5s)
[scanA_stageB_main_seed42_20260215_014509][Random] [Baselines] ep=104 (104/120) policy=Random (1/1) ...
[scanA_stageB_main_seed42_20260215_014509][Random] [Baselines]   done reward=-1.8939 task_sr=0.0000 subtask_sr=0.0974 (9.5s)
[scanA_stageB_main_seed42_20260215_014509][Random] [Baselines] ep=105 (105/120) policy=Random (1/1) ...
[scanA_stageB_main_seed42_20260215_014509][Random] [Baselines]   done reward=-0.8097 task_sr=0.0000 subtask_sr=0.1125 (9.5s)
[scanA_stageB_main_seed42_20260215_014509][Random] [Baselines] ep=106 (106/120) policy=Random (1/1) ...
[scanA_stageB_main_seed42_20260215_014509][Random] [Baselines]   done reward=-1.1425 task_sr=0.0000 subtask_sr=0.1100 (10.2s)
[scanA_stageB_main_seed42_20260215_014509][Random] [Baselines] ep=107 (107/120) policy=Random (1/1) ...
[scanA_stageB_main_seed42_20260215_014509][Random] [Baselines]   done reward=-0.6992 task_sr=0.0000 subtask_sr=0.1803 (9.1s)
[scanA_stageB_main_seed42_20260215_014509][Random] [Baselines] ep=108 (108/120) policy=Random (1/1) ...
[scanA_stageB_main_seed42_20260215_014509][Random] [Baselines]   done reward=-0.6492 task_sr=0.0000 subtask_sr=0.1445 (9.7s)
[scanA_stageB_main_seed42_20260215_014509][Random] [Baselines] ep=109 (109/120) policy=Random (1/1) ...
[scanA_stageB_main_seed42_20260215_014509][Random] [Baselines]   done reward=-2.3383 task_sr=0.0000 subtask_sr=0.1238 (9.2s)
[scanA_stageB_main_seed42_20260215_014509][Random] [Baselines] ep=110 (110/120) policy=Random (1/1) ...
[scanA_stageB_main_seed42_20260215_014509][Random] [Baselines]   done reward=-1.0763 task_sr=0.0000 subtask_sr=0.2129 (9.1s)
[scanA_stageB_main_seed42_20260215_014509][Random] [Baselines] ep=111 (111/120) policy=Random (1/1) ...
[scanA_stageB_main_seed42_20260215_014509][Random] [Baselines]   done reward=-1.2304 task_sr=0.0000 subtask_sr=0.1181 (9.5s)
[scanA_stageB_main_seed42_20260215_014509][Random] [Baselines] ep=112 (112/120) policy=Random (1/1) ...
[scanA_stageB_main_seed42_20260215_014509][Random] [Baselines]   done reward=-1.5206 task_sr=0.0000 subtask_sr=0.1675 (8.9s)
[scanA_stageB_main_seed42_20260215_014509][Random] [Baselines] ep=113 (113/120) policy=Random (1/1) ...
[scanA_stageB_main_seed42_20260215_014509][Random] [Baselines]   done reward=-1.6270 task_sr=0.0500 subtask_sr=0.1562 (9.2s)
[scanA_stageB_main_seed42_20260215_014509][Random] [Baselines] ep=114 (114/120) policy=Random (1/1) ...
[scanA_stageB_main_seed42_20260215_014509][Random] [Baselines]   done reward=-1.0948 task_sr=0.0000 subtask_sr=0.1872 (9.5s)
[scanA_stageB_main_seed42_20260215_014509][Random] [Baselines] ep=115 (115/120) policy=Random (1/1) ...
[scanA_stageB_main_seed42_20260215_014509][Random] [Baselines]   done reward=-1.4871 task_sr=0.1000 subtask_sr=0.2800 (8.5s)
[scanA_stageB_main_seed42_20260215_014509][Random] [Baselines] ep=116 (116/120) policy=Random (1/1) ...
[scanA_stageB_main_seed42_20260215_014509][Random] [Baselines]   done reward=-0.8160 task_sr=0.0000 subtask_sr=0.1053 (9.2s)
[scanA_stageB_main_seed42_20260215_014509][Random] [Baselines] ep=117 (117/120) policy=Random (1/1) ...
[scanA_stageB_main_seed42_20260215_014509][Random] [Baselines]   done reward=-2.0650 task_sr=0.0000 subtask_sr=0.1065 (8.8s)
[scanA_stageB_main_seed42_20260215_014509][Random] [Baselines] ep=118 (118/120) policy=Random (1/1) ...
[scanA_stageB_main_seed42_20260215_014509][Random] [Baselines]   done reward=-1.8960 task_sr=0.0000 subtask_sr=0.2163 (9.2s)
[scanA_stageB_main_seed42_20260215_014509][Random] [Baselines] ep=119 (119/120) policy=Random (1/1) ...
[scanA_stageB_main_seed42_20260215_014509][Random] [Baselines]   done reward=-0.9950 task_sr=0.0000 subtask_sr=0.1452 (9.3s)
[scanA_stageB_main_seed42_20260215_014509][Random] [Baselines] ep=120 (120/120) policy=Random (1/1) ...
[scanA_stageB_main_seed42_20260215_014509][Random] [Baselines]   done reward=-3.1624 task_sr=0.0000 subtask_sr=0.1742 (9.2s)
[scanA_stageB_main_seed42_20260215_014509][Random] ✓ Baseline stats saved: /Users/qiutao/研/毕设/毕设/vecOffloadingSim/runs/scanA_stageB_main_seed42_20260215_014509/logs/baseline_parts/Random.csv
[scanA_stageB_main_seed42_20260215_014509][Random] 结果摘要 (均值):
[scanA_stageB_main_seed42_20260215_014509][Random]   Random     reward=-1.7662 task_sr=0.0029 subtask_sr=0.1377
