[scanA_stageB_main_seed42_20260215_014509][Static] [Baselines] run_dir=/Users/qiutao/研/毕设/毕设/vecOffloadingSim/runs/scanA_stageB_main_seed42_20260215_014509
[scanA_stageB_main_seed42_20260215_014509][Static] [Baselines] num_episodes=120 seed=42 max_steps=200
[scanA_stageB_main_seed42_20260215_014509][Static] [Baselines] policies=['Static']
[scanA_stageB_main_seed42_20260215_014509][Static] [Baselines] ep=1 (1/120) policy=Static (1/1) ...
[scanA_stageB_main_seed42_20260215_014509][Static] [Baselines]   done reward=-0.0083 task_sr=0.6500 subtask_sr=0.8702 (8.4s)
[scanA_stageB_main_seed42_20260215_014509][Static] [Baselines] ep=2 (2/120) policy=Static (1/1) ...
[scanA_stageB_main_seed42_20260215_014509][Static] [Baselines]   done reward=-0.0728 task_sr=0.5000 subtask_sr=0.8337 (7.7s)
[scanA_stageB_main_seed42_20260215_014509][Static] [Baselines] ep=3 (3/120) policy=Static (1/1) ...
[scanA_stageB_main_seed42_20260215_014509][Static] [Baselines]   done reward=-0.0740 task_sr=0.8500 subtask_sr=0.9928 (6.6s)
[scanA_stageB_main_seed42_20260215_014509][Static] [Baselines] ep=4 (4/120) policy=Static (1/1) ...
[scanA_stageB_main_seed42_20260215_014509][Static] [Baselines]   done reward=-0.0249 task_sr=0.7500 subtask_sr=0.9701 (6.7s)
[scanA_stageB_main_seed42_20260215_014509][Static] [Baselines] ep=5 (5/120) policy=Static (1/1) ...
[scanA_stageB_main_seed42_20260215_014509][Static] [Baselines]   done reward=-0.0741 task_sr=0.8000 subtask_sr=0.9597 (6.3s)
[scanA_stageB_main_seed42_20260215_014509][Static] [Baselines] ep=6 (6/120) policy=Static (1/1) ...
[scanA_stageB_main_seed42_20260215_014509][Static] [Baselines]   done reward=-0.0104 task_sr=0.9500 subtask_sr=0.9831 (6.5s)
[scanA_stageB_main_seed42_20260215_014509][Static] [Baselines] ep=7 (7/120) policy=Static (1/1) ...
[scanA_stageB_main_seed42_20260215_014509][Static] [Baselines]   done reward=-0.0357 task_sr=0.5000 subtask_sr=0.8910 (7.6s)
[scanA_stageB_main_seed42_20260215_014509][Static] [Baselines] ep=8 (8/120) policy=Static (1/1) ...
[scanA_stageB_main_seed42_20260215_014509][Static] [Baselines]   done reward=-0.0014 task_sr=0.4000 subtask_sr=0.8571 (8.4s)
[scanA_stageB_main_seed42_20260215_014509][Static] [Baselines] ep=9 (9/120) policy=Static (1/1) ...
[scanA_stageB_main_seed42_20260215_014509][Static] [Baselines]   done reward=-0.0880 task_sr=0.5000 subtask_sr=0.8806 (7.6s)
[scanA_stageB_main_seed42_20260215_014509][Static] [Baselines] ep=10 (10/120) policy=Static (1/1) ...
[scanA_stageB_main_seed42_20260215_014509][Static] [Baselines]   done reward=-0.0084 task_sr=0.7000 subtask_sr=0.9715 (6.4s)
[scanA_stageB_main_seed42_20260215_014509][Static] [Baselines] ep=11 (11/120) policy=Static (1/1) ...
[scanA_stageB_main_seed42_20260215_014509][Static] [Baselines]   done reward=-0.0302 task_sr=0.3500 subtask_sr=0.7427 (7.5s)
[scanA_stageB_main_seed42_20260215_014509][Static] [Baselines] ep=12 (12/120) policy=Static (1/1) ...
[scanA_stageB_main_seed42_20260215_014509][Static] [Baselines]   done reward=-0.1207 task_sr=0.5000 subtask_sr=0.8655 (7.5s)
[scanA_stageB_main_seed42_20260215_014509][Static] [Baselines] ep=13 (13/120) policy=Static (1/1) ...
[scanA_stageB_main_seed42_20260215_014509][Static] [Baselines]   done reward=-0.0617 task_sr=0.6000 subtask_sr=0.8668 (7.6s)
[scanA_stageB_main_seed42_20260215_014509][Static] [Baselines] ep=14 (14/120) policy=Static (1/1) ...
[scanA_stageB_main_seed42_20260215_014509][Static] [Baselines]   done reward=-0.0905 task_sr=0.5000 subtask_sr=0.9366 (7.8s)
[scanA_stageB_main_seed42_20260215_014509][Static] [Baselines] ep=15 (15/120) policy=Static (1/1) ...
[scanA_stageB_main_seed42_20260215_014509][Static] [Baselines]   done reward=-0.0156 task_sr=0.7500 subtask_sr=0.9524 (6.6s)
[scanA_stageB_main_seed42_20260215_014509][Static] [Baselines] ep=16 (16/120) policy=Static (1/1) ...
[scanA_stageB_main_seed42_20260215_014509][Static] [Baselines]   done reward=-0.0523 task_sr=0.4500 subtask_sr=0.9133 (8.7s)
[scanA_stageB_main_seed42_20260215_014509][Static] [Baselines] ep=17 (17/120) policy=Static (1/1) ...
[scanA_stageB_main_seed42_20260215_014509][Static] [Baselines]   done reward=-0.0602 task_sr=0.8500 subtask_sr=0.9904 (6.7s)
[scanA_stageB_main_seed42_20260215_014509][Static] [Baselines] ep=18 (18/120) policy=Static (1/1) ...
[scanA_stageB_main_seed42_20260215_014509][Static] [Baselines]   done reward=-0.0331 task_sr=0.2500 subtask_sr=0.8175 (9.1s)
[scanA_stageB_main_seed42_20260215_014509][Static] [Baselines] ep=19 (19/120) policy=Static (1/1) ...
[scanA_stageB_main_seed42_20260215_014509][Static] [Baselines]   done reward=-0.0405 task_sr=0.9000 subtask_sr=0.9926 (5.8s)
[scanA_stageB_main_seed42_20260215_014509][Static] [Baselines] ep=20 (20/120) policy=Static (1/1) ...
[scanA_stageB_main_seed42_20260215_014509][Static] [Baselines]   done reward=-0.0854 task_sr=0.7000 subtask_sr=0.9305 (7.5s)
[scanA_stageB_main_seed42_20260215_014509][Static] [Baselines] ep=21 (21/120) policy=Static (1/1) ...
[scanA_stageB_main_seed42_20260215_014509][Static] [Baselines]   done reward=-0.0596 task_sr=0.7500 subtask_sr=0.9534 (7.9s)
[scanA_stageB_main_seed42_20260215_014509][Static] [Baselines] ep=22 (22/120) policy=Static (1/1) ...
[scanA_stageB_main_seed42_20260215_014509][Static] [Baselines]   done reward=-0.0491 task_sr=0.2000 subtask_sr=0.5659 (9.2s)
[scanA_stageB_main_seed42_20260215_014509][Static] [Baselines] ep=23 (23/120) policy=Static (1/1) ...
[scanA_stageB_main_seed42_20260215_014509][Static] [Baselines]   done reward=-0.0008 task_sr=0.6000 subtask_sr=0.9002 (7.9s)
[scanA_stageB_main_seed42_20260215_014509][Static] [Baselines] ep=24 (24/120) policy=Static (1/1) ...
[scanA_stageB_main_seed42_20260215_014509][Static] [Baselines]   done reward=-0.0675 task_sr=0.5500 subtask_sr=0.8883 (7.3s)
[scanA_stageB_main_seed42_20260215_014509][Static] [Baselines] ep=25 (25/120) policy=Static (1/1) ...
[scanA_stageB_main_seed42_20260215_014509][Static] [Baselines]   done reward=-0.0378 task_sr=0.6500 subtask_sr=0.9484 (7.1s)
[scanA_stageB_main_seed42_20260215_014509][Static] [Baselines] ep=26 (26/120) policy=Static (1/1) ...
[scanA_stageB_main_seed42_20260215_014509][Static] [Baselines]   done reward=-0.0740 task_sr=0.1000 subtask_sr=0.6114 (9.8s)
[scanA_stageB_main_seed42_20260215_014509][Static] [Baselines] ep=27 (27/120) policy=Static (1/1) ...
[scanA_stageB_main_seed42_20260215_014509][Static] [Baselines]   done reward=-0.0439 task_sr=0.4000 subtask_sr=0.8137 (7.9s)
[scanA_stageB_main_seed42_20260215_014509][Static] [Baselines] ep=28 (28/120) policy=Static (1/1) ...
[scanA_stageB_main_seed42_20260215_014509][Static] [Baselines]   done reward=-0.0030 task_sr=0.9000 subtask_sr=0.9875 (6.5s)
[scanA_stageB_main_seed42_20260215_014509][Static] [Baselines] ep=29 (29/120) policy=Static (1/1) ...
[scanA_stageB_main_seed42_20260215_014509][Static] [Baselines]   done reward=-0.0322 task_sr=0.9500 subtask_sr=0.9928 (5.7s)
[scanA_stageB_main_seed42_20260215_014509][Static] [Baselines] ep=30 (30/120) policy=Static (1/1) ...
[scanA_stageB_main_seed42_20260215_014509][Static] [Baselines]   done reward=-0.0067 task_sr=0.2500 subtask_sr=0.7681 (8.7s)
[scanA_stageB_main_seed42_20260215_014509][Static] [Baselines] ep=31 (31/120) policy=Static (1/1) ...
[scanA_stageB_main_seed42_20260215_014509][Static] [Baselines]   done reward=-0.0296 task_sr=0.5000 subtask_sr=0.9161 (7.4s)
[scanA_stageB_main_seed42_20260215_014509][Static] [Baselines] ep=32 (32/120) policy=Static (1/1) ...
[scanA_stageB_main_seed42_20260215_014509][Static] [Baselines]   done reward=0.0002 task_sr=0.9000 subtask_sr=0.9808 (6.0s)
[scanA_stageB_main_seed42_20260215_014509][Static] [Baselines] ep=33 (33/120) policy=Static (1/1) ...
[scanA_stageB_main_seed42_20260215_014509][Static] [Baselines]   done reward=-0.0432 task_sr=0.4000 subtask_sr=0.7840 (9.6s)
[scanA_stageB_main_seed42_20260215_014509][Static] [Baselines] ep=34 (34/120) policy=Static (1/1) ...
[scanA_stageB_main_seed42_20260215_014509][Static] [Baselines]   done reward=-0.0647 task_sr=0.5000 subtask_sr=0.9320 (7.7s)
[scanA_stageB_main_seed42_20260215_014509][Static] [Baselines] ep=35 (35/120) policy=Static (1/1) ...
[scanA_stageB_main_seed42_20260215_014509][Static] [Baselines]   done reward=-0.0485 task_sr=0.7000 subtask_sr=0.9501 (7.6s)
[scanA_stageB_main_seed42_20260215_014509][Static] [Baselines] ep=36 (36/120) policy=Static (1/1) ...
[scanA_stageB_main_seed42_20260215_014509][Static] [Baselines]   done reward=-0.0478 task_sr=0.1000 subtask_sr=0.6619 (9.8s)
[scanA_stageB_main_seed42_20260215_014509][Static] [Baselines] ep=37 (37/120) policy=Static (1/1) ...
[scanA_stageB_main_seed42_20260215_014509][Static] [Baselines]   done reward=-0.0823 task_sr=0.3000 subtask_sr=0.7822 (8.5s)
[scanA_stageB_main_seed42_20260215_014509][Static] [Baselines] ep=38 (38/120) policy=Static (1/1) ...
[scanA_stageB_main_seed42_20260215_014509][Static] [Baselines]   done reward=-0.0207 task_sr=0.7500 subtask_sr=0.9712 (7.5s)
[scanA_stageB_main_seed42_20260215_014509][Static] [Baselines] ep=39 (39/120) policy=Static (1/1) ...
[scanA_stageB_main_seed42_20260215_014509][Static] [Baselines]   done reward=-0.0352 task_sr=0.2500 subtask_sr=0.7815 (8.4s)
[scanA_stageB_main_seed42_20260215_014509][Static] [Baselines] ep=40 (40/120) policy=Static (1/1) ...
[scanA_stageB_main_seed42_20260215_014509][Static] [Baselines]   done reward=-0.0530 task_sr=0.4500 subtask_sr=0.9127 (8.2s)
[scanA_stageB_main_seed42_20260215_014509][Static] [Baselines] ep=41 (41/120) policy=Static (1/1) ...
[scanA_stageB_main_seed42_20260215_014509][Static] [Baselines]   done reward=-0.0397 task_sr=0.8000 subtask_sr=0.9517 (7.8s)
[scanA_stageB_main_seed42_20260215_014509][Static] [Baselines] ep=42 (42/120) policy=Static (1/1) ...
[scanA_stageB_main_seed42_20260215_014509][Static] [Baselines]   done reward=-0.0350 task_sr=0.3500 subtask_sr=0.8404 (7.8s)
[scanA_stageB_main_seed42_20260215_014509][Static] [Baselines] ep=43 (43/120) policy=Static (1/1) ...
[scanA_stageB_main_seed42_20260215_014509][Static] [Baselines]   done reward=-0.0586 task_sr=0.4500 subtask_sr=0.8946 (8.3s)
[scanA_stageB_main_seed42_20260215_014509][Static] [Baselines] ep=44 (44/120) policy=Static (1/1) ...
[scanA_stageB_main_seed42_20260215_014509][Static] [Baselines]   done reward=-0.0916 task_sr=0.6000 subtask_sr=0.9159 (7.5s)
[scanA_stageB_main_seed42_20260215_014509][Static] [Baselines] ep=45 (45/120) policy=Static (1/1) ...
[scanA_stageB_main_seed42_20260215_014509][Static] [Baselines]   done reward=-0.1284 task_sr=0.4500 subtask_sr=0.8102 (8.0s)
[scanA_stageB_main_seed42_20260215_014509][Static] [Baselines] ep=46 (46/120) policy=Static (1/1) ...
[scanA_stageB_main_seed42_20260215_014509][Static] [Baselines]   done reward=-0.0533 task_sr=0.8500 subtask_sr=0.9858 (7.2s)
[scanA_stageB_main_seed42_20260215_014509][Static] [Baselines] ep=47 (47/120) policy=Static (1/1) ...
[scanA_stageB_main_seed42_20260215_014509][Static] [Baselines]   done reward=-0.0789 task_sr=0.5500 subtask_sr=0.9019 (8.2s)
[scanA_stageB_main_seed42_20260215_014509][Static] [Baselines] ep=48 (48/120) policy=Static (1/1) ...
[scanA_stageB_main_seed42_20260215_014509][Static] [Baselines]   done reward=-0.0809 task_sr=0.3500 subtask_sr=0.8366 (8.3s)
[scanA_stageB_main_seed42_20260215_014509][Static] [Baselines] ep=49 (49/120) policy=Static (1/1) ...
[scanA_stageB_main_seed42_20260215_014509][Static] [Baselines]   done reward=-0.0159 task_sr=0.3000 subtask_sr=0.8175 (8.4s)
[scanA_stageB_main_seed42_20260215_014509][Static] [Baselines] ep=50 (50/120) policy=Static (1/1) ...
[scanA_stageB_main_seed42_20260215_014509][Static] [Baselines]   done reward=-0.0461 task_sr=0.3000 subtask_sr=0.7218 (9.2s)
[scanA_stageB_main_seed42_20260215_014509][Static] [Baselines] ep=51 (51/120) policy=Static (1/1) ...
[scanA_stageB_main_seed42_20260215_014509][Static] [Baselines]   done reward=-0.0367 task_sr=0.5000 subtask_sr=0.9318 (7.8s)
[scanA_stageB_main_seed42_20260215_014509][Static] [Baselines] ep=52 (52/120) policy=Static (1/1) ...
[scanA_stageB_main_seed42_20260215_014509][Static] [Baselines]   done reward=-0.0266 task_sr=0.6500 subtask_sr=0.9447 (8.6s)
[scanA_stageB_main_seed42_20260215_014509][Static] [Baselines] ep=53 (53/120) policy=Static (1/1) ...
[scanA_stageB_main_seed42_20260215_014509][Static] [Baselines]   done reward=-0.0115 task_sr=0.2500 subtask_sr=0.7186 (9.8s)
[scanA_stageB_main_seed42_20260215_014509][Static] [Baselines] ep=54 (54/120) policy=Static (1/1) ...
[scanA_stageB_main_seed42_20260215_014509][Static] [Baselines]   done reward=-0.1203 task_sr=0.2000 subtask_sr=0.5122 (8.9s)
[scanA_stageB_main_seed42_20260215_014509][Static] [Baselines] ep=55 (55/120) policy=Static (1/1) ...
[scanA_stageB_main_seed42_20260215_014509][Static] [Baselines]   done reward=-0.0394 task_sr=0.5000 subtask_sr=0.8527 (8.2s)
[scanA_stageB_main_seed42_20260215_014509][Static] [Baselines] ep=56 (56/120) policy=Static (1/1) ...
[scanA_stageB_main_seed42_20260215_014509][Static] [Baselines]   done reward=-0.0235 task_sr=0.8000 subtask_sr=0.9648 (7.5s)
[scanA_stageB_main_seed42_20260215_014509][Static] [Baselines] ep=57 (57/120) policy=Static (1/1) ...
[scanA_stageB_main_seed42_20260215_014509][Static] [Baselines]   done reward=-0.0317 task_sr=0.3500 subtask_sr=0.7805 (8.4s)
[scanA_stageB_main_seed42_20260215_014509][Static] [Baselines] ep=58 (58/120) policy=Static (1/1) ...
[scanA_stageB_main_seed42_20260215_014509][Static] [Baselines]   done reward=-0.0012 task_sr=0.6500 subtask_sr=0.9461 (7.9s)
[scanA_stageB_main_seed42_20260215_014509][Static] [Baselines] ep=59 (59/120) policy=Static (1/1) ...
[scanA_stageB_main_seed42_20260215_014509][Static] [Baselines]   done reward=-0.0701 task_sr=0.5500 subtask_sr=0.9117 (9.5s)
[scanA_stageB_main_seed42_20260215_014509][Static] [Baselines] ep=60 (60/120) policy=Static (1/1) ...
[scanA_stageB_main_seed42_20260215_014509][Static] [Baselines]   done reward=-0.0024 task_sr=1.0000 subtask_sr=1.0000 (5.9s)
[scanA_stageB_main_seed42_20260215_014509][Static] [Baselines] ep=61 (61/120) policy=Static (1/1) ...
[scanA_stageB_main_seed42_20260215_014509][Static] [Baselines]   done reward=-0.0904 task_sr=0.1500 subtask_sr=0.6077 (9.3s)
[scanA_stageB_main_seed42_20260215_014509][Static] [Baselines] ep=62 (62/120) policy=Static (1/1) ...
[scanA_stageB_main_seed42_20260215_014509][Static] [Baselines]   done reward=-0.0609 task_sr=0.2000 subtask_sr=0.7861 (9.1s)
[scanA_stageB_main_seed42_20260215_014509][Static] [Baselines] ep=63 (63/120) policy=Static (1/1) ...
[scanA_stageB_main_seed42_20260215_014509][Static] [Baselines]   done reward=-0.0341 task_sr=0.8000 subtask_sr=0.9779 (7.4s)
[scanA_stageB_main_seed42_20260215_014509][Static] [Baselines] ep=64 (64/120) policy=Static (1/1) ...
[scanA_stageB_main_seed42_20260215_014509][Static] [Baselines]   done reward=-0.0417 task_sr=0.6500 subtask_sr=0.8960 (7.8s)
[scanA_stageB_main_seed42_20260215_014509][Static] [Baselines] ep=65 (65/120) policy=Static (1/1) ...
[scanA_stageB_main_seed42_20260215_014509][Static] [Baselines]   done reward=-0.0310 task_sr=0.5500 subtask_sr=0.8937 (6.8s)
[scanA_stageB_main_seed42_20260215_014509][Static] [Baselines] ep=66 (66/120) policy=Static (1/1) ...
[scanA_stageB_main_seed42_20260215_014509][Static] [Baselines]   done reward=-0.0445 task_sr=0.3000 subtask_sr=0.5182 (8.6s)
[scanA_stageB_main_seed42_20260215_014509][Static] [Baselines] ep=67 (67/120) policy=Static (1/1) ...
[scanA_stageB_main_seed42_20260215_014509][Static] [Baselines]   done reward=-0.0293 task_sr=0.6500 subtask_sr=0.9394 (7.2s)
[scanA_stageB_main_seed42_20260215_014509][Static] [Baselines] ep=68 (68/120) policy=Static (1/1) ...
[scanA_stageB_main_seed42_20260215_014509][Static] [Baselines]   done reward=-0.0599 task_sr=0.2500 subtask_sr=0.8251 (8.8s)
[scanA_stageB_main_seed42_20260215_014509][Static] [Baselines] ep=69 (69/120) policy=Static (1/1) ...
[scanA_stageB_main_seed42_20260215_014509][Static] [Baselines]   done reward=-0.0161 task_sr=0.3500 subtask_sr=0.7119 (8.6s)
[scanA_stageB_main_seed42_20260215_014509][Static] [Baselines] ep=70 (70/120) policy=Static (1/1) ...
[scanA_stageB_main_seed42_20260215_014509][Static] [Baselines]   done reward=-0.0498 task_sr=0.6000 subtask_sr=0.9190 (7.3s)
[scanA_stageB_main_seed42_20260215_014509][Static] [Baselines] ep=71 (71/120) policy=Static (1/1) ...
[scanA_stageB_main_seed42_20260215_014509][Static] [Baselines]   done reward=-0.0259 task_sr=0.3000 subtask_sr=0.8448 (8.3s)
[scanA_stageB_main_seed42_20260215_014509][Static] [Baselines] ep=72 (72/120) policy=Static (1/1) ...
[scanA_stageB_main_seed42_20260215_014509][Static] [Baselines]   done reward=-0.1169 task_sr=0.3500 subtask_sr=0.8085 (8.7s)
[scanA_stageB_main_seed42_20260215_014509][Static] [Baselines] ep=73 (73/120) policy=Static (1/1) ...
[scanA_stageB_main_seed42_20260215_014509][Static] [Baselines]   done reward=-0.0398 task_sr=0.6000 subtask_sr=0.9313 (8.1s)
[scanA_stageB_main_seed42_20260215_014509][Static] [Baselines] ep=74 (74/120) policy=Static (1/1) ...
[scanA_stageB_main_seed42_20260215_014509][Static] [Baselines]   done reward=-0.0488 task_sr=0.4000 subtask_sr=0.7915 (8.5s)
[scanA_stageB_main_seed42_20260215_014509][Static] [Baselines] ep=75 (75/120) policy=Static (1/1) ...
[scanA_stageB_main_seed42_20260215_014509][Static] [Baselines]   done reward=-0.1020 task_sr=0.6000 subtask_sr=0.9434 (7.9s)
[scanA_stageB_main_seed42_20260215_014509][Static] [Baselines] ep=76 (76/120) policy=Static (1/1) ...
[scanA_stageB_main_seed42_20260215_014509][Static] [Baselines]   done reward=-0.0618 task_sr=0.9000 subtask_sr=0.9663 (6.2s)
[scanA_stageB_main_seed42_20260215_014509][Static] [Baselines] ep=77 (77/120) policy=Static (1/1) ...
[scanA_stageB_main_seed42_20260215_014509][Static] [Baselines]   done reward=-0.0050 task_sr=0.3000 subtask_sr=0.8047 (8.3s)
[scanA_stageB_main_seed42_20260215_014509][Static] [Baselines] ep=78 (78/120) policy=Static (1/1) ...
[scanA_stageB_main_seed42_20260215_014509][Static] [Baselines]   done reward=-0.1375 task_sr=0.7000 subtask_sr=0.9463 (8.5s)
[scanA_stageB_main_seed42_20260215_014509][Static] [Baselines] ep=79 (79/120) policy=Static (1/1) ...
[scanA_stageB_main_seed42_20260215_014509][Static] [Baselines]   done reward=-0.0088 task_sr=0.3500 subtask_sr=0.8357 (8.9s)
[scanA_stageB_main_seed42_20260215_014509][Static] [Baselines] ep=80 (80/120) policy=Static (1/1) ...
[scanA_stageB_main_seed42_20260215_014509][Static] [Baselines]   done reward=-0.0266 task_sr=0.5000 subtask_sr=0.8454 (8.5s)
[scanA_stageB_main_seed42_20260215_014509][Static] [Baselines] ep=81 (81/120) policy=Static (1/1) ...
[scanA_stageB_main_seed42_20260215_014509][Static] [Baselines]   done reward=-0.0134 task_sr=0.7000 subtask_sr=0.9566 (6.6s)
[scanA_stageB_main_seed42_20260215_014509][Static] [Baselines] ep=82 (82/120) policy=Static (1/1) ...
[scanA_stageB_main_seed42_20260215_014509][Static] [Baselines]   done reward=-0.0691 task_sr=0.6000 subtask_sr=0.9556 (7.4s)
[scanA_stageB_main_seed42_20260215_014509][Static] [Baselines] ep=83 (83/120) policy=Static (1/1) ...
[scanA_stageB_main_seed42_20260215_014509][Static] [Baselines]   done reward=-0.0839 task_sr=0.3500 subtask_sr=0.8261 (8.2s)
[scanA_stageB_main_seed42_20260215_014509][Static] [Baselines] ep=84 (84/120) policy=Static (1/1) ...
[scanA_stageB_main_seed42_20260215_014509][Static] [Baselines]   done reward=-0.0569 task_sr=0.2500 subtask_sr=0.8005 (9.5s)
[scanA_stageB_main_seed42_20260215_014509][Static] [Baselines] ep=85 (85/120) policy=Static (1/1) ...
[scanA_stageB_main_seed42_20260215_014509][Static] [Baselines]   done reward=-0.0190 task_sr=0.8500 subtask_sr=0.9880 (6.7s)
[scanA_stageB_main_seed42_20260215_014509][Static] [Baselines] ep=86 (86/120) policy=Static (1/1) ...
[scanA_stageB_main_seed42_20260215_014509][Static] [Baselines]   done reward=-0.0396 task_sr=0.2500 subtask_sr=0.7635 (9.1s)
[scanA_stageB_main_seed42_20260215_014509][Static] [Baselines] ep=87 (87/120) policy=Static (1/1) ...
[scanA_stageB_main_seed42_20260215_014509][Static] [Baselines]   done reward=-0.0694 task_sr=0.5000 subtask_sr=0.8192 (7.7s)
[scanA_stageB_main_seed42_20260215_014509][Static] [Baselines] ep=88 (88/120) policy=Static (1/1) ...
[scanA_stageB_main_seed42_20260215_014509][Static] [Baselines]   done reward=-0.0112 task_sr=0.3000 subtask_sr=0.7637 (9.1s)
[scanA_stageB_main_seed42_20260215_014509][Static] [Baselines] ep=89 (89/120) policy=Static (1/1) ...
[scanA_stageB_main_seed42_20260215_014509][Static] [Baselines]   done reward=-0.0073 task_sr=0.5500 subtask_sr=0.9318 (7.8s)
[scanA_stageB_main_seed42_20260215_014509][Static] [Baselines] ep=90 (90/120) policy=Static (1/1) ...
[scanA_stageB_main_seed42_20260215_014509][Static] [Baselines]   done reward=-0.0238 task_sr=0.9500 subtask_sr=0.9885 (7.5s)
[scanA_stageB_main_seed42_20260215_014509][Static] [Baselines] ep=91 (91/120) policy=Static (1/1) ...
[scanA_stageB_main_seed42_20260215_014509][Static] [Baselines]   done reward=-0.0506 task_sr=0.4500 subtask_sr=0.7862 (8.5s)
[scanA_stageB_main_seed42_20260215_014509][Static] [Baselines] ep=92 (92/120) policy=Static (1/1) ...
[scanA_stageB_main_seed42_20260215_014509][Static] [Baselines]   done reward=-0.0583 task_sr=0.5000 subtask_sr=0.8660 (8.6s)
[scanA_stageB_main_seed42_20260215_014509][Static] [Baselines] ep=93 (93/120) policy=Static (1/1) ...
[scanA_stageB_main_seed42_20260215_014509][Static] [Baselines]   done reward=-0.0975 task_sr=0.2500 subtask_sr=0.7044 (9.1s)
[scanA_stageB_main_seed42_20260215_014509][Static] [Baselines] ep=94 (94/120) policy=Static (1/1) ...
[scanA_stageB_main_seed42_20260215_014509][Static] [Baselines]   done reward=-0.0781 task_sr=0.2000 subtask_sr=0.5012 (9.6s)
[scanA_stageB_main_seed42_20260215_014509][Static] [Baselines] ep=95 (95/120) policy=Static (1/1) ...
[scanA_stageB_main_seed42_20260215_014509][Static] [Baselines]   done reward=-0.0122 task_sr=0.8500 subtask_sr=0.9857 (6.8s)
[scanA_stageB_main_seed42_20260215_014509][Static] [Baselines] ep=96 (96/120) policy=Static (1/1) ...
[scanA_stageB_main_seed42_20260215_014509][Static] [Baselines]   done reward=-0.0921 task_sr=0.3000 subtask_sr=0.6826 (10.8s)
[scanA_stageB_main_seed42_20260215_014509][Static] [Baselines] ep=97 (97/120) policy=Static (1/1) ...
[scanA_stageB_main_seed42_20260215_014509][Static] [Baselines]   done reward=-0.0455 task_sr=0.8500 subtask_sr=0.9764 (6.8s)
[scanA_stageB_main_seed42_20260215_014509][Static] [Baselines] ep=98 (98/120) policy=Static (1/1) ...
[scanA_stageB_main_seed42_20260215_014509][Static] [Baselines]   done reward=-0.0663 task_sr=0.6000 subtask_sr=0.9058 (7.6s)
[scanA_stageB_main_seed42_20260215_014509][Static] [Baselines] ep=99 (99/120) policy=Static (1/1) ...
[scanA_stageB_main_seed42_20260215_014509][Static] [Baselines]   done reward=-0.0194 task_sr=0.7000 subtask_sr=0.9526 (7.2s)
[scanA_stageB_main_seed42_20260215_014509][Static] [Baselines] ep=100 (100/120) policy=Static (1/1) ...
[scanA_stageB_main_seed42_20260215_014509][Static] [Baselines]   done reward=-0.1028 task_sr=0.6000 subtask_sr=0.9194 (7.5s)
[scanA_stageB_main_seed42_20260215_014509][Static] [Baselines] ep=101 (101/120) policy=Static (1/1) ...
[scanA_stageB_main_seed42_20260215_014509][Static] [Baselines]   done reward=-0.0609 task_sr=0.6000 subtask_sr=0.9482 (8.1s)
[scanA_stageB_main_seed42_20260215_014509][Static] [Baselines] ep=102 (102/120) policy=Static (1/1) ...
[scanA_stageB_main_seed42_20260215_014509][Static] [Baselines]   done reward=-0.0671 task_sr=0.1000 subtask_sr=0.6730 (11.1s)
[scanA_stageB_main_seed42_20260215_014509][Static] [Baselines] ep=103 (103/120) policy=Static (1/1) ...
[scanA_stageB_main_seed42_20260215_014509][Static] [Baselines]   done reward=-0.1041 task_sr=0.7500 subtask_sr=0.9545 (7.6s)
[scanA_stageB_main_seed42_20260215_014509][Static] [Baselines] ep=104 (104/120) policy=Static (1/1) ...
[scanA_stageB_main_seed42_20260215_014509][Static] [Baselines]   done reward=-0.0327 task_sr=0.3500 subtask_sr=0.8266 (9.0s)
[scanA_stageB_main_seed42_20260215_014509][Static] [Baselines] ep=105 (105/120) policy=Static (1/1) ...
[scanA_stageB_main_seed42_20260215_014509][Static] [Baselines]   done reward=-0.0606 task_sr=0.3500 subtask_sr=0.7555 (8.0s)
[scanA_stageB_main_seed42_20260215_014509][Static] [Baselines] ep=106 (106/120) policy=Static (1/1) ...
[scanA_stageB_main_seed42_20260215_014509][Static] [Baselines]   done reward=-0.1113 task_sr=0.4000 subtask_sr=0.8565 (8.2s)
[scanA_stageB_main_seed42_20260215_014509][Static] [Baselines] ep=107 (107/120) policy=Static (1/1) ...
[scanA_stageB_main_seed42_20260215_014509][Static] [Baselines]   done reward=-0.0036 task_sr=0.8500 subtask_sr=0.9766 (7.1s)
[scanA_stageB_main_seed42_20260215_014509][Static] [Baselines] ep=108 (108/120) policy=Static (1/1) ...
[scanA_stageB_main_seed42_20260215_014509][Static] [Baselines]   done reward=-0.0586 task_sr=0.8500 subtask_sr=0.9739 (6.5s)
[scanA_stageB_main_seed42_20260215_014509][Static] [Baselines] ep=109 (109/120) policy=Static (1/1) ...
[scanA_stageB_main_seed42_20260215_014509][Static] [Baselines]   done reward=-0.0370 task_sr=0.7000 subtask_sr=0.9612 (7.8s)
[scanA_stageB_main_seed42_20260215_014509][Static] [Baselines] ep=110 (110/120) policy=Static (1/1) ...
[scanA_stageB_main_seed42_20260215_014509][Static] [Baselines]   done reward=-0.0428 task_sr=0.7000 subtask_sr=0.9474 (7.0s)
[scanA_stageB_main_seed42_20260215_014509][Static] [Baselines] ep=111 (111/120) policy=Static (1/1) ...
[scanA_stageB_main_seed42_20260215_014509][Static] [Baselines]   done reward=-0.0178 task_sr=0.3500 subtask_sr=0.8723 (8.9s)
[scanA_stageB_main_seed42_20260215_014509][Static] [Baselines] ep=112 (112/120) policy=Static (1/1) ...
[scanA_stageB_main_seed42_20260215_014509][Static] [Baselines]   done reward=-0.0285 task_sr=0.5000 subtask_sr=0.8867 (7.3s)
[scanA_stageB_main_seed42_20260215_014509][Static] [Baselines] ep=113 (113/120) policy=Static (1/1) ...
[scanA_stageB_main_seed42_20260215_014509][Static] [Baselines]   done reward=0.0011 task_sr=0.9000 subtask_sr=0.9837 (6.3s)
[scanA_stageB_main_seed42_20260215_014509][Static] [Baselines] ep=114 (114/120) policy=Static (1/1) ...
[scanA_stageB_main_seed42_20260215_014509][Static] [Baselines]   done reward=-0.0151 task_sr=0.1500 subtask_sr=0.7749 (8.4s)
[scanA_stageB_main_seed42_20260215_014509][Static] [Baselines] ep=115 (115/120) policy=Static (1/1) ...
[scanA_stageB_main_seed42_20260215_014509][Static] [Baselines]   done reward=-0.0523 task_sr=0.6000 subtask_sr=0.9059 (8.5s)
[scanA_stageB_main_seed42_20260215_014509][Static] [Baselines] ep=116 (116/120) policy=Static (1/1) ...
[scanA_stageB_main_seed42_20260215_014509][Static] [Baselines]   done reward=-0.0266 task_sr=0.8000 subtask_sr=0.9617 (6.6s)
[scanA_stageB_main_seed42_20260215_014509][Static] [Baselines] ep=117 (117/120) policy=Static (1/1) ...
[scanA_stageB_main_seed42_20260215_014509][Static] [Baselines]   done reward=-0.0553 task_sr=0.6000 subtask_sr=0.9516 (6.1s)
[scanA_stageB_main_seed42_20260215_014509][Static] [Baselines] ep=118 (118/120) policy=Static (1/1) ...
[scanA_stageB_main_seed42_20260215_014509][Static] [Baselines]   done reward=-0.0638 task_sr=0.4000 subtask_sr=0.8070 (7.9s)
[scanA_stageB_main_seed42_20260215_014509][Static] [Baselines] ep=119 (119/120) policy=Static (1/1) ...
[scanA_stageB_main_seed42_20260215_014509][Static] [Baselines]   done reward=-0.0213 task_sr=0.3500 subtask_sr=0.6524 (8.3s)
[scanA_stageB_main_seed42_20260215_014509][Static] [Baselines] ep=120 (120/120) policy=Static (1/1) ...
[scanA_stageB_main_seed42_20260215_014509][Static] [Baselines]   done reward=-0.0633 task_sr=0.6500 subtask_sr=0.9714 (6.9s)
[scanA_stageB_main_seed42_20260215_014509][Static] ✓ Baseline stats saved: /Users/qiutao/研/毕设/毕设/vecOffloadingSim/runs/scanA_stageB_main_seed42_20260215_014509/logs/baseline_parts/Static.csv
[scanA_stageB_main_seed42_20260215_014509][Static] 结果摘要 (均值):
[scanA_stageB_main_seed42_20260215_014509][Static]   Static     reward=-0.0479 task_sr=0.5346 subtask_sr=0.8672
