[2026-02-23 21:47:24] Abnormal termination
run_id=exp_dynamic_final_2000
run_dir=/root/vecOffloadingSim/runs/exp_dynamic_final_2000
episode=274
step=90
exception=KeyboardInterrupt: 
traceback:
Traceback (most recent call last):
  File "/root/vecOffloadingSim/scripts/run_dynamic_eval_smoke.py", line 61, in <module>
    main()
  File "/root/vecOffloadingSim/scripts/run_dynamic_eval_smoke.py", line 57, in main
    train.main()
  File "/root/vecOffloadingSim/train.py", line 2094, in main
    action_dict = agent.select_action(obs_list, deterministic=False)
  File "/root/vecOffloadingSim/agents/mappo_agent.py", line 123, in select_action
    subtask_actions, target_actions, power_actions, log_probs, values = self.network.get_action_and_value(
  File "/root/vecOffloadingSim/models/offloading_policy.py", line 665, in get_action_and_value
    log_prob_power = power_dist.log_prob(power_actions) * remote_mask
  File "/root/miniconda3/lib/python3.10/site-packages/torch/distributions/beta.py", line 81, in log_prob
    return self._dirichlet.log_prob(heads_tails)
  File "/root/miniconda3/lib/python3.10/site-packages/torch/distributions/dirichlet.py", line 80, in log_prob
    torch.xlogy(self.concentration - 1.0, value).sum(-1)
KeyboardInterrupt

